--------- beginning of main
08-29 13:54:08.635  1862  1862 D LifecycleMonitor: Lifecycle status change: com.simplemobiletools.notes.pro.activities.MainActivity@365a637 in: RESUMED
08-29 13:54:08.635  1862  1862 D LifecycleMonitor: running callback: androidx.test.core.app.ActivityScenario$1@11248e0
08-29 13:54:08.635  1862  1862 V ActivityScenario: Update currentActivityStage to RESUMED, currentActivity=com.simplemobiletools.notes.pro.activities.MainActivity@365a637
08-29 13:54:08.636  1862  1862 D LifecycleMonitor: callback completes: androidx.test.core.app.ActivityScenario$1@11248e0
08-29 13:54:08.636  1862  1885 I Espresso Run: ------------------------------------------------------------------------------------------
08-29 13:54:08.636  1862  1885 I Espresso Run: Test: aboutTest
08-29 13:54:08.636  1862  1885 I Espresso Run: ------------------------------------------------------------------------------------------
08-29 13:54:08.638  1862  1885 I Espresso Run: Verifying the main text panel is displayed
08-29 13:54:08.672  1862  1885 D EventInjectionStrategy: Creating injection strategy with input manager.
08-29 13:54:08.672  1862  1885 W notes.pro.debu: Accessing hidden method Landroid/hardware/input/InputManager;->getInstance()Landroid/hardware/input/InputManager; (greylist, reflection, allowed)
08-29 13:54:08.672  1862  1885 W notes.pro.debu: Accessing hidden method Landroid/hardware/input/InputManager;->injectInputEvent(Landroid/view/InputEvent;I)Z (greylist, reflection, allowed)
08-29 13:54:08.672  1862  1885 W notes.pro.debu: Accessing hidden field Landroid/hardware/input/InputManager;->INJECT_INPUT_EVENT_MODE_WAIT_FOR_FINISH:I (greylist, reflection, allowed)
08-29 13:54:08.678  1862  1916 D HostConnection: HostConnection::get() New Host Connection established 0xeaeb4880, tid 1916
08-29 13:54:08.680  1862  1916 D HostConnection: HostComposition ext ANDROID_EMU_CHECKSUM_HELPER_v1 ANDROID_EMU_native_sync_v2 ANDROID_EMU_native_sync_v3 ANDROID_EMU_native_sync_v4 ANDROID_EMU_dma_v1 ANDROID_EMU_direct_mem ANDROID_EMU_host_composition_v1 ANDROID_EMU_host_composition_v2 ANDROID_EMU_vulkan ANDROID_EMU_deferred_vulkan_commands ANDROID_EMU_vulkan_null_optional_strings ANDROID_EMU_vulkan_create_resources_with_requirements ANDROID_EMU_YUV_Cache ANDROID_EMU_async_unmap_buffer ANDROID_EMU_vulkan_ignored_handles ANDROID_EMU_has_shared_slots_host_memory_allocator ANDROID_EMU_vulkan_free_memory_sync ANDROID_EMU_vulkan_shader_float16_int8 ANDROID_EMU_vulkan_async_queue_submit ANDROID_EMU_sync_buffer_data GL_OES_vertex_array_object GL_KHR_texture_compression_astc_ldr ANDROID_EMU_host_side_tracing ANDROID_EMU_async_frame_commands ANDROID_EMU_gles_max_version_2 
08-29 13:54:08.681   174   174 I hwservicemanager: getTransport: Cannot find entry android.hardware.configstore@1.0::ISurfaceFlingerConfigs/default in either framework or device manifest.
08-29 13:54:08.682  1862  1916 W OpenGLRenderer: Failed to choose config with EGL_SWAP_BEHAVIOR_PRESERVED, retrying without...
08-29 13:54:08.702  1862  1916 D EGL_emulation: eglCreateContext: 0xeaeb7910: maj 2 min 0 rcv 2
08-29 13:54:08.706  1862  1916 D EGL_emulation: eglMakeCurrent: 0xeaeb7910: ver 2 0 (tinfo 0xeb1fc830) (first time)
08-29 13:54:08.713   316   316 D goldfish-address-space: claimShared: Ask to claim region [0x31d0b3000 0x31e166000]
08-29 13:54:08.724   174   174 I hwservicemanager: getTransport: Cannot find entry android.hardware.graphics.mapper@4.0::IMapper/default in either framework or device manifest.
08-29 13:54:08.724  1862  1916 I Gralloc4: mapper 4.x is not supported
08-29 13:54:08.725  1862  1916 D HostConnection: createUnique: call
08-29 13:54:08.725  1862  1916 D HostConnection: HostConnection::get() New Host Connection established 0xeaeb7c90, tid 1916
08-29 13:54:08.725  1862  1916 D goldfish-address-space: allocate: Ask for block of size 0x100
08-29 13:54:08.725  1862  1916 D goldfish-address-space: allocate: ioctl allocate returned offset 0x31bffe000 size 0x2000
08-29 13:54:08.728  1862  1916 D HostConnection: HostComposition ext ANDROID_EMU_CHECKSUM_HELPER_v1 ANDROID_EMU_native_sync_v2 ANDROID_EMU_native_sync_v3 ANDROID_EMU_native_sync_v4 ANDROID_EMU_dma_v1 ANDROID_EMU_direct_mem ANDROID_EMU_host_composition_v1 ANDROID_EMU_host_composition_v2 ANDROID_EMU_vulkan ANDROID_EMU_deferred_vulkan_commands ANDROID_EMU_vulkan_null_optional_strings ANDROID_EMU_vulkan_create_resources_with_requirements ANDROID_EMU_YUV_Cache ANDROID_EMU_async_unmap_buffer ANDROID_EMU_vulkan_ignored_handles ANDROID_EMU_has_shared_slots_host_memory_allocator ANDROID_EMU_vulkan_free_memory_sync ANDROID_EMU_vulkan_shader_float16_int8 ANDROID_EMU_vulkan_async_queue_submit ANDROID_EMU_sync_buffer_data GL_OES_vertex_array_object GL_KHR_texture_compression_astc_ldr ANDROID_EMU_host_side_tracing ANDROID_EMU_async_frame_commands ANDROID_EMU_gles_max_version_2 
08-29 13:54:08.729   316   316 D goldfish-address-space: claimShared: Ask to claim region [0x324033000 0x3250e6000]
08-29 13:54:08.741   316   316 D goldfish-address-space: claimShared: Ask to claim region [0x326199000 0x32724c000]
08-29 13:54:08.805   541   596 D ArtManagerInternalImpl: /data/misc/iorapd/com.simplemobiletools.notes.pro.debug/84/com.simplemobiletools.notes.pro.activities.MainActivity/compiled_traces/compiled_trace.pb doesn't exist
08-29 13:54:08.806   541   596 I ActivityTaskManager: Displayed com.simplemobiletools.notes.pro.debug/com.simplemobiletools.notes.pro.activities.MainActivity: +597ms
08-29 13:54:08.807   541   588 D EventSequenceValidator: Transition from ACTIVITY_LAUNCHED to ACTIVITY_FINISHED
08-29 13:54:08.896   370  1135 W ServiceManager: Permission failure: android.permission.ACCESS_SURFACE_FLINGER from uid=10180 pid=1862
08-29 13:54:08.896   370  1135 D PermissionCache: checking android.permission.ACCESS_SURFACE_FLINGER for uid=10180 => denied (358 us)
08-29 13:54:09.023   316   316 D goldfish-address-space: claimShared: Ask to claim region [0x31c000000 0x31d0b3000]
08-29 13:54:09.065   316   316 D goldfish-address-space: claimShared: Ask to claim region [0x31e166000 0x31f219000]
08-29 13:54:09.081  1862  1862 D IdlingResourceRegistry: All idling resources are idle.
08-29 13:54:09.083  1862  1862 W notes.pro.debu: Accessing hidden method Landroid/os/MessageQueue;->next()Landroid/os/Message; (greylist, reflection, allowed)
08-29 13:54:09.083  1862  1862 W notes.pro.debu: Accessing hidden field Landroid/os/MessageQueue;->mMessages:Landroid/os/Message; (greylist, reflection, allowed)
08-29 13:54:09.083  1862  1862 W notes.pro.debu: Accessing hidden method Landroid/os/Message;->recycleUnchecked()V (greylist, reflection, allowed)
--------- beginning of system
08-29 13:54:09.098   541   541 D AutofillInlineSuggestionsRequestSession: onCreateInlineSuggestionsRequestLocked called: 1073741826@1135397583
08-29 13:54:09.098   541   541 D AutofillInlineSuggestionsRequestSession: onInlineSuggestionsUnsupported() called.
08-29 13:54:09.105  1397  1397 I LatinIME: Starting input. Cursor position = 0,0
08-29 13:54:09.116   316   316 D goldfish-address-space: claimShared: Ask to claim region [0x31d0b3000 0x31e166000]
08-29 13:54:09.136  1862  1862 I AssistStructure: Flattened final assist data: 2784 bytes, containing 1 windows, 20 views
08-29 13:54:09.137  1862  1862 D IdlingResourceRegistry: All idling resources are idle.
08-29 13:54:09.142  1862  1862 W notes.pro.debu: Accessing hidden method Landroid/view/WindowManagerGlobal;->getInstance()Landroid/view/WindowManagerGlobal; (greylist, reflection, allowed)
08-29 13:54:09.142  1862  1862 W notes.pro.debu: Accessing hidden field Landroid/view/WindowManagerGlobal;->mViews:Ljava/util/ArrayList; (greylist, reflection, allowed)
08-29 13:54:09.142  1862  1862 W notes.pro.debu: Accessing hidden field Landroid/view/WindowManagerGlobal;->mParams:Ljava/util/ArrayList; (greylist, reflection, allowed)
08-29 13:54:09.142 19013 19013 W kqw     : Pending fill request while another request in the same session was triggered. [CONTEXT service_id=177 ]
08-29 13:54:09.150  1862  1862 I ViewInteraction: Checking 'MatchesViewAssertion{viewMatcher=is displayed on the screen to the user}' assertion on view with id is <com.simplemobiletools.notes.pro.debug:id/action_bar>
08-29 13:54:09.152  1862  1885 I Espresso Run: Opening the menu
08-29 13:54:09.155   541   541 D AutofillInlineSuggestionsRequestSession: onInlineSuggestionsResponseLocked called for:1073741826@1135397583
08-29 13:54:09.156   541   586 D AutofillUI: destroySaveUiUiThread(): already destroyed
08-29 13:54:09.156  1348  1348 V InlineSuggestionRenderService: handleDestroySuggestionViews called for 0:1135397583
08-29 13:54:09.160  1862  1862 D IdlingResourceRegistry: All idling resources are idle.
08-29 13:54:09.162  1862  1862 D IdlingResourceRegistry: All idling resources are idle.
08-29 13:54:09.162   355   355 I android.hardware.vibrator-service.example: Vibrator reporting capabilities
08-29 13:54:09.163  1862  1862 I ViewInteraction: Checking 'MatchesViewAssertion{viewMatcher=is displayed on the screen to the user}' assertion on view with content description text: is "More options"
08-29 13:54:09.166  1862  1885 W notes.pro.debu: Accessing hidden method Landroid/view/ViewConfiguration;->getDoubleTapMinTime()I (greylist, reflection, allowed)
08-29 13:54:09.172  1862  1862 D IdlingResourceRegistry: All idling resources are idle.
08-29 13:54:09.173  1862  1862 D LifecycleMonitor: Lifecycle status change: androidx.test.core.app.InstrumentationActivityInvoker$BootstrapActivity@b7406e3 in: STOPPED
08-29 13:54:09.173  1862  1862 D LifecycleMonitor: running callback: androidx.test.core.app.ActivityScenario$1@11248e0
08-29 13:54:09.173  1862  1862 V ActivityScenario: Activity lifecycle changed event received but ignored because the intent does not match. startActivityIntent=Intent { act=android.intent.action.MAIN cat=[android.intent.category.LAUNCHER] cmp=com.simplemobiletools.notes.pro.debug/com.simplemobiletools.notes.pro.activities.MainActivity }, activity.getIntent()=Intent { act=android.intent.action.MAIN cat=[android.intent.category.LAUNCHER] flg=0x10008000 cmp=com.simplemobiletools.notes.pro.debug/androidx.test.core.app.InstrumentationActivityInvoker$BootstrapActivity (has extras) }, activity=androidx.test.core.app.InstrumentationActivityInvoker$BootstrapActivity@b7406e3
08-29 13:54:09.173  1862  1862 D LifecycleMonitor: callback completes: androidx.test.core.app.ActivityScenario$1@11248e0
08-29 13:54:09.180   316   316 D goldfish-address-space: claimShared: Ask to claim region [0x3210b3000 0x322075000]
08-29 13:54:09.185  1862  1862 D IdlingResourceRegistry: All idling resources are idle.
08-29 13:54:09.186  1862  1862 I ViewInteraction: Performing 'single click' action on view with content description text: is "More options"
08-29 13:54:09.218   316   316 D goldfish-address-space: claimShared: Ask to claim region [0x324033000 0x324ff5000]
08-29 13:54:09.227  1862  1862 D IdlingResourceRegistry: All idling resources are idle.
08-29 13:54:09.231  1862  1862 I chatty  : uid=10180(com.simplemobiletools.notes.pro.debug) identical 2 lines
08-29 13:54:09.231  1862  1862 D IdlingResourceRegistry: All idling resources are idle.
08-29 13:54:09.232   316   316 D goldfish-address-space: claimShared: Ask to claim region [0x324ff5000 0x325fb7000]
08-29 13:54:09.238  1862  1862 D IdlingResourceRegistry: All idling resources are idle.
08-29 13:54:09.238  1862  1862 D IdlingResourceRegistry: All idling resources are idle.
08-29 13:54:09.285   541  1252 I system_server: oneway function results will be dropped but finished with status OK and parcel size 4
08-29 13:54:09.285   541  1252 I chatty  : uid=1000(system) Binder:541_A identical 1 line
08-29 13:54:09.285   541  1252 I system_server: oneway function results will be dropped but finished with status OK and parcel size 4
08-29 13:54:09.326  1862  1862 W notes.pro.debu: Accessing hidden field Landroid/widget/AbsListView;->mIsChildViewEnabled:Z (greylist, reflection, allowed)
08-29 13:54:09.381   316   316 D goldfish-address-space: claimShared: Ask to claim region [0x31f21c000 0x31f6f9000]
08-29 13:54:09.390   316   316 D goldfish-address-space: claimShared: Ask to claim region [0x31f6f9000 0x31fbd6000]
08-29 13:54:09.395   316   316 D goldfish-address-space: claimShared: Ask to claim region [0x32321e000 0x3236fb000]
08-29 13:54:09.420   541   746 I system_server: oneway function results will be dropped but finished with status OK and parcel size 4
08-29 13:54:09.510   316   316 D goldfish-address-space: claimShared: Ask to claim region [0x31f6f9000 0x31fbd6000]
08-29 13:54:09.534   316   316 D goldfish-address-space: claimShared: Ask to claim region [0x3236fb000 0x323bd8000]
08-29 13:54:09.560  1862  1862 D IdlingResourceRegistry: All idling resources are idle.
08-29 13:54:09.782  1862  1862 I chatty  : uid=10180(com.simplemobiletools.notes.pro.debug) identical 4 lines
08-29 13:54:09.782  1862  1862 D IdlingResourceRegistry: All idling resources are idle.
08-29 13:54:09.782  1862  1885 I Espresso Run: Clicking on about
08-29 13:54:09.784  1862  1862 D IdlingResourceRegistry: All idling resources are idle.
08-29 13:54:09.785  1862  1862 D IdlingResourceRegistry: All idling resources are idle.
08-29 13:54:09.786  1862  1862 I ViewInteraction: Checking 'MatchesViewAssertion{viewMatcher=is displayed on the screen to the user}' assertion on view with text: is "About"
08-29 13:54:09.789  1862  1862 D IdlingResourceRegistry: All idling resources are idle.
08-29 13:54:09.789  1862  1862 D IdlingResourceRegistry: All idling resources are idle.
08-29 13:54:09.791  1862  1862 I ViewInteraction: Performing 'single click' action on view with text: is "About"
08-29 13:54:09.795  1862  1862 D IdlingResourceRegistry: All idling resources are idle.
08-29 13:54:09.840  1862  1862 I chatty  : uid=10180(com.simplemobiletools.notes.pro.debug) identical 12 lines
08-29 13:54:09.840  1862  1862 D IdlingResourceRegistry: All idling resources are idle.
08-29 13:54:09.843   316   316 D goldfish-address-space: claimShared: Ask to claim region [0x31f21c000 0x31f6f9000]
08-29 13:54:09.910   541 17633 I ActivityTaskManager: START u0 {cmp=com.simplemobiletools.notes.pro.debug/com.simplemobiletools.commons.activities.AboutActivity (has extras)} from uid 10180
08-29 13:54:09.910   541   588 D EventSequenceValidator: Transition from ACTIVITY_FINISHED to INTENT_STARTED
08-29 13:54:09.915   404   404 I perfetto: ing_service_impl.cc:758 Configured tracing session 392, #sources:1, duration:5000 ms, #buffers:1, total buffer size:4096 KB, total sessions:2, uid:1071 session name: ""
08-29 13:54:09.916   402   402 I perfetto: probes_producer.cc:230  Ftrace setup (target_buf=392)
08-29 13:54:09.919   541   588 D EventSequenceValidator: Transition from INTENT_STARTED to INTENT_FAILED
08-29 13:54:09.929   541   746 I system_server: oneway function results will be dropped but finished with status OK and parcel size 4
08-29 13:54:09.943  1862  1862 D LifecycleMonitor: Lifecycle status change: com.simplemobiletools.notes.pro.activities.MainActivity@365a637 in: PAUSED
08-29 13:54:09.943  1862  1862 D LifecycleMonitor: running callback: androidx.test.core.app.ActivityScenario$1@11248e0
08-29 13:54:09.943  1862  1862 V ActivityScenario: Update currentActivityStage to PAUSED, currentActivity=com.simplemobiletools.notes.pro.activities.MainActivity@365a637
08-29 13:54:09.943  1862  1862 D LifecycleMonitor: callback completes: androidx.test.core.app.ActivityScenario$1@11248e0
08-29 13:54:09.945   541 17633 W ActivityTaskManager: Tried to set launchTime (0) < mLastActivityLaunchTime (42175218)
08-29 13:54:09.946   541 17633 W InputReader: Device virtio_input_multi_touch_9 is associated with display ADISPLAY_ID_NONE.
08-29 13:54:09.946   541 17633 W InputReader: Device virtio_input_multi_touch_7 is associated with display ADISPLAY_ID_NONE.
08-29 13:54:09.946   541 17633 W InputReader: Device virtio_input_multi_touch_10 is associated with display ADISPLAY_ID_NONE.
08-29 13:54:09.946   541 17633 W InputReader: Device virtio_input_multi_touch_4 is associated with display ADISPLAY_ID_NONE.
08-29 13:54:09.946   541 17633 W InputReader: Device virtio_input_multi_touch_11 is associated with display ADISPLAY_ID_NONE.
08-29 13:54:09.946   541 17633 W InputReader: Device virtio_input_multi_touch_6 is associated with display ADISPLAY_ID_NONE.
08-29 13:54:09.946   541 17633 W InputReader: Device virtio_input_multi_touch_5 is associated with display ADISPLAY_ID_NONE.
08-29 13:54:09.946   541 17633 W InputReader: Device virtio_input_multi_touch_3 is associated with display ADISPLAY_ID_NONE.
08-29 13:54:09.946   541 17633 W InputReader: Device virtio_input_multi_touch_2 is associated with display ADISPLAY_ID_NONE.
08-29 13:54:09.946   541 17633 W InputReader: Device virtio_input_multi_touch_8 is associated with display ADISPLAY_ID_NONE.
08-29 13:54:09.946   541 17633 W InputReader: Device virtio_input_multi_touch_9 is associated with display ADISPLAY_ID_NONE.
08-29 13:54:09.946   541 17633 W InputReader: Device virtio_input_multi_touch_7 is associated with display ADISPLAY_ID_NONE.
08-29 13:54:09.946   541 17633 W InputReader: Device virtio_input_multi_touch_10 is associated with display ADISPLAY_ID_NONE.
08-29 13:54:09.946   541 17633 W InputReader: Device virtio_input_multi_touch_4 is associated with display ADISPLAY_ID_NONE.
08-29 13:54:09.946   541 17633 W InputReader: Device virtio_input_multi_touch_11 is associated with display ADISPLAY_ID_NONE.
08-29 13:54:09.946   541 17633 W InputReader: Device virtio_input_multi_touch_6 is associated with display ADISPLAY_ID_NONE.
08-29 13:54:09.946   541 17633 W InputReader: Device virtio_input_multi_touch_5 is associated with display ADISPLAY_ID_NONE.
08-29 13:54:09.946   541 17633 W InputReader: Device virtio_input_multi_touch_3 is associated with display ADISPLAY_ID_NONE.
08-29 13:54:09.946   541 17633 W InputReader: Device virtio_input_multi_touch_2 is associated with display ADISPLAY_ID_NONE.
08-29 13:54:09.946   541 17633 W InputReader: Device virtio_input_multi_touch_8 is associated with display ADISPLAY_ID_NONE.
08-29 13:54:09.966  1862  1862 D LifecycleMonitor: Lifecycle status change: com.simplemobiletools.commons.activities.AboutActivity@6d6d11a in: PRE_ON_CREATE
08-29 13:54:09.966  1862  1862 D LifecycleMonitor: running callback: androidx.test.core.app.ActivityScenario$1@11248e0
08-29 13:54:09.966  1862  1862 V ActivityScenario: Activity lifecycle changed event received but ignored because the intent does not match. startActivityIntent=Intent { act=android.intent.action.MAIN cat=[android.intent.category.LAUNCHER] cmp=com.simplemobiletools.notes.pro.debug/com.simplemobiletools.notes.pro.activities.MainActivity }, activity.getIntent()=Intent { cmp=com.simplemobiletools.notes.pro.debug/com.simplemobiletools.commons.activities.AboutActivity (has extras) }, activity=com.simplemobiletools.commons.activities.AboutActivity@6d6d11a
08-29 13:54:09.966  1862  1862 D LifecycleMonitor: callback completes: androidx.test.core.app.ActivityScenario$1@11248e0
08-29 13:54:09.990  1862  1862 D LifecycleMonitor: Lifecycle status change: com.simplemobiletools.commons.activities.AboutActivity@6d6d11a in: CREATED
08-29 13:54:09.990  1862  1862 D LifecycleMonitor: running callback: androidx.test.core.app.ActivityScenario$1@11248e0
08-29 13:54:09.991  1862  1862 V ActivityScenario: Activity lifecycle changed event received but ignored because the intent does not match. startActivityIntent=Intent { act=android.intent.action.MAIN cat=[android.intent.category.LAUNCHER] cmp=com.simplemobiletools.notes.pro.debug/com.simplemobiletools.notes.pro.activities.MainActivity }, activity.getIntent()=Intent { cmp=com.simplemobiletools.notes.pro.debug/com.simplemobiletools.commons.activities.AboutActivity (has extras) }, activity=com.simplemobiletools.commons.activities.AboutActivity@6d6d11a
08-29 13:54:09.991  1862  1862 D LifecycleMonitor: callback completes: androidx.test.core.app.ActivityScenario$1@11248e0
08-29 13:54:09.993  1862  1862 D LifecycleMonitor: Lifecycle status change: com.simplemobiletools.commons.activities.AboutActivity@6d6d11a in: STARTED
08-29 13:54:09.993  1862  1862 D LifecycleMonitor: running callback: androidx.test.core.app.ActivityScenario$1@11248e0
08-29 13:54:09.993  1862  1862 V ActivityScenario: Activity lifecycle changed event received but ignored because the intent does not match. startActivityIntent=Intent { act=android.intent.action.MAIN cat=[android.intent.category.LAUNCHER] cmp=com.simplemobiletools.notes.pro.debug/com.simplemobiletools.notes.pro.activities.MainActivity }, activity.getIntent()=Intent { cmp=com.simplemobiletools.notes.pro.debug/com.simplemobiletools.commons.activities.AboutActivity (has extras) }, activity=com.simplemobiletools.commons.activities.AboutActivity@6d6d11a
08-29 13:54:09.993  1862  1862 D LifecycleMonitor: callback completes: androidx.test.core.app.ActivityScenario$1@11248e0
08-29 13:54:10.003  1862  1862 D LifecycleMonitor: Lifecycle status change: com.simplemobiletools.commons.activities.AboutActivity@6d6d11a in: RESUMED
08-29 13:54:10.003  1862  1862 D LifecycleMonitor: running callback: androidx.test.core.app.ActivityScenario$1@11248e0
08-29 13:54:10.003  1862  1862 V ActivityScenario: Activity lifecycle changed event received but ignored because the intent does not match. startActivityIntent=Intent { act=android.intent.action.MAIN cat=[android.intent.category.LAUNCHER] cmp=com.simplemobiletools.notes.pro.debug/com.simplemobiletools.notes.pro.activities.MainActivity }, activity.getIntent()=Intent { cmp=com.simplemobiletools.notes.pro.debug/com.simplemobiletools.commons.activities.AboutActivity (has extras) }, activity=com.simplemobiletools.commons.activities.AboutActivity@6d6d11a
08-29 13:54:10.003  1862  1862 D LifecycleMonitor: callback completes: androidx.test.core.app.ActivityScenario$1@11248e0
08-29 13:54:10.045   316   316 D goldfish-address-space: claimShared: Ask to claim region [0x325fb7000 0x32706a000]
08-29 13:54:10.062   541   746 I system_server: oneway function results will be dropped but finished with status OK and parcel size 4
08-29 13:54:10.074   316   316 D goldfish-address-space: claimShared: Ask to claim region [0x328000000 0x3290b3000]
08-29 13:54:10.094   316   316 D goldfish-address-space: claimShared: Ask to claim region [0x3290b3000 0x32a166000]
08-29 13:54:10.133   541   596 I ActivityTaskManager: Displayed com.simplemobiletools.notes.pro.debug/com.simplemobiletools.commons.activities.AboutActivity: +222ms
08-29 13:54:10.166  1862  1862 D LifecycleMonitor: Lifecycle status change: com.simplemobiletools.notes.pro.activities.MainActivity@365a637 in: STOPPED
08-29 13:54:10.166  1862  1862 D LifecycleMonitor: running callback: androidx.test.core.app.ActivityScenario$1@11248e0
08-29 13:54:10.166  1862  1862 V ActivityScenario: Update currentActivityStage to STOPPED, currentActivity=com.simplemobiletools.notes.pro.activities.MainActivity@365a637
08-29 13:54:10.166  1862  1862 D LifecycleMonitor: callback completes: androidx.test.core.app.ActivityScenario$1@11248e0
08-29 13:54:10.206   316   316 D goldfish-address-space: claimShared: Ask to claim region [0x31c000000 0x31d0b3000]
08-29 13:54:10.264   316   316 D goldfish-address-space: claimShared: Ask to claim region [0x31e166000 0x31f219000]
08-29 13:54:10.295  1862  1862 D IdlingResourceRegistry: All idling resources are idle.
08-29 13:54:10.369  1862  1862 I chatty  : uid=10180(com.simplemobiletools.notes.pro.debug) identical 4 lines
08-29 13:54:10.371  1862  1862 D IdlingResourceRegistry: All idling resources are idle.
08-29 13:54:10.372  1862  1862 I ViewInteraction: Checking 'MatchesViewAssertion{viewMatcher=is displayed on the screen to the user}' assertion on view with text: is "About"
08-29 13:54:10.375  1862  1862 D IdlingResourceRegistry: All idling resources are idle.
08-29 13:54:10.375  1862  1862 D IdlingResourceRegistry: All idling resources are idle.
08-29 13:54:10.377  1862  1862 I ViewInteraction: Checking 'MatchesViewAssertion{viewMatcher=is displayed on the screen to the user}' assertion on view with id is <com.simplemobiletools.notes.pro.debug:id/about_email>
08-29 13:54:10.379  1862  1862 D IdlingResourceRegistry: All idling resources are idle.
08-29 13:54:10.379  1862  1862 D IdlingResourceRegistry: All idling resources are idle.
08-29 13:54:10.380  1862  1862 I ViewInteraction: Checking 'MatchesViewAssertion{viewMatcher=is displayed on the screen to the user}' assertion on view with id is <com.simplemobiletools.notes.pro.debug:id/about_faq>
08-29 13:54:10.383  1862  1862 D IdlingResourceRegistry: All idling resources are idle.
08-29 13:54:10.383  1862  1862 D IdlingResourceRegistry: All idling resources are idle.
08-29 13:54:10.384  1862  1862 I ViewInteraction: Checking 'MatchesViewAssertion{viewMatcher=is displayed on the screen to the user}' assertion on view with id is <com.simplemobiletools.notes.pro.debug:id/about_faq_label>
08-29 13:54:10.384  1862  1862 D IdlingResourceRegistry: All idling resources are idle.
08-29 13:54:10.385  1862  1862 D IdlingResourceRegistry: All idling resources are idle.
08-29 13:54:10.386  1862  1862 I ViewInteraction: Checking 'MatchesViewAssertion{viewMatcher=is displayed on the screen to the user}' assertion on view with id is <com.simplemobiletools.notes.pro.debug:id/about_more_apps>
08-29 13:54:10.388  1862  1862 D IdlingResourceRegistry: All idling resources are idle.
08-29 13:54:10.388  1862  1862 D IdlingResourceRegistry: All idling resources are idle.
08-29 13:54:10.390  1862  1862 I ViewInteraction: Checking 'MatchesViewAssertion{viewMatcher=is displayed on the screen to the user}' assertion on view with id is <com.simplemobiletools.notes.pro.debug:id/about_invite>
08-29 13:54:10.392  1862  1862 D IdlingResourceRegistry: All idling resources are idle.
08-29 13:54:10.392  1862  1862 D IdlingResourceRegistry: All idling resources are idle.
08-29 13:54:10.394  1862  1862 I ViewInteraction: Checking 'MatchesViewAssertion{viewMatcher=is displayed on the screen to the user}' assertion on view with id is <com.simplemobiletools.notes.pro.debug:id/about_license>
08-29 13:54:10.395  1862  1862 D IdlingResourceRegistry: All idling resources are idle.
08-29 13:54:10.395  1862  1862 D IdlingResourceRegistry: All idling resources are idle.
08-29 13:54:10.397  1862  1862 I ViewInteraction: Checking 'MatchesViewAssertion{viewMatcher=is displayed on the screen to the user}' assertion on view with id is <com.simplemobiletools.notes.pro.debug:id/about_follow_us>
08-29 13:54:10.398  1862  1862 D IdlingResourceRegistry: All idling resources are idle.
08-29 13:54:10.398  1862  1862 D IdlingResourceRegistry: All idling resources are idle.
08-29 13:54:10.399  1862  1862 I ViewInteraction: Checking 'MatchesViewAssertion{viewMatcher=is displayed on the screen to the user}' assertion on view with id is <com.simplemobiletools.notes.pro.debug:id/about_facebook>
08-29 13:54:10.400  1862  1862 D IdlingResourceRegistry: All idling resources are idle.
08-29 13:54:10.401  1862  1862 D IdlingResourceRegistry: All idling resources are idle.
08-29 13:54:10.402  1862  1862 I ViewInteraction: Checking 'MatchesViewAssertion{viewMatcher=is displayed on the screen to the user}' assertion on view with id is <com.simplemobiletools.notes.pro.debug:id/about_reddit>
08-29 13:54:10.403  1862  1862 D IdlingResourceRegistry: All idling resources are idle.
08-29 13:54:10.403  1862  1862 D IdlingResourceRegistry: All idling resources are idle.
08-29 13:54:10.405  1862  1862 I ViewInteraction: Checking 'MatchesViewAssertion{viewMatcher=is displayed on the screen to the user}' assertion on view with id is <com.simplemobiletools.notes.pro.debug:id/about_copyright>
08-29 13:54:10.406  1862  1862 D IdlingResourceRegistry: All idling resources are idle.
08-29 13:54:10.406  1862  1862 D IdlingResourceRegistry: All idling resources are idle.
08-29 13:54:10.407  1862  1862 I ViewInteraction: Checking 'MatchesViewAssertion{viewMatcher=is displayed on the screen to the user}' assertion on view with content description text: is "Navigate up"
08-29 13:54:10.408  1862  1862 D IdlingResourceRegistry: All idling resources are idle.
08-29 13:54:10.408  1862  1862 D IdlingResourceRegistry: All idling resources are idle.
08-29 13:54:10.409  1862  1862 I ViewInteraction: Performing 'single click' action on view with content description text: is "Navigate up"
08-29 13:54:10.413  1862  1862 D IdlingResourceRegistry: All idling resources are idle.
08-29 13:54:10.451  1862  1862 I chatty  : uid=10180(com.simplemobiletools.notes.pro.debug) identical 8 lines
08-29 13:54:10.452  1862  1862 D IdlingResourceRegistry: All idling resources are idle.
08-29 13:54:10.477   316   316 D goldfish-address-space: claimShared: Ask to claim region [0x31d0b3000 0x31e166000]
08-29 13:54:10.497   316   360 D goldfish-address-space: claimShared: Ask to claim region [0x3210b3000 0x322166000]
08-29 13:54:10.513   541 17633 I system_server: oneway function results will be dropped but finished with status OK and parcel size 4
08-29 13:54:10.542  1862  1862 D LifecycleMonitor: Lifecycle status change: com.simplemobiletools.commons.activities.AboutActivity@6d6d11a in: PAUSED
08-29 13:54:10.542  1862  1862 D LifecycleMonitor: running callback: androidx.test.core.app.ActivityScenario$1@11248e0
08-29 13:54:10.542  1862  1862 V ActivityScenario: Activity lifecycle changed event received but ignored because the intent does not match. startActivityIntent=Intent { act=android.intent.action.MAIN cat=[android.intent.category.LAUNCHER] cmp=com.simplemobiletools.notes.pro.debug/com.simplemobiletools.notes.pro.activities.MainActivity }, activity.getIntent()=Intent { cmp=com.simplemobiletools.notes.pro.debug/com.simplemobiletools.commons.activities.AboutActivity (has extras) }, activity=com.simplemobiletools.commons.activities.AboutActivity@6d6d11a
08-29 13:54:10.542  1862  1862 D LifecycleMonitor: callback completes: androidx.test.core.app.ActivityScenario$1@11248e0
08-29 13:54:10.545   541 14832 W InputReader: Device virtio_input_multi_touch_9 is associated with display ADISPLAY_ID_NONE.
08-29 13:54:10.546   541 14832 W InputReader: Device virtio_input_multi_touch_7 is associated with display ADISPLAY_ID_NONE.
08-29 13:54:10.546   541 14832 W InputReader: Device virtio_input_multi_touch_10 is associated with display ADISPLAY_ID_NONE.
08-29 13:54:10.546   541 14832 W InputReader: Device virtio_input_multi_touch_4 is associated with display ADISPLAY_ID_NONE.
08-29 13:54:10.546   541 14832 W InputReader: Device virtio_input_multi_touch_11 is associated with display ADISPLAY_ID_NONE.
08-29 13:54:10.546   541 14832 W InputReader: Device virtio_input_multi_touch_6 is associated with display ADISPLAY_ID_NONE.
08-29 13:54:10.546   541 14832 W InputReader: Device virtio_input_multi_touch_5 is associated with display ADISPLAY_ID_NONE.
08-29 13:54:10.546   541 14832 W InputReader: Device virtio_input_multi_touch_3 is associated with display ADISPLAY_ID_NONE.
08-29 13:54:10.547   541 14832 W InputReader: Device virtio_input_multi_touch_2 is associated with display ADISPLAY_ID_NONE.
08-29 13:54:10.547   541 14832 W InputReader: Device virtio_input_multi_touch_8 is associated with display ADISPLAY_ID_NONE.
08-29 13:54:10.548   541 14832 W InputReader: Device virtio_input_multi_touch_9 is associated with display ADISPLAY_ID_NONE.
08-29 13:54:10.548   541 14832 W InputReader: Device virtio_input_multi_touch_7 is associated with display ADISPLAY_ID_NONE.
08-29 13:54:10.548   541 14832 W InputReader: Device virtio_input_multi_touch_10 is associated with display ADISPLAY_ID_NONE.
08-29 13:54:10.548   541 14832 W InputReader: Device virtio_input_multi_touch_4 is associated with display ADISPLAY_ID_NONE.
08-29 13:54:10.548   541 14832 W InputReader: Device virtio_input_multi_touch_11 is associated with display ADISPLAY_ID_NONE.
08-29 13:54:10.548   541 14832 W InputReader: Device virtio_input_multi_touch_6 is associated with display ADISPLAY_ID_NONE.
08-29 13:54:10.548   541 14832 W InputReader: Device virtio_input_multi_touch_5 is associated with display ADISPLAY_ID_NONE.
08-29 13:54:10.548   541 14832 W InputReader: Device virtio_input_multi_touch_3 is associated with display ADISPLAY_ID_NONE.
08-29 13:54:10.548   541 14832 W InputReader: Device virtio_input_multi_touch_2 is associated with display ADISPLAY_ID_NONE.
08-29 13:54:10.548   541 14832 W InputReader: Device virtio_input_multi_touch_8 is associated with display ADISPLAY_ID_NONE.
08-29 13:54:10.548   541  3543 D HostConnection: HostConnection::get() New Host Connection established 0xeaeae370, tid 3543
08-29 13:54:10.558   541  3543 D HostConnection: HostComposition ext ANDROID_EMU_CHECKSUM_HELPER_v1 ANDROID_EMU_native_sync_v2 ANDROID_EMU_native_sync_v3 ANDROID_EMU_native_sync_v4 ANDROID_EMU_dma_v1 ANDROID_EMU_direct_mem ANDROID_EMU_host_composition_v1 ANDROID_EMU_host_composition_v2 ANDROID_EMU_vulkan ANDROID_EMU_deferred_vulkan_commands ANDROID_EMU_vulkan_null_optional_strings ANDROID_EMU_vulkan_create_resources_with_requirements ANDROID_EMU_YUV_Cache ANDROID_EMU_async_unmap_buffer ANDROID_EMU_vulkan_ignored_handles ANDROID_EMU_has_shared_slots_host_memory_allocator ANDROID_EMU_vulkan_free_memory_sync ANDROID_EMU_vulkan_shader_float16_int8 ANDROID_EMU_vulkan_async_queue_submit ANDROID_EMU_sync_buffer_data GL_OES_vertex_array_object GL_KHR_texture_compression_astc_ldr ANDROID_EMU_host_side_tracing ANDROID_EMU_async_frame_commands ANDROID_EMU_gles_max_version_2 
08-29 13:54:10.563   541  3543 W OpenGLRenderer: Failed to choose config with EGL_SWAP_BEHAVIOR_PRESERVED, retrying without...
08-29 13:54:10.563  1862  1862 D LifecycleMonitor: Lifecycle status change: com.simplemobiletools.notes.pro.activities.MainActivity@365a637 in: RESTARTED
08-29 13:54:10.563  1862  1862 D LifecycleMonitor: running callback: androidx.test.core.app.ActivityScenario$1@11248e0
08-29 13:54:10.563  1862  1862 V ActivityScenario: Update currentActivityStage to RESTARTED, currentActivity=com.simplemobiletools.notes.pro.activities.MainActivity@365a637
08-29 13:54:10.563  1862  1862 D LifecycleMonitor: callback completes: androidx.test.core.app.ActivityScenario$1@11248e0
08-29 13:54:10.564  1862  1862 D LifecycleMonitor: Lifecycle status change: com.simplemobiletools.notes.pro.activities.MainActivity@365a637 in: STARTED
08-29 13:54:10.564  1862  1862 D LifecycleMonitor: running callback: androidx.test.core.app.ActivityScenario$1@11248e0
08-29 13:54:10.565  1862  1862 V ActivityScenario: Update currentActivityStage to STARTED, currentActivity=com.simplemobiletools.notes.pro.activities.MainActivity@365a637
08-29 13:54:10.565  1862  1862 D LifecycleMonitor: callback completes: androidx.test.core.app.ActivityScenario$1@11248e0
08-29 13:54:10.576  1862  1862 D LifecycleMonitor: Lifecycle status change: com.simplemobiletools.notes.pro.activities.MainActivity@365a637 in: RESUMED
08-29 13:54:10.577  1862  1862 D LifecycleMonitor: running callback: androidx.test.core.app.ActivityScenario$1@11248e0
08-29 13:54:10.577  1862  1862 V ActivityScenario: Update currentActivityStage to RESUMED, currentActivity=com.simplemobiletools.notes.pro.activities.MainActivity@365a637
08-29 13:54:10.577  1862  1862 D LifecycleMonitor: callback completes: androidx.test.core.app.ActivityScenario$1@11248e0
08-29 13:54:10.583   541  3543 D EGL_emulation: eglCreateContext: 0xeaebbdc0: maj 2 min 0 rcv 2
08-29 13:54:10.586   541  3543 D EGL_emulation: eglMakeCurrent: 0xeaebbdc0: ver 2 0 (tinfo 0xb5657650) (first time)
08-29 13:54:10.622   316   360 D goldfish-address-space: claimShared: Ask to claim region [0x324033000 0x3250e6000]
08-29 13:54:10.651   541 14832 I system_server: oneway function results will be dropped but finished with status OK and parcel size 4
08-29 13:54:10.652   316   360 D goldfish-address-space: claimShared: Ask to claim region [0x3250e6000 0x326199000]
08-29 13:54:10.683   316   360 D goldfish-address-space: claimShared: Ask to claim region [0x326199000 0x32724c000]
08-29 13:54:10.720  1862  1862 D IdlingResourceRegistry: All idling resources are idle.
08-29 13:54:10.721  1862  1862 D IdlingResourceRegistry: All idling resources are idle.
08-29 13:54:10.750  1862  1862 D LifecycleMonitor: Lifecycle status change: com.simplemobiletools.commons.activities.AboutActivity@6d6d11a in: STOPPED
08-29 13:54:10.750  1862  1862 D LifecycleMonitor: running callback: androidx.test.core.app.ActivityScenario$1@11248e0
08-29 13:54:10.750  1862  1862 V ActivityScenario: Activity lifecycle changed event received but ignored because the intent does not match. startActivityIntent=Intent { act=android.intent.action.MAIN cat=[android.intent.category.LAUNCHER] cmp=com.simplemobiletools.notes.pro.debug/com.simplemobiletools.notes.pro.activities.MainActivity }, activity.getIntent()=Intent { cmp=com.simplemobiletools.notes.pro.debug/com.simplemobiletools.commons.activities.AboutActivity (has extras) }, activity=com.simplemobiletools.commons.activities.AboutActivity@6d6d11a
08-29 13:54:10.750  1862  1862 D LifecycleMonitor: callback completes: androidx.test.core.app.ActivityScenario$1@11248e0
08-29 13:54:10.751  1862  1862 D LifecycleMonitor: Lifecycle status change: com.simplemobiletools.commons.activities.AboutActivity@6d6d11a in: DESTROYED
08-29 13:54:10.751  1862  1862 D LifecycleMonitor: running callback: androidx.test.core.app.ActivityScenario$1@11248e0
08-29 13:54:10.751  1862  1862 V ActivityScenario: Activity lifecycle changed event received but ignored because the intent does not match. startActivityIntent=Intent { act=android.intent.action.MAIN cat=[android.intent.category.LAUNCHER] cmp=com.simplemobiletools.notes.pro.debug/com.simplemobiletools.notes.pro.activities.MainActivity }, activity.getIntent()=Intent { cmp=com.simplemobiletools.notes.pro.debug/com.simplemobiletools.commons.activities.AboutActivity (has extras) }, activity=com.simplemobiletools.commons.activities.AboutActivity@6d6d11a
08-29 13:54:10.752  1862  1862 D LifecycleMonitor: callback completes: androidx.test.core.app.ActivityScenario$1@11248e0
08-29 13:54:10.875  1862  1862 D IdlingResourceRegistry: All idling resources are idle.
08-29 13:54:10.941  1862  1862 I chatty  : uid=10180(com.simplemobiletools.notes.pro.debug) identical 2 lines
08-29 13:54:10.941  1862  1862 D IdlingResourceRegistry: All idling resources are idle.
08-29 13:54:10.942  1862  1885 I Espresso Run: Verifying the main text panel is displayed
08-29 13:54:10.942  1862  1862 D IdlingResourceRegistry: All idling resources are idle.
08-29 13:54:10.943  1862  1862 D IdlingResourceRegistry: All idling resources are idle.
08-29 13:54:10.944  1862  1862 I ViewInteraction: Checking 'MatchesViewAssertion{viewMatcher=is displayed on the screen to the user}' assertion on view with id is <com.simplemobiletools.notes.pro.debug:id/action_bar>
08-29 13:54:10.945  1862  1885 I Espresso Run: ------------------------------------------------------------------------------------------
08-29 13:54:10.945  1862  1885 I Espresso Run: PASS aboutTest
08-29 13:54:10.945  1862  1885 I Espresso Run: ------------------------------------------------------------------------------------------
08-29 13:54:10.952   541   746 I ActivityTaskManager: START u0 {act=android.intent.action.MAIN cat=[android.intent.category.LAUNCHER] flg=0x10000000 cmp=com.simplemobiletools.notes.pro.debug/androidx.test.core.app.InstrumentationActivityInvoker$EmptyActivity} from uid 10180
08-29 13:54:10.953   541   588 D EventSequenceValidator: Transition from INTENT_FAILED to INTENT_STARTED
08-29 13:54:10.962   541   588 D EventSequenceValidator: Transition from INTENT_STARTED to INTENT_FAILED
08-29 13:54:10.964  1862  1862 D LifecycleMonitor: Lifecycle status change: com.simplemobiletools.notes.pro.activities.MainActivity@365a637 in: PAUSED
08-29 13:54:10.964  1862  1862 D LifecycleMonitor: running callback: androidx.test.core.app.ActivityScenario$1@11248e0
08-29 13:54:10.964  1862  1862 V ActivityScenario: Update currentActivityStage to PAUSED, currentActivity=com.simplemobiletools.notes.pro.activities.MainActivity@365a637
08-29 13:54:10.964  1862  1862 D LifecycleMonitor: callback completes: androidx.test.core.app.ActivityScenario$1@11248e0
08-29 13:54:10.964   541   746 W ActivityTaskManager: Tried to set launchTime (0) < mLastActivityLaunchTime (42176822)
08-29 13:54:10.965   541   746 W InputReader: Device virtio_input_multi_touch_9 is associated with display ADISPLAY_ID_NONE.
08-29 13:54:10.965   541   746 W InputReader: Device virtio_input_multi_touch_7 is associated with display ADISPLAY_ID_NONE.
08-29 13:54:10.965   541   746 W InputReader: Device virtio_input_multi_touch_10 is associated with display ADISPLAY_ID_NONE.
08-29 13:54:10.965   541   746 W InputReader: Device virtio_input_multi_touch_4 is associated with display ADISPLAY_ID_NONE.
08-29 13:54:10.965   541   746 W InputReader: Device virtio_input_multi_touch_11 is associated with display ADISPLAY_ID_NONE.
08-29 13:54:10.965   541   746 W InputReader: Device virtio_input_multi_touch_6 is associated with display ADISPLAY_ID_NONE.
08-29 13:54:10.965   541   746 W InputReader: Device virtio_input_multi_touch_5 is associated with display ADISPLAY_ID_NONE.
08-29 13:54:10.965   541   746 W InputReader: Device virtio_input_multi_touch_3 is associated with display ADISPLAY_ID_NONE.
08-29 13:54:10.965   541   746 W InputReader: Device virtio_input_multi_touch_2 is associated with display ADISPLAY_ID_NONE.
08-29 13:54:10.965   541   746 W InputReader: Device virtio_input_multi_touch_8 is associated with display ADISPLAY_ID_NONE.
08-29 13:54:10.966   541   746 W InputReader: Device virtio_input_multi_touch_9 is associated with display ADISPLAY_ID_NONE.
08-29 13:54:10.966   541   746 W InputReader: Device virtio_input_multi_touch_7 is associated with display ADISPLAY_ID_NONE.
08-29 13:54:10.966   541   746 W InputReader: Device virtio_input_multi_touch_10 is associated with display ADISPLAY_ID_NONE.
08-29 13:54:10.966   541   746 W InputReader: Device virtio_input_multi_touch_4 is associated with display ADISPLAY_ID_NONE.
08-29 13:54:10.966   541   746 W InputReader: Device virtio_input_multi_touch_11 is associated with display ADISPLAY_ID_NONE.
08-29 13:54:10.966   541   746 W InputReader: Device virtio_input_multi_touch_6 is associated with display ADISPLAY_ID_NONE.
08-29 13:54:10.966   541   746 W InputReader: Device virtio_input_multi_touch_5 is associated with display ADISPLAY_ID_NONE.
08-29 13:54:10.966   541   746 W InputReader: Device virtio_input_multi_touch_3 is associated with display ADISPLAY_ID_NONE.
08-29 13:54:10.966   541   746 W InputReader: Device virtio_input_multi_touch_2 is associated with display ADISPLAY_ID_NONE.
08-29 13:54:10.966   541   746 W InputReader: Device virtio_input_multi_touch_8 is associated with display ADISPLAY_ID_NONE.
08-29 13:54:10.975  1862  1862 D LifecycleMonitor: Lifecycle status change: androidx.test.core.app.InstrumentationActivityInvoker$EmptyActivity@b6c6ed5 in: PRE_ON_CREATE
08-29 13:54:10.975  1862  1862 D LifecycleMonitor: running callback: androidx.test.core.app.ActivityScenario$1@11248e0
08-29 13:54:10.975  1862  1862 V ActivityScenario: Activity lifecycle changed event received but ignored because the intent does not match. startActivityIntent=Intent { act=android.intent.action.MAIN cat=[android.intent.category.LAUNCHER] cmp=com.simplemobiletools.notes.pro.debug/com.simplemobiletools.notes.pro.activities.MainActivity }, activity.getIntent()=Intent { act=android.intent.action.MAIN cat=[android.intent.category.LAUNCHER] flg=0x10000000 cmp=com.simplemobiletools.notes.pro.debug/androidx.test.core.app.InstrumentationActivityInvoker$EmptyActivity }, activity=androidx.test.core.app.InstrumentationActivityInvoker$EmptyActivity@b6c6ed5
08-29 13:54:10.975  1862  1862 D LifecycleMonitor: callback completes: androidx.test.core.app.ActivityScenario$1@11248e0
08-29 13:54:10.982   404   404 I perfetto: ing_service_impl.cc:758 Configured tracing session 393, #sources:1, duration:5000 ms, #buffers:1, total buffer size:4096 KB, total sessions:3, uid:1071 session name: ""
08-29 13:54:10.984  1862  1862 D LifecycleMonitor: Lifecycle status change: androidx.test.core.app.InstrumentationActivityInvoker$EmptyActivity@b6c6ed5 in: CREATED
08-29 13:54:10.984  1862  1862 D LifecycleMonitor: running callback: androidx.test.core.app.ActivityScenario$1@11248e0
08-29 13:54:10.984  1862  1862 V ActivityScenario: Activity lifecycle changed event received but ignored because the intent does not match. startActivityIntent=Intent { act=android.intent.action.MAIN cat=[android.intent.category.LAUNCHER] cmp=com.simplemobiletools.notes.pro.debug/com.simplemobiletools.notes.pro.activities.MainActivity }, activity.getIntent()=Intent { act=android.intent.action.MAIN cat=[android.intent.category.LAUNCHER] flg=0x10000000 cmp=com.simplemobiletools.notes.pro.debug/androidx.test.core.app.InstrumentationActivityInvoker$EmptyActivity }, activity=androidx.test.core.app.InstrumentationActivityInvoker$EmptyActivity@b6c6ed5
08-29 13:54:10.984  1862  1862 D LifecycleMonitor: callback completes: androidx.test.core.app.ActivityScenario$1@11248e0
08-29 13:54:10.987   402   402 I perfetto: probes_producer.cc:230  Ftrace setup (target_buf=393)
08-29 13:54:10.991  1862  1862 D LifecycleMonitor: Lifecycle status change: androidx.test.core.app.InstrumentationActivityInvoker$EmptyActivity@b6c6ed5 in: STARTED
08-29 13:54:10.991  1862  1862 D LifecycleMonitor: running callback: androidx.test.core.app.ActivityScenario$1@11248e0
08-29 13:54:10.991  1862  1862 V ActivityScenario: Activity lifecycle changed event received but ignored because the intent does not match. startActivityIntent=Intent { act=android.intent.action.MAIN cat=[android.intent.category.LAUNCHER] cmp=com.simplemobiletools.notes.pro.debug/com.simplemobiletools.notes.pro.activities.MainActivity }, activity.getIntent()=Intent { act=android.intent.action.MAIN cat=[android.intent.category.LAUNCHER] flg=0x10000000 cmp=com.simplemobiletools.notes.pro.debug/androidx.test.core.app.InstrumentationActivityInvoker$EmptyActivity }, activity=androidx.test.core.app.InstrumentationActivityInvoker$EmptyActivity@b6c6ed5
08-29 13:54:10.991  1862  1862 D LifecycleMonitor: callback completes: androidx.test.core.app.ActivityScenario$1@11248e0
08-29 13:54:10.992  1862  1862 D LifecycleMonitor: Lifecycle status change: androidx.test.core.app.InstrumentationActivityInvoker$EmptyActivity@b6c6ed5 in: RESUMED
08-29 13:54:10.992  1862  1862 D LifecycleMonitor: running callback: androidx.test.core.app.ActivityScenario$1@11248e0
08-29 13:54:10.992  1862  1862 V ActivityScenario: Activity lifecycle changed event received but ignored because the intent does not match. startActivityIntent=Intent { act=android.intent.action.MAIN cat=[android.intent.category.LAUNCHER] cmp=com.simplemobiletools.notes.pro.debug/com.simplemobiletools.notes.pro.activities.MainActivity }, activity.getIntent()=Intent { act=android.intent.action.MAIN cat=[android.intent.category.LAUNCHER] flg=0x10000000 cmp=com.simplemobiletools.notes.pro.debug/androidx.test.core.app.InstrumentationActivityInvoker$EmptyActivity }, activity=androidx.test.core.app.InstrumentationActivityInvoker$EmptyActivity@b6c6ed5
08-29 13:54:10.992  1862  1862 D LifecycleMonitor: callback completes: androidx.test.core.app.ActivityScenario$1@11248e0
08-29 13:54:11.015   316   360 D goldfish-address-space: claimShared: Ask to claim region [0x31c000000 0x31d0b3000]
08-29 13:54:11.048   316   360 D goldfish-address-space: claimShared: Ask to claim region [0x31e166000 0x31f219000]
08-29 13:54:11.062   316   316 D goldfish-address-space: claimShared: Ask to claim region [0x3210b3000 0x322166000]
08-29 13:54:11.089   541   596 I ActivityTaskManager: Displayed com.simplemobiletools.notes.pro.debug/androidx.test.core.app.InstrumentationActivityInvoker$EmptyActivity: +134ms
08-29 13:54:11.096   541 17633 I ActivityTaskManager: START u0 {act=android.intent.action.MAIN cat=[android.intent.category.LAUNCHER] flg=0x10000000 cmp=com.simplemobiletools.notes.pro.debug/androidx.test.core.app.InstrumentationActivityInvoker$EmptyActivity} from uid 10180
08-29 13:54:11.096   541   588 D EventSequenceValidator: Transition from INTENT_FAILED to INTENT_STARTED
08-29 13:54:11.099   404   404 I perfetto: ing_service_impl.cc:758 Configured tracing session 394, #sources:1, duration:5000 ms, #buffers:1, total buffer size:4096 KB, total sessions:4, uid:1071 session name: ""
08-29 13:54:11.099   541   588 D EventSequenceValidator: Transition from INTENT_STARTED to INTENT_FAILED
08-29 13:54:11.100   402   402 I perfetto: probes_producer.cc:230  Ftrace setup (target_buf=394)
08-29 13:54:11.112  1862  1862 D LifecycleMonitor: Lifecycle status change: com.simplemobiletools.notes.pro.activities.MainActivity@365a637 in: STOPPED
08-29 13:54:11.112  1862  1862 D LifecycleMonitor: running callback: androidx.test.core.app.ActivityScenario$1@11248e0
08-29 13:54:11.112  1862  1862 V ActivityScenario: Update currentActivityStage to STOPPED, currentActivity=com.simplemobiletools.notes.pro.activities.MainActivity@365a637
08-29 13:54:11.113  1862  1862 D LifecycleMonitor: callback completes: androidx.test.core.app.ActivityScenario$1@11248e0
08-29 13:54:11.114  1862  1862 D AutofillManager: onActivityFinishing(): calling cancelLocked()
08-29 13:54:11.117  1862  1862 D LifecycleMonitor: Lifecycle status change: com.simplemobiletools.notes.pro.activities.MainActivity@365a637 in: DESTROYED
08-29 13:54:11.117  1862  1862 D LifecycleMonitor: running callback: androidx.test.core.app.ActivityScenario$1@11248e0
08-29 13:54:11.117  1862  1862 V ActivityScenario: Update currentActivityStage to DESTROYED, currentActivity=null
08-29 13:54:11.118  1862  1862 D LifecycleMonitor: callback completes: androidx.test.core.app.ActivityScenario$1@11248e0
