08-29 13:54:11.130  1862  1862 D LifecycleMonitor: Lifecycle status change: androidx.test.core.app.InstrumentationActivityInvoker$EmptyActivity@b6c6ed5 in: PAUSED
08-29 13:54:11.130  1862  1862 D LifecycleMonitor: running callback: androidx.test.core.app.ActivityScenario$1@11248e0
08-29 13:54:11.130  1862  1862 V ActivityScenario: Activity lifecycle changed event received but ignored because the intent does not match. startActivityIntent=Intent { act=android.intent.action.MAIN cat=[android.intent.category.LAUNCHER] cmp=com.simplemobiletools.notes.pro.debug/com.simplemobiletools.notes.pro.activities.MainActivity }, activity.getIntent()=Intent { act=android.intent.action.MAIN cat=[android.intent.category.LAUNCHER] flg=0x10000000 cmp=com.simplemobiletools.notes.pro.debug/androidx.test.core.app.InstrumentationActivityInvoker$EmptyActivity }, activity=androidx.test.core.app.InstrumentationActivityInvoker$EmptyActivity@b6c6ed5
08-29 13:54:11.130  1862  1862 D LifecycleMonitor: callback completes: androidx.test.core.app.ActivityScenario$1@11248e0
08-29 13:54:11.131   541 14832 W ActivityTaskManager: Tried to set launchTime (0) < mLastActivityLaunchTime (42177841)
08-29 13:54:11.131   541 14832 W InputReader: Device virtio_input_multi_touch_9 is associated with display ADISPLAY_ID_NONE.
08-29 13:54:11.131   541 14832 W InputReader: Device virtio_input_multi_touch_7 is associated with display ADISPLAY_ID_NONE.
08-29 13:54:11.131   541 14832 W InputReader: Device virtio_input_multi_touch_10 is associated with display ADISPLAY_ID_NONE.
08-29 13:54:11.131   541 14832 W InputReader: Device virtio_input_multi_touch_4 is associated with display ADISPLAY_ID_NONE.
08-29 13:54:11.131   541 14832 W InputReader: Device virtio_input_multi_touch_11 is associated with display ADISPLAY_ID_NONE.
08-29 13:54:11.131   541 14832 W InputReader: Device virtio_input_multi_touch_6 is associated with display ADISPLAY_ID_NONE.
08-29 13:54:11.131   541 14832 W InputReader: Device virtio_input_multi_touch_5 is associated with display ADISPLAY_ID_NONE.
08-29 13:54:11.131   541 14832 W InputReader: Device virtio_input_multi_touch_3 is associated with display ADISPLAY_ID_NONE.
08-29 13:54:11.131   541 14832 W InputReader: Device virtio_input_multi_touch_2 is associated with display ADISPLAY_ID_NONE.
08-29 13:54:11.131   541 14832 W InputReader: Device virtio_input_multi_touch_8 is associated with display ADISPLAY_ID_NONE.
08-29 13:54:11.131   541 14832 W InputReader: Device virtio_input_multi_touch_9 is associated with display ADISPLAY_ID_NONE.
08-29 13:54:11.132   541 14832 W InputReader: Device virtio_input_multi_touch_7 is associated with display ADISPLAY_ID_NONE.
08-29 13:54:11.132   541 14832 W InputReader: Device virtio_input_multi_touch_10 is associated with display ADISPLAY_ID_NONE.
08-29 13:54:11.132   541 14832 W InputReader: Device virtio_input_multi_touch_4 is associated with display ADISPLAY_ID_NONE.
08-29 13:54:11.132   541 14832 W InputReader: Device virtio_input_multi_touch_11 is associated with display ADISPLAY_ID_NONE.
08-29 13:54:11.132   541 14832 W InputReader: Device virtio_input_multi_touch_6 is associated with display ADISPLAY_ID_NONE.
08-29 13:54:11.132   541 14832 W InputReader: Device virtio_input_multi_touch_5 is associated with display ADISPLAY_ID_NONE.
08-29 13:54:11.132   541 14832 W InputReader: Device virtio_input_multi_touch_3 is associated with display ADISPLAY_ID_NONE.
08-29 13:54:11.132   541 14832 W InputReader: Device virtio_input_multi_touch_2 is associated with display ADISPLAY_ID_NONE.
08-29 13:54:11.132   541 14832 W InputReader: Device virtio_input_multi_touch_8 is associated with display ADISPLAY_ID_NONE.
08-29 13:54:11.136  1862  1862 D LifecycleMonitor: Lifecycle status change: androidx.test.core.app.InstrumentationActivityInvoker$BootstrapActivity@b7406e3 in: DESTROYED
08-29 13:54:11.136  1862  1862 D LifecycleMonitor: running callback: androidx.test.core.app.ActivityScenario$1@11248e0
08-29 13:54:11.136  1862  1862 V ActivityScenario: Activity lifecycle changed event received but ignored because the intent does not match. startActivityIntent=Intent { act=android.intent.action.MAIN cat=[android.intent.category.LAUNCHER] cmp=com.simplemobiletools.notes.pro.debug/com.simplemobiletools.notes.pro.activities.MainActivity }, activity.getIntent()=Intent { act=android.intent.action.MAIN cat=[android.intent.category.LAUNCHER] flg=0x10008000 cmp=com.simplemobiletools.notes.pro.debug/androidx.test.core.app.InstrumentationActivityInvoker$BootstrapActivity (has extras) }, activity=androidx.test.core.app.InstrumentationActivityInvoker$BootstrapActivity@b7406e3
08-29 13:54:11.136  1862  1862 D LifecycleMonitor: callback completes: androidx.test.core.app.ActivityScenario$1@11248e0
08-29 13:54:11.142  1862  1862 D LifecycleMonitor: Lifecycle status change: androidx.test.core.app.InstrumentationActivityInvoker$EmptyActivity@e51aa66 in: PRE_ON_CREATE
08-29 13:54:11.142  1862  1862 D LifecycleMonitor: running callback: androidx.test.core.app.ActivityScenario$1@11248e0
08-29 13:54:11.142  1862  1862 V ActivityScenario: Activity lifecycle changed event received but ignored because the intent does not match. startActivityIntent=Intent { act=android.intent.action.MAIN cat=[android.intent.category.LAUNCHER] cmp=com.simplemobiletools.notes.pro.debug/com.simplemobiletools.notes.pro.activities.MainActivity }, activity.getIntent()=Intent { act=android.intent.action.MAIN cat=[android.intent.category.LAUNCHER] flg=0x10000000 cmp=com.simplemobiletools.notes.pro.debug/androidx.test.core.app.InstrumentationActivityInvoker$EmptyActivity }, activity=androidx.test.core.app.InstrumentationActivityInvoker$EmptyActivity@e51aa66
08-29 13:54:11.142  1862  1862 D LifecycleMonitor: callback completes: androidx.test.core.app.ActivityScenario$1@11248e0
08-29 13:54:11.146  1862  1862 D LifecycleMonitor: Lifecycle status change: androidx.test.core.app.InstrumentationActivityInvoker$EmptyActivity@e51aa66 in: CREATED
08-29 13:54:11.146  1862  1862 D LifecycleMonitor: running callback: androidx.test.core.app.ActivityScenario$1@11248e0
08-29 13:54:11.146  1862  1862 V ActivityScenario: Activity lifecycle changed event received but ignored because the intent does not match. startActivityIntent=Intent { act=android.intent.action.MAIN cat=[android.intent.category.LAUNCHER] cmp=com.simplemobiletools.notes.pro.debug/com.simplemobiletools.notes.pro.activities.MainActivity }, activity.getIntent()=Intent { act=android.intent.action.MAIN cat=[android.intent.category.LAUNCHER] flg=0x10000000 cmp=com.simplemobiletools.notes.pro.debug/androidx.test.core.app.InstrumentationActivityInvoker$EmptyActivity }, activity=androidx.test.core.app.InstrumentationActivityInvoker$EmptyActivity@e51aa66
08-29 13:54:11.146  1862  1862 D LifecycleMonitor: callback completes: androidx.test.core.app.ActivityScenario$1@11248e0
08-29 13:54:11.148  1862  1862 D LifecycleMonitor: Lifecycle status change: androidx.test.core.app.InstrumentationActivityInvoker$EmptyActivity@e51aa66 in: STARTED
08-29 13:54:11.148  1862  1862 D LifecycleMonitor: running callback: androidx.test.core.app.ActivityScenario$1@11248e0
08-29 13:54:11.148  1862  1862 V ActivityScenario: Activity lifecycle changed event received but ignored because the intent does not match. startActivityIntent=Intent { act=android.intent.action.MAIN cat=[android.intent.category.LAUNCHER] cmp=com.simplemobiletools.notes.pro.debug/com.simplemobiletools.notes.pro.activities.MainActivity }, activity.getIntent()=Intent { act=android.intent.action.MAIN cat=[android.intent.category.LAUNCHER] flg=0x10000000 cmp=com.simplemobiletools.notes.pro.debug/androidx.test.core.app.InstrumentationActivityInvoker$EmptyActivity }, activity=androidx.test.core.app.InstrumentationActivityInvoker$EmptyActivity@e51aa66
08-29 13:54:11.148  1862  1862 D LifecycleMonitor: callback completes: androidx.test.core.app.ActivityScenario$1@11248e0
08-29 13:54:11.149  1862  1862 D LifecycleMonitor: Lifecycle status change: androidx.test.core.app.InstrumentationActivityInvoker$EmptyActivity@e51aa66 in: RESUMED
08-29 13:54:11.149  1862  1862 D LifecycleMonitor: running callback: androidx.test.core.app.ActivityScenario$1@11248e0
08-29 13:54:11.149  1862  1862 V ActivityScenario: Activity lifecycle changed event received but ignored because the intent does not match. startActivityIntent=Intent { act=android.intent.action.MAIN cat=[android.intent.category.LAUNCHER] cmp=com.simplemobiletools.notes.pro.debug/com.simplemobiletools.notes.pro.activities.MainActivity }, activity.getIntent()=Intent { act=android.intent.action.MAIN cat=[android.intent.category.LAUNCHER] flg=0x10000000 cmp=com.simplemobiletools.notes.pro.debug/androidx.test.core.app.InstrumentationActivityInvoker$EmptyActivity }, activity=androidx.test.core.app.InstrumentationActivityInvoker$EmptyActivity@e51aa66
08-29 13:54:11.149  1862  1862 D LifecycleMonitor: callback completes: androidx.test.core.app.ActivityScenario$1@11248e0
08-29 13:54:11.168   316   316 D goldfish-address-space: claimShared: Ask to claim region [0x324033000 0x3250e6000]
08-29 13:54:11.199   316   316 D goldfish-address-space: claimShared: Ask to claim region [0x3250e6000 0x326199000]
08-29 13:54:11.212   316   316 D goldfish-address-space: claimShared: Ask to claim region [0x326199000 0x32724c000]
08-29 13:54:11.232   541   596 I ActivityTaskManager: Displayed com.simplemobiletools.notes.pro.debug/androidx.test.core.app.InstrumentationActivityInvoker$EmptyActivity: +135ms
08-29 13:54:11.242   316   316 D goldfish-address-space: claimShared: Ask to claim region [0x328000000 0x3290b3000]
08-29 13:54:11.279  1862  1862 D LifecycleMonitor: Lifecycle status change: androidx.test.core.app.InstrumentationActivityInvoker$EmptyActivity@b6c6ed5 in: STOPPED
08-29 13:54:11.279  1862  1862 D LifecycleMonitor: running callback: androidx.test.core.app.ActivityScenario$1@11248e0
08-29 13:54:11.280  1862  1862 V ActivityScenario: Activity lifecycle changed event received but ignored because the intent does not match. startActivityIntent=Intent { act=android.intent.action.MAIN cat=[android.intent.category.LAUNCHER] cmp=com.simplemobiletools.notes.pro.debug/com.simplemobiletools.notes.pro.activities.MainActivity }, activity.getIntent()=Intent { act=android.intent.action.MAIN cat=[android.intent.category.LAUNCHER] flg=0x10000000 cmp=com.simplemobiletools.notes.pro.debug/androidx.test.core.app.InstrumentationActivityInvoker$EmptyActivity }, activity=androidx.test.core.app.InstrumentationActivityInvoker$EmptyActivity@b6c6ed5
08-29 13:54:11.280  1862  1862 D LifecycleMonitor: callback completes: androidx.test.core.app.ActivityScenario$1@11248e0
08-29 13:54:11.282  1862  1862 D LifecycleMonitor: Lifecycle status change: androidx.test.core.app.InstrumentationActivityInvoker$EmptyActivity@b6c6ed5 in: DESTROYED
08-29 13:54:11.282  1862  1862 D LifecycleMonitor: running callback: androidx.test.core.app.ActivityScenario$1@11248e0
08-29 13:54:11.282  1862  1862 V ActivityScenario: Activity lifecycle changed event received but ignored because the intent does not match. startActivityIntent=Intent { act=android.intent.action.MAIN cat=[android.intent.category.LAUNCHER] cmp=com.simplemobiletools.notes.pro.debug/com.simplemobiletools.notes.pro.activities.MainActivity }, activity.getIntent()=Intent { act=android.intent.action.MAIN cat=[android.intent.category.LAUNCHER] flg=0x10000000 cmp=com.simplemobiletools.notes.pro.debug/androidx.test.core.app.InstrumentationActivityInvoker$EmptyActivity }, activity=androidx.test.core.app.InstrumentationActivityInvoker$EmptyActivity@b6c6ed5
08-29 13:54:11.282  1862  1862 D LifecycleMonitor: callback completes: androidx.test.core.app.ActivityScenario$1@11248e0
08-29 13:54:11.290  1862  1862 D LifecycleMonitor: Lifecycle status change: androidx.test.core.app.InstrumentationActivityInvoker$EmptyActivity@e51aa66 in: PAUSED
08-29 13:54:11.290  1862  1862 D LifecycleMonitor: running callback: androidx.test.core.app.ActivityScenario$1@11248e0
08-29 13:54:11.291  1862  1862 V ActivityScenario: Activity lifecycle changed event received but ignored because the intent does not match. startActivityIntent=Intent { act=android.intent.action.MAIN cat=[android.intent.category.LAUNCHER] cmp=com.simplemobiletools.notes.pro.debug/com.simplemobiletools.notes.pro.activities.MainActivity }, activity.getIntent()=Intent { act=android.intent.action.MAIN cat=[android.intent.category.LAUNCHER] flg=0x10000000 cmp=com.simplemobiletools.notes.pro.debug/androidx.test.core.app.InstrumentationActivityInvoker$EmptyActivity }, activity=androidx.test.core.app.InstrumentationActivityInvoker$EmptyActivity@e51aa66
08-29 13:54:11.291  1862  1862 D LifecycleMonitor: callback completes: androidx.test.core.app.ActivityScenario$1@11248e0
08-29 13:54:11.294   541   746 W InputReader: Device virtio_input_multi_touch_9 is associated with display ADISPLAY_ID_NONE.
08-29 13:54:11.294   541   746 W InputReader: Device virtio_input_multi_touch_7 is associated with display ADISPLAY_ID_NONE.
08-29 13:54:11.294   541   746 W InputReader: Device virtio_input_multi_touch_10 is associated with display ADISPLAY_ID_NONE.
08-29 13:54:11.294   541   746 W InputReader: Device virtio_input_multi_touch_4 is associated with display ADISPLAY_ID_NONE.
08-29 13:54:11.294   541   746 W InputReader: Device virtio_input_multi_touch_11 is associated with display ADISPLAY_ID_NONE.
08-29 13:54:11.294   541   746 W InputReader: Device virtio_input_multi_touch_6 is associated with display ADISPLAY_ID_NONE.
08-29 13:54:11.294   541   746 W InputReader: Device virtio_input_multi_touch_5 is associated with display ADISPLAY_ID_NONE.
08-29 13:54:11.294   541   746 W InputReader: Device virtio_input_multi_touch_3 is associated with display ADISPLAY_ID_NONE.
08-29 13:54:11.294   541   746 W InputReader: Device virtio_input_multi_touch_2 is associated with display ADISPLAY_ID_NONE.
08-29 13:54:11.294   541   746 W InputReader: Device virtio_input_multi_touch_8 is associated with display ADISPLAY_ID_NONE.
08-29 13:54:11.295   541   746 W InputReader: Device virtio_input_multi_touch_9 is associated with display ADISPLAY_ID_NONE.
08-29 13:54:11.295   541   746 W InputReader: Device virtio_input_multi_touch_7 is associated with display ADISPLAY_ID_NONE.
08-29 13:54:11.295   541   746 W InputReader: Device virtio_input_multi_touch_10 is associated with display ADISPLAY_ID_NONE.
08-29 13:54:11.295   541   746 W InputReader: Device virtio_input_multi_touch_4 is associated with display ADISPLAY_ID_NONE.
08-29 13:54:11.295   541   746 W InputReader: Device virtio_input_multi_touch_11 is associated with display ADISPLAY_ID_NONE.
08-29 13:54:11.295   541   746 W InputReader: Device virtio_input_multi_touch_6 is associated with display ADISPLAY_ID_NONE.
08-29 13:54:11.295   541   746 W InputReader: Device virtio_input_multi_touch_5 is associated with display ADISPLAY_ID_NONE.
08-29 13:54:11.295   541   746 W InputReader: Device virtio_input_multi_touch_3 is associated with display ADISPLAY_ID_NONE.
08-29 13:54:11.295   541   746 W InputReader: Device virtio_input_multi_touch_2 is associated with display ADISPLAY_ID_NONE.
08-29 13:54:11.295   541   746 W InputReader: Device virtio_input_multi_touch_8 is associated with display ADISPLAY_ID_NONE.
08-29 13:54:11.301  1862  1885 I TestRunner: finished: aboutTest(test.AboutTest)
08-29 13:54:11.319  1862  1862 I MonitoringInstr: Activities that are still in CREATED to STOPPED: 1
08-29 13:54:11.320  1862  1885 I MonitoringInstr: Unstopped activity count: 1
08-29 13:54:11.332   316   316 D goldfish-address-space: claimShared: Ask to claim region [0x31c000000 0x31d0b3000]
08-29 13:54:11.363   316   316 D goldfish-address-space: claimShared: Ask to claim region [0x31e166000 0x31f219000]
08-29 13:54:11.372  1862  1885 I MonitoringInstr: Unstopped activity count: 1
08-29 13:54:11.378   316   360 D goldfish-address-space: claimShared: Ask to claim region [0x3210b3000 0x322166000]
08-29 13:54:11.397   316   360 D goldfish-address-space: claimShared: Ask to claim region [0x3290b3000 0x32a166000]
08-29 13:54:11.410   316   316 D goldfish-address-space: claimShared: Ask to claim region [0x32a166000 0x32b219000]
08-29 13:54:11.423  1862  1885 I MonitoringInstr: Unstopped activity count: 1
08-29 13:54:11.444   316   316 D goldfish-address-space: claimShared: Ask to claim region [0x32c000000 0x32d0b3000]
08-29 13:54:11.450  1705  1705 I QSB.SuggestionsProviderImpl: chars:3,source:Source{name=com.android.quicksearchbox/.google.GoogleSearch}
08-29 13:54:11.474  1862  1885 I MonitoringInstr: Unstopped activity count: 1
08-29 13:54:11.482   217   220 E android.system.suspend@1.0-service: Error opening kernel wakelock stats for: wakeup34: Permission denied
08-29 13:54:11.484   217   220 E android.system.suspend@1.0-service: Error opening kernel wakelock stats for: wakeup35: Permission denied
08-29 13:54:11.478   217   217 W Binder:217_2: type=1400 audit(0.0:1583): avc: denied { read } for name="wakeup34" dev="sysfs" ino=19171 scontext=u:r:system_suspend:s0 tcontext=u:object_r:sysfs:s0 tclass=dir permissive=0
08-29 13:54:11.478   217   217 W Binder:217_2: type=1400 audit(0.0:1584): avc: denied { read } for name="wakeup35" dev="sysfs" ino=19234 scontext=u:r:system_suspend:s0 tcontext=u:object_r:sysfs:s0 tclass=dir permissive=0
08-29 13:54:11.502  1862  1862 D LifecycleMonitor: Lifecycle status change: androidx.test.core.app.InstrumentationActivityInvoker$EmptyActivity@e51aa66 in: STOPPED
08-29 13:54:11.505  1862  1862 D LifecycleMonitor: Lifecycle status change: androidx.test.core.app.InstrumentationActivityInvoker$EmptyActivity@e51aa66 in: DESTROYED
08-29 13:54:11.511  1397  1397 I LatinIME: Starting input. Cursor position = 3,3
08-29 13:54:11.526   541   551 I system_server: NativeAlloc concurrent copying GC freed 20330(1098KB) AllocSpace objects, 7(204KB) LOS objects, 49% free, 14MB/28MB, paused 344us total 124.381ms
08-29 13:54:11.535   355   355 I android.hardware.vibrator-service.example: Vibrator reporting capabilities
08-29 13:54:11.549   316   316 D goldfish-address-space: claimShared: Ask to claim region [0x324033000 0x324ff5000]
08-29 13:54:11.585   316   316 D goldfish-address-space: claimShared: Ask to claim region [0x324ff5000 0x325fb7000]
08-29 13:54:11.600   316   316 D goldfish-address-space: claimShared: Ask to claim region [0x325fb7000 0x326f79000]
08-29 13:54:11.618  1959  1963 I cmd     : oneway function results will be dropped but finished with status OK and parcel size 4
08-29 13:54:11.628  1862  1885 I TestRunner: started: dummyFailTest(test.MainPageTest)
08-29 13:54:11.661  1862  1885 W Settings: Setting always_finish_activities has moved from android.provider.Settings.System to android.provider.Settings.Global, returning read-only value.
08-29 13:54:11.667   541  1252 I ActivityTaskManager: START u0 {act=android.intent.action.MAIN cat=[android.intent.category.LAUNCHER] flg=0x10008000 cmp=com.simplemobiletools.notes.pro.debug/androidx.test.core.app.InstrumentationActivityInvoker$BootstrapActivity (has extras)} from uid 10180
08-29 13:54:11.667   541   588 D EventSequenceValidator: Transition from INTENT_FAILED to INTENT_STARTED
08-29 13:54:11.669   404   404 I perfetto: ing_service_impl.cc:758 Configured tracing session 395, #sources:1, duration:5000 ms, #buffers:1, total buffer size:4096 KB, total sessions:5, uid:1071 session name: ""
08-29 13:54:11.670   402   402 I perfetto: probes_producer.cc:230  Ftrace setup (target_buf=395)
08-29 13:54:11.676   541   588 D EventSequenceValidator: Transition from INTENT_STARTED to ACTIVITY_LAUNCHED
08-29 13:54:11.677   541   646 W ActivityTaskManager: Tried to set launchTime (0) < mLastActivityLaunchTime (42178007)
08-29 13:54:11.677   541   646 W InputReader: Device virtio_input_multi_touch_9 is associated with display ADISPLAY_ID_NONE.
08-29 13:54:11.677   541   646 W InputReader: Device virtio_input_multi_touch_7 is associated with display ADISPLAY_ID_NONE.
08-29 13:54:11.677   541   646 W InputReader: Device virtio_input_multi_touch_10 is associated with display ADISPLAY_ID_NONE.
08-29 13:54:11.677   541   646 W InputReader: Device virtio_input_multi_touch_4 is associated with display ADISPLAY_ID_NONE.
08-29 13:54:11.677   541   646 W InputReader: Device virtio_input_multi_touch_11 is associated with display ADISPLAY_ID_NONE.
08-29 13:54:11.677   541   646 W InputReader: Device virtio_input_multi_touch_6 is associated with display ADISPLAY_ID_NONE.
08-29 13:54:11.677   541   646 W InputReader: Device virtio_input_multi_touch_5 is associated with display ADISPLAY_ID_NONE.
08-29 13:54:11.677   541   646 W InputReader: Device virtio_input_multi_touch_3 is associated with display ADISPLAY_ID_NONE.
08-29 13:54:11.677   541   646 W InputReader: Device virtio_input_multi_touch_2 is associated with display ADISPLAY_ID_NONE.
08-29 13:54:11.677   541   646 W InputReader: Device virtio_input_multi_touch_8 is associated with display ADISPLAY_ID_NONE.
08-29 13:54:11.677   541   646 W InputReader: Device virtio_input_multi_touch_9 is associated with display ADISPLAY_ID_NONE.
08-29 13:54:11.677   541   646 W InputReader: Device virtio_input_multi_touch_7 is associated with display ADISPLAY_ID_NONE.
08-29 13:54:11.677   541   646 W InputReader: Device virtio_input_multi_touch_10 is associated with display ADISPLAY_ID_NONE.
08-29 13:54:11.677   541   646 W InputReader: Device virtio_input_multi_touch_4 is associated with display ADISPLAY_ID_NONE.
08-29 13:54:11.677   541   646 W InputReader: Device virtio_input_multi_touch_11 is associated with display ADISPLAY_ID_NONE.
08-29 13:54:11.677   541   646 W InputReader: Device virtio_input_multi_touch_6 is associated with display ADISPLAY_ID_NONE.
08-29 13:54:11.677   541   646 W InputReader: Device virtio_input_multi_touch_5 is associated with display ADISPLAY_ID_NONE.
08-29 13:54:11.677   541   646 W InputReader: Device virtio_input_multi_touch_3 is associated with display ADISPLAY_ID_NONE.
08-29 13:54:11.677   541   646 W InputReader: Device virtio_input_multi_touch_2 is associated with display ADISPLAY_ID_NONE.
08-29 13:54:11.677   541   646 W InputReader: Device virtio_input_multi_touch_8 is associated with display ADISPLAY_ID_NONE.
08-29 13:54:11.682  1862  1862 D LifecycleMonitor: Lifecycle status change: androidx.test.core.app.InstrumentationActivityInvoker$BootstrapActivity@ba5cf0 in: PRE_ON_CREATE
08-29 13:54:11.682  1862  1862 D LifecycleMonitor: running callback: androidx.test.core.app.ActivityScenario$1@94ae269
08-29 13:54:11.682  1862  1862 V ActivityScenario: Activity lifecycle changed event received but ignored because the intent does not match. startActivityIntent=Intent { act=android.intent.action.MAIN cat=[android.intent.category.LAUNCHER] cmp=com.simplemobiletools.notes.pro.debug/com.simplemobiletools.notes.pro.activities.MainActivity }, activity.getIntent()=Intent { act=android.intent.action.MAIN cat=[android.intent.category.LAUNCHER] flg=0x10008000 cmp=com.simplemobiletools.notes.pro.debug/androidx.test.core.app.InstrumentationActivityInvoker$BootstrapActivity (has extras) }, activity=androidx.test.core.app.InstrumentationActivityInvoker$BootstrapActivity@ba5cf0
08-29 13:54:11.682  1862  1862 D LifecycleMonitor: callback completes: androidx.test.core.app.ActivityScenario$1@94ae269
08-29 13:54:11.687  1862  1862 D LifecycleMonitor: Lifecycle status change: androidx.test.core.app.InstrumentationActivityInvoker$BootstrapActivity@ba5cf0 in: CREATED
08-29 13:54:11.687  1862  1862 D LifecycleMonitor: running callback: androidx.test.core.app.ActivityScenario$1@94ae269
08-29 13:54:11.687  1862  1862 V ActivityScenario: Activity lifecycle changed event received but ignored because the intent does not match. startActivityIntent=Intent { act=android.intent.action.MAIN cat=[android.intent.category.LAUNCHER] cmp=com.simplemobiletools.notes.pro.debug/com.simplemobiletools.notes.pro.activities.MainActivity }, activity.getIntent()=Intent { act=android.intent.action.MAIN cat=[android.intent.category.LAUNCHER] flg=0x10008000 cmp=com.simplemobiletools.notes.pro.debug/androidx.test.core.app.InstrumentationActivityInvoker$BootstrapActivity (has extras) }, activity=androidx.test.core.app.InstrumentationActivityInvoker$BootstrapActivity@ba5cf0
08-29 13:54:11.687  1862  1862 D LifecycleMonitor: callback completes: androidx.test.core.app.ActivityScenario$1@94ae269
08-29 13:54:11.694   316   316 D goldfish-address-space: claimShared: Ask to claim region [0x32d0b3000 0x32e166000]
08-29 13:54:11.707  1862  1862 D LifecycleMonitor: Lifecycle status change: androidx.test.core.app.InstrumentationActivityInvoker$BootstrapActivity@ba5cf0 in: STARTED
08-29 13:54:11.707  1862  1862 D LifecycleMonitor: running callback: androidx.test.core.app.ActivityScenario$1@94ae269
08-29 13:54:11.708  1862  1862 V ActivityScenario: Activity lifecycle changed event received but ignored because the intent does not match. startActivityIntent=Intent { act=android.intent.action.MAIN cat=[android.intent.category.LAUNCHER] cmp=com.simplemobiletools.notes.pro.debug/com.simplemobiletools.notes.pro.activities.MainActivity }, activity.getIntent()=Intent { act=android.intent.action.MAIN cat=[android.intent.category.LAUNCHER] flg=0x10008000 cmp=com.simplemobiletools.notes.pro.debug/androidx.test.core.app.InstrumentationActivityInvoker$BootstrapActivity (has extras) }, activity=androidx.test.core.app.InstrumentationActivityInvoker$BootstrapActivity@ba5cf0
08-29 13:54:11.708  1862  1862 D LifecycleMonitor: callback completes: androidx.test.core.app.ActivityScenario$1@94ae269
08-29 13:54:11.709   541   646 I ActivityTaskManager: START u0 {act=android.intent.action.MAIN cat=[android.intent.category.LAUNCHER] cmp=com.simplemobiletools.notes.pro.debug/com.simplemobiletools.notes.pro.activities.MainActivity} from uid 10180
08-29 13:54:11.714  1862  1862 D LifecycleMonitor: Lifecycle status change: androidx.test.core.app.InstrumentationActivityInvoker$BootstrapActivity@ba5cf0 in: RESUMED
08-29 13:54:11.714  1862  1862 D LifecycleMonitor: running callback: androidx.test.core.app.ActivityScenario$1@94ae269
08-29 13:54:11.714  1862  1862 V ActivityScenario: Activity lifecycle changed event received but ignored because the intent does not match. startActivityIntent=Intent { act=android.intent.action.MAIN cat=[android.intent.category.LAUNCHER] cmp=com.simplemobiletools.notes.pro.debug/com.simplemobiletools.notes.pro.activities.MainActivity }, activity.getIntent()=Intent { act=android.intent.action.MAIN cat=[android.intent.category.LAUNCHER] flg=0x10008000 cmp=com.simplemobiletools.notes.pro.debug/androidx.test.core.app.InstrumentationActivityInvoker$BootstrapActivity (has extras) }, activity=androidx.test.core.app.InstrumentationActivityInvoker$BootstrapActivity@ba5cf0
08-29 13:54:11.714  1862  1862 D LifecycleMonitor: callback completes: androidx.test.core.app.ActivityScenario$1@94ae269
08-29 13:54:11.716  1862  1862 D LifecycleMonitor: Lifecycle status change: androidx.test.core.app.InstrumentationActivityInvoker$BootstrapActivity@ba5cf0 in: PAUSED
08-29 13:54:11.716  1862  1862 D LifecycleMonitor: running callback: androidx.test.core.app.ActivityScenario$1@94ae269
08-29 13:54:11.718  1862  1862 V ActivityScenario: Activity lifecycle changed event received but ignored because the intent does not match. startActivityIntent=Intent { act=android.intent.action.MAIN cat=[android.intent.category.LAUNCHER] cmp=com.simplemobiletools.notes.pro.debug/com.simplemobiletools.notes.pro.activities.MainActivity }, activity.getIntent()=Intent { act=android.intent.action.MAIN cat=[android.intent.category.LAUNCHER] flg=0x10008000 cmp=com.simplemobiletools.notes.pro.debug/androidx.test.core.app.InstrumentationActivityInvoker$BootstrapActivity (has extras) }, activity=androidx.test.core.app.InstrumentationActivityInvoker$BootstrapActivity@ba5cf0
08-29 13:54:11.718  1862  1862 D LifecycleMonitor: callback completes: androidx.test.core.app.ActivityScenario$1@94ae269
08-29 13:54:11.718   541   646 W ActivityTaskManager: Tried to set launchTime (0) < mLastActivityLaunchTime (42178553)
08-29 13:54:11.719   541   646 W InputReader: Device virtio_input_multi_touch_9 is associated with display ADISPLAY_ID_NONE.
08-29 13:54:11.719   541   646 W InputReader: Device virtio_input_multi_touch_7 is associated with display ADISPLAY_ID_NONE.
08-29 13:54:11.719   541   646 W InputReader: Device virtio_input_multi_touch_10 is associated with display ADISPLAY_ID_NONE.
08-29 13:54:11.719   541   646 W InputReader: Device virtio_input_multi_touch_4 is associated with display ADISPLAY_ID_NONE.
08-29 13:54:11.719   541   646 W InputReader: Device virtio_input_multi_touch_11 is associated with display ADISPLAY_ID_NONE.
08-29 13:54:11.719   541   646 W InputReader: Device virtio_input_multi_touch_6 is associated with display ADISPLAY_ID_NONE.
08-29 13:54:11.719   541   646 W InputReader: Device virtio_input_multi_touch_5 is associated with display ADISPLAY_ID_NONE.
08-29 13:54:11.719   541   646 W InputReader: Device virtio_input_multi_touch_3 is associated with display ADISPLAY_ID_NONE.
08-29 13:54:11.719   541   646 W InputReader: Device virtio_input_multi_touch_2 is associated with display ADISPLAY_ID_NONE.
08-29 13:54:11.719   541   646 W InputReader: Device virtio_input_multi_touch_8 is associated with display ADISPLAY_ID_NONE.
08-29 13:54:11.719   541   646 W InputReader: Device virtio_input_multi_touch_9 is associated with display ADISPLAY_ID_NONE.
08-29 13:54:11.719   541   646 W InputReader: Device virtio_input_multi_touch_7 is associated with display ADISPLAY_ID_NONE.
08-29 13:54:11.719   541   646 W InputReader: Device virtio_input_multi_touch_10 is associated with display ADISPLAY_ID_NONE.
08-29 13:54:11.719   541   646 W InputReader: Device virtio_input_multi_touch_4 is associated with display ADISPLAY_ID_NONE.
08-29 13:54:11.719   541   646 W InputReader: Device virtio_input_multi_touch_11 is associated with display ADISPLAY_ID_NONE.
08-29 13:54:11.719   541   646 W InputReader: Device virtio_input_multi_touch_6 is associated with display ADISPLAY_ID_NONE.
08-29 13:54:11.719   541   646 W InputReader: Device virtio_input_multi_touch_5 is associated with display ADISPLAY_ID_NONE.
08-29 13:54:11.719   541   646 W InputReader: Device virtio_input_multi_touch_3 is associated with display ADISPLAY_ID_NONE.
08-29 13:54:11.719   541   646 W InputReader: Device virtio_input_multi_touch_2 is associated with display ADISPLAY_ID_NONE.
08-29 13:54:11.719   541   646 W InputReader: Device virtio_input_multi_touch_8 is associated with display ADISPLAY_ID_NONE.
08-29 13:54:11.742  1862  1862 D LifecycleMonitor: Lifecycle status change: com.simplemobiletools.notes.pro.activities.MainActivity@b3911fa in: PRE_ON_CREATE
08-29 13:54:11.742  1862  1862 D LifecycleMonitor: running callback: androidx.test.core.app.ActivityScenario$1@94ae269
08-29 13:54:11.742  1862  1862 V ActivityScenario: Activity lifecycle changed event received but ignored because the reported transition was not ON_CREATE while the last known transition was PRE_ON_CREATE
08-29 13:54:11.742  1862  1862 D LifecycleMonitor: callback completes: androidx.test.core.app.ActivityScenario$1@94ae269
08-29 13:54:11.763  1705  1736 W GoogleSearch: Error
08-29 13:54:11.763  1705  1736 W GoogleSearch: java.io.IOException: Cleartext traffic not permitted: http://www.google.com
08-29 13:54:11.763  1705  1736 W GoogleSearch: 	at org.apache.http.impl.client.DefaultRequestDirector.execute(DefaultRequestDirector.java:439)
08-29 13:54:11.763  1705  1736 W GoogleSearch: 	at org.apache.http.impl.client.AbstractHttpClient.execute(AbstractHttpClient.java:560)
08-29 13:54:11.763  1705  1736 W GoogleSearch: 	at org.apache.http.impl.client.AbstractHttpClient.execute(AbstractHttpClient.java:492)
08-29 13:54:11.763  1705  1736 W GoogleSearch: 	at org.apache.http.impl.client.AbstractHttpClient.execute(AbstractHttpClient.java:470)
08-29 13:54:11.763  1705  1736 W GoogleSearch: 	at android.net.http.AndroidHttpClient.execute(AndroidHttpClient.java:250)
08-29 13:54:11.763  1705  1736 W GoogleSearch: 	at com.android.quicksearchbox.google.GoogleSuggestClient.query(GoogleSuggestClient.java:116)
08-29 13:54:11.763  1705  1736 W GoogleSearch: 	at com.android.quicksearchbox.google.GoogleSuggestClient.queryInternal(GoogleSuggestClient.java:84)
08-29 13:54:11.763  1705  1736 W GoogleSearch: 	at com.android.quicksearchbox.google.AbstractGoogleSource.getSuggestions(AbstractGoogleSource.java:103)
08-29 13:54:11.763  1705  1736 W GoogleSearch: 	at com.android.quicksearchbox.google.AbstractGoogleSource.getSuggestions(AbstractGoogleSource.java:34)
08-29 13:54:11.763  1705  1736 W GoogleSearch: 	at com.android.quicksearchbox.QueryTask.run(QueryTask.java:66)
08-29 13:54:11.763  1705  1736 W GoogleSearch: 	at com.android.quicksearchbox.util.SingleThreadNamedTaskExecutor$Worker.loop(SingleThreadNamedTaskExecutor.java:85)
08-29 13:54:11.763  1705  1736 W GoogleSearch: 	at com.android.quicksearchbox.util.SingleThreadNamedTaskExecutor$Worker.run(SingleThreadNamedTaskExecutor.java:66)
08-29 13:54:11.763  1705  1736 W GoogleSearch: 	at java.lang.Thread.run(Thread.java:923)
08-29 13:54:11.763  1705  1736 W GoogleSearch: 	at com.android.quicksearchbox.util.PriorityThreadFactory$1.run(PriorityThreadFactory.java:45)
08-29 13:54:11.765  1862  1862 D LifecycleMonitor: Lifecycle status change: com.simplemobiletools.notes.pro.activities.MainActivity@b3911fa in: CREATED
08-29 13:54:11.765  1862  1862 D LifecycleMonitor: running callback: androidx.test.core.app.ActivityScenario$1@94ae269
08-29 13:54:11.765  1862  1862 V ActivityScenario: Update currentActivityStage to CREATED, currentActivity=com.simplemobiletools.notes.pro.activities.MainActivity@b3911fa
08-29 13:54:11.766  1862  1862 D LifecycleMonitor: callback completes: androidx.test.core.app.ActivityScenario$1@94ae269
08-29 13:54:11.767  1862  1862 D LifecycleMonitor: Lifecycle status change: com.simplemobiletools.notes.pro.activities.MainActivity@b3911fa in: STARTED
08-29 13:54:11.767  1862  1862 D LifecycleMonitor: running callback: androidx.test.core.app.ActivityScenario$1@94ae269
08-29 13:54:11.768  1862  1862 V ActivityScenario: Update currentActivityStage to STARTED, currentActivity=com.simplemobiletools.notes.pro.activities.MainActivity@b3911fa
08-29 13:54:11.768  1862  1862 D LifecycleMonitor: callback completes: androidx.test.core.app.ActivityScenario$1@94ae269
08-29 13:54:11.775  1862  1862 D LifecycleMonitor: Lifecycle status change: com.simplemobiletools.notes.pro.activities.MainActivity@b3911fa in: RESUMED
08-29 13:54:11.775  1862  1862 D LifecycleMonitor: running callback: androidx.test.core.app.ActivityScenario$1@94ae269
08-29 13:54:11.776  1862  1862 V ActivityScenario: Update currentActivityStage to RESUMED, currentActivity=com.simplemobiletools.notes.pro.activities.MainActivity@b3911fa
08-29 13:54:11.776  1862  1862 D LifecycleMonitor: callback completes: androidx.test.core.app.ActivityScenario$1@94ae269
08-29 13:54:11.776  1862  1885 I Espresso Run: ------------------------------------------------------------------------------------------
08-29 13:54:11.776  1862  1885 I Espresso Run: Test: dummyFailTest
08-29 13:54:11.776  1862  1885 I Espresso Run: ------------------------------------------------------------------------------------------
08-29 13:54:11.776  1862  1885 I Espresso Run: Opening the menu
08-29 13:54:11.782  1862  1862 D IdlingResourceRegistry: All idling resources are idle.
08-29 13:54:11.806   316   316 D goldfish-address-space: claimShared: Ask to claim region [0x330000000 0x3310b3000]
08-29 13:54:11.844   316   360 D goldfish-address-space: claimShared: Ask to claim region [0x3310b3000 0x332166000]
08-29 13:54:11.858   316   316 D goldfish-address-space: claimShared: Ask to claim region [0x3350b3000 0x336166000]
08-29 13:54:11.877   316   360 D goldfish-address-space: claimShared: Ask to claim region [0x3210b3000 0x322166000]
08-29 13:54:11.907   316   360 D goldfish-address-space: claimShared: Ask to claim region [0x3290b3000 0x32a166000]
08-29 13:54:11.910   541   596 D ArtManagerInternalImpl: /data/misc/iorapd/com.simplemobiletools.notes.pro.debug/84/com.simplemobiletools.notes.pro.activities.MainActivity/compiled_traces/compiled_trace.pb doesn't exist
08-29 13:54:11.911   541   596 I ActivityTaskManager: Displayed com.simplemobiletools.notes.pro.debug/com.simplemobiletools.notes.pro.activities.MainActivity: +242ms
08-29 13:54:11.924   541   588 D EventSequenceValidator: Transition from ACTIVITY_LAUNCHED to ACTIVITY_FINISHED
08-29 13:54:11.955   316   360 D goldfish-address-space: claimShared: Ask to claim region [0x3210b3000 0x322166000]
08-29 13:54:12.005   316   360 D goldfish-address-space: claimShared: Ask to claim region [0x32a166000 0x32b219000]
08-29 13:54:12.035   541   541 D AutofillInlineSuggestionsRequestSession: onCreateInlineSuggestionsRequestLocked called: 1073741825@238102446
08-29 13:54:12.035   541   541 D AutofillInlineSuggestionsRequestSession: onInlineSuggestionsUnsupported() called.
08-29 13:54:12.057  1862  1862 I AssistStructure: Flattened final assist data: 2784 bytes, containing 1 windows, 20 views
08-29 13:54:12.066   316   360 D goldfish-address-space: claimShared: Ask to claim region [0x32c000000 0x32d0b3000]
08-29 13:54:12.090 19013 19013 W kqw     : Pending fill request while another request in the same session was triggered. [CONTEXT service_id=177 ]
08-29 13:54:12.094   541   541 D AutofillInlineSuggestionsRequestSession: onInlineSuggestionsResponseLocked called for:1073741825@238102446
08-29 13:54:12.094   541   586 D AutofillUI: destroySaveUiUiThread(): already destroyed
08-29 13:54:12.095  1348  1348 V InlineSuggestionRenderService: handleDestroySuggestionViews called for 0:238102446
08-29 13:54:12.097  1862  1862 D IdlingResourceRegistry: All idling resources are idle.
08-29 13:54:12.098  1862  1862 I ViewInteraction: Checking 'MatchesViewAssertion{viewMatcher=is displayed on the screen to the user}' assertion on view with content description text: is "More options"
08-29 13:54:12.099  1862  1862 D IdlingResourceRegistry: All idling resources are idle.
08-29 13:54:12.099  1862  1862 D IdlingResourceRegistry: All idling resources are idle.
08-29 13:54:12.100  1862  1862 I ViewInteraction: Performing 'single click' action on view with content description text: is "More options"
08-29 13:54:12.108  1862  1862 D LifecycleMonitor: Lifecycle status change: androidx.test.core.app.InstrumentationActivityInvoker$BootstrapActivity@ba5cf0 in: STOPPED
08-29 13:54:12.108  1862  1862 D LifecycleMonitor: running callback: androidx.test.core.app.ActivityScenario$1@94ae269
08-29 13:54:12.108  1862  1862 V ActivityScenario: Activity lifecycle changed event received but ignored because the intent does not match. startActivityIntent=Intent { act=android.intent.action.MAIN cat=[android.intent.category.LAUNCHER] cmp=com.simplemobiletools.notes.pro.debug/com.simplemobiletools.notes.pro.activities.MainActivity }, activity.getIntent()=Intent { act=android.intent.action.MAIN cat=[android.intent.category.LAUNCHER] flg=0x10008000 cmp=com.simplemobiletools.notes.pro.debug/androidx.test.core.app.InstrumentationActivityInvoker$BootstrapActivity (has extras) }, activity=androidx.test.core.app.InstrumentationActivityInvoker$BootstrapActivity@ba5cf0
08-29 13:54:12.108  1862  1862 D LifecycleMonitor: callback completes: androidx.test.core.app.ActivityScenario$1@94ae269
08-29 13:54:12.110  1397  1397 I LatinIME: Starting input. Cursor position = 0,0
08-29 13:54:12.136  1862  1862 D IdlingResourceRegistry: All idling resources are idle.
08-29 13:54:12.144  1862  1862 I chatty  : uid=10180(com.simplemobiletools.notes.pro.debug) identical 2 lines
08-29 13:54:12.144  1862  1862 D IdlingResourceRegistry: All idling resources are idle.
08-29 13:54:12.172   541  3047 I system_server: oneway function results will be dropped but finished with status OK and parcel size 4
08-29 13:54:12.200   355   355 I android.hardware.vibrator-service.example: Vibrator reporting capabilities
08-29 13:54:12.222   316   360 D goldfish-address-space: claimShared: Ask to claim region [0x31f21c000 0x31f6f9000]
08-29 13:54:12.229   316   360 D goldfish-address-space: claimShared: Ask to claim region [0x31f6f9000 0x31fbd6000]
08-29 13:54:12.230   393   475 D AudioFlinger: mixer(0xf3869030) throttle end: throttle time(36)
08-29 13:54:12.233   316   360 D goldfish-address-space: claimShared: Ask to claim region [0x31c000000 0x31c4dd000]
08-29 13:54:12.241   541  3543 D HostConnection: HostConnection::get() New Host Connection established 0xeaeb5ae0, tid 3543
08-29 13:54:12.243   541  3543 D HostConnection: HostComposition ext ANDROID_EMU_CHECKSUM_HELPER_v1 ANDROID_EMU_native_sync_v2 ANDROID_EMU_native_sync_v3 ANDROID_EMU_native_sync_v4 ANDROID_EMU_dma_v1 ANDROID_EMU_direct_mem ANDROID_EMU_host_composition_v1 ANDROID_EMU_host_composition_v2 ANDROID_EMU_vulkan ANDROID_EMU_deferred_vulkan_commands ANDROID_EMU_vulkan_null_optional_strings ANDROID_EMU_vulkan_create_resources_with_requirements ANDROID_EMU_YUV_Cache ANDROID_EMU_async_unmap_buffer ANDROID_EMU_vulkan_ignored_handles ANDROID_EMU_has_shared_slots_host_memory_allocator ANDROID_EMU_vulkan_free_memory_sync ANDROID_EMU_vulkan_shader_float16_int8 ANDROID_EMU_vulkan_async_queue_submit ANDROID_EMU_sync_buffer_data GL_OES_vertex_array_object GL_KHR_texture_compression_astc_ldr ANDROID_EMU_host_side_tracing ANDROID_EMU_async_frame_commands ANDROID_EMU_gles_max_version_2 
08-29 13:54:12.244   541  3543 W OpenGLRenderer: Failed to choose config with EGL_SWAP_BEHAVIOR_PRESERVED, retrying without...
08-29 13:54:12.253   541  3047 I system_server: oneway function results will be dropped but finished with status OK and parcel size 4
08-29 13:54:12.262   541  3543 D EGL_emulation: eglCreateContext: 0xeae8e2b0: maj 2 min 0 rcv 2
08-29 13:54:12.264   541  3543 D EGL_emulation: eglMakeCurrent: 0xeae8e2b0: ver 2 0 (tinfo 0xb5657650) (first time)
08-29 13:54:12.354   316   360 D goldfish-address-space: claimShared: Ask to claim region [0x31f6f9000 0x31fbd6000]
08-29 13:54:12.381   316   360 D goldfish-address-space: claimShared: Ask to claim region [0x31c000000 0x31c4dd000]
08-29 13:54:12.408  1862  1862 D IdlingResourceRegistry: All idling resources are idle.
08-29 13:54:12.629  1862  1862 I chatty  : uid=10180(com.simplemobiletools.notes.pro.debug) identical 6 lines
08-29 13:54:12.629  1862  1862 D IdlingResourceRegistry: All idling resources are idle.
08-29 13:54:12.667  1862  1862 I ViewInteraction: Checking 'MatchesViewAssertion{viewMatcher=is displayed on the screen to the user}' assertion on view with id is <com.simplemobiletools.notes.pro.debug:id/settings_customize_colors_holder>
08-29 13:54:12.667  1862  1862 E ViewAssertions: 'is displayed on the screen to the user' check could not be performed because view 'with id is <com.simplemobiletools.notes.pro.debug:id/settings_customize_colors_holder>' was not found.
08-29 13:54:12.670  1862  1885 I Espresso Run: ------------------------------------------------------------------------------------------
08-29 13:54:12.670  1862  1885 I Espresso Run: FAILED dummyFailTest
08-29 13:54:12.670  1862  1885 I Espresso Run: ------------------------------------------------------------------------------------------
08-29 13:54:12.675   541  3047 I ActivityTaskManager: START u0 {act=android.intent.action.MAIN cat=[android.intent.category.LAUNCHER] flg=0x10000000 cmp=com.simplemobiletools.notes.pro.debug/androidx.test.core.app.InstrumentationActivityInvoker$EmptyActivity} from uid 10180
08-29 13:54:12.675   541   588 D EventSequenceValidator: Transition from ACTIVITY_FINISHED to INTENT_STARTED
08-29 13:54:12.677   404   404 E perfetto: ing_service_impl.cc:605 Too many concurrent tracing sesions (5) for uid 1071 limit is 5
08-29 13:54:12.677   435  1147 E perfetto: r_api_deprecated.cc:216 Tracing session failed
08-29 13:54:12.679   435  1980 E iorapd  : Perfetto trace proto collection error: kTraceFailed
08-29 13:54:12.680   541   588 D EventSequenceValidator: Transition from INTENT_STARTED to INTENT_FAILED
08-29 13:54:12.681  1862  1862 D LifecycleMonitor: Lifecycle status change: com.simplemobiletools.notes.pro.activities.MainActivity@b3911fa in: PAUSED
08-29 13:54:12.681  1862  1862 D LifecycleMonitor: running callback: androidx.test.core.app.ActivityScenario$1@94ae269
08-29 13:54:12.681  1862  1862 V ActivityScenario: Update currentActivityStage to PAUSED, currentActivity=com.simplemobiletools.notes.pro.activities.MainActivity@b3911fa
08-29 13:54:12.681  1862  1862 D LifecycleMonitor: callback completes: androidx.test.core.app.ActivityScenario$1@94ae269
08-29 13:54:12.682   541  3074 W ActivityTaskManager: Tried to set launchTime (0) < mLastActivityLaunchTime (42178594)
08-29 13:54:12.682   541  3074 W InputReader: Device virtio_input_multi_touch_9 is associated with display ADISPLAY_ID_NONE.
08-29 13:54:12.682   541  3074 W InputReader: Device virtio_input_multi_touch_7 is associated with display ADISPLAY_ID_NONE.
08-29 13:54:12.682   541  3074 W InputReader: Device virtio_input_multi_touch_10 is associated with display ADISPLAY_ID_NONE.
08-29 13:54:12.682   541  3074 W InputReader: Device virtio_input_multi_touch_4 is associated with display ADISPLAY_ID_NONE.
08-29 13:54:12.682   541  3074 W InputReader: Device virtio_input_multi_touch_11 is associated with display ADISPLAY_ID_NONE.
08-29 13:54:12.682   541  3074 W InputReader: Device virtio_input_multi_touch_6 is associated with display ADISPLAY_ID_NONE.
08-29 13:54:12.682   541  3074 W InputReader: Device virtio_input_multi_touch_5 is associated with display ADISPLAY_ID_NONE.
08-29 13:54:12.682   541  3074 W InputReader: Device virtio_input_multi_touch_3 is associated with display ADISPLAY_ID_NONE.
08-29 13:54:12.682   541  3074 W InputReader: Device virtio_input_multi_touch_2 is associated with display ADISPLAY_ID_NONE.
08-29 13:54:12.682   541  3074 W InputReader: Device virtio_input_multi_touch_8 is associated with display ADISPLAY_ID_NONE.
08-29 13:54:12.683   541  3074 W InputReader: Device virtio_input_multi_touch_9 is associated with display ADISPLAY_ID_NONE.
08-29 13:54:12.683   541  3074 W InputReader: Device virtio_input_multi_touch_7 is associated with display ADISPLAY_ID_NONE.
08-29 13:54:12.683   541  3074 W InputReader: Device virtio_input_multi_touch_10 is associated with display ADISPLAY_ID_NONE.
08-29 13:54:12.683   541  3074 W InputReader: Device virtio_input_multi_touch_4 is associated with display ADISPLAY_ID_NONE.
08-29 13:54:12.683   541  3074 W InputReader: Device virtio_input_multi_touch_11 is associated with display ADISPLAY_ID_NONE.
08-29 13:54:12.683   541  3074 W InputReader: Device virtio_input_multi_touch_6 is associated with display ADISPLAY_ID_NONE.
08-29 13:54:12.683   541  3074 W InputReader: Device virtio_input_multi_touch_5 is associated with display ADISPLAY_ID_NONE.
08-29 13:54:12.683   541  3074 W InputReader: Device virtio_input_multi_touch_3 is associated with display ADISPLAY_ID_NONE.
08-29 13:54:12.683   541  3074 W InputReader: Device virtio_input_multi_touch_2 is associated with display ADISPLAY_ID_NONE.
08-29 13:54:12.683   541  3074 W InputReader: Device virtio_input_multi_touch_8 is associated with display ADISPLAY_ID_NONE.
08-29 13:54:12.694  1862  1862 D LifecycleMonitor: Lifecycle status change: androidx.test.core.app.InstrumentationActivityInvoker$EmptyActivity@2206197 in: PRE_ON_CREATE
08-29 13:54:12.694  1862  1862 D LifecycleMonitor: running callback: androidx.test.core.app.ActivityScenario$1@94ae269
08-29 13:54:12.694  1862  1862 V ActivityScenario: Activity lifecycle changed event received but ignored because the intent does not match. startActivityIntent=Intent { act=android.intent.action.MAIN cat=[android.intent.category.LAUNCHER] cmp=com.simplemobiletools.notes.pro.debug/com.simplemobiletools.notes.pro.activities.MainActivity }, activity.getIntent()=Intent { act=android.intent.action.MAIN cat=[android.intent.category.LAUNCHER] flg=0x10000000 cmp=com.simplemobiletools.notes.pro.debug/androidx.test.core.app.InstrumentationActivityInvoker$EmptyActivity }, activity=androidx.test.core.app.InstrumentationActivityInvoker$EmptyActivity@2206197
08-29 13:54:12.694  1862  1862 D LifecycleMonitor: callback completes: androidx.test.core.app.ActivityScenario$1@94ae269
08-29 13:54:12.699  1862  1862 D LifecycleMonitor: Lifecycle status change: androidx.test.core.app.InstrumentationActivityInvoker$EmptyActivity@2206197 in: CREATED
08-29 13:54:12.699  1862  1862 D LifecycleMonitor: running callback: androidx.test.core.app.ActivityScenario$1@94ae269
08-29 13:54:12.699  1862  1862 V ActivityScenario: Activity lifecycle changed event received but ignored because the intent does not match. startActivityIntent=Intent { act=android.intent.action.MAIN cat=[android.intent.category.LAUNCHER] cmp=com.simplemobiletools.notes.pro.debug/com.simplemobiletools.notes.pro.activities.MainActivity }, activity.getIntent()=Intent { act=android.intent.action.MAIN cat=[android.intent.category.LAUNCHER] flg=0x10000000 cmp=com.simplemobiletools.notes.pro.debug/androidx.test.core.app.InstrumentationActivityInvoker$EmptyActivity }, activity=androidx.test.core.app.InstrumentationActivityInvoker$EmptyActivity@2206197
08-29 13:54:12.699  1862  1862 D LifecycleMonitor: callback completes: androidx.test.core.app.ActivityScenario$1@94ae269
08-29 13:54:12.700  1862  1862 D LifecycleMonitor: Lifecycle status change: androidx.test.core.app.InstrumentationActivityInvoker$EmptyActivity@2206197 in: STARTED
08-29 13:54:12.701  1862  1862 D LifecycleMonitor: running callback: androidx.test.core.app.ActivityScenario$1@94ae269
