08-29 13:54:12.701  1862  1862 V ActivityScenario: Activity lifecycle changed event received but ignored because the intent does not match. startActivityIntent=Intent { act=android.intent.action.MAIN cat=[android.intent.category.LAUNCHER] cmp=com.simplemobiletools.notes.pro.debug/com.simplemobiletools.notes.pro.activities.MainActivity }, activity.getIntent()=Intent { act=android.intent.action.MAIN cat=[android.intent.category.LAUNCHER] flg=0x10000000 cmp=com.simplemobiletools.notes.pro.debug/androidx.test.core.app.InstrumentationActivityInvoker$EmptyActivity }, activity=androidx.test.core.app.InstrumentationActivityInvoker$EmptyActivity@2206197
08-29 13:54:12.701  1862  1862 D LifecycleMonitor: callback completes: androidx.test.core.app.ActivityScenario$1@94ae269
08-29 13:54:12.702  1862  1862 D LifecycleMonitor: Lifecycle status change: androidx.test.core.app.InstrumentationActivityInvoker$EmptyActivity@2206197 in: RESUMED
08-29 13:54:12.702  1862  1862 D LifecycleMonitor: running callback: androidx.test.core.app.ActivityScenario$1@94ae269
08-29 13:54:12.703  1862  1862 V ActivityScenario: Activity lifecycle changed event received but ignored because the intent does not match. startActivityIntent=Intent { act=android.intent.action.MAIN cat=[android.intent.category.LAUNCHER] cmp=com.simplemobiletools.notes.pro.debug/com.simplemobiletools.notes.pro.activities.MainActivity }, activity.getIntent()=Intent { act=android.intent.action.MAIN cat=[android.intent.category.LAUNCHER] flg=0x10000000 cmp=com.simplemobiletools.notes.pro.debug/androidx.test.core.app.InstrumentationActivityInvoker$EmptyActivity }, activity=androidx.test.core.app.InstrumentationActivityInvoker$EmptyActivity@2206197
08-29 13:54:12.703  1862  1862 D LifecycleMonitor: callback completes: androidx.test.core.app.ActivityScenario$1@94ae269
08-29 13:54:12.745   316   360 D goldfish-address-space: claimShared: Ask to claim region [0x31c4dd000 0x31d590000]
08-29 13:54:12.760   316   360 D goldfish-address-space: claimShared: Ask to claim region [0x31d590000 0x31e643000]
08-29 13:54:12.773   316   360 D goldfish-address-space: claimShared: Ask to claim region [0x3290b3000 0x32a166000]
08-29 13:54:12.795   541   596 I ActivityTaskManager: Displayed com.simplemobiletools.notes.pro.debug/androidx.test.core.app.InstrumentationActivityInvoker$EmptyActivity: +119ms
08-29 13:54:12.800   541  3074 I ActivityTaskManager: START u0 {act=android.intent.action.MAIN cat=[android.intent.category.LAUNCHER] flg=0x10000000 cmp=com.simplemobiletools.notes.pro.debug/androidx.test.core.app.InstrumentationActivityInvoker$EmptyActivity} from uid 10180
08-29 13:54:12.801   541   588 D EventSequenceValidator: Transition from INTENT_FAILED to INTENT_STARTED
08-29 13:54:12.805   404   404 E perfetto: ing_service_impl.cc:605 Too many concurrent tracing sesions (5) for uid 1071 limit is 5
08-29 13:54:12.807  1862  1862 D LifecycleMonitor: Lifecycle status change: com.simplemobiletools.notes.pro.activities.MainActivity@b3911fa in: STOPPED
08-29 13:54:12.807   435  1147 E perfetto: r_api_deprecated.cc:216 Tracing session failed
08-29 13:54:12.809   435  1986 E iorapd  : Perfetto trace proto collection error: kTraceFailed
08-29 13:54:12.809   541   588 D EventSequenceValidator: Transition from INTENT_STARTED to INTENT_FAILED
08-29 13:54:12.809  1862  1862 D LifecycleMonitor: running callback: androidx.test.core.app.ActivityScenario$1@94ae269
08-29 13:54:12.809  1862  1862 V ActivityScenario: Update currentActivityStage to STOPPED, currentActivity=com.simplemobiletools.notes.pro.activities.MainActivity@b3911fa
08-29 13:54:12.810  1862  1862 D LifecycleMonitor: callback completes: androidx.test.core.app.ActivityScenario$1@94ae269
08-29 13:54:12.811  1862  1862 D AutofillManager: onActivityFinishing(): calling cancelLocked()
08-29 13:54:12.812  1862  1862 D LifecycleMonitor: Lifecycle status change: com.simplemobiletools.notes.pro.activities.MainActivity@b3911fa in: DESTROYED
08-29 13:54:12.813  1862  1862 D LifecycleMonitor: running callback: androidx.test.core.app.ActivityScenario$1@94ae269
08-29 13:54:12.813  1862  1862 V ActivityScenario: Update currentActivityStage to DESTROYED, currentActivity=null
08-29 13:54:12.813  1862  1862 D LifecycleMonitor: callback completes: androidx.test.core.app.ActivityScenario$1@94ae269
08-29 13:54:12.829  1862  1862 E WindowManager: android.view.WindowLeaked: Activity com.simplemobiletools.notes.pro.activities.MainActivity has leaked window android.widget.PopupWindow$PopupDecorView{8838f35 V.E...... R.....ID 0,0-686,1176} that was originally added here
08-29 13:54:12.829  1862  1862 E WindowManager: 	at android.view.ViewRootImpl.<init>(ViewRootImpl.java:733)
08-29 13:54:12.829  1862  1862 E WindowManager: 	at android.view.ViewRootImpl.<init>(ViewRootImpl.java:717)
08-29 13:54:12.829  1862  1862 E WindowManager: 	at android.view.WindowManagerGlobal.addView(WindowManagerGlobal.java:399)
08-29 13:54:12.829  1862  1862 E WindowManager: 	at android.view.WindowManagerImpl.addView(WindowManagerImpl.java:109)
08-29 13:54:12.829  1862  1862 E WindowManager: 	at android.widget.PopupWindow.invokePopup(PopupWindow.java:1576)
08-29 13:54:12.829  1862  1862 E WindowManager: 	at android.widget.PopupWindow.showAsDropDown(PopupWindow.java:1423)
08-29 13:54:12.829  1862  1862 E WindowManager: 	at androidx.appcompat.widget.AppCompatPopupWindow.showAsDropDown(AppCompatPopupWindow.java:77)
08-29 13:54:12.829  1862  1862 E WindowManager: 	at androidx.core.widget.PopupWindowCompat.showAsDropDown(PopupWindowCompat.java:69)
08-29 13:54:12.829  1862  1862 E WindowManager: 	at androidx.appcompat.widget.ListPopupWindow.show(ListPopupWindow.java:754)
08-29 13:54:12.829  1862  1862 E WindowManager: 	at androidx.appcompat.view.menu.StandardMenuPopup.tryShow(StandardMenuPopup.java:181)
08-29 13:54:12.829  1862  1862 E WindowManager: 	at androidx.appcompat.view.menu.StandardMenuPopup.show(StandardMenuPopup.java:208)
08-29 13:54:12.829  1862  1862 E WindowManager: 	at androidx.appcompat.view.menu.MenuPopupHelper.showPopup(MenuPopupHelper.java:290)
08-29 13:54:12.829  1862  1862 E WindowManager: 	at androidx.appcompat.view.menu.MenuPopupHelper.tryShow(MenuPopupHelper.java:177)
08-29 13:54:12.829  1862  1862 E WindowManager: 	at androidx.appcompat.widget.ActionMenuPresenter$OpenOverflowRunnable.run(ActionMenuPresenter.java:792)
08-29 13:54:12.829  1862  1862 E WindowManager: 	at android.os.Handler.handleCallback(Handler.java:938)
08-29 13:54:12.829  1862  1862 E WindowManager: 	at android.os.Handler.dispatchMessage(Handler.java:99)
08-29 13:54:12.829  1862  1862 E WindowManager: 	at androidx.test.espresso.base.Interrogator.loopAndInterrogate(Interrogator.java:53)
08-29 13:54:12.829  1862  1862 E WindowManager: 	at androidx.test.espresso.base.UiControllerImpl.loopUntil(UiControllerImpl.java:155)
08-29 13:54:12.829  1862  1862 E WindowManager: 	at androidx.test.espresso.base.UiControllerImpl.loopUntil(UiControllerImpl.java:149)
08-29 13:54:12.829  1862  1862 E WindowManager: 	at androidx.test.espresso.base.UiControllerImpl.injectMotionEvent(UiControllerImpl.java:53)
08-29 13:54:12.829  1862  1862 E WindowManager: 	at androidx.test.espresso.action.MotionEvents.sendUp(MotionEvents.java:122)
08-29 13:54:12.829  1862  1862 E WindowManager: 	at androidx.test.espresso.action.MotionEvents.sendUp(MotionEvents.java:117)
08-29 13:54:12.829  1862  1862 E WindowManager: 	at androidx.test.espresso.action.Tap.sendSingleTap(Tap.java:27)
08-29 13:54:12.829  1862  1862 E WindowManager: 	at androidx.test.espresso.action.Tap.access$100(Tap.java:21)
08-29 13:54:12.829  1862  1862 E WindowManager: 	at androidx.test.espresso.action.Tap$1.sendTap(Tap.java:3)
08-29 13:54:12.829  1862  1862 E WindowManager: 	at androidx.test.espresso.action.GeneralClickAction.perform(GeneralClickAction.java:23)
08-29 13:54:12.829  1862  1862 E WindowManager: 	at androidx.test.espresso.ViewInteraction$SingleExecutionViewAction.perform(ViewInteraction.java:16)
08-29 13:54:12.829  1862  1862 E WindowManager: 	at androidx.test.espresso.ViewInteraction.doPerform(ViewInteraction.java:65)
08-29 13:54:12.829  1862  1862 E WindowManager: 	at androidx.test.espresso.ViewInteraction.access$100(ViewInteraction.java:15)
08-29 13:54:12.829  1862  1862 E WindowManager: 	at androidx.test.espresso.ViewInteraction$1.call(ViewInteraction.java:3)
08-29 13:54:12.829  1862  1862 E WindowManager: 	at androidx.test.espresso.ViewInteraction$1.call(ViewInteraction.java:2)
08-29 13:54:12.829  1862  1862 E WindowManager: 	at java.util.concurrent.FutureTask.run(FutureTask.java:266)
08-29 13:54:12.829  1862  1862 E WindowManager: 	at android.os.Handler.handleCallback(Handler.java:938)
08-29 13:54:12.829  1862  1862 E WindowManager: 	at android.os.Handler.dispatchMessage(Handler.java:99)
08-29 13:54:12.829  1862  1862 E WindowManager: 	at android.os.Looper.loop(Looper.java:223)
08-29 13:54:12.829  1862  1862 E WindowManager: 	at android.app.ActivityThread.main(ActivityThread.java:7656)
08-29 13:54:12.829  1862  1862 E WindowManager: 	at java.lang.reflect.Method.invoke(Native Method)
08-29 13:54:12.829  1862  1862 E WindowManager: 	at com.android.internal.os.RuntimeInit$MethodAndArgsCaller.run(RuntimeInit.java:592)
08-29 13:54:12.829  1862  1862 E WindowManager: 	at com.android.internal.os.ZygoteInit.main(ZygoteInit.java:947)
08-29 13:54:12.830   370   392 E BufferQueueProducer: [PopupWindow:381d40#0](id:17200000569,api:1,p:1862,c:370) cancelBuffer: BufferQueue has been abandoned
08-29 13:54:12.834   541  3074 W WindowManager: Failed looking up window session=Session{8157602 1862:u0a10180} callers=com.android.server.wm.WindowManagerService.windowForClientLocked:5425 com.android.server.wm.WindowManagerService.relayoutWindow:2122 com.android.server.wm.Session.relayout:213 
08-29 13:54:12.875   370   392 I BpBinder: onLastStrongRef automatically unlinking death recipients: <uncached descriptor>
08-29 13:54:12.878   316   360 D goldfish-address-space: claimShared: Ask to claim region [0x31d590000 0x31e643000]
08-29 13:54:12.919   316   360 D goldfish-address-space: claimShared: Ask to claim region [0x3210b3000 0x322166000]
08-29 13:54:12.932  1862  1862 D LifecycleMonitor: Lifecycle status change: androidx.test.core.app.InstrumentationActivityInvoker$EmptyActivity@2206197 in: PAUSED
08-29 13:54:12.932  1862  1862 D LifecycleMonitor: running callback: androidx.test.core.app.ActivityScenario$1@94ae269
08-29 13:54:12.933  1862  1862 V ActivityScenario: Activity lifecycle changed event received but ignored because the intent does not match. startActivityIntent=Intent { act=android.intent.action.MAIN cat=[android.intent.category.LAUNCHER] cmp=com.simplemobiletools.notes.pro.debug/com.simplemobiletools.notes.pro.activities.MainActivity }, activity.getIntent()=Intent { act=android.intent.action.MAIN cat=[android.intent.category.LAUNCHER] flg=0x10000000 cmp=com.simplemobiletools.notes.pro.debug/androidx.test.core.app.InstrumentationActivityInvoker$EmptyActivity }, activity=androidx.test.core.app.InstrumentationActivityInvoker$EmptyActivity@2206197
08-29 13:54:12.933  1862  1862 D LifecycleMonitor: callback completes: androidx.test.core.app.ActivityScenario$1@94ae269
08-29 13:54:12.933   541  3074 W ActivityTaskManager: Tried to set launchTime (0) < mLastActivityLaunchTime (42179558)
08-29 13:54:12.934   541  3074 W InputReader: Device virtio_input_multi_touch_9 is associated with display ADISPLAY_ID_NONE.
08-29 13:54:12.934   541  3074 W InputReader: Device virtio_input_multi_touch_7 is associated with display ADISPLAY_ID_NONE.
08-29 13:54:12.934   541  3074 W InputReader: Device virtio_input_multi_touch_10 is associated with display ADISPLAY_ID_NONE.
08-29 13:54:12.934   541  3074 W InputReader: Device virtio_input_multi_touch_4 is associated with display ADISPLAY_ID_NONE.
08-29 13:54:12.934   541  3074 W InputReader: Device virtio_input_multi_touch_11 is associated with display ADISPLAY_ID_NONE.
08-29 13:54:12.934   541  3074 W InputReader: Device virtio_input_multi_touch_6 is associated with display ADISPLAY_ID_NONE.
08-29 13:54:12.934   541  3074 W InputReader: Device virtio_input_multi_touch_5 is associated with display ADISPLAY_ID_NONE.
08-29 13:54:12.934   541  3074 W InputReader: Device virtio_input_multi_touch_3 is associated with display ADISPLAY_ID_NONE.
08-29 13:54:12.934   541  3074 W InputReader: Device virtio_input_multi_touch_2 is associated with display ADISPLAY_ID_NONE.
08-29 13:54:12.934   541  3074 W InputReader: Device virtio_input_multi_touch_8 is associated with display ADISPLAY_ID_NONE.
08-29 13:54:12.934   541  3074 W InputReader: Device virtio_input_multi_touch_9 is associated with display ADISPLAY_ID_NONE.
08-29 13:54:12.934   541  3074 W InputReader: Device virtio_input_multi_touch_7 is associated with display ADISPLAY_ID_NONE.
08-29 13:54:12.934   541  3074 W InputReader: Device virtio_input_multi_touch_10 is associated with display ADISPLAY_ID_NONE.
08-29 13:54:12.934   541  3074 W InputReader: Device virtio_input_multi_touch_4 is associated with display ADISPLAY_ID_NONE.
08-29 13:54:12.934   541  3074 W InputReader: Device virtio_input_multi_touch_11 is associated with display ADISPLAY_ID_NONE.
08-29 13:54:12.934   541  3074 W InputReader: Device virtio_input_multi_touch_6 is associated with display ADISPLAY_ID_NONE.
08-29 13:54:12.934   541  3074 W InputReader: Device virtio_input_multi_touch_5 is associated with display ADISPLAY_ID_NONE.
08-29 13:54:12.934   541  3074 W InputReader: Device virtio_input_multi_touch_3 is associated with display ADISPLAY_ID_NONE.
08-29 13:54:12.934   541  3074 W InputReader: Device virtio_input_multi_touch_2 is associated with display ADISPLAY_ID_NONE.
08-29 13:54:12.934   541  3074 W InputReader: Device virtio_input_multi_touch_8 is associated with display ADISPLAY_ID_NONE.
08-29 13:54:12.937   541  3074 W WindowManager: Cannot find window which accessibility connection is added to
08-29 13:54:12.937   541  3074 W WindowManager: Failed looking up window session=Session{8157602 1862:u0a10180} callers=com.android.server.wm.WindowManagerService.windowForClientLocked:5425 com.android.server.wm.WindowManagerService.removeWindow:1892 com.android.server.wm.Session.remove:193 
08-29 13:54:12.943  1862  1862 D LifecycleMonitor: Lifecycle status change: androidx.test.core.app.InstrumentationActivityInvoker$BootstrapActivity@ba5cf0 in: DESTROYED
08-29 13:54:12.943  1862  1862 D LifecycleMonitor: running callback: androidx.test.core.app.ActivityScenario$1@94ae269
08-29 13:54:12.943  1862  1862 V ActivityScenario: Activity lifecycle changed event received but ignored because the intent does not match. startActivityIntent=Intent { act=android.intent.action.MAIN cat=[android.intent.category.LAUNCHER] cmp=com.simplemobiletools.notes.pro.debug/com.simplemobiletools.notes.pro.activities.MainActivity }, activity.getIntent()=Intent { act=android.intent.action.MAIN cat=[android.intent.category.LAUNCHER] flg=0x10008000 cmp=com.simplemobiletools.notes.pro.debug/androidx.test.core.app.InstrumentationActivityInvoker$BootstrapActivity (has extras) }, activity=androidx.test.core.app.InstrumentationActivityInvoker$BootstrapActivity@ba5cf0
08-29 13:54:12.943  1862  1862 D LifecycleMonitor: callback completes: androidx.test.core.app.ActivityScenario$1@94ae269
08-29 13:54:12.950  1862  1862 D LifecycleMonitor: Lifecycle status change: androidx.test.core.app.InstrumentationActivityInvoker$EmptyActivity@fb16ed9 in: PRE_ON_CREATE
08-29 13:54:12.950  1862  1862 D LifecycleMonitor: running callback: androidx.test.core.app.ActivityScenario$1@94ae269
08-29 13:54:12.950  1862  1862 V ActivityScenario: Activity lifecycle changed event received but ignored because the intent does not match. startActivityIntent=Intent { act=android.intent.action.MAIN cat=[android.intent.category.LAUNCHER] cmp=com.simplemobiletools.notes.pro.debug/com.simplemobiletools.notes.pro.activities.MainActivity }, activity.getIntent()=Intent { act=android.intent.action.MAIN cat=[android.intent.category.LAUNCHER] flg=0x10000000 cmp=com.simplemobiletools.notes.pro.debug/androidx.test.core.app.InstrumentationActivityInvoker$EmptyActivity }, activity=androidx.test.core.app.InstrumentationActivityInvoker$EmptyActivity@fb16ed9
08-29 13:54:12.950  1862  1862 D LifecycleMonitor: callback completes: androidx.test.core.app.ActivityScenario$1@94ae269
08-29 13:54:12.958  1862  1862 D LifecycleMonitor: Lifecycle status change: androidx.test.core.app.InstrumentationActivityInvoker$EmptyActivity@fb16ed9 in: CREATED
08-29 13:54:12.958  1862  1862 D LifecycleMonitor: running callback: androidx.test.core.app.ActivityScenario$1@94ae269
08-29 13:54:12.958  1862  1862 V ActivityScenario: Activity lifecycle changed event received but ignored because the intent does not match. startActivityIntent=Intent { act=android.intent.action.MAIN cat=[android.intent.category.LAUNCHER] cmp=com.simplemobiletools.notes.pro.debug/com.simplemobiletools.notes.pro.activities.MainActivity }, activity.getIntent()=Intent { act=android.intent.action.MAIN cat=[android.intent.category.LAUNCHER] flg=0x10000000 cmp=com.simplemobiletools.notes.pro.debug/androidx.test.core.app.InstrumentationActivityInvoker$EmptyActivity }, activity=androidx.test.core.app.InstrumentationActivityInvoker$EmptyActivity@fb16ed9
08-29 13:54:12.958  1862  1862 D LifecycleMonitor: callback completes: androidx.test.core.app.ActivityScenario$1@94ae269
08-29 13:54:12.961  1862  1862 D LifecycleMonitor: Lifecycle status change: androidx.test.core.app.InstrumentationActivityInvoker$EmptyActivity@fb16ed9 in: STARTED
08-29 13:54:12.961  1862  1862 D LifecycleMonitor: running callback: androidx.test.core.app.ActivityScenario$1@94ae269
08-29 13:54:12.961  1862  1862 V ActivityScenario: Activity lifecycle changed event received but ignored because the intent does not match. startActivityIntent=Intent { act=android.intent.action.MAIN cat=[android.intent.category.LAUNCHER] cmp=com.simplemobiletools.notes.pro.debug/com.simplemobiletools.notes.pro.activities.MainActivity }, activity.getIntent()=Intent { act=android.intent.action.MAIN cat=[android.intent.category.LAUNCHER] flg=0x10000000 cmp=com.simplemobiletools.notes.pro.debug/androidx.test.core.app.InstrumentationActivityInvoker$EmptyActivity }, activity=androidx.test.core.app.InstrumentationActivityInvoker$EmptyActivity@fb16ed9
08-29 13:54:12.961  1862  1862 D LifecycleMonitor: callback completes: androidx.test.core.app.ActivityScenario$1@94ae269
08-29 13:54:12.962  1862  1862 D LifecycleMonitor: Lifecycle status change: androidx.test.core.app.InstrumentationActivityInvoker$EmptyActivity@fb16ed9 in: RESUMED
08-29 13:54:12.962  1862  1862 D LifecycleMonitor: running callback: androidx.test.core.app.ActivityScenario$1@94ae269
08-29 13:54:12.963  1862  1862 V ActivityScenario: Activity lifecycle changed event received but ignored because the intent does not match. startActivityIntent=Intent { act=android.intent.action.MAIN cat=[android.intent.category.LAUNCHER] cmp=com.simplemobiletools.notes.pro.debug/com.simplemobiletools.notes.pro.activities.MainActivity }, activity.getIntent()=Intent { act=android.intent.action.MAIN cat=[android.intent.category.LAUNCHER] flg=0x10000000 cmp=com.simplemobiletools.notes.pro.debug/androidx.test.core.app.InstrumentationActivityInvoker$EmptyActivity }, activity=androidx.test.core.app.InstrumentationActivityInvoker$EmptyActivity@fb16ed9
08-29 13:54:12.963  1862  1862 D LifecycleMonitor: callback completes: androidx.test.core.app.ActivityScenario$1@94ae269
08-29 13:54:12.985   316   360 D goldfish-address-space: claimShared: Ask to claim region [0x31c000000 0x31d0b3000]
08-29 13:54:13.001   316   360 D goldfish-address-space: claimShared: Ask to claim region [0x3290b3000 0x32a166000]
08-29 13:54:13.018   316   360 D goldfish-address-space: claimShared: Ask to claim region [0x324033000 0x3250e6000]
08-29 13:54:13.050   541   596 I ActivityTaskManager: Displayed com.simplemobiletools.notes.pro.debug/androidx.test.core.app.InstrumentationActivityInvoker$EmptyActivity: +249ms
08-29 13:54:13.061   316   360 D goldfish-address-space: claimShared: Ask to claim region [0x3250e6000 0x326199000]
08-29 13:54:13.118  1862  1862 D LifecycleMonitor: Lifecycle status change: androidx.test.core.app.InstrumentationActivityInvoker$EmptyActivity@2206197 in: STOPPED
08-29 13:54:13.118  1862  1862 D LifecycleMonitor: running callback: androidx.test.core.app.ActivityScenario$1@94ae269
08-29 13:54:13.118  1862  1862 V ActivityScenario: Activity lifecycle changed event received but ignored because the intent does not match. startActivityIntent=Intent { act=android.intent.action.MAIN cat=[android.intent.category.LAUNCHER] cmp=com.simplemobiletools.notes.pro.debug/com.simplemobiletools.notes.pro.activities.MainActivity }, activity.getIntent()=Intent { act=android.intent.action.MAIN cat=[android.intent.category.LAUNCHER] flg=0x10000000 cmp=com.simplemobiletools.notes.pro.debug/androidx.test.core.app.InstrumentationActivityInvoker$EmptyActivity }, activity=androidx.test.core.app.InstrumentationActivityInvoker$EmptyActivity@2206197
08-29 13:54:13.118  1862  1862 D LifecycleMonitor: callback completes: androidx.test.core.app.ActivityScenario$1@94ae269
08-29 13:54:13.119  1862  1862 D LifecycleMonitor: Lifecycle status change: androidx.test.core.app.InstrumentationActivityInvoker$EmptyActivity@2206197 in: DESTROYED
08-29 13:54:13.119  1862  1862 D LifecycleMonitor: running callback: androidx.test.core.app.ActivityScenario$1@94ae269
08-29 13:54:13.120  1862  1862 V ActivityScenario: Activity lifecycle changed event received but ignored because the intent does not match. startActivityIntent=Intent { act=android.intent.action.MAIN cat=[android.intent.category.LAUNCHER] cmp=com.simplemobiletools.notes.pro.debug/com.simplemobiletools.notes.pro.activities.MainActivity }, activity.getIntent()=Intent { act=android.intent.action.MAIN cat=[android.intent.category.LAUNCHER] flg=0x10000000 cmp=com.simplemobiletools.notes.pro.debug/androidx.test.core.app.InstrumentationActivityInvoker$EmptyActivity }, activity=androidx.test.core.app.InstrumentationActivityInvoker$EmptyActivity@2206197
08-29 13:54:13.120  1862  1862 D LifecycleMonitor: callback completes: androidx.test.core.app.ActivityScenario$1@94ae269
08-29 13:54:13.130  1862  1862 D LifecycleMonitor: Lifecycle status change: androidx.test.core.app.InstrumentationActivityInvoker$EmptyActivity@fb16ed9 in: PAUSED
08-29 13:54:13.130  1862  1862 D LifecycleMonitor: running callback: androidx.test.core.app.ActivityScenario$1@94ae269
08-29 13:54:13.130  1862  1862 V ActivityScenario: Activity lifecycle changed event received but ignored because the intent does not match. startActivityIntent=Intent { act=android.intent.action.MAIN cat=[android.intent.category.LAUNCHER] cmp=com.simplemobiletools.notes.pro.debug/com.simplemobiletools.notes.pro.activities.MainActivity }, activity.getIntent()=Intent { act=android.intent.action.MAIN cat=[android.intent.category.LAUNCHER] flg=0x10000000 cmp=com.simplemobiletools.notes.pro.debug/androidx.test.core.app.InstrumentationActivityInvoker$EmptyActivity }, activity=androidx.test.core.app.InstrumentationActivityInvoker$EmptyActivity@fb16ed9
08-29 13:54:13.130  1862  1862 D LifecycleMonitor: callback completes: androidx.test.core.app.ActivityScenario$1@94ae269
08-29 13:54:13.132   541  1252 W InputReader: Device virtio_input_multi_touch_9 is associated with display ADISPLAY_ID_NONE.
08-29 13:54:13.132   541  1252 W InputReader: Device virtio_input_multi_touch_7 is associated with display ADISPLAY_ID_NONE.
08-29 13:54:13.132   541  1252 W InputReader: Device virtio_input_multi_touch_10 is associated with display ADISPLAY_ID_NONE.
08-29 13:54:13.132   541  1252 W InputReader: Device virtio_input_multi_touch_4 is associated with display ADISPLAY_ID_NONE.
08-29 13:54:13.132   541  1252 W InputReader: Device virtio_input_multi_touch_11 is associated with display ADISPLAY_ID_NONE.
08-29 13:54:13.132   541  1252 W InputReader: Device virtio_input_multi_touch_6 is associated with display ADISPLAY_ID_NONE.
08-29 13:54:13.132   541  1252 W InputReader: Device virtio_input_multi_touch_5 is associated with display ADISPLAY_ID_NONE.
08-29 13:54:13.132   541  1252 W InputReader: Device virtio_input_multi_touch_3 is associated with display ADISPLAY_ID_NONE.
08-29 13:54:13.132   541  1252 W InputReader: Device virtio_input_multi_touch_2 is associated with display ADISPLAY_ID_NONE.
08-29 13:54:13.132   541  1252 W InputReader: Device virtio_input_multi_touch_8 is associated with display ADISPLAY_ID_NONE.
08-29 13:54:13.133   541  1252 W InputReader: Device virtio_input_multi_touch_9 is associated with display ADISPLAY_ID_NONE.
08-29 13:54:13.133   541  1252 W InputReader: Device virtio_input_multi_touch_7 is associated with display ADISPLAY_ID_NONE.
08-29 13:54:13.133   541  1252 W InputReader: Device virtio_input_multi_touch_10 is associated with display ADISPLAY_ID_NONE.
08-29 13:54:13.133   541  1252 W InputReader: Device virtio_input_multi_touch_4 is associated with display ADISPLAY_ID_NONE.
08-29 13:54:13.133   541  1252 W InputReader: Device virtio_input_multi_touch_11 is associated with display ADISPLAY_ID_NONE.
08-29 13:54:13.133   541  1252 W InputReader: Device virtio_input_multi_touch_6 is associated with display ADISPLAY_ID_NONE.
08-29 13:54:13.133   541  1252 W InputReader: Device virtio_input_multi_touch_5 is associated with display ADISPLAY_ID_NONE.
08-29 13:54:13.133   541  1252 W InputReader: Device virtio_input_multi_touch_3 is associated with display ADISPLAY_ID_NONE.
08-29 13:54:13.133   541  1252 W InputReader: Device virtio_input_multi_touch_2 is associated with display ADISPLAY_ID_NONE.
08-29 13:54:13.133   541  1252 W InputReader: Device virtio_input_multi_touch_8 is associated with display ADISPLAY_ID_NONE.
08-29 13:54:13.143   316   360 D goldfish-address-space: claimShared: Ask to claim region [0x31d0b3000 0x31e166000]
08-29 13:54:13.154   316   316 D goldfish-address-space: claimShared: Ask to claim region [0x31e166000 0x31f219000]
08-29 13:54:13.176   316   316 D goldfish-address-space: claimShared: Ask to claim region [0x3210b3000 0x322166000]
08-29 13:54:13.190   316   360 D goldfish-address-space: claimShared: Ask to claim region [0x326199000 0x32724c000]
08-29 13:54:13.202   174   174 I hwservicemanager: getTransport: Cannot find entry android.hardware.graphics.mapper@4.0::IMapper/default in either framework or device manifest.
08-29 13:54:13.202  1847  1861 I Gralloc4: mapper 4.x is not supported
08-29 13:54:13.208  1847  1861 D HostConnection: createUnique: call
08-29 13:54:13.209  1847  1861 D HostConnection: HostConnection::get() New Host Connection established 0xee2420e0, tid 1861
08-29 13:54:13.209  1847  1861 D goldfish-address-space: allocate: Ask for block of size 0x100
08-29 13:54:13.209  1847  1861 D goldfish-address-space: allocate: ioctl allocate returned offset 0x31bffe000 size 0x2000
08-29 13:54:13.212  1847  1861 D HostConnection: HostComposition ext ANDROID_EMU_CHECKSUM_HELPER_v1 ANDROID_EMU_native_sync_v2 ANDROID_EMU_native_sync_v3 ANDROID_EMU_native_sync_v4 ANDROID_EMU_dma_v1 ANDROID_EMU_direct_mem ANDROID_EMU_host_composition_v1 ANDROID_EMU_host_composition_v2 ANDROID_EMU_vulkan ANDROID_EMU_deferred_vulkan_commands ANDROID_EMU_vulkan_null_optional_strings ANDROID_EMU_vulkan_create_resources_with_requirements ANDROID_EMU_YUV_Cache ANDROID_EMU_async_unmap_buffer ANDROID_EMU_vulkan_ignored_handles ANDROID_EMU_has_shared_slots_host_memory_allocator ANDROID_EMU_vulkan_free_memory_sync ANDROID_EMU_vulkan_shader_float16_int8 ANDROID_EMU_vulkan_async_queue_submit ANDROID_EMU_sync_buffer_data GL_OES_vertex_array_object GL_KHR_texture_compression_astc_ldr ANDROID_EMU_host_side_tracing ANDROID_EMU_async_frame_commands ANDROID_EMU_gles_max_version_2 
08-29 13:54:13.221   316   360 D goldfish-address-space: claimShared: Ask to claim region [0x32a166000 0x32b219000]
08-29 13:54:13.234  1847  1991 D libEGL  : loaded /vendor/lib/egl/libEGL_emulation.so
08-29 13:54:13.235  1847  1991 D libEGL  : loaded /vendor/lib/egl/libGLESv1_CM_emulation.so
08-29 13:54:13.236  1847  1991 D libEGL  : loaded /vendor/lib/egl/libGLESv2_emulation.so
08-29 13:54:13.238   402   402 I perfetto: probes_producer.cc:329  Producer stop (id=391)
08-29 13:54:13.240   404   404 I perfetto: ng_service_impl.cc:1948 Tracing session 391 ended, total sessions:4
08-29 13:54:13.255  1705  1705 I QSB.SuggestionsProviderImpl: chars:3,source:Source{name=com.android.quicksearchbox/.google.GoogleSearch}
08-29 13:54:13.256   316   360 D goldfish-address-space: claimShared: Ask to claim region [0x32c000000 0x32d0b3000]
08-29 13:54:13.278   316   316 D goldfish-address-space: claimShared: Ask to claim region [0x32d0b3000 0x32e166000]
08-29 13:54:13.283  1847  1991 D HostConnection: HostConnection::get() New Host Connection established 0xee2428c0, tid 1991
08-29 13:54:13.286  1847  1991 D HostConnection: HostComposition ext ANDROID_EMU_CHECKSUM_HELPER_v1 ANDROID_EMU_native_sync_v2 ANDROID_EMU_native_sync_v3 ANDROID_EMU_native_sync_v4 ANDROID_EMU_dma_v1 ANDROID_EMU_direct_mem ANDROID_EMU_host_composition_v1 ANDROID_EMU_host_composition_v2 ANDROID_EMU_vulkan ANDROID_EMU_deferred_vulkan_commands ANDROID_EMU_vulkan_null_optional_strings ANDROID_EMU_vulkan_create_resources_with_requirements ANDROID_EMU_YUV_Cache ANDROID_EMU_async_unmap_buffer ANDROID_EMU_vulkan_ignored_handles ANDROID_EMU_has_shared_slots_host_memory_allocator ANDROID_EMU_vulkan_free_memory_sync ANDROID_EMU_vulkan_shader_float16_int8 ANDROID_EMU_vulkan_async_queue_submit ANDROID_EMU_sync_buffer_data GL_OES_vertex_array_object GL_KHR_texture_compression_astc_ldr ANDROID_EMU_host_side_tracing ANDROID_EMU_async_frame_commands ANDROID_EMU_gles_max_version_2 
08-29 13:54:13.299   174   174 I hwservicemanager: getTransport: Cannot find entry android.hardware.configstore@1.0::ISurfaceFlingerConfigs/default in either framework or device manifest.
08-29 13:54:13.299  1847  1991 W OpenGLRenderer: Failed to choose config with EGL_SWAP_BEHAVIOR_PRESERVED, retrying without...
08-29 13:54:13.321   541   551 I system_server: NativeAlloc concurrent copying GC freed 25520(1357KB) AllocSpace objects, 13(324KB) LOS objects, 49% free, 14MB/28MB, paused 416us total 167.729ms
08-29 13:54:13.322  1847  1991 D EGL_emulation: eglCreateContext: 0xee242850: maj 2 min 0 rcv 2
08-29 13:54:13.350  1847  1991 D EGL_emulation: eglMakeCurrent: 0xee242850: ver 2 0 (tinfo 0xee596790) (first time)
08-29 13:54:13.386  1862  1862 D LifecycleMonitor: Lifecycle status change: androidx.test.core.app.InstrumentationActivityInvoker$EmptyActivity@fb16ed9 in: STOPPED
08-29 13:54:13.387  1397  1397 I LatinIME: Starting input. Cursor position = 3,3
08-29 13:54:13.393  1862  1862 D LifecycleMonitor: Lifecycle status change: androidx.test.core.app.InstrumentationActivityInvoker$EmptyActivity@fb16ed9 in: DESTROYED
08-29 13:54:13.470   355   355 I android.hardware.vibrator-service.example: Vibrator reporting capabilities
08-29 13:54:13.488   316   316 D goldfish-address-space: claimShared: Ask to claim region [0x31c000000 0x31cfc2000]
08-29 13:54:13.523   316   316 D goldfish-address-space: claimShared: Ask to claim region [0x320000000 0x320fc2000]
08-29 13:54:13.535   316   316 D goldfish-address-space: claimShared: Ask to claim region [0x324033000 0x324ff5000]
08-29 13:54:13.604  1705  1736 W GoogleSearch: Error
08-29 13:54:13.604  1705  1736 W GoogleSearch: java.io.IOException: Cleartext traffic not permitted: http://www.google.com
08-29 13:54:13.604  1705  1736 W GoogleSearch: 	at org.apache.http.impl.client.DefaultRequestDirector.execute(DefaultRequestDirector.java:439)
08-29 13:54:13.604  1705  1736 W GoogleSearch: 	at org.apache.http.impl.client.AbstractHttpClient.execute(AbstractHttpClient.java:560)
08-29 13:54:13.604  1705  1736 W GoogleSearch: 	at org.apache.http.impl.client.AbstractHttpClient.execute(AbstractHttpClient.java:492)
08-29 13:54:13.604  1705  1736 W GoogleSearch: 	at org.apache.http.impl.client.AbstractHttpClient.execute(AbstractHttpClient.java:470)
08-29 13:54:13.604  1705  1736 W GoogleSearch: 	at android.net.http.AndroidHttpClient.execute(AndroidHttpClient.java:250)
08-29 13:54:13.604  1705  1736 W GoogleSearch: 	at com.android.quicksearchbox.google.GoogleSuggestClient.query(GoogleSuggestClient.java:116)
08-29 13:54:13.604  1705  1736 W GoogleSearch: 	at com.android.quicksearchbox.google.GoogleSuggestClient.queryInternal(GoogleSuggestClient.java:84)
08-29 13:54:13.604  1705  1736 W GoogleSearch: 	at com.android.quicksearchbox.google.AbstractGoogleSource.getSuggestions(AbstractGoogleSource.java:103)
08-29 13:54:13.604  1705  1736 W GoogleSearch: 	at com.android.quicksearchbox.google.AbstractGoogleSource.getSuggestions(AbstractGoogleSource.java:34)
08-29 13:54:13.604  1705  1736 W GoogleSearch: 	at com.android.quicksearchbox.QueryTask.run(QueryTask.java:66)
08-29 13:54:13.604  1705  1736 W GoogleSearch: 	at com.android.quicksearchbox.util.SingleThreadNamedTaskExecutor$Worker.loop(SingleThreadNamedTaskExecutor.java:85)
08-29 13:54:13.604  1705  1736 W GoogleSearch: 	at com.android.quicksearchbox.util.SingleThreadNamedTaskExecutor$Worker.run(SingleThreadNamedTaskExecutor.java:66)
08-29 13:54:13.604  1705  1736 W GoogleSearch: 	at java.lang.Thread.run(Thread.java:923)
08-29 13:54:13.604  1705  1736 W GoogleSearch: 	at com.android.quicksearchbox.util.PriorityThreadFactory$1.run(PriorityThreadFactory.java:45)
--------- beginning of kernel
08-29 13:54:13.739     0     0 D logd    : logdr: UID=0 GID=0 PID=1993 n tail=0 logMask=99 pid=0 start=0ns timeout=0ns
