08-29 15:05:45.757   541   918 W ActivityTaskManager: Tried to set launchTime (0) < mLastActivityLaunchTime (43573428)
08-29 15:05:45.757   541   918 W InputReader: Device virtio_input_multi_touch_9 is associated with display ADISPLAY_ID_NONE.
08-29 15:05:45.757   541   918 W InputReader: Device virtio_input_multi_touch_7 is associated with display ADISPLAY_ID_NONE.
08-29 15:05:45.757   541   918 W InputReader: Device virtio_input_multi_touch_10 is associated with display ADISPLAY_ID_NONE.
08-29 15:05:45.757   541   918 W InputReader: Device virtio_input_multi_touch_4 is associated with display ADISPLAY_ID_NONE.
08-29 15:05:45.757   541   918 W InputReader: Device virtio_input_multi_touch_11 is associated with display ADISPLAY_ID_NONE.
08-29 15:05:45.757   541   918 W InputReader: Device virtio_input_multi_touch_6 is associated with display ADISPLAY_ID_NONE.
08-29 15:05:45.757   541   918 W InputReader: Device virtio_input_multi_touch_5 is associated with display ADISPLAY_ID_NONE.
08-29 15:05:45.757   541   918 W InputReader: Device virtio_input_multi_touch_3 is associated with display ADISPLAY_ID_NONE.
08-29 15:05:45.757   541   918 W InputReader: Device virtio_input_multi_touch_2 is associated with display ADISPLAY_ID_NONE.
08-29 15:05:45.757   541   918 W InputReader: Device virtio_input_multi_touch_8 is associated with display ADISPLAY_ID_NONE.
08-29 15:05:45.757   541   918 W InputReader: Device virtio_input_multi_touch_9 is associated with display ADISPLAY_ID_NONE.
08-29 15:05:45.757   541   918 W InputReader: Device virtio_input_multi_touch_7 is associated with display ADISPLAY_ID_NONE.
08-29 15:05:45.757   541   918 W InputReader: Device virtio_input_multi_touch_10 is associated with display ADISPLAY_ID_NONE.
08-29 15:05:45.757   541   918 W InputReader: Device virtio_input_multi_touch_4 is associated with display ADISPLAY_ID_NONE.
08-29 15:05:45.757   541   918 W InputReader: Device virtio_input_multi_touch_11 is associated with display ADISPLAY_ID_NONE.
08-29 15:05:45.758   541   918 W InputReader: Device virtio_input_multi_touch_6 is associated with display ADISPLAY_ID_NONE.
08-29 15:05:45.758   541   918 W InputReader: Device virtio_input_multi_touch_5 is associated with display ADISPLAY_ID_NONE.
08-29 15:05:45.758   541   918 W InputReader: Device virtio_input_multi_touch_3 is associated with display ADISPLAY_ID_NONE.
08-29 15:05:45.758   541   918 W InputReader: Device virtio_input_multi_touch_2 is associated with display ADISPLAY_ID_NONE.
08-29 15:05:45.758   541   918 W InputReader: Device virtio_input_multi_touch_8 is associated with display ADISPLAY_ID_NONE.
08-29 15:05:45.762  3224  3224 D LifecycleMonitor: Lifecycle status change: androidx.test.core.app.InstrumentationActivityInvoker$BootstrapActivity@b7406e3 in: DESTROYED
08-29 15:05:45.762  3224  3224 D LifecycleMonitor: running callback: androidx.test.core.app.ActivityScenario$1@11248e0
08-29 15:05:45.762  3224  3224 V ActivityScenario: Activity lifecycle changed event received but ignored because the intent does not match. startActivityIntent=Intent { act=android.intent.action.MAIN cat=[android.intent.category.LAUNCHER] cmp=com.simplemobiletools.notes.pro.debug/com.simplemobiletools.notes.pro.activities.MainActivity }, activity.getIntent()=Intent { act=android.intent.action.MAIN cat=[android.intent.category.LAUNCHER] flg=0x10008000 cmp=com.simplemobiletools.notes.pro.debug/androidx.test.core.app.InstrumentationActivityInvoker$BootstrapActivity (has extras) }, activity=androidx.test.core.app.InstrumentationActivityInvoker$BootstrapActivity@b7406e3
08-29 15:05:45.762  3224  3224 D LifecycleMonitor: callback completes: androidx.test.core.app.ActivityScenario$1@11248e0
08-29 15:05:45.778  3224  3224 D LifecycleMonitor: Lifecycle status change: androidx.test.core.app.InstrumentationActivityInvoker$EmptyActivity@e51aa66 in: PRE_ON_CREATE
08-29 15:05:45.778  3224  3224 D LifecycleMonitor: running callback: androidx.test.core.app.ActivityScenario$1@11248e0
08-29 15:05:45.779  3224  3224 V ActivityScenario: Activity lifecycle changed event received but ignored because the intent does not match. startActivityIntent=Intent { act=android.intent.action.MAIN cat=[android.intent.category.LAUNCHER] cmp=com.simplemobiletools.notes.pro.debug/com.simplemobiletools.notes.pro.activities.MainActivity }, activity.getIntent()=Intent { act=android.intent.action.MAIN cat=[android.intent.category.LAUNCHER] flg=0x10000000 cmp=com.simplemobiletools.notes.pro.debug/androidx.test.core.app.InstrumentationActivityInvoker$EmptyActivity }, activity=androidx.test.core.app.InstrumentationActivityInvoker$EmptyActivity@e51aa66
08-29 15:05:45.779  3224  3224 D LifecycleMonitor: callback completes: androidx.test.core.app.ActivityScenario$1@11248e0
08-29 15:05:45.783  3224  3224 D LifecycleMonitor: Lifecycle status change: androidx.test.core.app.InstrumentationActivityInvoker$EmptyActivity@e51aa66 in: CREATED
08-29 15:05:45.783  3224  3224 D LifecycleMonitor: running callback: androidx.test.core.app.ActivityScenario$1@11248e0
08-29 15:05:45.783  3224  3224 V ActivityScenario: Activity lifecycle changed event received but ignored because the intent does not match. startActivityIntent=Intent { act=android.intent.action.MAIN cat=[android.intent.category.LAUNCHER] cmp=com.simplemobiletools.notes.pro.debug/com.simplemobiletools.notes.pro.activities.MainActivity }, activity.getIntent()=Intent { act=android.intent.action.MAIN cat=[android.intent.category.LAUNCHER] flg=0x10000000 cmp=com.simplemobiletools.notes.pro.debug/androidx.test.core.app.InstrumentationActivityInvoker$EmptyActivity }, activity=androidx.test.core.app.InstrumentationActivityInvoker$EmptyActivity@e51aa66
08-29 15:05:45.783  3224  3224 D LifecycleMonitor: callback completes: androidx.test.core.app.ActivityScenario$1@11248e0
08-29 15:05:45.785  3224  3224 D LifecycleMonitor: Lifecycle status change: androidx.test.core.app.InstrumentationActivityInvoker$EmptyActivity@e51aa66 in: STARTED
08-29 15:05:45.785  3224  3224 D LifecycleMonitor: running callback: androidx.test.core.app.ActivityScenario$1@11248e0
08-29 15:05:45.785  3224  3224 V ActivityScenario: Activity lifecycle changed event received but ignored because the intent does not match. startActivityIntent=Intent { act=android.intent.action.MAIN cat=[android.intent.category.LAUNCHER] cmp=com.simplemobiletools.notes.pro.debug/com.simplemobiletools.notes.pro.activities.MainActivity }, activity.getIntent()=Intent { act=android.intent.action.MAIN cat=[android.intent.category.LAUNCHER] flg=0x10000000 cmp=com.simplemobiletools.notes.pro.debug/androidx.test.core.app.InstrumentationActivityInvoker$EmptyActivity }, activity=androidx.test.core.app.InstrumentationActivityInvoker$EmptyActivity@e51aa66
08-29 15:05:45.785  3224  3224 D LifecycleMonitor: callback completes: androidx.test.core.app.ActivityScenario$1@11248e0
08-29 15:05:45.786  3224  3224 D LifecycleMonitor: Lifecycle status change: androidx.test.core.app.InstrumentationActivityInvoker$EmptyActivity@e51aa66 in: RESUMED
08-29 15:05:45.786  3224  3224 D LifecycleMonitor: running callback: androidx.test.core.app.ActivityScenario$1@11248e0
08-29 15:05:45.786  3224  3224 V ActivityScenario: Activity lifecycle changed event received but ignored because the intent does not match. startActivityIntent=Intent { act=android.intent.action.MAIN cat=[android.intent.category.LAUNCHER] cmp=com.simplemobiletools.notes.pro.debug/com.simplemobiletools.notes.pro.activities.MainActivity }, activity.getIntent()=Intent { act=android.intent.action.MAIN cat=[android.intent.category.LAUNCHER] flg=0x10000000 cmp=com.simplemobiletools.notes.pro.debug/androidx.test.core.app.InstrumentationActivityInvoker$EmptyActivity }, activity=androidx.test.core.app.InstrumentationActivityInvoker$EmptyActivity@e51aa66
08-29 15:05:45.787  3224  3224 D LifecycleMonitor: callback completes: androidx.test.core.app.ActivityScenario$1@11248e0
08-29 15:05:45.807   316   360 D goldfish-address-space: claimShared: Ask to claim region [0x2de166000 0x2df219000]
08-29 15:05:45.834   316   360 D goldfish-address-space: claimShared: Ask to claim region [0x2e10b3000 0x2e2166000]
08-29 15:05:45.844   316   360 D goldfish-address-space: claimShared: Ask to claim region [0x2e4033000 0x2e50e6000]
08-29 15:05:45.861   541   596 I ActivityTaskManager: Displayed com.simplemobiletools.notes.pro.debug/androidx.test.core.app.InstrumentationActivityInvoker$EmptyActivity: +132ms
08-29 15:05:45.871   316   360 D goldfish-address-space: claimShared: Ask to claim region [0x2e50e6000 0x2e6199000]
08-29 15:05:45.909  3224  3224 D LifecycleMonitor: Lifecycle status change: androidx.test.core.app.InstrumentationActivityInvoker$EmptyActivity@b6c6ed5 in: STOPPED
08-29 15:05:45.909  3224  3224 D LifecycleMonitor: running callback: androidx.test.core.app.ActivityScenario$1@11248e0
08-29 15:05:45.910  3224  3224 V ActivityScenario: Activity lifecycle changed event received but ignored because the intent does not match. startActivityIntent=Intent { act=android.intent.action.MAIN cat=[android.intent.category.LAUNCHER] cmp=com.simplemobiletools.notes.pro.debug/com.simplemobiletools.notes.pro.activities.MainActivity }, activity.getIntent()=Intent { act=android.intent.action.MAIN cat=[android.intent.category.LAUNCHER] flg=0x10000000 cmp=com.simplemobiletools.notes.pro.debug/androidx.test.core.app.InstrumentationActivityInvoker$EmptyActivity }, activity=androidx.test.core.app.InstrumentationActivityInvoker$EmptyActivity@b6c6ed5
08-29 15:05:45.910  3224  3224 D LifecycleMonitor: callback completes: androidx.test.core.app.ActivityScenario$1@11248e0
08-29 15:05:45.911  3224  3224 D LifecycleMonitor: Lifecycle status change: androidx.test.core.app.InstrumentationActivityInvoker$EmptyActivity@b6c6ed5 in: DESTROYED
08-29 15:05:45.911  3224  3224 D LifecycleMonitor: running callback: androidx.test.core.app.ActivityScenario$1@11248e0
08-29 15:05:45.911  3224  3224 V ActivityScenario: Activity lifecycle changed event received but ignored because the intent does not match. startActivityIntent=Intent { act=android.intent.action.MAIN cat=[android.intent.category.LAUNCHER] cmp=com.simplemobiletools.notes.pro.debug/com.simplemobiletools.notes.pro.activities.MainActivity }, activity.getIntent()=Intent { act=android.intent.action.MAIN cat=[android.intent.category.LAUNCHER] flg=0x10000000 cmp=com.simplemobiletools.notes.pro.debug/androidx.test.core.app.InstrumentationActivityInvoker$EmptyActivity }, activity=androidx.test.core.app.InstrumentationActivityInvoker$EmptyActivity@b6c6ed5
08-29 15:05:45.911  3224  3224 D LifecycleMonitor: callback completes: androidx.test.core.app.ActivityScenario$1@11248e0
08-29 15:05:45.919  3224  3224 D LifecycleMonitor: Lifecycle status change: androidx.test.core.app.InstrumentationActivityInvoker$EmptyActivity@e51aa66 in: PAUSED
08-29 15:05:45.919  3224  3224 D LifecycleMonitor: running callback: androidx.test.core.app.ActivityScenario$1@11248e0
08-29 15:05:45.919  3224  3224 V ActivityScenario: Activity lifecycle changed event received but ignored because the intent does not match. startActivityIntent=Intent { act=android.intent.action.MAIN cat=[android.intent.category.LAUNCHER] cmp=com.simplemobiletools.notes.pro.debug/com.simplemobiletools.notes.pro.activities.MainActivity }, activity.getIntent()=Intent { act=android.intent.action.MAIN cat=[android.intent.category.LAUNCHER] flg=0x10000000 cmp=com.simplemobiletools.notes.pro.debug/androidx.test.core.app.InstrumentationActivityInvoker$EmptyActivity }, activity=androidx.test.core.app.InstrumentationActivityInvoker$EmptyActivity@e51aa66
08-29 15:05:45.919  3224  3224 D LifecycleMonitor: callback completes: androidx.test.core.app.ActivityScenario$1@11248e0
08-29 15:05:45.922   541   918 W InputReader: Device virtio_input_multi_touch_9 is associated with display ADISPLAY_ID_NONE.
08-29 15:05:45.922   541   918 W InputReader: Device virtio_input_multi_touch_7 is associated with display ADISPLAY_ID_NONE.
08-29 15:05:45.922   541   918 W InputReader: Device virtio_input_multi_touch_10 is associated with display ADISPLAY_ID_NONE.
08-29 15:05:45.922   541   918 W InputReader: Device virtio_input_multi_touch_4 is associated with display ADISPLAY_ID_NONE.
08-29 15:05:45.923   541   918 W InputReader: Device virtio_input_multi_touch_11 is associated with display ADISPLAY_ID_NONE.
08-29 15:05:45.923   541   918 W InputReader: Device virtio_input_multi_touch_6 is associated with display ADISPLAY_ID_NONE.
08-29 15:05:45.923   541   918 W InputReader: Device virtio_input_multi_touch_5 is associated with display ADISPLAY_ID_NONE.
08-29 15:05:45.923   541   918 W InputReader: Device virtio_input_multi_touch_3 is associated with display ADISPLAY_ID_NONE.
08-29 15:05:45.923   541   918 W InputReader: Device virtio_input_multi_touch_2 is associated with display ADISPLAY_ID_NONE.
08-29 15:05:45.923   541   918 W InputReader: Device virtio_input_multi_touch_8 is associated with display ADISPLAY_ID_NONE.
08-29 15:05:45.923   541   918 W InputReader: Device virtio_input_multi_touch_9 is associated with display ADISPLAY_ID_NONE.
08-29 15:05:45.923   541   918 W InputReader: Device virtio_input_multi_touch_7 is associated with display ADISPLAY_ID_NONE.
08-29 15:05:45.923   541   918 W InputReader: Device virtio_input_multi_touch_10 is associated with display ADISPLAY_ID_NONE.
08-29 15:05:45.923   541   918 W InputReader: Device virtio_input_multi_touch_4 is associated with display ADISPLAY_ID_NONE.
08-29 15:05:45.923   541   918 W InputReader: Device virtio_input_multi_touch_11 is associated with display ADISPLAY_ID_NONE.
08-29 15:05:45.923   541   918 W InputReader: Device virtio_input_multi_touch_6 is associated with display ADISPLAY_ID_NONE.
08-29 15:05:45.923   541   918 W InputReader: Device virtio_input_multi_touch_5 is associated with display ADISPLAY_ID_NONE.
08-29 15:05:45.923   541   918 W InputReader: Device virtio_input_multi_touch_3 is associated with display ADISPLAY_ID_NONE.
08-29 15:05:45.923   541   918 W InputReader: Device virtio_input_multi_touch_2 is associated with display ADISPLAY_ID_NONE.
08-29 15:05:45.923   541   918 W InputReader: Device virtio_input_multi_touch_8 is associated with display ADISPLAY_ID_NONE.
08-29 15:05:45.928  3224  3247 I TestRunner: finished: aboutTest(test.AboutTest)
08-29 15:05:45.952   316   360 D goldfish-address-space: claimShared: Ask to claim region [0x2d8000000 0x2d90b3000]
08-29 15:05:45.956  3224  3224 I MonitoringInstr: Activities that are still in CREATED to STOPPED: 1
08-29 15:05:45.957  3224  3247 I MonitoringInstr: Unstopped activity count: 1
08-29 15:05:45.965   316   316 D goldfish-address-space: claimShared: Ask to claim region [0x2d90b3000 0x2da166000]
08-29 15:05:45.998   316   316 D goldfish-address-space: claimShared: Ask to claim region [0x2dd0b3000 0x2de166000]
08-29 15:05:46.008  3224  3247 I MonitoringInstr: Unstopped activity count: 1
08-29 15:05:46.009   316   316 D goldfish-address-space: claimShared: Ask to claim region [0x2e6199000 0x2e724c000]
08-29 15:05:46.019   316   360 D goldfish-address-space: claimShared: Ask to claim region [0x2e8000000 0x2e90b3000]
08-29 15:05:46.030   316   316 D goldfish-address-space: claimShared: Ask to claim region [0x2e90b3000 0x2ea166000]
08-29 15:05:46.060  3224  3247 I MonitoringInstr: Unstopped activity count: 1
08-29 15:05:46.067  1705  1705 I QSB.SuggestionsProviderImpl: chars:3,source:Source{name=com.android.quicksearchbox/.google.GoogleSearch}
08-29 15:05:46.104  1397  1397 I LatinIME: Starting input. Cursor position = 3,3
08-29 15:05:46.110  3224  3224 D LifecycleMonitor: Lifecycle status change: androidx.test.core.app.InstrumentationActivityInvoker$EmptyActivity@e51aa66 in: STOPPED
08-29 15:05:46.111  3224  3224 D LifecycleMonitor: Lifecycle status change: androidx.test.core.app.InstrumentationActivityInvoker$EmptyActivity@e51aa66 in: DESTROYED
08-29 15:05:46.117   355   355 I android.hardware.vibrator-service.example: Vibrator reporting capabilities
08-29 15:05:46.120   217   220 E android.system.suspend@1.0-service: Error opening kernel wakelock stats for: wakeup34: Permission denied
08-29 15:05:46.120   217   217 W Binder:217_2: type=1400 audit(0.0:1641): avc: denied { read } for name="wakeup34" dev="sysfs" ino=19171 scontext=u:r:system_suspend:s0 tcontext=u:object_r:sysfs:s0 tclass=dir permissive=0
08-29 15:05:46.124   217   220 E android.system.suspend@1.0-service: Error opening kernel wakelock stats for: wakeup35: Permission denied
08-29 15:05:46.124   217   217 W Binder:217_2: type=1400 audit(0.0:1642): avc: denied { read } for name="wakeup35" dev="sysfs" ino=19234 scontext=u:r:system_suspend:s0 tcontext=u:object_r:sysfs:s0 tclass=dir permissive=0
08-29 15:05:46.143   316   316 D goldfish-address-space: claimShared: Ask to claim region [0x2da166000 0x2db128000]
08-29 15:05:46.160   316   316 D goldfish-address-space: claimShared: Ask to claim region [0x2de166000 0x2df128000]
08-29 15:05:46.177   316   316 D goldfish-address-space: claimShared: Ask to claim region [0x2e10b3000 0x2e2075000]
08-29 15:05:46.258  3318  3321 I cmd     : oneway function results will be dropped but finished with status OK and parcel size 4
08-29 15:05:46.261  3224  3247 I TestRunner: started: dummyFailTest(test.MainPageTest)
08-29 15:05:46.279  3224  3247 W Settings: Setting always_finish_activities has moved from android.provider.Settings.System to android.provider.Settings.Global, returning read-only value.
08-29 15:05:46.282   541   916 I ActivityTaskManager: START u0 {act=android.intent.action.MAIN cat=[android.intent.category.LAUNCHER] flg=0x10008000 cmp=com.simplemobiletools.notes.pro.debug/androidx.test.core.app.InstrumentationActivityInvoker$BootstrapActivity (has extras)} from uid 10186
08-29 15:05:46.283   541   588 D EventSequenceValidator: Transition from INTENT_FAILED to INTENT_STARTED
08-29 15:05:46.287   404   404 I perfetto: ing_service_impl.cc:758 Configured tracing session 431, #sources:1, duration:5000 ms, #buffers:1, total buffer size:4096 KB, total sessions:5, uid:1071 session name: ""
08-29 15:05:46.288   402   402 I perfetto: probes_producer.cc:230  Ftrace setup (target_buf=431)
08-29 15:05:46.291   541   588 D EventSequenceValidator: Transition from INTENT_STARTED to ACTIVITY_LAUNCHED
08-29 15:05:46.293   541   918 W ActivityTaskManager: Tried to set launchTime (0) < mLastActivityLaunchTime (43573574)
08-29 15:05:46.294   541   918 W InputReader: Device virtio_input_multi_touch_9 is associated with display ADISPLAY_ID_NONE.
08-29 15:05:46.294   541   918 W InputReader: Device virtio_input_multi_touch_7 is associated with display ADISPLAY_ID_NONE.
08-29 15:05:46.294   541   918 W InputReader: Device virtio_input_multi_touch_10 is associated with display ADISPLAY_ID_NONE.
08-29 15:05:46.294   541   918 W InputReader: Device virtio_input_multi_touch_4 is associated with display ADISPLAY_ID_NONE.
08-29 15:05:46.294   541   918 W InputReader: Device virtio_input_multi_touch_11 is associated with display ADISPLAY_ID_NONE.
08-29 15:05:46.294   541   918 W InputReader: Device virtio_input_multi_touch_6 is associated with display ADISPLAY_ID_NONE.
08-29 15:05:46.294   541   918 W InputReader: Device virtio_input_multi_touch_5 is associated with display ADISPLAY_ID_NONE.
08-29 15:05:46.294   541   918 W InputReader: Device virtio_input_multi_touch_3 is associated with display ADISPLAY_ID_NONE.
08-29 15:05:46.295   541   918 W InputReader: Device virtio_input_multi_touch_2 is associated with display ADISPLAY_ID_NONE.
08-29 15:05:46.295   541   918 W InputReader: Device virtio_input_multi_touch_8 is associated with display ADISPLAY_ID_NONE.
08-29 15:05:46.295   541   918 W InputReader: Device virtio_input_multi_touch_9 is associated with display ADISPLAY_ID_NONE.
08-29 15:05:46.295   541   918 W InputReader: Device virtio_input_multi_touch_7 is associated with display ADISPLAY_ID_NONE.
08-29 15:05:46.295   541   918 W InputReader: Device virtio_input_multi_touch_10 is associated with display ADISPLAY_ID_NONE.
08-29 15:05:46.295   541   918 W InputReader: Device virtio_input_multi_touch_4 is associated with display ADISPLAY_ID_NONE.
08-29 15:05:46.295   541   918 W InputReader: Device virtio_input_multi_touch_11 is associated with display ADISPLAY_ID_NONE.
08-29 15:05:46.295   541   918 W InputReader: Device virtio_input_multi_touch_6 is associated with display ADISPLAY_ID_NONE.
08-29 15:05:46.295   541   918 W InputReader: Device virtio_input_multi_touch_5 is associated with display ADISPLAY_ID_NONE.
08-29 15:05:46.295   541   918 W InputReader: Device virtio_input_multi_touch_3 is associated with display ADISPLAY_ID_NONE.
08-29 15:05:46.295   541   918 W InputReader: Device virtio_input_multi_touch_2 is associated with display ADISPLAY_ID_NONE.
08-29 15:05:46.295   541   918 W InputReader: Device virtio_input_multi_touch_8 is associated with display ADISPLAY_ID_NONE.
08-29 15:05:46.305  3224  3224 D LifecycleMonitor: Lifecycle status change: androidx.test.core.app.InstrumentationActivityInvoker$BootstrapActivity@ba5cf0 in: PRE_ON_CREATE
08-29 15:05:46.305  3224  3224 D LifecycleMonitor: running callback: androidx.test.core.app.ActivityScenario$1@94ae269
08-29 15:05:46.305  3224  3224 V ActivityScenario: Activity lifecycle changed event received but ignored because the intent does not match. startActivityIntent=Intent { act=android.intent.action.MAIN cat=[android.intent.category.LAUNCHER] cmp=com.simplemobiletools.notes.pro.debug/com.simplemobiletools.notes.pro.activities.MainActivity }, activity.getIntent()=Intent { act=android.intent.action.MAIN cat=[android.intent.category.LAUNCHER] flg=0x10008000 cmp=com.simplemobiletools.notes.pro.debug/androidx.test.core.app.InstrumentationActivityInvoker$BootstrapActivity (has extras) }, activity=androidx.test.core.app.InstrumentationActivityInvoker$BootstrapActivity@ba5cf0
08-29 15:05:46.305  3224  3224 D LifecycleMonitor: callback completes: androidx.test.core.app.ActivityScenario$1@94ae269
08-29 15:05:46.308   316   316 D goldfish-address-space: claimShared: Ask to claim region [0x2e4033000 0x2e50e6000]
08-29 15:05:46.318  3224  3224 D LifecycleMonitor: Lifecycle status change: androidx.test.core.app.InstrumentationActivityInvoker$BootstrapActivity@ba5cf0 in: CREATED
08-29 15:05:46.318  3224  3224 D LifecycleMonitor: running callback: androidx.test.core.app.ActivityScenario$1@94ae269
08-29 15:05:46.318  3224  3224 V ActivityScenario: Activity lifecycle changed event received but ignored because the intent does not match. startActivityIntent=Intent { act=android.intent.action.MAIN cat=[android.intent.category.LAUNCHER] cmp=com.simplemobiletools.notes.pro.debug/com.simplemobiletools.notes.pro.activities.MainActivity }, activity.getIntent()=Intent { act=android.intent.action.MAIN cat=[android.intent.category.LAUNCHER] flg=0x10008000 cmp=com.simplemobiletools.notes.pro.debug/androidx.test.core.app.InstrumentationActivityInvoker$BootstrapActivity (has extras) }, activity=androidx.test.core.app.InstrumentationActivityInvoker$BootstrapActivity@ba5cf0
08-29 15:05:46.318  3224  3224 D LifecycleMonitor: callback completes: androidx.test.core.app.ActivityScenario$1@94ae269
08-29 15:05:46.319  3224  3224 D LifecycleMonitor: Lifecycle status change: androidx.test.core.app.InstrumentationActivityInvoker$BootstrapActivity@ba5cf0 in: STARTED
08-29 15:05:46.319  3224  3224 D LifecycleMonitor: running callback: androidx.test.core.app.ActivityScenario$1@94ae269
08-29 15:05:46.320  3224  3224 V ActivityScenario: Activity lifecycle changed event received but ignored because the intent does not match. startActivityIntent=Intent { act=android.intent.action.MAIN cat=[android.intent.category.LAUNCHER] cmp=com.simplemobiletools.notes.pro.debug/com.simplemobiletools.notes.pro.activities.MainActivity }, activity.getIntent()=Intent { act=android.intent.action.MAIN cat=[android.intent.category.LAUNCHER] flg=0x10008000 cmp=com.simplemobiletools.notes.pro.debug/androidx.test.core.app.InstrumentationActivityInvoker$BootstrapActivity (has extras) }, activity=androidx.test.core.app.InstrumentationActivityInvoker$BootstrapActivity@ba5cf0
08-29 15:05:46.320  3224  3224 D LifecycleMonitor: callback completes: androidx.test.core.app.ActivityScenario$1@94ae269
08-29 15:05:46.324   541   916 I ActivityTaskManager: START u0 {act=android.intent.action.MAIN cat=[android.intent.category.LAUNCHER] cmp=com.simplemobiletools.notes.pro.debug/com.simplemobiletools.notes.pro.activities.MainActivity} from uid 10186
08-29 15:05:46.331  3224  3224 D LifecycleMonitor: Lifecycle status change: androidx.test.core.app.InstrumentationActivityInvoker$BootstrapActivity@ba5cf0 in: RESUMED
08-29 15:05:46.331  3224  3224 D LifecycleMonitor: running callback: androidx.test.core.app.ActivityScenario$1@94ae269
08-29 15:05:46.331  3224  3224 V ActivityScenario: Activity lifecycle changed event received but ignored because the intent does not match. startActivityIntent=Intent { act=android.intent.action.MAIN cat=[android.intent.category.LAUNCHER] cmp=com.simplemobiletools.notes.pro.debug/com.simplemobiletools.notes.pro.activities.MainActivity }, activity.getIntent()=Intent { act=android.intent.action.MAIN cat=[android.intent.category.LAUNCHER] flg=0x10008000 cmp=com.simplemobiletools.notes.pro.debug/androidx.test.core.app.InstrumentationActivityInvoker$BootstrapActivity (has extras) }, activity=androidx.test.core.app.InstrumentationActivityInvoker$BootstrapActivity@ba5cf0
08-29 15:05:46.331  3224  3224 D LifecycleMonitor: callback completes: androidx.test.core.app.ActivityScenario$1@94ae269
08-29 15:05:46.333  3224  3224 D LifecycleMonitor: Lifecycle status change: androidx.test.core.app.InstrumentationActivityInvoker$BootstrapActivity@ba5cf0 in: PAUSED
08-29 15:05:46.333  3224  3224 D LifecycleMonitor: running callback: androidx.test.core.app.ActivityScenario$1@94ae269
08-29 15:05:46.333  3224  3224 V ActivityScenario: Activity lifecycle changed event received but ignored because the intent does not match. startActivityIntent=Intent { act=android.intent.action.MAIN cat=[android.intent.category.LAUNCHER] cmp=com.simplemobiletools.notes.pro.debug/com.simplemobiletools.notes.pro.activities.MainActivity }, activity.getIntent()=Intent { act=android.intent.action.MAIN cat=[android.intent.category.LAUNCHER] flg=0x10008000 cmp=com.simplemobiletools.notes.pro.debug/androidx.test.core.app.InstrumentationActivityInvoker$BootstrapActivity (has extras) }, activity=androidx.test.core.app.InstrumentationActivityInvoker$BootstrapActivity@ba5cf0
08-29 15:05:46.333  3224  3224 D LifecycleMonitor: callback completes: androidx.test.core.app.ActivityScenario$1@94ae269
08-29 15:05:46.333   541  3611 W ActivityTaskManager: Tried to set launchTime (0) < mLastActivityLaunchTime (43574112)
08-29 15:05:46.334   541  3611 W InputReader: Device virtio_input_multi_touch_9 is associated with display ADISPLAY_ID_NONE.
08-29 15:05:46.334   541  3611 W InputReader: Device virtio_input_multi_touch_7 is associated with display ADISPLAY_ID_NONE.
08-29 15:05:46.334   541  3611 W InputReader: Device virtio_input_multi_touch_10 is associated with display ADISPLAY_ID_NONE.
08-29 15:05:46.334   541  3611 W InputReader: Device virtio_input_multi_touch_4 is associated with display ADISPLAY_ID_NONE.
08-29 15:05:46.334   541  3611 W InputReader: Device virtio_input_multi_touch_11 is associated with display ADISPLAY_ID_NONE.
08-29 15:05:46.334   541  3611 W InputReader: Device virtio_input_multi_touch_6 is associated with display ADISPLAY_ID_NONE.
08-29 15:05:46.334   541  3611 W InputReader: Device virtio_input_multi_touch_5 is associated with display ADISPLAY_ID_NONE.
08-29 15:05:46.334   541  3611 W InputReader: Device virtio_input_multi_touch_3 is associated with display ADISPLAY_ID_NONE.
08-29 15:05:46.334   541  3611 W InputReader: Device virtio_input_multi_touch_2 is associated with display ADISPLAY_ID_NONE.
08-29 15:05:46.334   541  3611 W InputReader: Device virtio_input_multi_touch_8 is associated with display ADISPLAY_ID_NONE.
08-29 15:05:46.334   541  3611 W InputReader: Device virtio_input_multi_touch_9 is associated with display ADISPLAY_ID_NONE.
08-29 15:05:46.334   541  3611 W InputReader: Device virtio_input_multi_touch_7 is associated with display ADISPLAY_ID_NONE.
08-29 15:05:46.334   541  3611 W InputReader: Device virtio_input_multi_touch_10 is associated with display ADISPLAY_ID_NONE.
08-29 15:05:46.334   541  3611 W InputReader: Device virtio_input_multi_touch_4 is associated with display ADISPLAY_ID_NONE.
08-29 15:05:46.334   541  3611 W InputReader: Device virtio_input_multi_touch_11 is associated with display ADISPLAY_ID_NONE.
08-29 15:05:46.334   541  3611 W InputReader: Device virtio_input_multi_touch_6 is associated with display ADISPLAY_ID_NONE.
08-29 15:05:46.334   541  3611 W InputReader: Device virtio_input_multi_touch_5 is associated with display ADISPLAY_ID_NONE.
08-29 15:05:46.334   541  3611 W InputReader: Device virtio_input_multi_touch_3 is associated with display ADISPLAY_ID_NONE.
08-29 15:05:46.334   541  3611 W InputReader: Device virtio_input_multi_touch_2 is associated with display ADISPLAY_ID_NONE.
08-29 15:05:46.334   541  3611 W InputReader: Device virtio_input_multi_touch_8 is associated with display ADISPLAY_ID_NONE.
08-29 15:05:46.341  3224  3224 D LifecycleMonitor: Lifecycle status change: com.simplemobiletools.notes.pro.activities.MainActivity@b3911fa in: PRE_ON_CREATE
08-29 15:05:46.341  3224  3224 D LifecycleMonitor: running callback: androidx.test.core.app.ActivityScenario$1@94ae269
08-29 15:05:46.341  3224  3224 V ActivityScenario: Activity lifecycle changed event received but ignored because the reported transition was not ON_CREATE while the last known transition was PRE_ON_CREATE
08-29 15:05:46.341  3224  3224 D LifecycleMonitor: callback completes: androidx.test.core.app.ActivityScenario$1@94ae269
08-29 15:05:46.365  3224  3224 D LifecycleMonitor: Lifecycle status change: com.simplemobiletools.notes.pro.activities.MainActivity@b3911fa in: CREATED
08-29 15:05:46.365  3224  3224 D LifecycleMonitor: running callback: androidx.test.core.app.ActivityScenario$1@94ae269
08-29 15:05:46.365  3224  3224 V ActivityScenario: Update currentActivityStage to CREATED, currentActivity=com.simplemobiletools.notes.pro.activities.MainActivity@b3911fa
08-29 15:05:46.366  3224  3224 D LifecycleMonitor: callback completes: androidx.test.core.app.ActivityScenario$1@94ae269
08-29 15:05:46.368  3224  3224 D LifecycleMonitor: Lifecycle status change: com.simplemobiletools.notes.pro.activities.MainActivity@b3911fa in: STARTED
08-29 15:05:46.368  3224  3224 D LifecycleMonitor: running callback: androidx.test.core.app.ActivityScenario$1@94ae269
08-29 15:05:46.368  3224  3224 V ActivityScenario: Update currentActivityStage to STARTED, currentActivity=com.simplemobiletools.notes.pro.activities.MainActivity@b3911fa
08-29 15:05:46.368  3224  3224 D LifecycleMonitor: callback completes: androidx.test.core.app.ActivityScenario$1@94ae269
08-29 15:05:46.374  3224  3224 D LifecycleMonitor: Lifecycle status change: com.simplemobiletools.notes.pro.activities.MainActivity@b3911fa in: RESUMED
08-29 15:05:46.374  3224  3224 D LifecycleMonitor: running callback: androidx.test.core.app.ActivityScenario$1@94ae269
08-29 15:05:46.374  3224  3224 V ActivityScenario: Update currentActivityStage to RESUMED, currentActivity=com.simplemobiletools.notes.pro.activities.MainActivity@b3911fa
08-29 15:05:46.375  3224  3224 D LifecycleMonitor: callback completes: androidx.test.core.app.ActivityScenario$1@94ae269
08-29 15:05:46.375  3224  3247 I Espresso Run: ------------------------------------------------------------------------------------------
08-29 15:05:46.375  3224  3247 I Espresso Run: Test: dummyFailTest
08-29 15:05:46.375  3224  3247 I Espresso Run: ------------------------------------------------------------------------------------------
08-29 15:05:46.375  3224  3247 I Espresso Run: Opening the menu
08-29 15:05:46.381  3224  3224 D IdlingResourceRegistry: All idling resources are idle.
08-29 15:05:46.396   316   316 D goldfish-address-space: claimShared: Ask to claim region [0x2ea166000 0x2eb219000]
08-29 15:05:46.407  1705  1736 W GoogleSearch: Error
08-29 15:05:46.407  1705  1736 W GoogleSearch: java.io.IOException: Cleartext traffic not permitted: http://www.google.com
08-29 15:05:46.407  1705  1736 W GoogleSearch: 	at org.apache.http.impl.client.DefaultRequestDirector.execute(DefaultRequestDirector.java:439)
08-29 15:05:46.407  1705  1736 W GoogleSearch: 	at org.apache.http.impl.client.AbstractHttpClient.execute(AbstractHttpClient.java:560)
08-29 15:05:46.407  1705  1736 W GoogleSearch: 	at org.apache.http.impl.client.AbstractHttpClient.execute(AbstractHttpClient.java:492)
08-29 15:05:46.407  1705  1736 W GoogleSearch: 	at org.apache.http.impl.client.AbstractHttpClient.execute(AbstractHttpClient.java:470)
08-29 15:05:46.407  1705  1736 W GoogleSearch: 	at android.net.http.AndroidHttpClient.execute(AndroidHttpClient.java:250)
08-29 15:05:46.407  1705  1736 W GoogleSearch: 	at com.android.quicksearchbox.google.GoogleSuggestClient.query(GoogleSuggestClient.java:116)
08-29 15:05:46.407  1705  1736 W GoogleSearch: 	at com.android.quicksearchbox.google.GoogleSuggestClient.queryInternal(GoogleSuggestClient.java:84)
08-29 15:05:46.407  1705  1736 W GoogleSearch: 	at com.android.quicksearchbox.google.AbstractGoogleSource.getSuggestions(AbstractGoogleSource.java:103)
08-29 15:05:46.407  1705  1736 W GoogleSearch: 	at com.android.quicksearchbox.google.AbstractGoogleSource.getSuggestions(AbstractGoogleSource.java:34)
08-29 15:05:46.407  1705  1736 W GoogleSearch: 	at com.android.quicksearchbox.QueryTask.run(QueryTask.java:66)
08-29 15:05:46.407  1705  1736 W GoogleSearch: 	at com.android.quicksearchbox.util.SingleThreadNamedTaskExecutor$Worker.loop(SingleThreadNamedTaskExecutor.java:85)
08-29 15:05:46.407  1705  1736 W GoogleSearch: 	at com.android.quicksearchbox.util.SingleThreadNamedTaskExecutor$Worker.run(SingleThreadNamedTaskExecutor.java:66)
08-29 15:05:46.407  1705  1736 W GoogleSearch: 	at java.lang.Thread.run(Thread.java:923)
08-29 15:05:46.407  1705  1736 W GoogleSearch: 	at com.android.quicksearchbox.util.PriorityThreadFactory$1.run(PriorityThreadFactory.java:45)
08-29 15:05:46.432   316   316 D goldfish-address-space: claimShared: Ask to claim region [0x2ec000000 0x2ed0b3000]
08-29 15:05:46.457   316   316 D goldfish-address-space: claimShared: Ask to claim region [0x2ed0b3000 0x2ee166000]
08-29 15:05:46.478   316   360 D goldfish-address-space: claimShared: Ask to claim region [0x2f0000000 0x2f10b3000]
08-29 15:05:46.512   541   596 D ArtManagerInternalImpl: /data/misc/iorapd/com.simplemobiletools.notes.pro.debug/84/com.simplemobiletools.notes.pro.activities.MainActivity/compiled_traces/compiled_trace.pb doesn't exist
08-29 15:05:46.515   541   596 I ActivityTaskManager: Displayed com.simplemobiletools.notes.pro.debug/com.simplemobiletools.notes.pro.activities.MainActivity: +229ms
08-29 15:05:46.529   541   588 D EventSequenceValidator: Transition from ACTIVITY_LAUNCHED to ACTIVITY_FINISHED
08-29 15:05:46.533   316   360 D goldfish-address-space: claimShared: Ask to claim region [0x2d90b3000 0x2da166000]
08-29 15:05:46.597   316   360 D goldfish-address-space: claimShared: Ask to claim region [0x2e6199000 0x2e724c000]
08-29 15:05:46.646   316   360 D goldfish-address-space: claimShared: Ask to claim region [0x2e8000000 0x2e90b3000]
08-29 15:05:46.706   541   541 D AutofillInlineSuggestionsRequestSession: onCreateInlineSuggestionsRequestLocked called: 1073741825@1590912344
08-29 15:05:46.706   541   541 D AutofillInlineSuggestionsRequestSession: onInlineSuggestionsUnsupported() called.
08-29 15:05:46.716  1397  1397 I LatinIME: Starting input. Cursor position = 0,0
08-29 15:05:46.729   316   360 D goldfish-address-space: claimShared: Ask to claim region [0x2e90b3000 0x2ea166000]
08-29 15:05:46.751  3224  3224 I AssistStructure: Flattened final assist data: 2784 bytes, containing 1 windows, 20 views
08-29 15:05:46.754   541   551 I system_server: NativeAlloc concurrent copying GC freed 18544(1066KB) AllocSpace objects, 12(368KB) LOS objects, 49% free, 15MB/30MB, paused 1.907ms total 174.083ms
08-29 15:05:46.772   355   355 I android.hardware.vibrator-service.example: Vibrator reporting capabilities
08-29 15:05:46.773  3224  3224 D LifecycleMonitor: Lifecycle status change: androidx.test.core.app.InstrumentationActivityInvoker$BootstrapActivity@ba5cf0 in: STOPPED
08-29 15:05:46.773  3224  3224 D LifecycleMonitor: running callback: androidx.test.core.app.ActivityScenario$1@94ae269
08-29 15:05:46.773  3224  3224 V ActivityScenario: Activity lifecycle changed event received but ignored because the intent does not match. startActivityIntent=Intent { act=android.intent.action.MAIN cat=[android.intent.category.LAUNCHER] cmp=com.simplemobiletools.notes.pro.debug/com.simplemobiletools.notes.pro.activities.MainActivity }, activity.getIntent()=Intent { act=android.intent.action.MAIN cat=[android.intent.category.LAUNCHER] flg=0x10008000 cmp=com.simplemobiletools.notes.pro.debug/androidx.test.core.app.InstrumentationActivityInvoker$BootstrapActivity (has extras) }, activity=androidx.test.core.app.InstrumentationActivityInvoker$BootstrapActivity@ba5cf0
08-29 15:05:46.773  3224  3224 D LifecycleMonitor: callback completes: androidx.test.core.app.ActivityScenario$1@94ae269
08-29 15:05:46.775 19013 19013 W kqw     : Pending fill request while another request in the same session was triggered. [CONTEXT service_id=177 ]
08-29 15:05:46.782  3224  3224 D IdlingResourceRegistry: All idling resources are idle.
08-29 15:05:46.783  3224  3224 I ViewInteraction: Checking 'MatchesViewAssertion{viewMatcher=is displayed on the screen to the user}' assertion on view with content description text: is "More options"
08-29 15:05:46.787   541   541 D AutofillInlineSuggestionsRequestSession: onInlineSuggestionsResponseLocked called for:1073741825@1590912344
08-29 15:05:46.787   541   586 D AutofillUI: destroySaveUiUiThread(): already destroyed
08-29 15:05:46.788  1348  1348 V InlineSuggestionRenderService: handleDestroySuggestionViews called for 0:1590912344
08-29 15:05:46.789  3224  3224 D IdlingResourceRegistry: All idling resources are idle.
08-29 15:05:46.790  3224  3224 D IdlingResourceRegistry: All idling resources are idle.
08-29 15:05:46.791  3224  3224 I ViewInteraction: Performing 'single click' action on view with content description text: is "More options"
08-29 15:05:46.804 19013 19783 I .gms.persisten: oneway function results will be dropped but finished with status UNKNOWN_TRANSACTION and parcel size 80
08-29 15:05:46.882  3224  3224 D IdlingResourceRegistry: All idling resources are idle.
08-29 15:05:46.883  3224  3224 D IdlingResourceRegistry: All idling resources are idle.
08-29 15:05:46.917   541  9064 I system_server: oneway function results will be dropped but finished with status OK and parcel size 4
08-29 15:05:46.969   316   360 D goldfish-address-space: claimShared: Ask to claim region [0x2db12b000 0x2db608000]
08-29 15:05:46.976   316   360 D goldfish-address-space: claimShared: Ask to claim region [0x2db608000 0x2dbae5000]
08-29 15:05:46.981   316   360 D goldfish-address-space: claimShared: Ask to claim region [0x2dbae5000 0x2dbfc2000]
08-29 15:05:47.046   541  9064 I system_server: oneway function results will be dropped but finished with status OK and parcel size 4
08-29 15:05:47.083   316   360 D goldfish-address-space: claimShared: Ask to claim region [0x2db608000 0x2dbae5000]
08-29 15:05:47.107   316   360 D goldfish-address-space: claimShared: Ask to claim region [0x2d8000000 0x2d84dd000]
08-29 15:05:47.117  3224  3224 D IdlingResourceRegistry: All idling resources are idle.
08-29 15:05:47.343  3224  3224 I chatty  : uid=10186(com.simplemobiletools.notes.pro.debug) identical 6 lines
08-29 15:05:47.344  3224  3224 D IdlingResourceRegistry: All idling resources are idle.
08-29 15:05:47.392  3224  3224 I ViewInteraction: Checking 'MatchesViewAssertion{viewMatcher=is displayed on the screen to the user}' assertion on view with id is <com.simplemobiletools.notes.pro.debug:id/settings_customize_colors_holder>
08-29 15:05:47.393  3224  3224 E ViewAssertions: 'is displayed on the screen to the user' check could not be performed because view 'with id is <com.simplemobiletools.notes.pro.debug:id/settings_customize_colors_holder>' was not found.
08-29 15:05:47.395  3224  3247 I Espresso Run: ------------------------------------------------------------------------------------------
08-29 15:05:47.395  3224  3247 I Espresso Run: FAILED dummyFailTest
08-29 15:05:47.395  3224  3247 I Espresso Run: ------------------------------------------------------------------------------------------
08-29 15:05:47.398   541  9064 I ActivityTaskManager: START u0 {act=android.intent.action.MAIN cat=[android.intent.category.LAUNCHER] flg=0x10000000 cmp=com.simplemobiletools.notes.pro.debug/androidx.test.core.app.InstrumentationActivityInvoker$EmptyActivity} from uid 10186
08-29 15:05:47.399   541   588 D EventSequenceValidator: Transition from ACTIVITY_FINISHED to INTENT_STARTED
08-29 15:05:47.402   404   404 E perfetto: ing_service_impl.cc:605 Too many concurrent tracing sesions (5) for uid 1071 limit is 5
08-29 15:05:47.403   541   588 D EventSequenceValidator: Transition from INTENT_STARTED to INTENT_FAILED
08-29 15:05:47.403   435  1147 E perfetto: r_api_deprecated.cc:216 Tracing session failed
08-29 15:05:47.404  3224  3224 D LifecycleMonitor: Lifecycle status change: com.simplemobiletools.notes.pro.activities.MainActivity@b3911fa in: PAUSED
08-29 15:05:47.404  3224  3224 D LifecycleMonitor: running callback: androidx.test.core.app.ActivityScenario$1@94ae269
08-29 15:05:47.404  3224  3224 V ActivityScenario: Update currentActivityStage to PAUSED, currentActivity=com.simplemobiletools.notes.pro.activities.MainActivity@b3911fa
08-29 15:05:47.404  3224  3224 D LifecycleMonitor: callback completes: androidx.test.core.app.ActivityScenario$1@94ae269
08-29 15:05:47.405   541   918 W ActivityTaskManager: Tried to set launchTime (0) < mLastActivityLaunchTime (43574151)
08-29 15:05:47.405   541   918 W InputReader: Device virtio_input_multi_touch_9 is associated with display ADISPLAY_ID_NONE.
08-29 15:05:47.405   541   918 W InputReader: Device virtio_input_multi_touch_7 is associated with display ADISPLAY_ID_NONE.
08-29 15:05:47.405   541   918 W InputReader: Device virtio_input_multi_touch_10 is associated with display ADISPLAY_ID_NONE.
08-29 15:05:47.405   541   918 W InputReader: Device virtio_input_multi_touch_4 is associated with display ADISPLAY_ID_NONE.
08-29 15:05:47.405   541   918 W InputReader: Device virtio_input_multi_touch_11 is associated with display ADISPLAY_ID_NONE.
08-29 15:05:47.405   541   918 W InputReader: Device virtio_input_multi_touch_6 is associated with display ADISPLAY_ID_NONE.
08-29 15:05:47.405   541   918 W InputReader: Device virtio_input_multi_touch_5 is associated with display ADISPLAY_ID_NONE.
08-29 15:05:47.405   541   918 W InputReader: Device virtio_input_multi_touch_3 is associated with display ADISPLAY_ID_NONE.
08-29 15:05:47.405   541   918 W InputReader: Device virtio_input_multi_touch_2 is associated with display ADISPLAY_ID_NONE.
08-29 15:05:47.405   541   918 W InputReader: Device virtio_input_multi_touch_8 is associated with display ADISPLAY_ID_NONE.
08-29 15:05:47.405   541   918 W InputReader: Device virtio_input_multi_touch_9 is associated with display ADISPLAY_ID_NONE.
08-29 15:05:47.405   541   918 W InputReader: Device virtio_input_multi_touch_7 is associated with display ADISPLAY_ID_NONE.
08-29 15:05:47.405   541   918 W InputReader: Device virtio_input_multi_touch_10 is associated with display ADISPLAY_ID_NONE.
08-29 15:05:47.405   541   918 W InputReader: Device virtio_input_multi_touch_4 is associated with display ADISPLAY_ID_NONE.
08-29 15:05:47.405   541   918 W InputReader: Device virtio_input_multi_touch_11 is associated with display ADISPLAY_ID_NONE.
08-29 15:05:47.406   541   918 W InputReader: Device virtio_input_multi_touch_6 is associated with display ADISPLAY_ID_NONE.
08-29 15:05:47.406   541   918 W InputReader: Device virtio_input_multi_touch_5 is associated with display ADISPLAY_ID_NONE.
08-29 15:05:47.406   541   918 W InputReader: Device virtio_input_multi_touch_3 is associated with display ADISPLAY_ID_NONE.
08-29 15:05:47.406   541   918 W InputReader: Device virtio_input_multi_touch_2 is associated with display ADISPLAY_ID_NONE.
08-29 15:05:47.406   541   918 W InputReader: Device virtio_input_multi_touch_8 is associated with display ADISPLAY_ID_NONE.
08-29 15:05:47.412  3224  3224 D LifecycleMonitor: Lifecycle status change: androidx.test.core.app.InstrumentationActivityInvoker$EmptyActivity@4f2c416 in: PRE_ON_CREATE
08-29 15:05:47.412  3224  3224 D LifecycleMonitor: running callback: androidx.test.core.app.ActivityScenario$1@94ae269
08-29 15:05:47.412  3224  3224 V ActivityScenario: Activity lifecycle changed event received but ignored because the intent does not match. startActivityIntent=Intent { act=android.intent.action.MAIN cat=[android.intent.category.LAUNCHER] cmp=com.simplemobiletools.notes.pro.debug/com.simplemobiletools.notes.pro.activities.MainActivity }, activity.getIntent()=Intent { act=android.intent.action.MAIN cat=[android.intent.category.LAUNCHER] flg=0x10000000 cmp=com.simplemobiletools.notes.pro.debug/androidx.test.core.app.InstrumentationActivityInvoker$EmptyActivity }, activity=androidx.test.core.app.InstrumentationActivityInvoker$EmptyActivity@4f2c416
08-29 15:05:47.412  3224  3224 D LifecycleMonitor: callback completes: androidx.test.core.app.ActivityScenario$1@94ae269
08-29 15:05:47.418  3224  3224 D LifecycleMonitor: Lifecycle status change: androidx.test.core.app.InstrumentationActivityInvoker$EmptyActivity@4f2c416 in: CREATED
08-29 15:05:47.418  3224  3224 D LifecycleMonitor: running callback: androidx.test.core.app.ActivityScenario$1@94ae269
08-29 15:05:47.418  3224  3224 V ActivityScenario: Activity lifecycle changed event received but ignored because the intent does not match. startActivityIntent=Intent { act=android.intent.action.MAIN cat=[android.intent.category.LAUNCHER] cmp=com.simplemobiletools.notes.pro.debug/com.simplemobiletools.notes.pro.activities.MainActivity }, activity.getIntent()=Intent { act=android.intent.action.MAIN cat=[android.intent.category.LAUNCHER] flg=0x10000000 cmp=com.simplemobiletools.notes.pro.debug/androidx.test.core.app.InstrumentationActivityInvoker$EmptyActivity }, activity=androidx.test.core.app.InstrumentationActivityInvoker$EmptyActivity@4f2c416
08-29 15:05:47.418  3224  3224 D LifecycleMonitor: callback completes: androidx.test.core.app.ActivityScenario$1@94ae269
08-29 15:05:47.420  3224  3224 D LifecycleMonitor: Lifecycle status change: androidx.test.core.app.InstrumentationActivityInvoker$EmptyActivity@4f2c416 in: STARTED
08-29 15:05:47.420  3224  3224 D LifecycleMonitor: running callback: androidx.test.core.app.ActivityScenario$1@94ae269
08-29 15:05:47.420  3224  3224 V ActivityScenario: Activity lifecycle changed event received but ignored because the intent does not match. startActivityIntent=Intent { act=android.intent.action.MAIN cat=[android.intent.category.LAUNCHER] cmp=com.simplemobiletools.notes.pro.debug/com.simplemobiletools.notes.pro.activities.MainActivity }, activity.getIntent()=Intent { act=android.intent.action.MAIN cat=[android.intent.category.LAUNCHER] flg=0x10000000 cmp=com.simplemobiletools.notes.pro.debug/androidx.test.core.app.InstrumentationActivityInvoker$EmptyActivity }, activity=androidx.test.core.app.InstrumentationActivityInvoker$EmptyActivity@4f2c416
08-29 15:05:47.420  3224  3224 D LifecycleMonitor: callback completes: androidx.test.core.app.ActivityScenario$1@94ae269
08-29 15:05:47.422  3224  3224 D LifecycleMonitor: Lifecycle status change: androidx.test.core.app.InstrumentationActivityInvoker$EmptyActivity@4f2c416 in: RESUMED
08-29 15:05:47.422  3224  3224 D LifecycleMonitor: running callback: androidx.test.core.app.ActivityScenario$1@94ae269
08-29 15:05:47.422  3224  3224 V ActivityScenario: Activity lifecycle changed event received but ignored because the intent does not match. startActivityIntent=Intent { act=android.intent.action.MAIN cat=[android.intent.category.LAUNCHER] cmp=com.simplemobiletools.notes.pro.debug/com.simplemobiletools.notes.pro.activities.MainActivity }, activity.getIntent()=Intent { act=android.intent.action.MAIN cat=[android.intent.category.LAUNCHER] flg=0x10000000 cmp=com.simplemobiletools.notes.pro.debug/androidx.test.core.app.InstrumentationActivityInvoker$EmptyActivity }, activity=androidx.test.core.app.InstrumentationActivityInvoker$EmptyActivity@4f2c416
08-29 15:05:47.422  3224  3224 D LifecycleMonitor: callback completes: androidx.test.core.app.ActivityScenario$1@94ae269
08-29 15:05:47.441   316   360 D goldfish-address-space: claimShared: Ask to claim region [0x2d84dd000 0x2d9590000]
08-29 15:05:47.454   316   360 D goldfish-address-space: claimShared: Ask to claim region [0x2dc000000 0x2dd0b3000]
08-29 15:05:47.465   316   360 D goldfish-address-space: claimShared: Ask to claim region [0x2dd0b3000 0x2de166000]
08-29 15:05:47.487   541   596 I ActivityTaskManager: Displayed com.simplemobiletools.notes.pro.debug/androidx.test.core.app.InstrumentationActivityInvoker$EmptyActivity: +87ms
08-29 15:05:47.494   541   918 I ActivityTaskManager: START u0 {act=android.intent.action.MAIN cat=[android.intent.category.LAUNCHER] flg=0x10000000 cmp=com.simplemobiletools.notes.pro.debug/androidx.test.core.app.InstrumentationActivityInvoker$EmptyActivity} from uid 10186
08-29 15:05:47.495   541   588 D EventSequenceValidator: Transition from INTENT_FAILED to INTENT_STARTED
