08-29 15:05:47.498  3224  3224 D LifecycleMonitor: Lifecycle status change: com.simplemobiletools.notes.pro.activities.MainActivity@b3911fa in: STOPPED
08-29 15:05:47.499   404   404 E perfetto: ing_service_impl.cc:605 Too many concurrent tracing sesions (5) for uid 1071 limit is 5
08-29 15:05:47.499  3224  3224 D LifecycleMonitor: running callback: androidx.test.core.app.ActivityScenario$1@94ae269
08-29 15:05:47.499  3224  3224 V ActivityScenario: Update currentActivityStage to STOPPED, currentActivity=com.simplemobiletools.notes.pro.activities.MainActivity@b3911fa
08-29 15:05:47.499  3224  3224 D LifecycleMonitor: callback completes: androidx.test.core.app.ActivityScenario$1@94ae269
08-29 15:05:47.500   435  1147 E perfetto: r_api_deprecated.cc:216 Tracing session failed
08-29 15:05:47.500  3224  3224 D AutofillManager: onActivityFinishing(): calling cancelLocked()
08-29 15:05:47.501   541   588 D EventSequenceValidator: Transition from INTENT_STARTED to INTENT_FAILED
08-29 15:05:47.501   435  3343 E iorapd  : Perfetto trace proto collection error: kTraceFailed
08-29 15:05:47.503  3224  3224 D LifecycleMonitor: Lifecycle status change: com.simplemobiletools.notes.pro.activities.MainActivity@b3911fa in: DESTROYED
08-29 15:05:47.503  3224  3224 D LifecycleMonitor: running callback: androidx.test.core.app.ActivityScenario$1@94ae269
08-29 15:05:47.503  3224  3224 V ActivityScenario: Update currentActivityStage to DESTROYED, currentActivity=null
08-29 15:05:47.503  3224  3224 D LifecycleMonitor: callback completes: androidx.test.core.app.ActivityScenario$1@94ae269
08-29 15:05:47.519  3224  3224 E WindowManager: android.view.WindowLeaked: Activity com.simplemobiletools.notes.pro.activities.MainActivity has leaked window android.widget.PopupWindow$PopupDecorView{da44fca V.E...... R.....ID 0,0-686,1176} that was originally added here
08-29 15:05:47.519  3224  3224 E WindowManager: 	at android.view.ViewRootImpl.<init>(ViewRootImpl.java:733)
08-29 15:05:47.519  3224  3224 E WindowManager: 	at android.view.ViewRootImpl.<init>(ViewRootImpl.java:717)
08-29 15:05:47.519  3224  3224 E WindowManager: 	at android.view.WindowManagerGlobal.addView(WindowManagerGlobal.java:399)
08-29 15:05:47.519  3224  3224 E WindowManager: 	at android.view.WindowManagerImpl.addView(WindowManagerImpl.java:109)
08-29 15:05:47.519  3224  3224 E WindowManager: 	at android.widget.PopupWindow.invokePopup(PopupWindow.java:1576)
08-29 15:05:47.519  3224  3224 E WindowManager: 	at android.widget.PopupWindow.showAsDropDown(PopupWindow.java:1423)
08-29 15:05:47.519  3224  3224 E WindowManager: 	at androidx.appcompat.widget.AppCompatPopupWindow.showAsDropDown(AppCompatPopupWindow.java:77)
08-29 15:05:47.519  3224  3224 E WindowManager: 	at androidx.core.widget.PopupWindowCompat.showAsDropDown(PopupWindowCompat.java:69)
08-29 15:05:47.519  3224  3224 E WindowManager: 	at androidx.appcompat.widget.ListPopupWindow.show(ListPopupWindow.java:754)
08-29 15:05:47.519  3224  3224 E WindowManager: 	at androidx.appcompat.view.menu.StandardMenuPopup.tryShow(StandardMenuPopup.java:181)
08-29 15:05:47.519  3224  3224 E WindowManager: 	at androidx.appcompat.view.menu.StandardMenuPopup.show(StandardMenuPopup.java:208)
08-29 15:05:47.519  3224  3224 E WindowManager: 	at androidx.appcompat.view.menu.MenuPopupHelper.showPopup(MenuPopupHelper.java:290)
08-29 15:05:47.519  3224  3224 E WindowManager: 	at androidx.appcompat.view.menu.MenuPopupHelper.tryShow(MenuPopupHelper.java:177)
08-29 15:05:47.519  3224  3224 E WindowManager: 	at androidx.appcompat.widget.ActionMenuPresenter$OpenOverflowRunnable.run(ActionMenuPresenter.java:792)
08-29 15:05:47.519  3224  3224 E WindowManager: 	at android.os.Handler.handleCallback(Handler.java:938)
08-29 15:05:47.519  3224  3224 E WindowManager: 	at android.os.Handler.dispatchMessage(Handler.java:99)
08-29 15:05:47.519  3224  3224 E WindowManager: 	at androidx.test.espresso.base.Interrogator.loopAndInterrogate(Interrogator.java:53)
08-29 15:05:47.519  3224  3224 E WindowManager: 	at androidx.test.espresso.base.UiControllerImpl.loopUntil(UiControllerImpl.java:155)
08-29 15:05:47.519  3224  3224 E WindowManager: 	at androidx.test.espresso.base.UiControllerImpl.loopUntil(UiControllerImpl.java:149)
08-29 15:05:47.519  3224  3224 E WindowManager: 	at androidx.test.espresso.base.UiControllerImpl.injectMotionEvent(UiControllerImpl.java:53)
08-29 15:05:47.519  3224  3224 E WindowManager: 	at androidx.test.espresso.action.MotionEvents.sendUp(MotionEvents.java:122)
08-29 15:05:47.519  3224  3224 E WindowManager: 	at androidx.test.espresso.action.MotionEvents.sendUp(MotionEvents.java:117)
08-29 15:05:47.519  3224  3224 E WindowManager: 	at androidx.test.espresso.action.Tap.sendSingleTap(Tap.java:27)
08-29 15:05:47.519  3224  3224 E WindowManager: 	at androidx.test.espresso.action.Tap.access$100(Tap.java:21)
08-29 15:05:47.519  3224  3224 E WindowManager: 	at androidx.test.espresso.action.Tap$1.sendTap(Tap.java:3)
08-29 15:05:47.519  3224  3224 E WindowManager: 	at androidx.test.espresso.action.GeneralClickAction.perform(GeneralClickAction.java:23)
08-29 15:05:47.519  3224  3224 E WindowManager: 	at androidx.test.espresso.ViewInteraction$SingleExecutionViewAction.perform(ViewInteraction.java:16)
08-29 15:05:47.519  3224  3224 E WindowManager: 	at androidx.test.espresso.ViewInteraction.doPerform(ViewInteraction.java:65)
08-29 15:05:47.519  3224  3224 E WindowManager: 	at androidx.test.espresso.ViewInteraction.access$100(ViewInteraction.java:15)
08-29 15:05:47.519  3224  3224 E WindowManager: 	at androidx.test.espresso.ViewInteraction$1.call(ViewInteraction.java:3)
08-29 15:05:47.519  3224  3224 E WindowManager: 	at androidx.test.espresso.ViewInteraction$1.call(ViewInteraction.java:2)
08-29 15:05:47.519  3224  3224 E WindowManager: 	at java.util.concurrent.FutureTask.run(FutureTask.java:266)
08-29 15:05:47.519  3224  3224 E WindowManager: 	at android.os.Handler.handleCallback(Handler.java:938)
08-29 15:05:47.519  3224  3224 E WindowManager: 	at android.os.Handler.dispatchMessage(Handler.java:99)
08-29 15:05:47.519  3224  3224 E WindowManager: 	at android.os.Looper.loop(Looper.java:223)
08-29 15:05:47.519  3224  3224 E WindowManager: 	at android.app.ActivityThread.main(ActivityThread.java:7656)
08-29 15:05:47.519  3224  3224 E WindowManager: 	at java.lang.reflect.Method.invoke(Native Method)
08-29 15:05:47.519  3224  3224 E WindowManager: 	at com.android.internal.os.RuntimeInit$MethodAndArgsCaller.run(RuntimeInit.java:592)
08-29 15:05:47.519  3224  3224 E WindowManager: 	at com.android.internal.os.ZygoteInit.main(ZygoteInit.java:947)
08-29 15:05:47.520   370  1135 E BufferQueueProducer: [PopupWindow:ef895be#0](id:172000005f6,api:1,p:3224,c:370) cancelBuffer: BufferQueue has been abandoned
08-29 15:05:47.527   541  3047 W WindowManager: Failed looking up window session=Session{870fc49 3224:u0a10186} callers=com.android.server.wm.WindowManagerService.windowForClientLocked:5425 com.android.server.wm.WindowManagerService.relayoutWindow:2122 com.android.server.wm.Session.relayout:213 
08-29 15:05:47.561   370  1134 I BpBinder: onLastStrongRef automatically unlinking death recipients: <uncached descriptor>
08-29 15:05:47.561   316   360 D goldfish-address-space: claimShared: Ask to claim region [0x2dc000000 0x2dd0b3000]
08-29 15:05:47.599   316   360 D goldfish-address-space: claimShared: Ask to claim region [0x2dd0b3000 0x2de166000]
08-29 15:05:47.612  3224  3224 D LifecycleMonitor: Lifecycle status change: androidx.test.core.app.InstrumentationActivityInvoker$EmptyActivity@4f2c416 in: PAUSED
08-29 15:05:47.612  3224  3224 D LifecycleMonitor: running callback: androidx.test.core.app.ActivityScenario$1@94ae269
08-29 15:05:47.612  3224  3224 V ActivityScenario: Activity lifecycle changed event received but ignored because the intent does not match. startActivityIntent=Intent { act=android.intent.action.MAIN cat=[android.intent.category.LAUNCHER] cmp=com.simplemobiletools.notes.pro.debug/com.simplemobiletools.notes.pro.activities.MainActivity }, activity.getIntent()=Intent { act=android.intent.action.MAIN cat=[android.intent.category.LAUNCHER] flg=0x10000000 cmp=com.simplemobiletools.notes.pro.debug/androidx.test.core.app.InstrumentationActivityInvoker$EmptyActivity }, activity=androidx.test.core.app.InstrumentationActivityInvoker$EmptyActivity@4f2c416
08-29 15:05:47.612  3224  3224 D LifecycleMonitor: callback completes: androidx.test.core.app.ActivityScenario$1@94ae269
08-29 15:05:47.614   541  3047 W ActivityTaskManager: Tried to set launchTime (0) < mLastActivityLaunchTime (43575222)
08-29 15:05:47.614   541  3047 W InputReader: Device virtio_input_multi_touch_9 is associated with display ADISPLAY_ID_NONE.
08-29 15:05:47.614   541  3047 W InputReader: Device virtio_input_multi_touch_7 is associated with display ADISPLAY_ID_NONE.
08-29 15:05:47.614   541  3047 W InputReader: Device virtio_input_multi_touch_10 is associated with display ADISPLAY_ID_NONE.
08-29 15:05:47.614   541  3047 W InputReader: Device virtio_input_multi_touch_4 is associated with display ADISPLAY_ID_NONE.
08-29 15:05:47.614   541  3047 W InputReader: Device virtio_input_multi_touch_11 is associated with display ADISPLAY_ID_NONE.
08-29 15:05:47.614   541  3047 W InputReader: Device virtio_input_multi_touch_6 is associated with display ADISPLAY_ID_NONE.
08-29 15:05:47.615   541  3047 W InputReader: Device virtio_input_multi_touch_5 is associated with display ADISPLAY_ID_NONE.
08-29 15:05:47.615   541  3047 W InputReader: Device virtio_input_multi_touch_3 is associated with display ADISPLAY_ID_NONE.
08-29 15:05:47.615   541  3047 W InputReader: Device virtio_input_multi_touch_2 is associated with display ADISPLAY_ID_NONE.
08-29 15:05:47.615   541  3047 W InputReader: Device virtio_input_multi_touch_8 is associated with display ADISPLAY_ID_NONE.
08-29 15:05:47.615   541  3047 W InputReader: Device virtio_input_multi_touch_9 is associated with display ADISPLAY_ID_NONE.
08-29 15:05:47.615   541  3047 W InputReader: Device virtio_input_multi_touch_7 is associated with display ADISPLAY_ID_NONE.
08-29 15:05:47.615   541  3047 W InputReader: Device virtio_input_multi_touch_10 is associated with display ADISPLAY_ID_NONE.
08-29 15:05:47.615   541  3047 W InputReader: Device virtio_input_multi_touch_4 is associated with display ADISPLAY_ID_NONE.
08-29 15:05:47.615   541  3047 W InputReader: Device virtio_input_multi_touch_11 is associated with display ADISPLAY_ID_NONE.
08-29 15:05:47.615   541  3047 W InputReader: Device virtio_input_multi_touch_6 is associated with display ADISPLAY_ID_NONE.
08-29 15:05:47.615   541  3047 W InputReader: Device virtio_input_multi_touch_5 is associated with display ADISPLAY_ID_NONE.
08-29 15:05:47.615   541  3047 W InputReader: Device virtio_input_multi_touch_3 is associated with display ADISPLAY_ID_NONE.
08-29 15:05:47.615   541  3047 W InputReader: Device virtio_input_multi_touch_2 is associated with display ADISPLAY_ID_NONE.
08-29 15:05:47.615   541  3047 W InputReader: Device virtio_input_multi_touch_8 is associated with display ADISPLAY_ID_NONE.
08-29 15:05:47.621   402   402 I perfetto: probes_producer.cc:329  Producer stop (id=427)
08-29 15:05:47.623   541  3047 W WindowManager: Cannot find window which accessibility connection is added to
08-29 15:05:47.623   404   404 I perfetto: ng_service_impl.cc:1948 Tracing session 427 ended, total sessions:4
08-29 15:05:47.624   541  3047 W WindowManager: Failed looking up window session=Session{870fc49 3224:u0a10186} callers=com.android.server.wm.WindowManagerService.windowForClientLocked:5425 com.android.server.wm.WindowManagerService.removeWindow:1892 com.android.server.wm.Session.remove:193 
08-29 15:05:47.627  3224  3224 D LifecycleMonitor: Lifecycle status change: androidx.test.core.app.InstrumentationActivityInvoker$BootstrapActivity@ba5cf0 in: DESTROYED
08-29 15:05:47.627  3224  3224 D LifecycleMonitor: running callback: androidx.test.core.app.ActivityScenario$1@94ae269
08-29 15:05:47.628  3224  3224 V ActivityScenario: Activity lifecycle changed event received but ignored because the intent does not match. startActivityIntent=Intent { act=android.intent.action.MAIN cat=[android.intent.category.LAUNCHER] cmp=com.simplemobiletools.notes.pro.debug/com.simplemobiletools.notes.pro.activities.MainActivity }, activity.getIntent()=Intent { act=android.intent.action.MAIN cat=[android.intent.category.LAUNCHER] flg=0x10008000 cmp=com.simplemobiletools.notes.pro.debug/androidx.test.core.app.InstrumentationActivityInvoker$BootstrapActivity (has extras) }, activity=androidx.test.core.app.InstrumentationActivityInvoker$BootstrapActivity@ba5cf0
08-29 15:05:47.628  3224  3224 D LifecycleMonitor: callback completes: androidx.test.core.app.ActivityScenario$1@94ae269
08-29 15:05:47.636  3224  3224 D LifecycleMonitor: Lifecycle status change: androidx.test.core.app.InstrumentationActivityInvoker$EmptyActivity@70a9520 in: PRE_ON_CREATE
08-29 15:05:47.636  3224  3224 D LifecycleMonitor: running callback: androidx.test.core.app.ActivityScenario$1@94ae269
08-29 15:05:47.636  3224  3224 V ActivityScenario: Activity lifecycle changed event received but ignored because the intent does not match. startActivityIntent=Intent { act=android.intent.action.MAIN cat=[android.intent.category.LAUNCHER] cmp=com.simplemobiletools.notes.pro.debug/com.simplemobiletools.notes.pro.activities.MainActivity }, activity.getIntent()=Intent { act=android.intent.action.MAIN cat=[android.intent.category.LAUNCHER] flg=0x10000000 cmp=com.simplemobiletools.notes.pro.debug/androidx.test.core.app.InstrumentationActivityInvoker$EmptyActivity }, activity=androidx.test.core.app.InstrumentationActivityInvoker$EmptyActivity@70a9520
08-29 15:05:47.636  3224  3224 D LifecycleMonitor: callback completes: androidx.test.core.app.ActivityScenario$1@94ae269
08-29 15:05:47.643  3224  3224 D LifecycleMonitor: Lifecycle status change: androidx.test.core.app.InstrumentationActivityInvoker$EmptyActivity@70a9520 in: CREATED
08-29 15:05:47.644  3224  3224 D LifecycleMonitor: running callback: androidx.test.core.app.ActivityScenario$1@94ae269
08-29 15:05:47.644  3224  3224 V ActivityScenario: Activity lifecycle changed event received but ignored because the intent does not match. startActivityIntent=Intent { act=android.intent.action.MAIN cat=[android.intent.category.LAUNCHER] cmp=com.simplemobiletools.notes.pro.debug/com.simplemobiletools.notes.pro.activities.MainActivity }, activity.getIntent()=Intent { act=android.intent.action.MAIN cat=[android.intent.category.LAUNCHER] flg=0x10000000 cmp=com.simplemobiletools.notes.pro.debug/androidx.test.core.app.InstrumentationActivityInvoker$EmptyActivity }, activity=androidx.test.core.app.InstrumentationActivityInvoker$EmptyActivity@70a9520
08-29 15:05:47.645  3224  3224 D LifecycleMonitor: callback completes: androidx.test.core.app.ActivityScenario$1@94ae269
08-29 15:05:47.650  3224  3224 D LifecycleMonitor: Lifecycle status change: androidx.test.core.app.InstrumentationActivityInvoker$EmptyActivity@70a9520 in: STARTED
08-29 15:05:47.650  3224  3224 D LifecycleMonitor: running callback: androidx.test.core.app.ActivityScenario$1@94ae269
08-29 15:05:47.651  3224  3224 V ActivityScenario: Activity lifecycle changed event received but ignored because the intent does not match. startActivityIntent=Intent { act=android.intent.action.MAIN cat=[android.intent.category.LAUNCHER] cmp=com.simplemobiletools.notes.pro.debug/com.simplemobiletools.notes.pro.activities.MainActivity }, activity.getIntent()=Intent { act=android.intent.action.MAIN cat=[android.intent.category.LAUNCHER] flg=0x10000000 cmp=com.simplemobiletools.notes.pro.debug/androidx.test.core.app.InstrumentationActivityInvoker$EmptyActivity }, activity=androidx.test.core.app.InstrumentationActivityInvoker$EmptyActivity@70a9520
08-29 15:05:47.651  3224  3224 D LifecycleMonitor: callback completes: androidx.test.core.app.ActivityScenario$1@94ae269
08-29 15:05:47.652  3224  3224 D LifecycleMonitor: Lifecycle status change: androidx.test.core.app.InstrumentationActivityInvoker$EmptyActivity@70a9520 in: RESUMED
08-29 15:05:47.652  3224  3224 D LifecycleMonitor: running callback: androidx.test.core.app.ActivityScenario$1@94ae269
08-29 15:05:47.652  3224  3224 V ActivityScenario: Activity lifecycle changed event received but ignored because the intent does not match. startActivityIntent=Intent { act=android.intent.action.MAIN cat=[android.intent.category.LAUNCHER] cmp=com.simplemobiletools.notes.pro.debug/com.simplemobiletools.notes.pro.activities.MainActivity }, activity.getIntent()=Intent { act=android.intent.action.MAIN cat=[android.intent.category.LAUNCHER] flg=0x10000000 cmp=com.simplemobiletools.notes.pro.debug/androidx.test.core.app.InstrumentationActivityInvoker$EmptyActivity }, activity=androidx.test.core.app.InstrumentationActivityInvoker$EmptyActivity@70a9520
08-29 15:05:47.652  3224  3224 D LifecycleMonitor: callback completes: androidx.test.core.app.ActivityScenario$1@94ae269
08-29 15:05:47.676   316   360 D goldfish-address-space: claimShared: Ask to claim region [0x2d8000000 0x2d90b3000]
08-29 15:05:47.691   316   360 D goldfish-address-space: claimShared: Ask to claim region [0x2d90b3000 0x2da166000]
08-29 15:05:47.705   316   360 D goldfish-address-space: claimShared: Ask to claim region [0x2de166000 0x2df219000]
08-29 15:05:47.723   541   596 I ActivityTaskManager: Displayed com.simplemobiletools.notes.pro.debug/androidx.test.core.app.InstrumentationActivityInvoker$EmptyActivity: +226ms
08-29 15:05:47.728   316   316 D goldfish-address-space: claimShared: Ask to claim region [0x2e0000000 0x2e10b3000]
08-29 15:05:47.751   316   316 D goldfish-address-space: claimShared: Ask to claim region [0x2dd0b3000 0x2de166000]
08-29 15:05:47.761   174   174 I hwservicemanager: getTransport: Cannot find entry android.hardware.graphics.mapper@4.0::IMapper/default in either framework or device manifest.
08-29 15:05:47.761  3210  3260 I Gralloc4: mapper 4.x is not supported
08-29 15:05:47.784  3224  3224 D LifecycleMonitor: Lifecycle status change: androidx.test.core.app.InstrumentationActivityInvoker$EmptyActivity@4f2c416 in: STOPPED
08-29 15:05:47.786  3224  3224 D LifecycleMonitor: Lifecycle status change: androidx.test.core.app.InstrumentationActivityInvoker$EmptyActivity@4f2c416 in: DESTROYED
08-29 15:05:47.791  3224  3224 D LifecycleMonitor: Lifecycle status change: androidx.test.core.app.InstrumentationActivityInvoker$EmptyActivity@70a9520 in: PAUSED
08-29 15:05:47.792  3210  3260 D HostConnection: createUnique: call
08-29 15:05:47.792  3210  3260 D HostConnection: HostConnection::get() New Host Connection established 0xecb82cb0, tid 3260
08-29 15:05:47.793  3210  3260 D goldfish-address-space: allocate: Ask for block of size 0x100
08-29 15:05:47.793  3210  3260 D goldfish-address-space: allocate: ioctl allocate returned offset 0x2d7ffe000 size 0x2000
08-29 15:05:47.794   541   918 W InputReader: Device virtio_input_multi_touch_9 is associated with display ADISPLAY_ID_NONE.
08-29 15:05:47.794   541   918 W InputReader: Device virtio_input_multi_touch_7 is associated with display ADISPLAY_ID_NONE.
08-29 15:05:47.794   541   918 W InputReader: Device virtio_input_multi_touch_10 is associated with display ADISPLAY_ID_NONE.
08-29 15:05:47.794   541   918 W InputReader: Device virtio_input_multi_touch_4 is associated with display ADISPLAY_ID_NONE.
08-29 15:05:47.794   541   918 W InputReader: Device virtio_input_multi_touch_11 is associated with display ADISPLAY_ID_NONE.
08-29 15:05:47.794   541   918 W InputReader: Device virtio_input_multi_touch_6 is associated with display ADISPLAY_ID_NONE.
08-29 15:05:47.794   541   918 W InputReader: Device virtio_input_multi_touch_5 is associated with display ADISPLAY_ID_NONE.
08-29 15:05:47.794   541   918 W InputReader: Device virtio_input_multi_touch_3 is associated with display ADISPLAY_ID_NONE.
08-29 15:05:47.794   541   918 W InputReader: Device virtio_input_multi_touch_2 is associated with display ADISPLAY_ID_NONE.
08-29 15:05:47.794   541   918 W InputReader: Device virtio_input_multi_touch_8 is associated with display ADISPLAY_ID_NONE.
08-29 15:05:47.794   541   918 W InputReader: Device virtio_input_multi_touch_9 is associated with display ADISPLAY_ID_NONE.
08-29 15:05:47.794   541   918 W InputReader: Device virtio_input_multi_touch_7 is associated with display ADISPLAY_ID_NONE.
08-29 15:05:47.794   541   918 W InputReader: Device virtio_input_multi_touch_10 is associated with display ADISPLAY_ID_NONE.
08-29 15:05:47.794   541   918 W InputReader: Device virtio_input_multi_touch_4 is associated with display ADISPLAY_ID_NONE.
08-29 15:05:47.794   541   918 W InputReader: Device virtio_input_multi_touch_11 is associated with display ADISPLAY_ID_NONE.
08-29 15:05:47.794   541   918 W InputReader: Device virtio_input_multi_touch_6 is associated with display ADISPLAY_ID_NONE.
08-29 15:05:47.794   541   918 W InputReader: Device virtio_input_multi_touch_5 is associated with display ADISPLAY_ID_NONE.
08-29 15:05:47.794   541   918 W InputReader: Device virtio_input_multi_touch_3 is associated with display ADISPLAY_ID_NONE.
08-29 15:05:47.794   541   918 W InputReader: Device virtio_input_multi_touch_2 is associated with display ADISPLAY_ID_NONE.
08-29 15:05:47.794   541   918 W InputReader: Device virtio_input_multi_touch_8 is associated with display ADISPLAY_ID_NONE.
08-29 15:05:47.797  3210  3260 D HostConnection: HostComposition ext ANDROID_EMU_CHECKSUM_HELPER_v1 ANDROID_EMU_native_sync_v2 ANDROID_EMU_native_sync_v3 ANDROID_EMU_native_sync_v4 ANDROID_EMU_dma_v1 ANDROID_EMU_direct_mem ANDROID_EMU_host_composition_v1 ANDROID_EMU_host_composition_v2 ANDROID_EMU_vulkan ANDROID_EMU_deferred_vulkan_commands ANDROID_EMU_vulkan_null_optional_strings ANDROID_EMU_vulkan_create_resources_with_requirements ANDROID_EMU_YUV_Cache ANDROID_EMU_async_unmap_buffer ANDROID_EMU_vulkan_ignored_handles ANDROID_EMU_has_shared_slots_host_memory_allocator ANDROID_EMU_vulkan_free_memory_sync ANDROID_EMU_vulkan_shader_float16_int8 ANDROID_EMU_vulkan_async_queue_submit ANDROID_EMU_sync_buffer_data GL_OES_vertex_array_object GL_KHR_texture_compression_astc_ldr ANDROID_EMU_host_side_tracing ANDROID_EMU_async_frame_commands ANDROID_EMU_gles_max_version_2 
08-29 15:05:47.809   316   316 D goldfish-address-space: claimShared: Ask to claim region [0x2dc000000 0x2dd0b3000]
08-29 15:05:47.824   316   316 D goldfish-address-space: claimShared: Ask to claim region [0x2e10b3000 0x2e2166000]
08-29 15:05:47.832  3210  3348 D libEGL  : loaded /vendor/lib/egl/libEGL_emulation.so
08-29 15:05:47.833  3210  3348 D libEGL  : loaded /vendor/lib/egl/libGLESv1_CM_emulation.so
08-29 15:05:47.834  3210  3348 D libEGL  : loaded /vendor/lib/egl/libGLESv2_emulation.so
08-29 15:05:47.835   316   360 D goldfish-address-space: claimShared: Ask to claim region [0x2e4033000 0x2e50e6000]
08-29 15:05:47.845   316 22643 D goldfish-address-space: claimShared: Ask to claim region [0x2e50e6000 0x2e6199000]
08-29 15:05:47.851  3210  3348 D HostConnection: HostConnection::get() New Host Connection established 0xecb82a10, tid 3348
08-29 15:05:47.854  3210  3348 D HostConnection: HostComposition ext ANDROID_EMU_CHECKSUM_HELPER_v1 ANDROID_EMU_native_sync_v2 ANDROID_EMU_native_sync_v3 ANDROID_EMU_native_sync_v4 ANDROID_EMU_dma_v1 ANDROID_EMU_direct_mem ANDROID_EMU_host_composition_v1 ANDROID_EMU_host_composition_v2 ANDROID_EMU_vulkan ANDROID_EMU_deferred_vulkan_commands ANDROID_EMU_vulkan_null_optional_strings ANDROID_EMU_vulkan_create_resources_with_requirements ANDROID_EMU_YUV_Cache ANDROID_EMU_async_unmap_buffer ANDROID_EMU_vulkan_ignored_handles ANDROID_EMU_has_shared_slots_host_memory_allocator ANDROID_EMU_vulkan_free_memory_sync ANDROID_EMU_vulkan_shader_float16_int8 ANDROID_EMU_vulkan_async_queue_submit ANDROID_EMU_sync_buffer_data GL_OES_vertex_array_object GL_KHR_texture_compression_astc_ldr ANDROID_EMU_host_side_tracing ANDROID_EMU_async_frame_commands ANDROID_EMU_gles_max_version_2 
08-29 15:05:47.859   174   174 I hwservicemanager: getTransport: Cannot find entry android.hardware.configstore@1.0::ISurfaceFlingerConfigs/default in either framework or device manifest.
08-29 15:05:47.860  3210  3348 W OpenGLRenderer: Failed to choose config with EGL_SWAP_BEHAVIOR_PRESERVED, retrying without...
08-29 15:05:47.886   316   360 D goldfish-address-space: claimShared: Ask to claim region [0x2e6199000 0x2e724c000]
08-29 15:05:47.900  3210  3348 D EGL_emulation: eglCreateContext: 0xecb82fc0: maj 2 min 0 rcv 2
08-29 15:05:47.919   316   360 D goldfish-address-space: claimShared: Ask to claim region [0x2e8000000 0x2e90b3000]
08-29 15:05:47.920  3210  3348 D EGL_emulation: eglMakeCurrent: 0xecb82fc0: ver 2 0 (tinfo 0xeced6dd0) (first time)
08-29 15:05:47.948  1705  1705 I QSB.SuggestionsProviderImpl: chars:3,source:Source{name=com.android.quicksearchbox/.google.GoogleSearch}
08-29 15:05:48.044  1397  1397 I LatinIME: Starting input. Cursor position = 3,3
08-29 15:05:48.045  3224  3224 D LifecycleMonitor: Lifecycle status change: androidx.test.core.app.InstrumentationActivityInvoker$EmptyActivity@70a9520 in: STOPPED
08-29 15:05:48.047   541  3543 D HostConnection: HostConnection::get() New Host Connection established 0xeaeb9740, tid 3543
08-29 15:05:48.050  3224  3224 D LifecycleMonitor: Lifecycle status change: androidx.test.core.app.InstrumentationActivityInvoker$EmptyActivity@70a9520 in: DESTROYED
08-29 15:05:48.070   355   355 I android.hardware.vibrator-service.example: Vibrator reporting capabilities
08-29 15:05:48.101   316   360 D goldfish-address-space: claimShared: Ask to claim region [0x2d8000000 0x2d8fc2000]
08-29 15:05:48.118   541  3543 D HostConnection: HostComposition ext ANDROID_EMU_CHECKSUM_HELPER_v1 ANDROID_EMU_native_sync_v2 ANDROID_EMU_native_sync_v3 ANDROID_EMU_native_sync_v4 ANDROID_EMU_dma_v1 ANDROID_EMU_direct_mem ANDROID_EMU_host_composition_v1 ANDROID_EMU_host_composition_v2 ANDROID_EMU_vulkan ANDROID_EMU_deferred_vulkan_commands ANDROID_EMU_vulkan_null_optional_strings ANDROID_EMU_vulkan_create_resources_with_requirements ANDROID_EMU_YUV_Cache ANDROID_EMU_async_unmap_buffer ANDROID_EMU_vulkan_ignored_handles ANDROID_EMU_has_shared_slots_host_memory_allocator ANDROID_EMU_vulkan_free_memory_sync ANDROID_EMU_vulkan_shader_float16_int8 ANDROID_EMU_vulkan_async_queue_submit ANDROID_EMU_sync_buffer_data GL_OES_vertex_array_object GL_KHR_texture_compression_astc_ldr ANDROID_EMU_host_side_tracing ANDROID_EMU_async_frame_commands ANDROID_EMU_gles_max_version_2 
08-29 15:05:48.133   316   360 D goldfish-address-space: claimShared: Ask to claim region [0x2d8fc2000 0x2d9f84000]
08-29 15:05:48.133   541  3543 W OpenGLRenderer: Failed to choose config with EGL_SWAP_BEHAVIOR_PRESERVED, retrying without...
08-29 15:05:48.151   541  3543 D EGL_emulation: eglCreateContext: 0xeae99e60: maj 2 min 0 rcv 2
08-29 15:05:48.166   541  3543 D EGL_emulation: eglMakeCurrent: 0xeae99e60: ver 2 0 (tinfo 0xb5657650) (first time)
08-29 15:05:48.169   316   360 D goldfish-address-space: claimShared: Ask to claim region [0x2d9f84000 0x2daf46000]
08-29 15:05:48.237  1705  1736 W GoogleSearch: Error
08-29 15:05:48.237  1705  1736 W GoogleSearch: java.io.IOException: Cleartext traffic not permitted: http://www.google.com
08-29 15:05:48.237  1705  1736 W GoogleSearch: 	at org.apache.http.impl.client.DefaultRequestDirector.execute(DefaultRequestDirector.java:439)
08-29 15:05:48.237  1705  1736 W GoogleSearch: 	at org.apache.http.impl.client.AbstractHttpClient.execute(AbstractHttpClient.java:560)
08-29 15:05:48.237  1705  1736 W GoogleSearch: 	at org.apache.http.impl.client.AbstractHttpClient.execute(AbstractHttpClient.java:492)
08-29 15:05:48.237  1705  1736 W GoogleSearch: 	at org.apache.http.impl.client.AbstractHttpClient.execute(AbstractHttpClient.java:470)
08-29 15:05:48.237  1705  1736 W GoogleSearch: 	at android.net.http.AndroidHttpClient.execute(AndroidHttpClient.java:250)
08-29 15:05:48.237  1705  1736 W GoogleSearch: 	at com.android.quicksearchbox.google.GoogleSuggestClient.query(GoogleSuggestClient.java:116)
08-29 15:05:48.237  1705  1736 W GoogleSearch: 	at com.android.quicksearchbox.google.GoogleSuggestClient.queryInternal(GoogleSuggestClient.java:84)
08-29 15:05:48.237  1705  1736 W GoogleSearch: 	at com.android.quicksearchbox.google.AbstractGoogleSource.getSuggestions(AbstractGoogleSource.java:103)
08-29 15:05:48.237  1705  1736 W GoogleSearch: 	at com.android.quicksearchbox.google.AbstractGoogleSource.getSuggestions(AbstractGoogleSource.java:34)
08-29 15:05:48.237  1705  1736 W GoogleSearch: 	at com.android.quicksearchbox.QueryTask.run(QueryTask.java:66)
08-29 15:05:48.237  1705  1736 W GoogleSearch: 	at com.android.quicksearchbox.util.SingleThreadNamedTaskExecutor$Worker.loop(SingleThreadNamedTaskExecutor.java:85)
08-29 15:05:48.237  1705  1736 W GoogleSearch: 	at com.android.quicksearchbox.util.SingleThreadNamedTaskExecutor$Worker.run(SingleThreadNamedTaskExecutor.java:66)
08-29 15:05:48.237  1705  1736 W GoogleSearch: 	at java.lang.Thread.run(Thread.java:923)
08-29 15:05:48.237  1705  1736 W GoogleSearch: 	at com.android.quicksearchbox.util.PriorityThreadFactory$1.run(PriorityThreadFactory.java:45)
--------- beginning of kernel
08-29 14:54:39.016     0     0 D logd    : logdr: UID=0 GID=0 PID=3350 n tail=0 logMask=99 pid=0 start=0ns timeout=0ns
