--------- beginning of main
08-29 15:05:43.298   174   174 I hwservicemanager: getTransport: Cannot find entry android.hardware.configstore@1.0::ISurfaceFlingerConfigs/default in either framework or device manifest.
08-29 15:05:43.299  3224  3274 W OpenGLRenderer: Failed to choose config with EGL_SWAP_BEHAVIOR_PRESERVED, retrying without...
08-29 15:05:43.318  3224  3274 D EGL_emulation: eglCreateContext: 0xeaea2e50: maj 2 min 0 rcv 2
08-29 15:05:43.331  3224  3274 D EGL_emulation: eglMakeCurrent: 0xeaea2e50: ver 2 0 (tinfo 0xeb1dc1d0) (first time)
08-29 15:05:43.345   316   316 D goldfish-address-space: claimShared: Ask to claim region [0x2dcfc2000 0x2de075000]
08-29 15:05:43.399   174   174 I hwservicemanager: getTransport: Cannot find entry android.hardware.graphics.mapper@4.0::IMapper/default in either framework or device manifest.
08-29 15:05:43.399  3224  3274 I Gralloc4: mapper 4.x is not supported
08-29 15:05:43.401  3224  3274 D HostConnection: createUnique: call
08-29 15:05:43.402  3224  3274 D HostConnection: HostConnection::get() New Host Connection established 0xeaea2de0, tid 3274
08-29 15:05:43.402  3224  3274 D goldfish-address-space: allocate: Ask for block of size 0x100
08-29 15:05:43.402  3224  3274 D goldfish-address-space: allocate: ioctl allocate returned offset 0x2d7ffe000 size 0x2000
08-29 15:05:43.443  3224  3274 D HostConnection: HostComposition ext ANDROID_EMU_CHECKSUM_HELPER_v1 ANDROID_EMU_native_sync_v2 ANDROID_EMU_native_sync_v3 ANDROID_EMU_native_sync_v4 ANDROID_EMU_dma_v1 ANDROID_EMU_direct_mem ANDROID_EMU_host_composition_v1 ANDROID_EMU_host_composition_v2 ANDROID_EMU_vulkan ANDROID_EMU_deferred_vulkan_commands ANDROID_EMU_vulkan_null_optional_strings ANDROID_EMU_vulkan_create_resources_with_requirements ANDROID_EMU_YUV_Cache ANDROID_EMU_async_unmap_buffer ANDROID_EMU_vulkan_ignored_handles ANDROID_EMU_has_shared_slots_host_memory_allocator ANDROID_EMU_vulkan_free_memory_sync ANDROID_EMU_vulkan_shader_float16_int8 ANDROID_EMU_vulkan_async_queue_submit ANDROID_EMU_sync_buffer_data GL_OES_vertex_array_object GL_KHR_texture_compression_astc_ldr ANDROID_EMU_host_side_tracing ANDROID_EMU_async_frame_commands ANDROID_EMU_gles_max_version_2 
08-29 15:05:43.447   316   316 D goldfish-address-space: claimShared: Ask to claim region [0x2e10b3000 0x2e2166000]
08-29 15:05:43.464   316   360 D goldfish-address-space: claimShared: Ask to claim region [0x2e4033000 0x2e50e6000]
08-29 15:05:43.477  1031  1048 I droid.launcher: NativeAlloc concurrent copying GC freed 19962(1004KB) AllocSpace objects, 4(476KB) LOS objects, 49% free, 4725KB/9451KB, paused 377us total 192.525ms
08-29 15:05:43.478  1031  1048 W droid.launcher: Reducing the number of considered missed Gc histogram windows from 113 to 100
08-29 15:05:43.499   822   838 I ndroid.systemu: NativeAlloc concurrent copying GC freed 30468(1399KB) AllocSpace objects, 37(740KB) LOS objects, 49% free, 6957KB/13MB, paused 367us total 298.743ms
08-29 15:05:43.499   822   838 W ndroid.systemu: Reducing the number of considered missed Gc histogram windows from 113 to 100
08-29 15:05:43.566   541   588 D EventSequenceValidator: Transition from ACTIVITY_LAUNCHED to ACTIVITY_FINISHED
08-29 15:05:43.567   541   596 D ArtManagerInternalImpl: /data/misc/iorapd/com.simplemobiletools.notes.pro.debug/84/com.simplemobiletools.notes.pro.activities.MainActivity/compiled_traces/compiled_trace.pb doesn't exist
08-29 15:05:43.569   541   596 I ActivityTaskManager: Displayed com.simplemobiletools.notes.pro.debug/com.simplemobiletools.notes.pro.activities.MainActivity: +1s7ms
08-29 15:05:43.659   370   391 W ServiceManager: Permission failure: android.permission.ACCESS_SURFACE_FLINGER from uid=10186 pid=3224
08-29 15:05:43.659   370   391 D PermissionCache: checking android.permission.ACCESS_SURFACE_FLINGER for uid=10186 => denied (1522 us)
08-29 15:05:43.717  3224  3224 D IdlingResourceRegistry: All idling resources are idle.
08-29 15:05:43.720  3224  3224 W notes.pro.debu: Accessing hidden method Landroid/os/MessageQueue;->next()Landroid/os/Message; (greylist, reflection, allowed)
08-29 15:05:43.720  3224  3224 W notes.pro.debu: Accessing hidden field Landroid/os/MessageQueue;->mMessages:Landroid/os/Message; (greylist, reflection, allowed)
08-29 15:05:43.720  3224  3224 W notes.pro.debu: Accessing hidden method Landroid/os/Message;->recycleUnchecked()V (greylist, reflection, allowed)
08-29 15:05:43.789   316   316 D goldfish-address-space: claimShared: Ask to claim region [0x2d8000000 0x2d90b3000]
--------- beginning of system
08-29 15:05:43.831   541   541 D AutofillInlineSuggestionsRequestSession: onCreateInlineSuggestionsRequestLocked called: 1073741825@164891188
08-29 15:05:43.831   541   541 D AutofillInlineSuggestionsRequestSession: onInlineSuggestionsUnsupported() called.
08-29 15:05:43.837   316   316 D goldfish-address-space: claimShared: Ask to claim region [0x2de075000 0x2df128000]
08-29 15:05:43.858  3224  3224 I AssistStructure: Flattened final assist data: 2784 bytes, containing 1 windows, 20 views
08-29 15:05:43.860  3224  3224 D IdlingResourceRegistry: All idling resources are idle.
08-29 15:05:43.865  3224  3224 W notes.pro.debu: Accessing hidden method Landroid/view/WindowManagerGlobal;->getInstance()Landroid/view/WindowManagerGlobal; (greylist, reflection, allowed)
08-29 15:05:43.865  3224  3224 W notes.pro.debu: Accessing hidden field Landroid/view/WindowManagerGlobal;->mViews:Ljava/util/ArrayList; (greylist, reflection, allowed)
08-29 15:05:43.865  3224  3224 W notes.pro.debu: Accessing hidden field Landroid/view/WindowManagerGlobal;->mParams:Ljava/util/ArrayList; (greylist, reflection, allowed)
08-29 15:05:43.872  3224  3224 I ViewInteraction: Checking 'MatchesViewAssertion{viewMatcher=is displayed on the screen to the user}' assertion on view with id is <com.simplemobiletools.notes.pro.debug:id/action_bar>
08-29 15:05:43.874  3224  3247 I Espresso Run: Opening the menu
08-29 15:05:43.875  3224  3224 D IdlingResourceRegistry: All idling resources are idle.
08-29 15:05:43.875  3224  3224 D IdlingResourceRegistry: All idling resources are idle.
08-29 15:05:43.875  3224  3224 I ViewInteraction: Checking 'MatchesViewAssertion{viewMatcher=is displayed on the screen to the user}' assertion on view with content description text: is "More options"
08-29 15:05:43.878  3224  3224 D LifecycleMonitor: Lifecycle status change: androidx.test.core.app.InstrumentationActivityInvoker$BootstrapActivity@b7406e3 in: STOPPED
08-29 15:05:43.878  3224  3224 D LifecycleMonitor: running callback: androidx.test.core.app.ActivityScenario$1@11248e0
08-29 15:05:43.879  3224  3247 W notes.pro.debu: Accessing hidden method Landroid/view/ViewConfiguration;->getDoubleTapMinTime()I (greylist, reflection, allowed)
08-29 15:05:43.879  3224  3224 V ActivityScenario: Activity lifecycle changed event received but ignored because the intent does not match. startActivityIntent=Intent { act=android.intent.action.MAIN cat=[android.intent.category.LAUNCHER] cmp=com.simplemobiletools.notes.pro.debug/com.simplemobiletools.notes.pro.activities.MainActivity }, activity.getIntent()=Intent { act=android.intent.action.MAIN cat=[android.intent.category.LAUNCHER] flg=0x10008000 cmp=com.simplemobiletools.notes.pro.debug/androidx.test.core.app.InstrumentationActivityInvoker$BootstrapActivity (has extras) }, activity=androidx.test.core.app.InstrumentationActivityInvoker$BootstrapActivity@b7406e3
08-29 15:05:43.879  3224  3224 D LifecycleMonitor: callback completes: androidx.test.core.app.ActivityScenario$1@11248e0
08-29 15:05:43.886  3224  3224 D IdlingResourceRegistry: All idling resources are idle.
08-29 15:05:43.886  3224  3224 D IdlingResourceRegistry: All idling resources are idle.
08-29 15:05:43.887  3224  3224 I ViewInteraction: Performing 'single click' action on view with content description text: is "More options"
08-29 15:05:43.910  3224  3224 D IdlingResourceRegistry: All idling resources are idle.
08-29 15:05:43.910 19013 19013 W kqw     : Pending fill request while another request in the same session was triggered. [CONTEXT service_id=177 ]
08-29 15:05:43.910  3224  3224 D IdlingResourceRegistry: All idling resources are idle.
08-29 15:05:43.919  3224  3224 I chatty  : uid=10186(com.simplemobiletools.notes.pro.debug) identical 1 line
08-29 15:05:43.963  3224  3224 D IdlingResourceRegistry: All idling resources are idle.
08-29 15:05:43.991  1397  1397 I LatinIME: Starting input. Cursor position = 3,3
08-29 15:05:43.993  1397  1397 E RichInputConnection: Unable to connect to the editor to retrieve text.
08-29 15:05:43.993  1397  1397 D RichInputConnection: Will try to retrieve text later.
08-29 15:05:43.995   316   316 D goldfish-address-space: claimShared: Ask to claim region [0x2dcfc2000 0x2de075000]
08-29 15:05:44.008   541   541 D AutofillInlineSuggestionsRequestSession: onInlineSuggestionsResponseLocked called for:1073741825@164891188
08-29 15:05:44.014   541   586 D AutofillUI: destroySaveUiUiThread(): already destroyed
08-29 15:05:44.014   355   355 I android.hardware.vibrator-service.example: Vibrator reporting capabilities
08-29 15:05:44.020  1348  1348 V InlineSuggestionRenderService: handleDestroySuggestionViews called for 0:164891188
08-29 15:05:44.022  1397  1397 E RichInputConnection: Unable to connect to the editor to retrieve text.
08-29 15:05:44.022  1397  1397 W RichInputConnection: Unable to connect to the editor. Setting caps mode without knowing text.
08-29 15:05:44.066  1397  1397 I LatinIME: Starting input. Cursor position = 0,0
08-29 15:05:44.077  3224  3224 W notes.pro.debu: Accessing hidden field Landroid/widget/AbsListView;->mIsChildViewEnabled:Z (greylist, reflection, allowed)
08-29 15:05:44.084   541   646 I system_server: oneway function results will be dropped but finished with status OK and parcel size 4
08-29 15:05:44.084   541   646 I system_server: oneway function results will be dropped but finished with status OK and parcel size 4
08-29 15:05:44.099   393   475 D AF::Track: interceptBuffer: took 1906us to intercept 0 tracks
08-29 15:05:44.121   316   316 D goldfish-address-space: claimShared: Ask to claim region [0x2db12b000 0x2db608000]
08-29 15:05:44.123 19013 19027 I .gms.persisten: Background young concurrent copying GC freed 81989(4461KB) AllocSpace objects, 6(376KB) LOS objects, 28% free, 9249KB/12MB, paused 3.172ms total 187.771ms
08-29 15:05:44.123 19013 19027 W .gms.persisten: Reducing the number of considered missed Gc histogram windows from 110 to 100
08-29 15:05:44.128   316   316 D goldfish-address-space: claimShared: Ask to claim region [0x2db608000 0x2dbae5000]
08-29 15:05:44.138   316   316 D goldfish-address-space: claimShared: Ask to claim region [0x2dbae5000 0x2dbfc2000]
08-29 15:05:44.178  3224  3237 I notes.pro.debu: JIT allocated 74KB for compiled code of void android.view.View.<init>(android.content.Context, android.util.AttributeSet, int, int)
08-29 15:05:44.243   541   646 I system_server: oneway function results will be dropped but finished with status OK and parcel size 4
08-29 15:05:44.260   316   316 D goldfish-address-space: claimShared: Ask to claim region [0x2db608000 0x2dbae5000]
08-29 15:05:44.292   316   316 D goldfish-address-space: claimShared: Ask to claim region [0x2df128000 0x2df605000]
08-29 15:05:44.340  3224  3224 D IdlingResourceRegistry: All idling resources are idle.
08-29 15:05:44.340  3224  3224 D IdlingResourceRegistry: All idling resources are idle.
08-29 15:05:44.341   355   355 I android.hardware.vibrator-service.example: Vibrator reporting capabilities
08-29 15:05:44.494  3224  3224 D IdlingResourceRegistry: All idling resources are idle.
08-29 15:05:44.560  3224  3224 I chatty  : uid=10186(com.simplemobiletools.notes.pro.debug) identical 2 lines
08-29 15:05:44.560  3224  3224 D IdlingResourceRegistry: All idling resources are idle.
08-29 15:05:44.561  3224  3247 I Espresso Run: Clicking on about
08-29 15:05:44.562  3224  3224 D IdlingResourceRegistry: All idling resources are idle.
08-29 15:05:44.562  3224  3224 D IdlingResourceRegistry: All idling resources are idle.
08-29 15:05:44.564  3224  3224 I ViewInteraction: Checking 'MatchesViewAssertion{viewMatcher=is displayed on the screen to the user}' assertion on view with text: is "About"
08-29 15:05:44.565  3224  3224 D IdlingResourceRegistry: All idling resources are idle.
08-29 15:05:44.565  3224  3224 D IdlingResourceRegistry: All idling resources are idle.
08-29 15:05:44.566  3224  3224 I ViewInteraction: Performing 'single click' action on view with text: is "About"
08-29 15:05:44.571  3224  3224 D IdlingResourceRegistry: All idling resources are idle.
08-29 15:05:44.636  3224  3224 I chatty  : uid=10186(com.simplemobiletools.notes.pro.debug) identical 10 lines
08-29 15:05:44.636  3224  3224 D IdlingResourceRegistry: All idling resources are idle.
08-29 15:05:44.640   316   316 D goldfish-address-space: claimShared: Ask to claim region [0x2db12b000 0x2db608000]
08-29 15:05:44.686   541   646 I system_server: oneway function results will be dropped but finished with status OK and parcel size 4
08-29 15:05:44.688   541   918 I ActivityTaskManager: START u0 {cmp=com.simplemobiletools.notes.pro.debug/com.simplemobiletools.commons.activities.AboutActivity (has extras)} from uid 10186
08-29 15:05:44.688   541   588 D EventSequenceValidator: Transition from ACTIVITY_FINISHED to INTENT_STARTED
08-29 15:05:44.692   404   404 I perfetto: ing_service_impl.cc:758 Configured tracing session 428, #sources:1, duration:5000 ms, #buffers:1, total buffer size:4096 KB, total sessions:2, uid:1071 session name: ""
08-29 15:05:44.693   402   402 I perfetto: probes_producer.cc:230  Ftrace setup (target_buf=428)
08-29 15:05:44.694   541   588 D EventSequenceValidator: Transition from INTENT_STARTED to INTENT_FAILED
08-29 15:05:44.711  3224  3224 D LifecycleMonitor: Lifecycle status change: com.simplemobiletools.notes.pro.activities.MainActivity@939aa10 in: PAUSED
08-29 15:05:44.711  3224  3224 D LifecycleMonitor: running callback: androidx.test.core.app.ActivityScenario$1@11248e0
08-29 15:05:44.711  3224  3224 V ActivityScenario: Update currentActivityStage to PAUSED, currentActivity=com.simplemobiletools.notes.pro.activities.MainActivity@939aa10
08-29 15:05:44.711  3224  3224 D LifecycleMonitor: callback completes: androidx.test.core.app.ActivityScenario$1@11248e0
08-29 15:05:44.712   541   918 W ActivityTaskManager: Tried to set launchTime (0) < mLastActivityLaunchTime (43570605)
08-29 15:05:44.714   541   918 W InputReader: Device virtio_input_multi_touch_9 is associated with display ADISPLAY_ID_NONE.
08-29 15:05:44.714   541   918 W InputReader: Device virtio_input_multi_touch_7 is associated with display ADISPLAY_ID_NONE.
08-29 15:05:44.715   541   918 W InputReader: Device virtio_input_multi_touch_10 is associated with display ADISPLAY_ID_NONE.
08-29 15:05:44.715   541   918 W InputReader: Device virtio_input_multi_touch_4 is associated with display ADISPLAY_ID_NONE.
08-29 15:05:44.715   541   918 W InputReader: Device virtio_input_multi_touch_11 is associated with display ADISPLAY_ID_NONE.
08-29 15:05:44.715   541   918 W InputReader: Device virtio_input_multi_touch_6 is associated with display ADISPLAY_ID_NONE.
08-29 15:05:44.715   541   918 W InputReader: Device virtio_input_multi_touch_5 is associated with display ADISPLAY_ID_NONE.
08-29 15:05:44.715   541   918 W InputReader: Device virtio_input_multi_touch_3 is associated with display ADISPLAY_ID_NONE.
08-29 15:05:44.715   541   918 W InputReader: Device virtio_input_multi_touch_2 is associated with display ADISPLAY_ID_NONE.
08-29 15:05:44.715   541   918 W InputReader: Device virtio_input_multi_touch_8 is associated with display ADISPLAY_ID_NONE.
08-29 15:05:44.715   541   918 W InputReader: Device virtio_input_multi_touch_9 is associated with display ADISPLAY_ID_NONE.
08-29 15:05:44.715   541   918 W InputReader: Device virtio_input_multi_touch_7 is associated with display ADISPLAY_ID_NONE.
08-29 15:05:44.715   541   918 W InputReader: Device virtio_input_multi_touch_10 is associated with display ADISPLAY_ID_NONE.
08-29 15:05:44.715   541   918 W InputReader: Device virtio_input_multi_touch_4 is associated with display ADISPLAY_ID_NONE.
08-29 15:05:44.715   541   918 W InputReader: Device virtio_input_multi_touch_11 is associated with display ADISPLAY_ID_NONE.
08-29 15:05:44.715   541   918 W InputReader: Device virtio_input_multi_touch_6 is associated with display ADISPLAY_ID_NONE.
08-29 15:05:44.715   541   918 W InputReader: Device virtio_input_multi_touch_5 is associated with display ADISPLAY_ID_NONE.
08-29 15:05:44.715   541   918 W InputReader: Device virtio_input_multi_touch_3 is associated with display ADISPLAY_ID_NONE.
08-29 15:05:44.715   541   918 W InputReader: Device virtio_input_multi_touch_2 is associated with display ADISPLAY_ID_NONE.
08-29 15:05:44.715   541   918 W InputReader: Device virtio_input_multi_touch_8 is associated with display ADISPLAY_ID_NONE.
08-29 15:05:44.734  3224  3224 D LifecycleMonitor: Lifecycle status change: com.simplemobiletools.commons.activities.AboutActivity@149244b in: PRE_ON_CREATE
08-29 15:05:44.734  3224  3224 D LifecycleMonitor: running callback: androidx.test.core.app.ActivityScenario$1@11248e0
08-29 15:05:44.734  3224  3224 V ActivityScenario: Activity lifecycle changed event received but ignored because the intent does not match. startActivityIntent=Intent { act=android.intent.action.MAIN cat=[android.intent.category.LAUNCHER] cmp=com.simplemobiletools.notes.pro.debug/com.simplemobiletools.notes.pro.activities.MainActivity }, activity.getIntent()=Intent { cmp=com.simplemobiletools.notes.pro.debug/com.simplemobiletools.commons.activities.AboutActivity (has extras) }, activity=com.simplemobiletools.commons.activities.AboutActivity@149244b
08-29 15:05:44.734  3224  3224 D LifecycleMonitor: callback completes: androidx.test.core.app.ActivityScenario$1@11248e0
08-29 15:05:44.756  3224  3224 D LifecycleMonitor: Lifecycle status change: com.simplemobiletools.commons.activities.AboutActivity@149244b in: CREATED
08-29 15:05:44.756  3224  3224 D LifecycleMonitor: running callback: androidx.test.core.app.ActivityScenario$1@11248e0
08-29 15:05:44.756  3224  3224 V ActivityScenario: Activity lifecycle changed event received but ignored because the intent does not match. startActivityIntent=Intent { act=android.intent.action.MAIN cat=[android.intent.category.LAUNCHER] cmp=com.simplemobiletools.notes.pro.debug/com.simplemobiletools.notes.pro.activities.MainActivity }, activity.getIntent()=Intent { cmp=com.simplemobiletools.notes.pro.debug/com.simplemobiletools.commons.activities.AboutActivity (has extras) }, activity=com.simplemobiletools.commons.activities.AboutActivity@149244b
08-29 15:05:44.756  3224  3224 D LifecycleMonitor: callback completes: androidx.test.core.app.ActivityScenario$1@11248e0
08-29 15:05:44.758  3224  3224 D LifecycleMonitor: Lifecycle status change: com.simplemobiletools.commons.activities.AboutActivity@149244b in: STARTED
08-29 15:05:44.758  3224  3224 D LifecycleMonitor: running callback: androidx.test.core.app.ActivityScenario$1@11248e0
08-29 15:05:44.758  3224  3224 V ActivityScenario: Activity lifecycle changed event received but ignored because the intent does not match. startActivityIntent=Intent { act=android.intent.action.MAIN cat=[android.intent.category.LAUNCHER] cmp=com.simplemobiletools.notes.pro.debug/com.simplemobiletools.notes.pro.activities.MainActivity }, activity.getIntent()=Intent { cmp=com.simplemobiletools.notes.pro.debug/com.simplemobiletools.commons.activities.AboutActivity (has extras) }, activity=com.simplemobiletools.commons.activities.AboutActivity@149244b
08-29 15:05:44.758  3224  3224 D LifecycleMonitor: callback completes: androidx.test.core.app.ActivityScenario$1@11248e0
08-29 15:05:44.767  3224  3224 D LifecycleMonitor: Lifecycle status change: com.simplemobiletools.commons.activities.AboutActivity@149244b in: RESUMED
08-29 15:05:44.767  3224  3224 D LifecycleMonitor: running callback: androidx.test.core.app.ActivityScenario$1@11248e0
08-29 15:05:44.767  3224  3224 V ActivityScenario: Activity lifecycle changed event received but ignored because the intent does not match. startActivityIntent=Intent { act=android.intent.action.MAIN cat=[android.intent.category.LAUNCHER] cmp=com.simplemobiletools.notes.pro.debug/com.simplemobiletools.notes.pro.activities.MainActivity }, activity.getIntent()=Intent { cmp=com.simplemobiletools.notes.pro.debug/com.simplemobiletools.commons.activities.AboutActivity (has extras) }, activity=com.simplemobiletools.commons.activities.AboutActivity@149244b
08-29 15:05:44.767  3224  3224 D LifecycleMonitor: callback completes: androidx.test.core.app.ActivityScenario$1@11248e0
08-29 15:05:44.803   316   316 D goldfish-address-space: claimShared: Ask to claim region [0x2e10b3000 0x2e2166000]
08-29 15:05:44.812   541   918 I system_server: oneway function results will be dropped but finished with status OK and parcel size 4
08-29 15:05:44.830   316   316 D goldfish-address-space: claimShared: Ask to claim region [0x2e4033000 0x2e50e6000]
08-29 15:05:44.840   316   360 D goldfish-address-space: claimShared: Ask to claim region [0x2e50e6000 0x2e6199000]
08-29 15:05:44.870   541   596 I ActivityTaskManager: Displayed com.simplemobiletools.notes.pro.debug/com.simplemobiletools.commons.activities.AboutActivity: +180ms
08-29 15:05:44.874  3224  3224 D IdlingResourceRegistry: All idling resources are idle.
08-29 15:05:44.874  3224  3224 D IdlingResourceRegistry: All idling resources are idle.
08-29 15:05:44.910  3224  3224 D LifecycleMonitor: Lifecycle status change: com.simplemobiletools.notes.pro.activities.MainActivity@939aa10 in: STOPPED
08-29 15:05:44.910  3224  3224 D LifecycleMonitor: running callback: androidx.test.core.app.ActivityScenario$1@11248e0
08-29 15:05:44.910  3224  3224 V ActivityScenario: Update currentActivityStage to STOPPED, currentActivity=com.simplemobiletools.notes.pro.activities.MainActivity@939aa10
08-29 15:05:44.910  3224  3224 D LifecycleMonitor: callback completes: androidx.test.core.app.ActivityScenario$1@11248e0
08-29 15:05:44.949   316   360 D goldfish-address-space: claimShared: Ask to claim region [0x2d8000000 0x2d90b3000]
08-29 15:05:44.989   316   360 D goldfish-address-space: claimShared: Ask to claim region [0x2d90b3000 0x2da166000]
08-29 15:05:45.037  3224  3224 D IdlingResourceRegistry: All idling resources are idle.
08-29 15:05:45.039  3224  3224 I chatty  : uid=10186(com.simplemobiletools.notes.pro.debug) identical 2 lines
08-29 15:05:45.039  3224  3224 D IdlingResourceRegistry: All idling resources are idle.
08-29 15:05:45.040  3224  3224 I ViewInteraction: Checking 'MatchesViewAssertion{viewMatcher=is displayed on the screen to the user}' assertion on view with text: is "About"
08-29 15:05:45.040  3224  3224 D IdlingResourceRegistry: All idling resources are idle.
08-29 15:05:45.040  3224  3224 D IdlingResourceRegistry: All idling resources are idle.
08-29 15:05:45.041  3224  3224 I ViewInteraction: Checking 'MatchesViewAssertion{viewMatcher=is displayed on the screen to the user}' assertion on view with id is <com.simplemobiletools.notes.pro.debug:id/about_email>
08-29 15:05:45.041  3224  3224 D IdlingResourceRegistry: All idling resources are idle.
08-29 15:05:45.042  3224  3224 D IdlingResourceRegistry: All idling resources are idle.
08-29 15:05:45.042  3224  3224 I ViewInteraction: Checking 'MatchesViewAssertion{viewMatcher=is displayed on the screen to the user}' assertion on view with id is <com.simplemobiletools.notes.pro.debug:id/about_faq>
08-29 15:05:45.043  3224  3224 D IdlingResourceRegistry: All idling resources are idle.
08-29 15:05:45.043  3224  3224 D IdlingResourceRegistry: All idling resources are idle.
08-29 15:05:45.044  3224  3224 I ViewInteraction: Checking 'MatchesViewAssertion{viewMatcher=is displayed on the screen to the user}' assertion on view with id is <com.simplemobiletools.notes.pro.debug:id/about_faq_label>
08-29 15:05:45.044  3224  3224 D IdlingResourceRegistry: All idling resources are idle.
08-29 15:05:45.044  3224  3224 D IdlingResourceRegistry: All idling resources are idle.
08-29 15:05:45.045  3224  3224 I ViewInteraction: Checking 'MatchesViewAssertion{viewMatcher=is displayed on the screen to the user}' assertion on view with id is <com.simplemobiletools.notes.pro.debug:id/about_more_apps>
08-29 15:05:45.046  3224  3224 D IdlingResourceRegistry: All idling resources are idle.
08-29 15:05:45.046  3224  3224 D IdlingResourceRegistry: All idling resources are idle.
08-29 15:05:45.047  3224  3224 I ViewInteraction: Checking 'MatchesViewAssertion{viewMatcher=is displayed on the screen to the user}' assertion on view with id is <com.simplemobiletools.notes.pro.debug:id/about_invite>
08-29 15:05:45.048  3224  3224 D IdlingResourceRegistry: All idling resources are idle.
08-29 15:05:45.048  3224  3224 D IdlingResourceRegistry: All idling resources are idle.
08-29 15:05:45.049  3224  3224 I ViewInteraction: Checking 'MatchesViewAssertion{viewMatcher=is displayed on the screen to the user}' assertion on view with id is <com.simplemobiletools.notes.pro.debug:id/about_license>
08-29 15:05:45.049  3224  3224 D IdlingResourceRegistry: All idling resources are idle.
08-29 15:05:45.050  3224  3224 D IdlingResourceRegistry: All idling resources are idle.
08-29 15:05:45.050  3224  3224 I ViewInteraction: Checking 'MatchesViewAssertion{viewMatcher=is displayed on the screen to the user}' assertion on view with id is <com.simplemobiletools.notes.pro.debug:id/about_follow_us>
08-29 15:05:45.051  3224  3224 D IdlingResourceRegistry: All idling resources are idle.
08-29 15:05:45.051  3224  3224 D IdlingResourceRegistry: All idling resources are idle.
08-29 15:05:45.052  3224  3224 I ViewInteraction: Checking 'MatchesViewAssertion{viewMatcher=is displayed on the screen to the user}' assertion on view with id is <com.simplemobiletools.notes.pro.debug:id/about_facebook>
08-29 15:05:45.053  3224  3224 D IdlingResourceRegistry: All idling resources are idle.
08-29 15:05:45.053  3224  3224 D IdlingResourceRegistry: All idling resources are idle.
08-29 15:05:45.054  3224  3224 I ViewInteraction: Checking 'MatchesViewAssertion{viewMatcher=is displayed on the screen to the user}' assertion on view with id is <com.simplemobiletools.notes.pro.debug:id/about_reddit>
08-29 15:05:45.055  3224  3224 D IdlingResourceRegistry: All idling resources are idle.
08-29 15:05:45.055  3224  3224 D IdlingResourceRegistry: All idling resources are idle.
08-29 15:05:45.056  3224  3224 I ViewInteraction: Checking 'MatchesViewAssertion{viewMatcher=is displayed on the screen to the user}' assertion on view with id is <com.simplemobiletools.notes.pro.debug:id/about_copyright>
08-29 15:05:45.057  3224  3224 D IdlingResourceRegistry: All idling resources are idle.
08-29 15:05:45.057  3224  3224 D IdlingResourceRegistry: All idling resources are idle.
08-29 15:05:45.058  3224  3224 I ViewInteraction: Checking 'MatchesViewAssertion{viewMatcher=is displayed on the screen to the user}' assertion on view with content description text: is "Navigate up"
08-29 15:05:45.058  3224  3224 D IdlingResourceRegistry: All idling resources are idle.
08-29 15:05:45.058  3224  3224 D IdlingResourceRegistry: All idling resources are idle.
08-29 15:05:45.059  3224  3224 I ViewInteraction: Performing 'single click' action on view with content description text: is "Navigate up"
08-29 15:05:45.062  3224  3224 D IdlingResourceRegistry: All idling resources are idle.
08-29 15:05:45.103  3224  3224 I chatty  : uid=10186(com.simplemobiletools.notes.pro.debug) identical 8 lines
08-29 15:05:45.104  3224  3224 D IdlingResourceRegistry: All idling resources are idle.
08-29 15:05:45.120   316   360 D goldfish-address-space: claimShared: Ask to claim region [0x2dc000000 0x2dd0b3000]
08-29 15:05:45.124   541   918 I system_server: oneway function results will be dropped but finished with status OK and parcel size 4
08-29 15:05:45.140   316   316 D goldfish-address-space: claimShared: Ask to claim region [0x2dd0b3000 0x2de166000]
08-29 15:05:45.163  3224  3224 D LifecycleMonitor: Lifecycle status change: com.simplemobiletools.commons.activities.AboutActivity@149244b in: PAUSED
08-29 15:05:45.163  3224  3224 D LifecycleMonitor: running callback: androidx.test.core.app.ActivityScenario$1@11248e0
08-29 15:05:45.163  3224  3224 V ActivityScenario: Activity lifecycle changed event received but ignored because the intent does not match. startActivityIntent=Intent { act=android.intent.action.MAIN cat=[android.intent.category.LAUNCHER] cmp=com.simplemobiletools.notes.pro.debug/com.simplemobiletools.notes.pro.activities.MainActivity }, activity.getIntent()=Intent { cmp=com.simplemobiletools.notes.pro.debug/com.simplemobiletools.commons.activities.AboutActivity (has extras) }, activity=com.simplemobiletools.commons.activities.AboutActivity@149244b
08-29 15:05:45.163  3224  3224 D LifecycleMonitor: callback completes: androidx.test.core.app.ActivityScenario$1@11248e0
08-29 15:05:45.166   541  3611 W InputReader: Device virtio_input_multi_touch_9 is associated with display ADISPLAY_ID_NONE.
08-29 15:05:45.166   541  3611 W InputReader: Device virtio_input_multi_touch_7 is associated with display ADISPLAY_ID_NONE.
08-29 15:05:45.166   541  3611 W InputReader: Device virtio_input_multi_touch_10 is associated with display ADISPLAY_ID_NONE.
08-29 15:05:45.166   541  3611 W InputReader: Device virtio_input_multi_touch_4 is associated with display ADISPLAY_ID_NONE.
08-29 15:05:45.166   541  3611 W InputReader: Device virtio_input_multi_touch_11 is associated with display ADISPLAY_ID_NONE.
08-29 15:05:45.166   541  3611 W InputReader: Device virtio_input_multi_touch_6 is associated with display ADISPLAY_ID_NONE.
08-29 15:05:45.166   541  3611 W InputReader: Device virtio_input_multi_touch_5 is associated with display ADISPLAY_ID_NONE.
08-29 15:05:45.166   541  3611 W InputReader: Device virtio_input_multi_touch_3 is associated with display ADISPLAY_ID_NONE.
08-29 15:05:45.166   541  3611 W InputReader: Device virtio_input_multi_touch_2 is associated with display ADISPLAY_ID_NONE.
08-29 15:05:45.166   541  3611 W InputReader: Device virtio_input_multi_touch_8 is associated with display ADISPLAY_ID_NONE.
08-29 15:05:45.166   541  3611 W InputReader: Device virtio_input_multi_touch_9 is associated with display ADISPLAY_ID_NONE.
08-29 15:05:45.166   541  3611 W InputReader: Device virtio_input_multi_touch_7 is associated with display ADISPLAY_ID_NONE.
08-29 15:05:45.166   541  3611 W InputReader: Device virtio_input_multi_touch_10 is associated with display ADISPLAY_ID_NONE.
08-29 15:05:45.166   541  3611 W InputReader: Device virtio_input_multi_touch_4 is associated with display ADISPLAY_ID_NONE.
08-29 15:05:45.166   541  3611 W InputReader: Device virtio_input_multi_touch_11 is associated with display ADISPLAY_ID_NONE.
08-29 15:05:45.167   541  3611 W InputReader: Device virtio_input_multi_touch_6 is associated with display ADISPLAY_ID_NONE.
08-29 15:05:45.167   541  3611 W InputReader: Device virtio_input_multi_touch_5 is associated with display ADISPLAY_ID_NONE.
08-29 15:05:45.167   541  3611 W InputReader: Device virtio_input_multi_touch_3 is associated with display ADISPLAY_ID_NONE.
08-29 15:05:45.167   541  3611 W InputReader: Device virtio_input_multi_touch_2 is associated with display ADISPLAY_ID_NONE.
08-29 15:05:45.167   541  3611 W InputReader: Device virtio_input_multi_touch_8 is associated with display ADISPLAY_ID_NONE.
08-29 15:05:45.171  3224  3224 D LifecycleMonitor: Lifecycle status change: com.simplemobiletools.notes.pro.activities.MainActivity@939aa10 in: RESTARTED
08-29 15:05:45.171  3224  3224 D LifecycleMonitor: running callback: androidx.test.core.app.ActivityScenario$1@11248e0
08-29 15:05:45.171  3224  3224 V ActivityScenario: Update currentActivityStage to RESTARTED, currentActivity=com.simplemobiletools.notes.pro.activities.MainActivity@939aa10
08-29 15:05:45.171  3224  3224 D LifecycleMonitor: callback completes: androidx.test.core.app.ActivityScenario$1@11248e0
08-29 15:05:45.171  3224  3224 D LifecycleMonitor: Lifecycle status change: com.simplemobiletools.notes.pro.activities.MainActivity@939aa10 in: STARTED
08-29 15:05:45.171  3224  3224 D LifecycleMonitor: running callback: androidx.test.core.app.ActivityScenario$1@11248e0
08-29 15:05:45.171  3224  3224 V ActivityScenario: Update currentActivityStage to STARTED, currentActivity=com.simplemobiletools.notes.pro.activities.MainActivity@939aa10
08-29 15:05:45.171  3224  3224 D LifecycleMonitor: callback completes: androidx.test.core.app.ActivityScenario$1@11248e0
08-29 15:05:45.177  3224  3224 D LifecycleMonitor: Lifecycle status change: com.simplemobiletools.notes.pro.activities.MainActivity@939aa10 in: RESUMED
08-29 15:05:45.177  3224  3224 D LifecycleMonitor: running callback: androidx.test.core.app.ActivityScenario$1@11248e0
08-29 15:05:45.177  3224  3224 V ActivityScenario: Update currentActivityStage to RESUMED, currentActivity=com.simplemobiletools.notes.pro.activities.MainActivity@939aa10
08-29 15:05:45.177  3224  3224 D LifecycleMonitor: callback completes: androidx.test.core.app.ActivityScenario$1@11248e0
08-29 15:05:45.178   541  3543 D HostConnection: HostConnection::get() New Host Connection established 0xeaeabba0, tid 3543
08-29 15:05:45.188   541  3543 D HostConnection: HostComposition ext ANDROID_EMU_CHECKSUM_HELPER_v1 ANDROID_EMU_native_sync_v2 ANDROID_EMU_native_sync_v3 ANDROID_EMU_native_sync_v4 ANDROID_EMU_dma_v1 ANDROID_EMU_direct_mem ANDROID_EMU_host_composition_v1 ANDROID_EMU_host_composition_v2 ANDROID_EMU_vulkan ANDROID_EMU_deferred_vulkan_commands ANDROID_EMU_vulkan_null_optional_strings ANDROID_EMU_vulkan_create_resources_with_requirements ANDROID_EMU_YUV_Cache ANDROID_EMU_async_unmap_buffer ANDROID_EMU_vulkan_ignored_handles ANDROID_EMU_has_shared_slots_host_memory_allocator ANDROID_EMU_vulkan_free_memory_sync ANDROID_EMU_vulkan_shader_float16_int8 ANDROID_EMU_vulkan_async_queue_submit ANDROID_EMU_sync_buffer_data GL_OES_vertex_array_object GL_KHR_texture_compression_astc_ldr ANDROID_EMU_host_side_tracing ANDROID_EMU_async_frame_commands ANDROID_EMU_gles_max_version_2 
08-29 15:05:45.189   541  3543 W OpenGLRenderer: Failed to choose config with EGL_SWAP_BEHAVIOR_PRESERVED, retrying without...
08-29 15:05:45.206   541  3543 D EGL_emulation: eglCreateContext: 0xeaeb4ea0: maj 2 min 0 rcv 2
08-29 15:05:45.209   541  3543 D EGL_emulation: eglMakeCurrent: 0xeaeb4ea0: ver 2 0 (tinfo 0xb5657650) (first time)
08-29 15:05:45.216   316   316 D goldfish-address-space: claimShared: Ask to claim region [0x2de166000 0x2df219000]
08-29 15:05:45.233   316   316 D goldfish-address-space: claimShared: Ask to claim region [0x2e10b3000 0x2e2166000]
08-29 15:05:45.255   541   646 I system_server: oneway function results will be dropped but finished with status OK and parcel size 4
08-29 15:05:45.271   316   316 D goldfish-address-space: claimShared: Ask to claim region [0x2e4033000 0x2e50e6000]
08-29 15:05:45.349  3224  3224 D LifecycleMonitor: Lifecycle status change: com.simplemobiletools.commons.activities.AboutActivity@149244b in: STOPPED
08-29 15:05:45.349  3224  3224 D LifecycleMonitor: running callback: androidx.test.core.app.ActivityScenario$1@11248e0
08-29 15:05:45.349  3224  3224 V ActivityScenario: Activity lifecycle changed event received but ignored because the intent does not match. startActivityIntent=Intent { act=android.intent.action.MAIN cat=[android.intent.category.LAUNCHER] cmp=com.simplemobiletools.notes.pro.debug/com.simplemobiletools.notes.pro.activities.MainActivity }, activity.getIntent()=Intent { cmp=com.simplemobiletools.notes.pro.debug/com.simplemobiletools.commons.activities.AboutActivity (has extras) }, activity=com.simplemobiletools.commons.activities.AboutActivity@149244b
08-29 15:05:45.349  3224  3224 D LifecycleMonitor: callback completes: androidx.test.core.app.ActivityScenario$1@11248e0
08-29 15:05:45.350  3224  3224 D LifecycleMonitor: Lifecycle status change: com.simplemobiletools.commons.activities.AboutActivity@149244b in: DESTROYED
08-29 15:05:45.350  3224  3224 D LifecycleMonitor: running callback: androidx.test.core.app.ActivityScenario$1@11248e0
08-29 15:05:45.350  3224  3224 V ActivityScenario: Activity lifecycle changed event received but ignored because the intent does not match. startActivityIntent=Intent { act=android.intent.action.MAIN cat=[android.intent.category.LAUNCHER] cmp=com.simplemobiletools.notes.pro.debug/com.simplemobiletools.notes.pro.activities.MainActivity }, activity.getIntent()=Intent { cmp=com.simplemobiletools.notes.pro.debug/com.simplemobiletools.commons.activities.AboutActivity (has extras) }, activity=com.simplemobiletools.commons.activities.AboutActivity@149244b
08-29 15:05:45.350  3224  3224 D LifecycleMonitor: callback completes: androidx.test.core.app.ActivityScenario$1@11248e0
08-29 15:05:45.378  3224  3224 D IdlingResourceRegistry: All idling resources are idle.
08-29 15:05:45.599  3224  3224 I chatty  : uid=10186(com.simplemobiletools.notes.pro.debug) identical 4 lines
08-29 15:05:45.599  3224  3224 D IdlingResourceRegistry: All idling resources are idle.
08-29 15:05:45.599  3224  3247 I Espresso Run: Verifying the main text panel is displayed
08-29 15:05:45.600  3224  3224 D IdlingResourceRegistry: All idling resources are idle.
08-29 15:05:45.600  3224  3224 D IdlingResourceRegistry: All idling resources are idle.
08-29 15:05:45.601  3224  3224 I ViewInteraction: Checking 'MatchesViewAssertion{viewMatcher=is displayed on the screen to the user}' assertion on view with id is <com.simplemobiletools.notes.pro.debug:id/action_bar>
08-29 15:05:45.601  3224  3247 I Espresso Run: ------------------------------------------------------------------------------------------
08-29 15:05:45.601  3224  3247 I Espresso Run: PASS aboutTest
08-29 15:05:45.602  3224  3247 I Espresso Run: ------------------------------------------------------------------------------------------
08-29 15:05:45.604   541  3611 I ActivityTaskManager: START u0 {act=android.intent.action.MAIN cat=[android.intent.category.LAUNCHER] flg=0x10000000 cmp=com.simplemobiletools.notes.pro.debug/androidx.test.core.app.InstrumentationActivityInvoker$EmptyActivity} from uid 10186
08-29 15:05:45.605   541   588 D EventSequenceValidator: Transition from INTENT_FAILED to INTENT_STARTED
08-29 15:05:45.609   541   588 D EventSequenceValidator: Transition from INTENT_STARTED to INTENT_FAILED
08-29 15:05:45.609   404   404 I perfetto: ing_service_impl.cc:758 Configured tracing session 429, #sources:1, duration:5000 ms, #buffers:1, total buffer size:4096 KB, total sessions:3, uid:1071 session name: ""
08-29 15:05:45.609   402   402 I perfetto: probes_producer.cc:230  Ftrace setup (target_buf=429)
08-29 15:05:45.610  3224  3224 D LifecycleMonitor: Lifecycle status change: com.simplemobiletools.notes.pro.activities.MainActivity@939aa10 in: PAUSED
08-29 15:05:45.610  3224  3224 D LifecycleMonitor: running callback: androidx.test.core.app.ActivityScenario$1@11248e0
08-29 15:05:45.610  3224  3224 V ActivityScenario: Update currentActivityStage to PAUSED, currentActivity=com.simplemobiletools.notes.pro.activities.MainActivity@939aa10
08-29 15:05:45.610  3224  3224 D LifecycleMonitor: callback completes: androidx.test.core.app.ActivityScenario$1@11248e0
08-29 15:05:45.610   541   918 W ActivityTaskManager: Tried to set launchTime (0) < mLastActivityLaunchTime (43572532)
08-29 15:05:45.611   541   918 W InputReader: Device virtio_input_multi_touch_9 is associated with display ADISPLAY_ID_NONE.
08-29 15:05:45.611   541   918 W InputReader: Device virtio_input_multi_touch_7 is associated with display ADISPLAY_ID_NONE.
08-29 15:05:45.611   541   918 W InputReader: Device virtio_input_multi_touch_10 is associated with display ADISPLAY_ID_NONE.
08-29 15:05:45.611   541   918 W InputReader: Device virtio_input_multi_touch_4 is associated with display ADISPLAY_ID_NONE.
08-29 15:05:45.611   541   918 W InputReader: Device virtio_input_multi_touch_11 is associated with display ADISPLAY_ID_NONE.
08-29 15:05:45.611   541   918 W InputReader: Device virtio_input_multi_touch_6 is associated with display ADISPLAY_ID_NONE.
08-29 15:05:45.611   541   918 W InputReader: Device virtio_input_multi_touch_5 is associated with display ADISPLAY_ID_NONE.
08-29 15:05:45.611   541   918 W InputReader: Device virtio_input_multi_touch_3 is associated with display ADISPLAY_ID_NONE.
08-29 15:05:45.611   541   918 W InputReader: Device virtio_input_multi_touch_2 is associated with display ADISPLAY_ID_NONE.
08-29 15:05:45.611   541   918 W InputReader: Device virtio_input_multi_touch_8 is associated with display ADISPLAY_ID_NONE.
08-29 15:05:45.611   541   918 W InputReader: Device virtio_input_multi_touch_9 is associated with display ADISPLAY_ID_NONE.
08-29 15:05:45.611   541   918 W InputReader: Device virtio_input_multi_touch_7 is associated with display ADISPLAY_ID_NONE.
08-29 15:05:45.611   541   918 W InputReader: Device virtio_input_multi_touch_10 is associated with display ADISPLAY_ID_NONE.
08-29 15:05:45.611   541   918 W InputReader: Device virtio_input_multi_touch_4 is associated with display ADISPLAY_ID_NONE.
08-29 15:05:45.611   541   918 W InputReader: Device virtio_input_multi_touch_11 is associated with display ADISPLAY_ID_NONE.
08-29 15:05:45.611   541   918 W InputReader: Device virtio_input_multi_touch_6 is associated with display ADISPLAY_ID_NONE.
08-29 15:05:45.611   541   918 W InputReader: Device virtio_input_multi_touch_5 is associated with display ADISPLAY_ID_NONE.
08-29 15:05:45.611   541   918 W InputReader: Device virtio_input_multi_touch_3 is associated with display ADISPLAY_ID_NONE.
08-29 15:05:45.611   541   918 W InputReader: Device virtio_input_multi_touch_2 is associated with display ADISPLAY_ID_NONE.
08-29 15:05:45.611   541   918 W InputReader: Device virtio_input_multi_touch_8 is associated with display ADISPLAY_ID_NONE.
08-29 15:05:45.618  3224  3224 D LifecycleMonitor: Lifecycle status change: androidx.test.core.app.InstrumentationActivityInvoker$EmptyActivity@b6c6ed5 in: PRE_ON_CREATE
08-29 15:05:45.618  3224  3224 D LifecycleMonitor: running callback: androidx.test.core.app.ActivityScenario$1@11248e0
08-29 15:05:45.618  3224  3224 V ActivityScenario: Activity lifecycle changed event received but ignored because the intent does not match. startActivityIntent=Intent { act=android.intent.action.MAIN cat=[android.intent.category.LAUNCHER] cmp=com.simplemobiletools.notes.pro.debug/com.simplemobiletools.notes.pro.activities.MainActivity }, activity.getIntent()=Intent { act=android.intent.action.MAIN cat=[android.intent.category.LAUNCHER] flg=0x10000000 cmp=com.simplemobiletools.notes.pro.debug/androidx.test.core.app.InstrumentationActivityInvoker$EmptyActivity }, activity=androidx.test.core.app.InstrumentationActivityInvoker$EmptyActivity@b6c6ed5
08-29 15:05:45.618  3224  3224 D LifecycleMonitor: callback completes: androidx.test.core.app.ActivityScenario$1@11248e0
08-29 15:05:45.621  3224  3224 D LifecycleMonitor: Lifecycle status change: androidx.test.core.app.InstrumentationActivityInvoker$EmptyActivity@b6c6ed5 in: CREATED
08-29 15:05:45.621  3224  3224 D LifecycleMonitor: running callback: androidx.test.core.app.ActivityScenario$1@11248e0
08-29 15:05:45.621  3224  3224 V ActivityScenario: Activity lifecycle changed event received but ignored because the intent does not match. startActivityIntent=Intent { act=android.intent.action.MAIN cat=[android.intent.category.LAUNCHER] cmp=com.simplemobiletools.notes.pro.debug/com.simplemobiletools.notes.pro.activities.MainActivity }, activity.getIntent()=Intent { act=android.intent.action.MAIN cat=[android.intent.category.LAUNCHER] flg=0x10000000 cmp=com.simplemobiletools.notes.pro.debug/androidx.test.core.app.InstrumentationActivityInvoker$EmptyActivity }, activity=androidx.test.core.app.InstrumentationActivityInvoker$EmptyActivity@b6c6ed5
08-29 15:05:45.621  3224  3224 D LifecycleMonitor: callback completes: androidx.test.core.app.ActivityScenario$1@11248e0
08-29 15:05:45.623  3224  3224 D LifecycleMonitor: Lifecycle status change: androidx.test.core.app.InstrumentationActivityInvoker$EmptyActivity@b6c6ed5 in: STARTED
08-29 15:05:45.623  3224  3224 D LifecycleMonitor: running callback: androidx.test.core.app.ActivityScenario$1@11248e0
08-29 15:05:45.624  3224  3224 V ActivityScenario: Activity lifecycle changed event received but ignored because the intent does not match. startActivityIntent=Intent { act=android.intent.action.MAIN cat=[android.intent.category.LAUNCHER] cmp=com.simplemobiletools.notes.pro.debug/com.simplemobiletools.notes.pro.activities.MainActivity }, activity.getIntent()=Intent { act=android.intent.action.MAIN cat=[android.intent.category.LAUNCHER] flg=0x10000000 cmp=com.simplemobiletools.notes.pro.debug/androidx.test.core.app.InstrumentationActivityInvoker$EmptyActivity }, activity=androidx.test.core.app.InstrumentationActivityInvoker$EmptyActivity@b6c6ed5
08-29 15:05:45.624  3224  3224 D LifecycleMonitor: callback completes: androidx.test.core.app.ActivityScenario$1@11248e0
08-29 15:05:45.625  3224  3224 D LifecycleMonitor: Lifecycle status change: androidx.test.core.app.InstrumentationActivityInvoker$EmptyActivity@b6c6ed5 in: RESUMED
08-29 15:05:45.625  3224  3224 D LifecycleMonitor: running callback: androidx.test.core.app.ActivityScenario$1@11248e0
08-29 15:05:45.625  3224  3224 V ActivityScenario: Activity lifecycle changed event received but ignored because the intent does not match. startActivityIntent=Intent { act=android.intent.action.MAIN cat=[android.intent.category.LAUNCHER] cmp=com.simplemobiletools.notes.pro.debug/com.simplemobiletools.notes.pro.activities.MainActivity }, activity.getIntent()=Intent { act=android.intent.action.MAIN cat=[android.intent.category.LAUNCHER] flg=0x10000000 cmp=com.simplemobiletools.notes.pro.debug/androidx.test.core.app.InstrumentationActivityInvoker$EmptyActivity }, activity=androidx.test.core.app.InstrumentationActivityInvoker$EmptyActivity@b6c6ed5
08-29 15:05:45.625  3224  3224 D LifecycleMonitor: callback completes: androidx.test.core.app.ActivityScenario$1@11248e0
08-29 15:05:45.655   316   316 D goldfish-address-space: claimShared: Ask to claim region [0x2d8000000 0x2d90b3000]
08-29 15:05:45.679   316   316 D goldfish-address-space: claimShared: Ask to claim region [0x2d90b3000 0x2da166000]
08-29 15:05:45.694   316   360 D goldfish-address-space: claimShared: Ask to claim region [0x2dd0b3000 0x2de166000]
08-29 15:05:45.721   541   596 I ActivityTaskManager: Displayed com.simplemobiletools.notes.pro.debug/androidx.test.core.app.InstrumentationActivityInvoker$EmptyActivity: +116ms
08-29 15:05:45.728   541  3611 I ActivityTaskManager: START u0 {act=android.intent.action.MAIN cat=[android.intent.category.LAUNCHER] flg=0x10000000 cmp=com.simplemobiletools.notes.pro.debug/androidx.test.core.app.InstrumentationActivityInvoker$EmptyActivity} from uid 10186
08-29 15:05:45.728   541   588 D EventSequenceValidator: Transition from INTENT_FAILED to INTENT_STARTED
08-29 15:05:45.735   404   404 I perfetto: ing_service_impl.cc:758 Configured tracing session 430, #sources:1, duration:5000 ms, #buffers:1, total buffer size:4096 KB, total sessions:4, uid:1071 session name: ""
08-29 15:05:45.737   541   588 D EventSequenceValidator: Transition from INTENT_STARTED to INTENT_FAILED
08-29 15:05:45.737   402   402 I perfetto: probes_producer.cc:230  Ftrace setup (target_buf=430)
08-29 15:05:45.740  3224  3224 D LifecycleMonitor: Lifecycle status change: com.simplemobiletools.notes.pro.activities.MainActivity@939aa10 in: STOPPED
08-29 15:05:45.740  3224  3224 D LifecycleMonitor: running callback: androidx.test.core.app.ActivityScenario$1@11248e0
08-29 15:05:45.740  3224  3224 V ActivityScenario: Update currentActivityStage to STOPPED, currentActivity=com.simplemobiletools.notes.pro.activities.MainActivity@939aa10
08-29 15:05:45.740  3224  3224 D LifecycleMonitor: callback completes: androidx.test.core.app.ActivityScenario$1@11248e0
08-29 15:05:45.740  3224  3224 D AutofillManager: onActivityFinishing(): calling cancelLocked()
08-29 15:05:45.743  3224  3224 D LifecycleMonitor: Lifecycle status change: com.simplemobiletools.notes.pro.activities.MainActivity@939aa10 in: DESTROYED
08-29 15:05:45.743  3224  3224 D LifecycleMonitor: running callback: androidx.test.core.app.ActivityScenario$1@11248e0
08-29 15:05:45.744  3224  3224 V ActivityScenario: Update currentActivityStage to DESTROYED, currentActivity=null
08-29 15:05:45.744  3224  3224 D LifecycleMonitor: callback completes: androidx.test.core.app.ActivityScenario$1@11248e0
08-29 15:05:45.756  3224  3224 D LifecycleMonitor: Lifecycle status change: androidx.test.core.app.InstrumentationActivityInvoker$EmptyActivity@b6c6ed5 in: PAUSED
08-29 15:05:45.756  3224  3224 D LifecycleMonitor: running callback: androidx.test.core.app.ActivityScenario$1@11248e0
08-29 15:05:45.756  3224  3224 V ActivityScenario: Activity lifecycle changed event received but ignored because the intent does not match. startActivityIntent=Intent { act=android.intent.action.MAIN cat=[android.intent.category.LAUNCHER] cmp=com.simplemobiletools.notes.pro.debug/com.simplemobiletools.notes.pro.activities.MainActivity }, activity.getIntent()=Intent { act=android.intent.action.MAIN cat=[android.intent.category.LAUNCHER] flg=0x10000000 cmp=com.simplemobiletools.notes.pro.debug/androidx.test.core.app.InstrumentationActivityInvoker$EmptyActivity }, activity=androidx.test.core.app.InstrumentationActivityInvoker$EmptyActivity@b6c6ed5
08-29 15:05:45.756  3224  3224 D LifecycleMonitor: callback completes: androidx.test.core.app.ActivityScenario$1@11248e0
