08-29 13:56:56.317   404   404 I perfetto: ing_service_impl.cc:758 Configured tracing session 406, #sources:1, duration:5000 ms, #buffers:1, total buffer size:4096 KB, total sessions:4, uid:1071 session name: ""
08-29 13:56:56.317  2304  2304 D LifecycleMonitor: Lifecycle status change: com.simplemobiletools.notes.pro.activities.MainActivity@365a637 in: STOPPED
08-29 13:56:56.317  2304  2304 D LifecycleMonitor: running callback: androidx.test.core.app.ActivityScenario$1@11248e0
08-29 13:56:56.318  2304  2304 V ActivityScenario: Update currentActivityStage to STOPPED, currentActivity=com.simplemobiletools.notes.pro.activities.MainActivity@365a637
08-29 13:56:56.318  2304  2304 D LifecycleMonitor: callback completes: androidx.test.core.app.ActivityScenario$1@11248e0
08-29 13:56:56.319  2304  2304 D AutofillManager: onActivityFinishing(): calling cancelLocked()
08-29 13:56:56.321   402   402 I perfetto: probes_producer.cc:230  Ftrace setup (target_buf=406)
08-29 13:56:56.322  2304  2304 D LifecycleMonitor: Lifecycle status change: com.simplemobiletools.notes.pro.activities.MainActivity@365a637 in: DESTROYED
08-29 13:56:56.322  2304  2304 D LifecycleMonitor: running callback: androidx.test.core.app.ActivityScenario$1@11248e0
08-29 13:56:56.323  2304  2304 V ActivityScenario: Update currentActivityStage to DESTROYED, currentActivity=null
08-29 13:56:56.323  2304  2304 D LifecycleMonitor: callback completes: androidx.test.core.app.ActivityScenario$1@11248e0
08-29 13:56:56.335  2304  2304 D LifecycleMonitor: Lifecycle status change: androidx.test.core.app.InstrumentationActivityInvoker$EmptyActivity@24b5ade in: PAUSED
08-29 13:56:56.335  2304  2304 D LifecycleMonitor: running callback: androidx.test.core.app.ActivityScenario$1@11248e0
08-29 13:56:56.335  2304  2304 V ActivityScenario: Activity lifecycle changed event received but ignored because the intent does not match. startActivityIntent=Intent { act=android.intent.action.MAIN cat=[android.intent.category.LAUNCHER] cmp=com.simplemobiletools.notes.pro.debug/com.simplemobiletools.notes.pro.activities.MainActivity }, activity.getIntent()=Intent { act=android.intent.action.MAIN cat=[android.intent.category.LAUNCHER] flg=0x10000000 cmp=com.simplemobiletools.notes.pro.debug/androidx.test.core.app.InstrumentationActivityInvoker$EmptyActivity }, activity=androidx.test.core.app.InstrumentationActivityInvoker$EmptyActivity@24b5ade
08-29 13:56:56.335  2304  2304 D LifecycleMonitor: callback completes: androidx.test.core.app.ActivityScenario$1@11248e0
08-29 13:56:56.336   541   746 W ActivityTaskManager: Tried to set launchTime (0) < mLastActivityLaunchTime (42343078)
08-29 13:56:56.336   541   746 W InputReader: Device virtio_input_multi_touch_9 is associated with display ADISPLAY_ID_NONE.
08-29 13:56:56.336   541   746 W InputReader: Device virtio_input_multi_touch_7 is associated with display ADISPLAY_ID_NONE.
08-29 13:56:56.336   541   746 W InputReader: Device virtio_input_multi_touch_10 is associated with display ADISPLAY_ID_NONE.
08-29 13:56:56.336   541   746 W InputReader: Device virtio_input_multi_touch_4 is associated with display ADISPLAY_ID_NONE.
08-29 13:56:56.336   541   746 W InputReader: Device virtio_input_multi_touch_11 is associated with display ADISPLAY_ID_NONE.
08-29 13:56:56.336   541   746 W InputReader: Device virtio_input_multi_touch_6 is associated with display ADISPLAY_ID_NONE.
08-29 13:56:56.336   541   746 W InputReader: Device virtio_input_multi_touch_5 is associated with display ADISPLAY_ID_NONE.
08-29 13:56:56.336   541   746 W InputReader: Device virtio_input_multi_touch_3 is associated with display ADISPLAY_ID_NONE.
08-29 13:56:56.336   541   746 W InputReader: Device virtio_input_multi_touch_2 is associated with display ADISPLAY_ID_NONE.
08-29 13:56:56.336   541   746 W InputReader: Device virtio_input_multi_touch_8 is associated with display ADISPLAY_ID_NONE.
08-29 13:56:56.336   541   746 W InputReader: Device virtio_input_multi_touch_9 is associated with display ADISPLAY_ID_NONE.
08-29 13:56:56.336   541   746 W InputReader: Device virtio_input_multi_touch_7 is associated with display ADISPLAY_ID_NONE.
08-29 13:56:56.336   541   746 W InputReader: Device virtio_input_multi_touch_10 is associated with display ADISPLAY_ID_NONE.
08-29 13:56:56.336   541   746 W InputReader: Device virtio_input_multi_touch_4 is associated with display ADISPLAY_ID_NONE.
08-29 13:56:56.336   541   746 W InputReader: Device virtio_input_multi_touch_11 is associated with display ADISPLAY_ID_NONE.
08-29 13:56:56.336   541   746 W InputReader: Device virtio_input_multi_touch_6 is associated with display ADISPLAY_ID_NONE.
08-29 13:56:56.336   541   746 W InputReader: Device virtio_input_multi_touch_5 is associated with display ADISPLAY_ID_NONE.
08-29 13:56:56.336   541   746 W InputReader: Device virtio_input_multi_touch_3 is associated with display ADISPLAY_ID_NONE.
08-29 13:56:56.336   541   746 W InputReader: Device virtio_input_multi_touch_2 is associated with display ADISPLAY_ID_NONE.
08-29 13:56:56.336   541   746 W InputReader: Device virtio_input_multi_touch_8 is associated with display ADISPLAY_ID_NONE.
08-29 13:56:56.341  2304  2304 D LifecycleMonitor: Lifecycle status change: androidx.test.core.app.InstrumentationActivityInvoker$BootstrapActivity@b7406e3 in: DESTROYED
08-29 13:56:56.341  2304  2304 D LifecycleMonitor: running callback: androidx.test.core.app.ActivityScenario$1@11248e0
08-29 13:56:56.341  2304  2304 V ActivityScenario: Activity lifecycle changed event received but ignored because the intent does not match. startActivityIntent=Intent { act=android.intent.action.MAIN cat=[android.intent.category.LAUNCHER] cmp=com.simplemobiletools.notes.pro.debug/com.simplemobiletools.notes.pro.activities.MainActivity }, activity.getIntent()=Intent { act=android.intent.action.MAIN cat=[android.intent.category.LAUNCHER] flg=0x10008000 cmp=com.simplemobiletools.notes.pro.debug/androidx.test.core.app.InstrumentationActivityInvoker$BootstrapActivity (has extras) }, activity=androidx.test.core.app.InstrumentationActivityInvoker$BootstrapActivity@b7406e3
08-29 13:56:56.341  2304  2304 D LifecycleMonitor: callback completes: androidx.test.core.app.ActivityScenario$1@11248e0
08-29 13:56:56.344  2304  2304 D LifecycleMonitor: Lifecycle status change: androidx.test.core.app.InstrumentationActivityInvoker$EmptyActivity@d4fc3cb in: PRE_ON_CREATE
08-29 13:56:56.344  2304  2304 D LifecycleMonitor: running callback: androidx.test.core.app.ActivityScenario$1@11248e0
08-29 13:56:56.345  2304  2304 V ActivityScenario: Activity lifecycle changed event received but ignored because the intent does not match. startActivityIntent=Intent { act=android.intent.action.MAIN cat=[android.intent.category.LAUNCHER] cmp=com.simplemobiletools.notes.pro.debug/com.simplemobiletools.notes.pro.activities.MainActivity }, activity.getIntent()=Intent { act=android.intent.action.MAIN cat=[android.intent.category.LAUNCHER] flg=0x10000000 cmp=com.simplemobiletools.notes.pro.debug/androidx.test.core.app.InstrumentationActivityInvoker$EmptyActivity }, activity=androidx.test.core.app.InstrumentationActivityInvoker$EmptyActivity@d4fc3cb
08-29 13:56:56.345  2304  2304 D LifecycleMonitor: callback completes: androidx.test.core.app.ActivityScenario$1@11248e0
08-29 13:56:56.347  2304  2304 D LifecycleMonitor: Lifecycle status change: androidx.test.core.app.InstrumentationActivityInvoker$EmptyActivity@d4fc3cb in: CREATED
08-29 13:56:56.348  2304  2304 D LifecycleMonitor: running callback: androidx.test.core.app.ActivityScenario$1@11248e0
08-29 13:56:56.348  2304  2304 V ActivityScenario: Activity lifecycle changed event received but ignored because the intent does not match. startActivityIntent=Intent { act=android.intent.action.MAIN cat=[android.intent.category.LAUNCHER] cmp=com.simplemobiletools.notes.pro.debug/com.simplemobiletools.notes.pro.activities.MainActivity }, activity.getIntent()=Intent { act=android.intent.action.MAIN cat=[android.intent.category.LAUNCHER] flg=0x10000000 cmp=com.simplemobiletools.notes.pro.debug/androidx.test.core.app.InstrumentationActivityInvoker$EmptyActivity }, activity=androidx.test.core.app.InstrumentationActivityInvoker$EmptyActivity@d4fc3cb
08-29 13:56:56.348  2304  2304 D LifecycleMonitor: callback completes: androidx.test.core.app.ActivityScenario$1@11248e0
08-29 13:56:56.349  2304  2304 D LifecycleMonitor: Lifecycle status change: androidx.test.core.app.InstrumentationActivityInvoker$EmptyActivity@d4fc3cb in: STARTED
08-29 13:56:56.349  2304  2304 D LifecycleMonitor: running callback: androidx.test.core.app.ActivityScenario$1@11248e0
08-29 13:56:56.349  2304  2304 V ActivityScenario: Activity lifecycle changed event received but ignored because the intent does not match. startActivityIntent=Intent { act=android.intent.action.MAIN cat=[android.intent.category.LAUNCHER] cmp=com.simplemobiletools.notes.pro.debug/com.simplemobiletools.notes.pro.activities.MainActivity }, activity.getIntent()=Intent { act=android.intent.action.MAIN cat=[android.intent.category.LAUNCHER] flg=0x10000000 cmp=com.simplemobiletools.notes.pro.debug/androidx.test.core.app.InstrumentationActivityInvoker$EmptyActivity }, activity=androidx.test.core.app.InstrumentationActivityInvoker$EmptyActivity@d4fc3cb
08-29 13:56:56.349  2304  2304 D LifecycleMonitor: callback completes: androidx.test.core.app.ActivityScenario$1@11248e0
08-29 13:56:56.349  2304  2304 D LifecycleMonitor: Lifecycle status change: androidx.test.core.app.InstrumentationActivityInvoker$EmptyActivity@d4fc3cb in: RESUMED
08-29 13:56:56.349  2304  2304 D LifecycleMonitor: running callback: androidx.test.core.app.ActivityScenario$1@11248e0
08-29 13:56:56.350  2304  2304 V ActivityScenario: Activity lifecycle changed event received but ignored because the intent does not match. startActivityIntent=Intent { act=android.intent.action.MAIN cat=[android.intent.category.LAUNCHER] cmp=com.simplemobiletools.notes.pro.debug/com.simplemobiletools.notes.pro.activities.MainActivity }, activity.getIntent()=Intent { act=android.intent.action.MAIN cat=[android.intent.category.LAUNCHER] flg=0x10000000 cmp=com.simplemobiletools.notes.pro.debug/androidx.test.core.app.InstrumentationActivityInvoker$EmptyActivity }, activity=androidx.test.core.app.InstrumentationActivityInvoker$EmptyActivity@d4fc3cb
08-29 13:56:56.350  2304  2304 D LifecycleMonitor: callback completes: androidx.test.core.app.ActivityScenario$1@11248e0
08-29 13:56:56.367   316   316 D goldfish-address-space: claimShared: Ask to claim region [0x31d0b3000 0x31e166000]
08-29 13:56:56.403   316   316 D goldfish-address-space: claimShared: Ask to claim region [0x31e166000 0x31f219000]
08-29 13:56:56.416   316   316 D goldfish-address-space: claimShared: Ask to claim region [0x320000000 0x3210b3000]
08-29 13:56:56.437   541   596 I ActivityTaskManager: Displayed com.simplemobiletools.notes.pro.debug/androidx.test.core.app.InstrumentationActivityInvoker$EmptyActivity: +125ms
08-29 13:56:56.448   316   316 D goldfish-address-space: claimShared: Ask to claim region [0x3210b3000 0x322166000]
08-29 13:56:56.504  2304  2304 D LifecycleMonitor: Lifecycle status change: androidx.test.core.app.InstrumentationActivityInvoker$EmptyActivity@24b5ade in: STOPPED
08-29 13:56:56.504  2304  2304 D LifecycleMonitor: running callback: androidx.test.core.app.ActivityScenario$1@11248e0
08-29 13:56:56.504  2304  2304 V ActivityScenario: Activity lifecycle changed event received but ignored because the intent does not match. startActivityIntent=Intent { act=android.intent.action.MAIN cat=[android.intent.category.LAUNCHER] cmp=com.simplemobiletools.notes.pro.debug/com.simplemobiletools.notes.pro.activities.MainActivity }, activity.getIntent()=Intent { act=android.intent.action.MAIN cat=[android.intent.category.LAUNCHER] flg=0x10000000 cmp=com.simplemobiletools.notes.pro.debug/androidx.test.core.app.InstrumentationActivityInvoker$EmptyActivity }, activity=androidx.test.core.app.InstrumentationActivityInvoker$EmptyActivity@24b5ade
08-29 13:56:56.504  2304  2304 D LifecycleMonitor: callback completes: androidx.test.core.app.ActivityScenario$1@11248e0
08-29 13:56:56.506  2304  2304 D LifecycleMonitor: Lifecycle status change: androidx.test.core.app.InstrumentationActivityInvoker$EmptyActivity@24b5ade in: DESTROYED
08-29 13:56:56.506  2304  2304 D LifecycleMonitor: running callback: androidx.test.core.app.ActivityScenario$1@11248e0
08-29 13:56:56.506  2304  2304 V ActivityScenario: Activity lifecycle changed event received but ignored because the intent does not match. startActivityIntent=Intent { act=android.intent.action.MAIN cat=[android.intent.category.LAUNCHER] cmp=com.simplemobiletools.notes.pro.debug/com.simplemobiletools.notes.pro.activities.MainActivity }, activity.getIntent()=Intent { act=android.intent.action.MAIN cat=[android.intent.category.LAUNCHER] flg=0x10000000 cmp=com.simplemobiletools.notes.pro.debug/androidx.test.core.app.InstrumentationActivityInvoker$EmptyActivity }, activity=androidx.test.core.app.InstrumentationActivityInvoker$EmptyActivity@24b5ade
08-29 13:56:56.506  2304  2304 D LifecycleMonitor: callback completes: androidx.test.core.app.ActivityScenario$1@11248e0
08-29 13:56:56.513  2304  2304 D LifecycleMonitor: Lifecycle status change: androidx.test.core.app.InstrumentationActivityInvoker$EmptyActivity@d4fc3cb in: PAUSED
08-29 13:56:56.513  2304  2304 D LifecycleMonitor: running callback: androidx.test.core.app.ActivityScenario$1@11248e0
08-29 13:56:56.514  2304  2304 V ActivityScenario: Activity lifecycle changed event received but ignored because the intent does not match. startActivityIntent=Intent { act=android.intent.action.MAIN cat=[android.intent.category.LAUNCHER] cmp=com.simplemobiletools.notes.pro.debug/com.simplemobiletools.notes.pro.activities.MainActivity }, activity.getIntent()=Intent { act=android.intent.action.MAIN cat=[android.intent.category.LAUNCHER] flg=0x10000000 cmp=com.simplemobiletools.notes.pro.debug/androidx.test.core.app.InstrumentationActivityInvoker$EmptyActivity }, activity=androidx.test.core.app.InstrumentationActivityInvoker$EmptyActivity@d4fc3cb
08-29 13:56:56.514  2304  2304 D LifecycleMonitor: callback completes: androidx.test.core.app.ActivityScenario$1@11248e0
08-29 13:56:56.516   541   746 W InputReader: Device virtio_input_multi_touch_9 is associated with display ADISPLAY_ID_NONE.
08-29 13:56:56.516   541   746 W InputReader: Device virtio_input_multi_touch_7 is associated with display ADISPLAY_ID_NONE.
08-29 13:56:56.516   541   746 W InputReader: Device virtio_input_multi_touch_10 is associated with display ADISPLAY_ID_NONE.
08-29 13:56:56.516   541   746 W InputReader: Device virtio_input_multi_touch_4 is associated with display ADISPLAY_ID_NONE.
08-29 13:56:56.516   541   746 W InputReader: Device virtio_input_multi_touch_11 is associated with display ADISPLAY_ID_NONE.
08-29 13:56:56.516   541   746 W InputReader: Device virtio_input_multi_touch_6 is associated with display ADISPLAY_ID_NONE.
08-29 13:56:56.516   541   746 W InputReader: Device virtio_input_multi_touch_5 is associated with display ADISPLAY_ID_NONE.
08-29 13:56:56.516   541   746 W InputReader: Device virtio_input_multi_touch_3 is associated with display ADISPLAY_ID_NONE.
08-29 13:56:56.516   541   746 W InputReader: Device virtio_input_multi_touch_2 is associated with display ADISPLAY_ID_NONE.
08-29 13:56:56.516   541   746 W InputReader: Device virtio_input_multi_touch_8 is associated with display ADISPLAY_ID_NONE.
08-29 13:56:56.516   541   746 W InputReader: Device virtio_input_multi_touch_9 is associated with display ADISPLAY_ID_NONE.
08-29 13:56:56.517   541   746 W InputReader: Device virtio_input_multi_touch_7 is associated with display ADISPLAY_ID_NONE.
08-29 13:56:56.517   541   746 W InputReader: Device virtio_input_multi_touch_10 is associated with display ADISPLAY_ID_NONE.
08-29 13:56:56.517   541   746 W InputReader: Device virtio_input_multi_touch_4 is associated with display ADISPLAY_ID_NONE.
08-29 13:56:56.517   541   746 W InputReader: Device virtio_input_multi_touch_11 is associated with display ADISPLAY_ID_NONE.
08-29 13:56:56.517   541   746 W InputReader: Device virtio_input_multi_touch_6 is associated with display ADISPLAY_ID_NONE.
08-29 13:56:56.517   541   746 W InputReader: Device virtio_input_multi_touch_5 is associated with display ADISPLAY_ID_NONE.
08-29 13:56:56.517   541   746 W InputReader: Device virtio_input_multi_touch_3 is associated with display ADISPLAY_ID_NONE.
08-29 13:56:56.517   541   746 W InputReader: Device virtio_input_multi_touch_2 is associated with display ADISPLAY_ID_NONE.
08-29 13:56:56.517   541   746 W InputReader: Device virtio_input_multi_touch_8 is associated with display ADISPLAY_ID_NONE.
08-29 13:56:56.520  2304  2326 I TestRunner: finished: aboutTest(test.AboutTest)
08-29 13:56:56.539  2304  2304 I MonitoringInstr: Activities that are still in CREATED to STOPPED: 1
08-29 13:56:56.539  2304  2326 I MonitoringInstr: Unstopped activity count: 1
08-29 13:56:56.548  1031  1048 I droid.launcher: NativeAlloc concurrent copying GC freed 3527(210KB) AllocSpace objects, 0(0B) LOS objects, 49% free, 4737KB/9474KB, paused 37.480ms total 58.635ms
08-29 13:56:56.568   316   316 D goldfish-address-space: claimShared: Ask to claim region [0x318000000 0x3190b3000]
08-29 13:56:56.583   316   360 D goldfish-address-space: claimShared: Ask to claim region [0x3190b3000 0x31a166000]
08-29 13:56:56.590  2304  2326 I MonitoringInstr: Unstopped activity count: 1
08-29 13:56:56.615   316   360 D goldfish-address-space: claimShared: Ask to claim region [0x31a166000 0x31b219000]
08-29 13:56:56.629   316   316 D goldfish-address-space: claimShared: Ask to claim region [0x324033000 0x3250e6000]
08-29 13:56:56.642  2304  2326 I MonitoringInstr: Unstopped activity count: 1
08-29 13:56:56.647   316 22643 D goldfish-address-space: claimShared: Ask to claim region [0x3250e6000 0x326199000]
08-29 13:56:56.687   316 22643 D goldfish-address-space: claimShared: Ask to claim region [0x326199000 0x32724c000]
08-29 13:56:56.693  2304  2326 I MonitoringInstr: Unstopped activity count: 1
08-29 13:56:56.702  1705  1705 I QSB.SuggestionsProviderImpl: chars:3,source:Source{name=com.android.quicksearchbox/.google.GoogleSearch}
08-29 13:56:56.731   217   220 E android.system.suspend@1.0-service: Error opening kernel wakelock stats for: wakeup34: Permission denied
08-29 13:56:56.732   217   220 E android.system.suspend@1.0-service: Error opening kernel wakelock stats for: wakeup35: Permission denied
08-29 13:56:56.726   217   217 W Binder:217_2: type=1400 audit(0.0:1587): avc: denied { read } for name="wakeup34" dev="sysfs" ino=19171 scontext=u:r:system_suspend:s0 tcontext=u:object_r:sysfs:s0 tclass=dir permissive=0
08-29 13:56:56.747  2304  2326 I MonitoringInstr: Unstopped activity count: 1
08-29 13:56:56.726   217   217 W Binder:217_2: type=1400 audit(0.0:1588): avc: denied { read } for name="wakeup35" dev="sysfs" ino=19234 scontext=u:r:system_suspend:s0 tcontext=u:object_r:sysfs:s0 tclass=dir permissive=0
08-29 13:56:56.750  1397  1397 I LatinIME: Starting input. Cursor position = 3,3
08-29 13:56:56.753  2304  2304 D LifecycleMonitor: Lifecycle status change: androidx.test.core.app.InstrumentationActivityInvoker$EmptyActivity@d4fc3cb in: STOPPED
08-29 13:56:56.756  2304  2304 D LifecycleMonitor: Lifecycle status change: androidx.test.core.app.InstrumentationActivityInvoker$EmptyActivity@d4fc3cb in: DESTROYED
08-29 13:56:56.760   355   355 I android.hardware.vibrator-service.example: Vibrator reporting capabilities
08-29 13:56:56.775   316 22643 D goldfish-address-space: claimShared: Ask to claim region [0x31e166000 0x31f128000]
08-29 13:56:56.795   316 22643 D goldfish-address-space: claimShared: Ask to claim region [0x31d0b3000 0x31e075000]
08-29 13:56:56.832   316 22643 D goldfish-address-space: claimShared: Ask to claim region [0x320000000 0x320fc2000]
08-29 13:56:56.893  2395  2397 I cmd     : oneway function results will be dropped but finished with status OK and parcel size 4
08-29 13:56:56.896  2304  2326 I TestRunner: started: dummyFailTest(test.MainPageTest)
08-29 13:56:56.918  2304  2326 W Settings: Setting always_finish_activities has moved from android.provider.Settings.System to android.provider.Settings.Global, returning read-only value.
08-29 13:56:56.921   541  3047 I ActivityTaskManager: START u0 {act=android.intent.action.MAIN cat=[android.intent.category.LAUNCHER] flg=0x10008000 cmp=com.simplemobiletools.notes.pro.debug/androidx.test.core.app.InstrumentationActivityInvoker$BootstrapActivity (has extras)} from uid 10182
08-29 13:56:56.921   541   588 D EventSequenceValidator: Transition from INTENT_FAILED to INTENT_STARTED
08-29 13:56:56.926   404   404 I perfetto: ing_service_impl.cc:758 Configured tracing session 407, #sources:1, duration:5000 ms, #buffers:1, total buffer size:4096 KB, total sessions:5, uid:1071 session name: ""
08-29 13:56:56.926   402   402 I perfetto: probes_producer.cc:230  Ftrace setup (target_buf=407)
08-29 13:56:56.931   541   588 D EventSequenceValidator: Transition from INTENT_STARTED to ACTIVITY_LAUNCHED
08-29 13:56:56.931   541  3047 W ActivityTaskManager: Tried to set launchTime (0) < mLastActivityLaunchTime (42343212)
08-29 13:56:56.931   541  3047 W InputReader: Device virtio_input_multi_touch_9 is associated with display ADISPLAY_ID_NONE.
08-29 13:56:56.931   541  3047 W InputReader: Device virtio_input_multi_touch_7 is associated with display ADISPLAY_ID_NONE.
08-29 13:56:56.931   541  3047 W InputReader: Device virtio_input_multi_touch_10 is associated with display ADISPLAY_ID_NONE.
08-29 13:56:56.931   541  3047 W InputReader: Device virtio_input_multi_touch_4 is associated with display ADISPLAY_ID_NONE.
08-29 13:56:56.931   541  3047 W InputReader: Device virtio_input_multi_touch_11 is associated with display ADISPLAY_ID_NONE.
08-29 13:56:56.931   541  3047 W InputReader: Device virtio_input_multi_touch_6 is associated with display ADISPLAY_ID_NONE.
08-29 13:56:56.931   541  3047 W InputReader: Device virtio_input_multi_touch_5 is associated with display ADISPLAY_ID_NONE.
08-29 13:56:56.931   541  3047 W InputReader: Device virtio_input_multi_touch_3 is associated with display ADISPLAY_ID_NONE.
08-29 13:56:56.931   541  3047 W InputReader: Device virtio_input_multi_touch_2 is associated with display ADISPLAY_ID_NONE.
08-29 13:56:56.931   541  3047 W InputReader: Device virtio_input_multi_touch_8 is associated with display ADISPLAY_ID_NONE.
08-29 13:56:56.931   541  3047 W InputReader: Device virtio_input_multi_touch_9 is associated with display ADISPLAY_ID_NONE.
08-29 13:56:56.931   541  3047 W InputReader: Device virtio_input_multi_touch_7 is associated with display ADISPLAY_ID_NONE.
08-29 13:56:56.932   541  3047 W InputReader: Device virtio_input_multi_touch_10 is associated with display ADISPLAY_ID_NONE.
08-29 13:56:56.932   541  3047 W InputReader: Device virtio_input_multi_touch_4 is associated with display ADISPLAY_ID_NONE.
08-29 13:56:56.932   541  3047 W InputReader: Device virtio_input_multi_touch_11 is associated with display ADISPLAY_ID_NONE.
08-29 13:56:56.932   541  3047 W InputReader: Device virtio_input_multi_touch_6 is associated with display ADISPLAY_ID_NONE.
08-29 13:56:56.932   541  3047 W InputReader: Device virtio_input_multi_touch_5 is associated with display ADISPLAY_ID_NONE.
08-29 13:56:56.932   541  3047 W InputReader: Device virtio_input_multi_touch_3 is associated with display ADISPLAY_ID_NONE.
08-29 13:56:56.932   541  3047 W InputReader: Device virtio_input_multi_touch_2 is associated with display ADISPLAY_ID_NONE.
08-29 13:56:56.932   541  3047 W InputReader: Device virtio_input_multi_touch_8 is associated with display ADISPLAY_ID_NONE.
08-29 13:56:56.937  2304  2304 D LifecycleMonitor: Lifecycle status change: androidx.test.core.app.InstrumentationActivityInvoker$BootstrapActivity@91eec6d in: PRE_ON_CREATE
08-29 13:56:56.937  2304  2304 D LifecycleMonitor: running callback: androidx.test.core.app.ActivityScenario$1@78210a2
08-29 13:56:56.937  2304  2304 V ActivityScenario: Activity lifecycle changed event received but ignored because the intent does not match. startActivityIntent=Intent { act=android.intent.action.MAIN cat=[android.intent.category.LAUNCHER] cmp=com.simplemobiletools.notes.pro.debug/com.simplemobiletools.notes.pro.activities.MainActivity }, activity.getIntent()=Intent { act=android.intent.action.MAIN cat=[android.intent.category.LAUNCHER] flg=0x10008000 cmp=com.simplemobiletools.notes.pro.debug/androidx.test.core.app.InstrumentationActivityInvoker$BootstrapActivity (has extras) }, activity=androidx.test.core.app.InstrumentationActivityInvoker$BootstrapActivity@91eec6d
08-29 13:56:56.937  2304  2304 D LifecycleMonitor: callback completes: androidx.test.core.app.ActivityScenario$1@78210a2
08-29 13:56:56.943  2304  2304 D LifecycleMonitor: Lifecycle status change: androidx.test.core.app.InstrumentationActivityInvoker$BootstrapActivity@91eec6d in: CREATED
08-29 13:56:56.943  2304  2304 D LifecycleMonitor: running callback: androidx.test.core.app.ActivityScenario$1@78210a2
08-29 13:56:56.943  2304  2304 V ActivityScenario: Activity lifecycle changed event received but ignored because the intent does not match. startActivityIntent=Intent { act=android.intent.action.MAIN cat=[android.intent.category.LAUNCHER] cmp=com.simplemobiletools.notes.pro.debug/com.simplemobiletools.notes.pro.activities.MainActivity }, activity.getIntent()=Intent { act=android.intent.action.MAIN cat=[android.intent.category.LAUNCHER] flg=0x10008000 cmp=com.simplemobiletools.notes.pro.debug/androidx.test.core.app.InstrumentationActivityInvoker$BootstrapActivity (has extras) }, activity=androidx.test.core.app.InstrumentationActivityInvoker$BootstrapActivity@91eec6d
08-29 13:56:56.943  2304  2304 D LifecycleMonitor: callback completes: androidx.test.core.app.ActivityScenario$1@78210a2
08-29 13:56:56.947  2304  2304 D LifecycleMonitor: Lifecycle status change: androidx.test.core.app.InstrumentationActivityInvoker$BootstrapActivity@91eec6d in: STARTED
08-29 13:56:56.948  2304  2304 D LifecycleMonitor: running callback: androidx.test.core.app.ActivityScenario$1@78210a2
08-29 13:56:56.948  2304  2304 V ActivityScenario: Activity lifecycle changed event received but ignored because the intent does not match. startActivityIntent=Intent { act=android.intent.action.MAIN cat=[android.intent.category.LAUNCHER] cmp=com.simplemobiletools.notes.pro.debug/com.simplemobiletools.notes.pro.activities.MainActivity }, activity.getIntent()=Intent { act=android.intent.action.MAIN cat=[android.intent.category.LAUNCHER] flg=0x10008000 cmp=com.simplemobiletools.notes.pro.debug/androidx.test.core.app.InstrumentationActivityInvoker$BootstrapActivity (has extras) }, activity=androidx.test.core.app.InstrumentationActivityInvoker$BootstrapActivity@91eec6d
08-29 13:56:56.949  2304  2304 D LifecycleMonitor: callback completes: androidx.test.core.app.ActivityScenario$1@78210a2
08-29 13:56:56.949   316 22643 D goldfish-address-space: claimShared: Ask to claim region [0x328000000 0x3290b3000]
08-29 13:56:56.950   541  1644 I ActivityTaskManager: START u0 {act=android.intent.action.MAIN cat=[android.intent.category.LAUNCHER] cmp=com.simplemobiletools.notes.pro.debug/com.simplemobiletools.notes.pro.activities.MainActivity} from uid 10182
08-29 13:56:56.954  2304  2304 D LifecycleMonitor: Lifecycle status change: androidx.test.core.app.InstrumentationActivityInvoker$BootstrapActivity@91eec6d in: RESUMED
08-29 13:56:56.954  2304  2304 D LifecycleMonitor: running callback: androidx.test.core.app.ActivityScenario$1@78210a2
08-29 13:56:56.954  2304  2304 V ActivityScenario: Activity lifecycle changed event received but ignored because the intent does not match. startActivityIntent=Intent { act=android.intent.action.MAIN cat=[android.intent.category.LAUNCHER] cmp=com.simplemobiletools.notes.pro.debug/com.simplemobiletools.notes.pro.activities.MainActivity }, activity.getIntent()=Intent { act=android.intent.action.MAIN cat=[android.intent.category.LAUNCHER] flg=0x10008000 cmp=com.simplemobiletools.notes.pro.debug/androidx.test.core.app.InstrumentationActivityInvoker$BootstrapActivity (has extras) }, activity=androidx.test.core.app.InstrumentationActivityInvoker$BootstrapActivity@91eec6d
08-29 13:56:56.954  2304  2304 D LifecycleMonitor: callback completes: androidx.test.core.app.ActivityScenario$1@78210a2
08-29 13:56:56.962  1705  1736 W GoogleSearch: Error
08-29 13:56:56.962  1705  1736 W GoogleSearch: java.io.IOException: Cleartext traffic not permitted: http://www.google.com
08-29 13:56:56.962  1705  1736 W GoogleSearch: 	at org.apache.http.impl.client.DefaultRequestDirector.execute(DefaultRequestDirector.java:439)
08-29 13:56:56.962  1705  1736 W GoogleSearch: 	at org.apache.http.impl.client.AbstractHttpClient.execute(AbstractHttpClient.java:560)
08-29 13:56:56.962  1705  1736 W GoogleSearch: 	at org.apache.http.impl.client.AbstractHttpClient.execute(AbstractHttpClient.java:492)
08-29 13:56:56.962  1705  1736 W GoogleSearch: 	at org.apache.http.impl.client.AbstractHttpClient.execute(AbstractHttpClient.java:470)
08-29 13:56:56.962  1705  1736 W GoogleSearch: 	at android.net.http.AndroidHttpClient.execute(AndroidHttpClient.java:250)
08-29 13:56:56.962  1705  1736 W GoogleSearch: 	at com.android.quicksearchbox.google.GoogleSuggestClient.query(GoogleSuggestClient.java:116)
08-29 13:56:56.962  1705  1736 W GoogleSearch: 	at com.android.quicksearchbox.google.GoogleSuggestClient.queryInternal(GoogleSuggestClient.java:84)
08-29 13:56:56.962  1705  1736 W GoogleSearch: 	at com.android.quicksearchbox.google.AbstractGoogleSource.getSuggestions(AbstractGoogleSource.java:103)
08-29 13:56:56.962  1705  1736 W GoogleSearch: 	at com.android.quicksearchbox.google.AbstractGoogleSource.getSuggestions(AbstractGoogleSource.java:34)
08-29 13:56:56.962  1705  1736 W GoogleSearch: 	at com.android.quicksearchbox.QueryTask.run(QueryTask.java:66)
08-29 13:56:56.962  1705  1736 W GoogleSearch: 	at com.android.quicksearchbox.util.SingleThreadNamedTaskExecutor$Worker.loop(SingleThreadNamedTaskExecutor.java:85)
08-29 13:56:56.962  1705  1736 W GoogleSearch: 	at com.android.quicksearchbox.util.SingleThreadNamedTaskExecutor$Worker.run(SingleThreadNamedTaskExecutor.java:66)
08-29 13:56:56.962  1705  1736 W GoogleSearch: 	at java.lang.Thread.run(Thread.java:923)
08-29 13:56:56.962  1705  1736 W GoogleSearch: 	at com.android.quicksearchbox.util.PriorityThreadFactory$1.run(PriorityThreadFactory.java:45)
08-29 13:56:56.971  2304  2304 D LifecycleMonitor: Lifecycle status change: androidx.test.core.app.InstrumentationActivityInvoker$BootstrapActivity@91eec6d in: PAUSED
08-29 13:56:56.971  2304  2304 D LifecycleMonitor: running callback: androidx.test.core.app.ActivityScenario$1@78210a2
08-29 13:56:56.971  2304  2304 V ActivityScenario: Activity lifecycle changed event received but ignored because the intent does not match. startActivityIntent=Intent { act=android.intent.action.MAIN cat=[android.intent.category.LAUNCHER] cmp=com.simplemobiletools.notes.pro.debug/com.simplemobiletools.notes.pro.activities.MainActivity }, activity.getIntent()=Intent { act=android.intent.action.MAIN cat=[android.intent.category.LAUNCHER] flg=0x10008000 cmp=com.simplemobiletools.notes.pro.debug/androidx.test.core.app.InstrumentationActivityInvoker$BootstrapActivity (has extras) }, activity=androidx.test.core.app.InstrumentationActivityInvoker$BootstrapActivity@91eec6d
08-29 13:56:56.971  2304  2304 D LifecycleMonitor: callback completes: androidx.test.core.app.ActivityScenario$1@78210a2
08-29 13:56:56.972   541  1644 W ActivityTaskManager: Tried to set launchTime (0) < mLastActivityLaunchTime (42343807)
08-29 13:56:56.975   541  1644 W InputReader: Device virtio_input_multi_touch_9 is associated with display ADISPLAY_ID_NONE.
08-29 13:56:56.975   541  1644 W InputReader: Device virtio_input_multi_touch_7 is associated with display ADISPLAY_ID_NONE.
08-29 13:56:56.975   541  1644 W InputReader: Device virtio_input_multi_touch_10 is associated with display ADISPLAY_ID_NONE.
08-29 13:56:56.975   541  1644 W InputReader: Device virtio_input_multi_touch_4 is associated with display ADISPLAY_ID_NONE.
08-29 13:56:56.975   541  1644 W InputReader: Device virtio_input_multi_touch_11 is associated with display ADISPLAY_ID_NONE.
08-29 13:56:56.975   541  1644 W InputReader: Device virtio_input_multi_touch_6 is associated with display ADISPLAY_ID_NONE.
08-29 13:56:56.975   541  1644 W InputReader: Device virtio_input_multi_touch_5 is associated with display ADISPLAY_ID_NONE.
08-29 13:56:56.975   541  1644 W InputReader: Device virtio_input_multi_touch_3 is associated with display ADISPLAY_ID_NONE.
08-29 13:56:56.975   541  1644 W InputReader: Device virtio_input_multi_touch_2 is associated with display ADISPLAY_ID_NONE.
08-29 13:56:56.975   541  1644 W InputReader: Device virtio_input_multi_touch_8 is associated with display ADISPLAY_ID_NONE.
08-29 13:56:56.975   541  1644 W InputReader: Device virtio_input_multi_touch_9 is associated with display ADISPLAY_ID_NONE.
08-29 13:56:56.975   541  1644 W InputReader: Device virtio_input_multi_touch_7 is associated with display ADISPLAY_ID_NONE.
08-29 13:56:56.975   541  1644 W InputReader: Device virtio_input_multi_touch_10 is associated with display ADISPLAY_ID_NONE.
08-29 13:56:56.975   541  1644 W InputReader: Device virtio_input_multi_touch_4 is associated with display ADISPLAY_ID_NONE.
08-29 13:56:56.975   541  1644 W InputReader: Device virtio_input_multi_touch_11 is associated with display ADISPLAY_ID_NONE.
08-29 13:56:56.975   541  1644 W InputReader: Device virtio_input_multi_touch_6 is associated with display ADISPLAY_ID_NONE.
08-29 13:56:56.975   541  1644 W InputReader: Device virtio_input_multi_touch_5 is associated with display ADISPLAY_ID_NONE.
08-29 13:56:56.975   541  1644 W InputReader: Device virtio_input_multi_touch_3 is associated with display ADISPLAY_ID_NONE.
08-29 13:56:56.975   541  1644 W InputReader: Device virtio_input_multi_touch_2 is associated with display ADISPLAY_ID_NONE.
08-29 13:56:56.975   541  1644 W InputReader: Device virtio_input_multi_touch_8 is associated with display ADISPLAY_ID_NONE.
08-29 13:56:56.981  2304  2304 D LifecycleMonitor: Lifecycle status change: com.simplemobiletools.notes.pro.activities.MainActivity@8381d8f in: PRE_ON_CREATE
08-29 13:56:56.981  2304  2304 D LifecycleMonitor: running callback: androidx.test.core.app.ActivityScenario$1@78210a2
08-29 13:56:56.981  2304  2304 V ActivityScenario: Activity lifecycle changed event received but ignored because the reported transition was not ON_CREATE while the last known transition was PRE_ON_CREATE
08-29 13:56:56.981  2304  2304 D LifecycleMonitor: callback completes: androidx.test.core.app.ActivityScenario$1@78210a2
08-29 13:56:57.003   506   506 E netmgr  : qemu_pipe_open_ns:62: Could not connect to the 'pipe:qemud:network' service: Invalid argument
08-29 13:56:57.003   506   506 E netmgr  : Failed to open QEMU pipe 'qemud:network': Invalid argument
08-29 13:56:57.013  2304  2304 D LifecycleMonitor: Lifecycle status change: com.simplemobiletools.notes.pro.activities.MainActivity@8381d8f in: CREATED
08-29 13:56:57.013  2304  2304 D LifecycleMonitor: running callback: androidx.test.core.app.ActivityScenario$1@78210a2
08-29 13:56:57.013  2304  2304 V ActivityScenario: Update currentActivityStage to CREATED, currentActivity=com.simplemobiletools.notes.pro.activities.MainActivity@8381d8f
08-29 13:56:57.013  2304  2304 D LifecycleMonitor: callback completes: androidx.test.core.app.ActivityScenario$1@78210a2
08-29 13:56:57.015  2304  2304 D LifecycleMonitor: Lifecycle status change: com.simplemobiletools.notes.pro.activities.MainActivity@8381d8f in: STARTED
08-29 13:56:57.015  2304  2304 D LifecycleMonitor: running callback: androidx.test.core.app.ActivityScenario$1@78210a2
08-29 13:56:57.015  2304  2304 V ActivityScenario: Update currentActivityStage to STARTED, currentActivity=com.simplemobiletools.notes.pro.activities.MainActivity@8381d8f
08-29 13:56:57.015  2304  2304 D LifecycleMonitor: callback completes: androidx.test.core.app.ActivityScenario$1@78210a2
08-29 13:56:57.022  2304  2304 D LifecycleMonitor: Lifecycle status change: com.simplemobiletools.notes.pro.activities.MainActivity@8381d8f in: RESUMED
08-29 13:56:57.022  2304  2304 D LifecycleMonitor: running callback: androidx.test.core.app.ActivityScenario$1@78210a2
08-29 13:56:57.022  2304  2304 V ActivityScenario: Update currentActivityStage to RESUMED, currentActivity=com.simplemobiletools.notes.pro.activities.MainActivity@8381d8f
08-29 13:56:57.022  2304  2304 D LifecycleMonitor: callback completes: androidx.test.core.app.ActivityScenario$1@78210a2
08-29 13:56:57.022  2304  2326 I Espresso Run: ------------------------------------------------------------------------------------------
08-29 13:56:57.022  2304  2326 I Espresso Run: Test: dummyFailTest
08-29 13:56:57.022  2304  2326 I Espresso Run: ------------------------------------------------------------------------------------------
08-29 13:56:57.022  2304  2326 I Espresso Run: Opening the menu
08-29 13:56:57.035   316 22643 D goldfish-address-space: claimShared: Ask to claim region [0x32a166000 0x32b219000]
08-29 13:56:57.093   316 22643 D goldfish-address-space: claimShared: Ask to claim region [0x31a166000 0x31b219000]
08-29 13:56:57.125  2304  2304 D IdlingResourceRegistry: All idling resources are idle.
08-29 13:56:57.167   316 22643 D goldfish-address-space: claimShared: Ask to claim region [0x31c000000 0x31d0b3000]
08-29 13:56:57.203   316 22643 D goldfish-address-space: claimShared: Ask to claim region [0x324033000 0x3250e6000]
08-29 13:56:57.221   316 22643 D goldfish-address-space: claimShared: Ask to claim region [0x3250e6000 0x326199000]
08-29 13:56:57.302   541   541 D AutofillInlineSuggestionsRequestSession: onCreateInlineSuggestionsRequestLocked called: 1073741825@1073298423
08-29 13:56:57.302   541   541 D AutofillInlineSuggestionsRequestSession: onInlineSuggestionsUnsupported() called.
08-29 13:56:57.309   541   596 D ArtManagerInternalImpl: /data/misc/iorapd/com.simplemobiletools.notes.pro.debug/84/com.simplemobiletools.notes.pro.activities.MainActivity/compiled_traces/compiled_trace.pb doesn't exist
08-29 13:56:57.309   541   596 I ActivityTaskManager: Displayed com.simplemobiletools.notes.pro.debug/com.simplemobiletools.notes.pro.activities.MainActivity: +387ms
08-29 13:56:57.310   541   588 D EventSequenceValidator: Transition from ACTIVITY_LAUNCHED to ACTIVITY_FINISHED
08-29 13:56:57.326  2304  2304 I AssistStructure: Flattened final assist data: 2784 bytes, containing 1 windows, 20 views
08-29 13:56:57.373  1397  1397 I LatinIME: Starting input. Cursor position = 0,0
08-29 13:56:57.374 19013 19013 W kqw     : Pending fill request while another request in the same session was triggered. [CONTEXT service_id=177 ]
08-29 13:56:57.378   541   541 D AutofillInlineSuggestionsRequestSession: onInlineSuggestionsResponseLocked called for:1073741825@1073298423
08-29 13:56:57.379   541   586 D AutofillUI: destroySaveUiUiThread(): already destroyed
08-29 13:56:57.379  1348  1348 V InlineSuggestionRenderService: handleDestroySuggestionViews called for 0:1073298423
08-29 13:56:57.434   316 22643 D goldfish-address-space: claimShared: Ask to claim region [0x31a166000 0x31b219000]
08-29 13:56:57.470   316 22643 D goldfish-address-space: claimShared: Ask to claim region [0x326199000 0x32724c000]
08-29 13:56:57.502  2304  2304 D IdlingResourceRegistry: All idling resources are idle.
08-29 13:56:57.503   355   355 I android.hardware.vibrator-service.example: Vibrator reporting capabilities
08-29 13:56:57.506  2304  2304 I ViewInteraction: Checking 'MatchesViewAssertion{viewMatcher=is displayed on the screen to the user}' assertion on view with content description text: is "More options"
08-29 13:56:57.510  2304  2304 D IdlingResourceRegistry: All idling resources are idle.
08-29 13:56:57.512  2304  2304 D LifecycleMonitor: Lifecycle status change: androidx.test.core.app.InstrumentationActivityInvoker$BootstrapActivity@91eec6d in: STOPPED
08-29 13:56:57.512  2304  2304 D LifecycleMonitor: running callback: androidx.test.core.app.ActivityScenario$1@78210a2
08-29 13:56:57.512  2304  2304 V ActivityScenario: Activity lifecycle changed event received but ignored because the intent does not match. startActivityIntent=Intent { act=android.intent.action.MAIN cat=[android.intent.category.LAUNCHER] cmp=com.simplemobiletools.notes.pro.debug/com.simplemobiletools.notes.pro.activities.MainActivity }, activity.getIntent()=Intent { act=android.intent.action.MAIN cat=[android.intent.category.LAUNCHER] flg=0x10008000 cmp=com.simplemobiletools.notes.pro.debug/androidx.test.core.app.InstrumentationActivityInvoker$BootstrapActivity (has extras) }, activity=androidx.test.core.app.InstrumentationActivityInvoker$BootstrapActivity@91eec6d
08-29 13:56:57.512  2304  2304 D LifecycleMonitor: callback completes: androidx.test.core.app.ActivityScenario$1@78210a2
08-29 13:56:57.566   316 22643 D goldfish-address-space: claimShared: Ask to claim region [0x318000000 0x3190b3000]
08-29 13:56:57.584  2304  2304 D IdlingResourceRegistry: All idling resources are idle.
08-29 13:56:57.584  2304  2304 I ViewInteraction: Performing 'single click' action on view with content description text: is "More options"
08-29 13:56:57.602  2304  2304 D IdlingResourceRegistry: All idling resources are idle.
08-29 13:56:57.624  2304  2304 I chatty  : uid=10182(com.simplemobiletools.notes.pro.debug) identical 6 lines
08-29 13:56:57.624  2304  2304 D IdlingResourceRegistry: All idling resources are idle.
08-29 13:56:57.650   541  3047 I system_server: oneway function results will be dropped but finished with status OK and parcel size 4
08-29 13:56:57.701   316 22643 D goldfish-address-space: claimShared: Ask to claim region [0x31b219000 0x31b6f6000]
08-29 13:56:57.708   316 22643 D goldfish-address-space: claimShared: Ask to claim region [0x31b6f6000 0x31bbd3000]
08-29 13:56:57.713   316 22643 D goldfish-address-space: claimShared: Ask to claim region [0x3190b3000 0x319590000]
08-29 13:56:57.783   541   746 I system_server: oneway function results will be dropped but finished with status OK and parcel size 4
08-29 13:56:57.798   316 22643 D goldfish-address-space: claimShared: Ask to claim region [0x31b6f6000 0x31bbd3000]
08-29 13:56:57.827   316 22643 D goldfish-address-space: claimShared: Ask to claim region [0x319590000 0x319a6d000]
08-29 13:56:57.832  2304  2304 D IdlingResourceRegistry: All idling resources are idle.
08-29 13:56:58.051  2304  2304 I chatty  : uid=10182(com.simplemobiletools.notes.pro.debug) identical 6 lines
08-29 13:56:58.052  2304  2304 D IdlingResourceRegistry: All idling resources are idle.
08-29 13:56:58.080  2304  2304 I ViewInteraction: Checking 'MatchesViewAssertion{viewMatcher=is displayed on the screen to the user}' assertion on view with id is <com.simplemobiletools.notes.pro.debug:id/settings_customize_colors_holder>
08-29 13:56:58.080  2304  2304 E ViewAssertions: 'is displayed on the screen to the user' check could not be performed because view 'with id is <com.simplemobiletools.notes.pro.debug:id/settings_customize_colors_holder>' was not found.
08-29 13:56:58.083  2304  2326 I Espresso Run: ------------------------------------------------------------------------------------------
08-29 13:56:58.083  2304  2326 I Espresso Run: FAILED dummyFailTest
08-29 13:56:58.089   316 22643 D goldfish-address-space: claimShared: Ask to claim region [0x31c000000 0x31d0b3000]
08-29 13:56:58.112   174   174 I hwservicemanager: getTransport: Cannot find entry android.hardware.graphics.mapper@4.0::IMapper/default in either framework or device manifest.
08-29 13:56:58.113  2290  2303 I Gralloc4: mapper 4.x is not supported
08-29 13:56:58.116  2290  2303 D HostConnection: createUnique: call
08-29 13:56:58.116  2290  2303 D HostConnection: HostConnection::get() New Host Connection established 0xeb3c1a50, tid 2303
08-29 13:56:58.116  2290  2303 D goldfish-address-space: allocate: Ask for block of size 0x100
08-29 13:56:58.116  2290  2303 D goldfish-address-space: allocate: ioctl allocate returned offset 0x317ffe000 size 0x2000
08-29 13:56:58.119  2290  2303 D HostConnection: HostComposition ext ANDROID_EMU_CHECKSUM_HELPER_v1 ANDROID_EMU_native_sync_v2 ANDROID_EMU_native_sync_v3 ANDROID_EMU_native_sync_v4 ANDROID_EMU_dma_v1 ANDROID_EMU_direct_mem ANDROID_EMU_host_composition_v1 ANDROID_EMU_host_composition_v2 ANDROID_EMU_vulkan ANDROID_EMU_deferred_vulkan_commands ANDROID_EMU_vulkan_null_optional_strings ANDROID_EMU_vulkan_create_resources_with_requirements ANDROID_EMU_YUV_Cache ANDROID_EMU_async_unmap_buffer ANDROID_EMU_vulkan_ignored_handles ANDROID_EMU_has_shared_slots_host_memory_allocator ANDROID_EMU_vulkan_free_memory_sync ANDROID_EMU_vulkan_shader_float16_int8 ANDROID_EMU_vulkan_async_queue_submit ANDROID_EMU_sync_buffer_data GL_OES_vertex_array_object GL_KHR_texture_compression_astc_ldr ANDROID_EMU_host_side_tracing ANDROID_EMU_async_frame_commands ANDROID_EMU_gles_max_version_2 
08-29 13:56:58.126  2290  2412 D libEGL  : loaded /vendor/lib/egl/libEGL_emulation.so
08-29 13:56:58.127  2290  2412 D libEGL  : loaded /vendor/lib/egl/libGLESv1_CM_emulation.so
08-29 13:56:58.128  2290  2412 D libEGL  : loaded /vendor/lib/egl/libGLESv2_emulation.so
08-29 13:56:58.140  2290  2412 D HostConnection: HostConnection::get() New Host Connection established 0xeb3c2ee0, tid 2412
08-29 13:56:58.143  2290  2412 D HostConnection: HostComposition ext ANDROID_EMU_CHECKSUM_HELPER_v1 ANDROID_EMU_native_sync_v2 ANDROID_EMU_native_sync_v3 ANDROID_EMU_native_sync_v4 ANDROID_EMU_dma_v1 ANDROID_EMU_direct_mem ANDROID_EMU_host_composition_v1 ANDROID_EMU_host_composition_v2 ANDROID_EMU_vulkan ANDROID_EMU_deferred_vulkan_commands ANDROID_EMU_vulkan_null_optional_strings ANDROID_EMU_vulkan_create_resources_with_requirements ANDROID_EMU_YUV_Cache ANDROID_EMU_async_unmap_buffer ANDROID_EMU_vulkan_ignored_handles ANDROID_EMU_has_shared_slots_host_memory_allocator ANDROID_EMU_vulkan_free_memory_sync ANDROID_EMU_vulkan_shader_float16_int8 ANDROID_EMU_vulkan_async_queue_submit ANDROID_EMU_sync_buffer_data GL_OES_vertex_array_object GL_KHR_texture_compression_astc_ldr ANDROID_EMU_host_side_tracing ANDROID_EMU_async_frame_commands ANDROID_EMU_gles_max_version_2 
08-29 13:56:58.143   174   174 I hwservicemanager: getTransport: Cannot find entry android.hardware.configstore@1.0::ISurfaceFlingerConfigs/default in either framework or device manifest.
08-29 13:56:58.144  2290  2412 W OpenGLRenderer: Failed to choose config with EGL_SWAP_BEHAVIOR_PRESERVED, retrying without...
08-29 13:56:58.163  2290  2412 D EGL_emulation: eglCreateContext: 0xeb3c1f90: maj 2 min 0 rcv 2
08-29 13:56:58.165  2290  2412 D EGL_emulation: eglMakeCurrent: 0xeb3c1f90: ver 2 0 (tinfo 0xeb716990) (first time)
08-29 13:56:58.425  2304  2326 I Espresso Run: ------------------------------------------------------------------------------------------
08-29 13:56:58.428   541   746 I ActivityTaskManager: START u0 {act=android.intent.action.MAIN cat=[android.intent.category.LAUNCHER] flg=0x10000000 cmp=com.simplemobiletools.notes.pro.debug/androidx.test.core.app.InstrumentationActivityInvoker$EmptyActivity} from uid 10182
08-29 13:56:58.428   541   588 D EventSequenceValidator: Transition from ACTIVITY_FINISHED to INTENT_STARTED
08-29 13:56:58.430   404   404 E perfetto: ing_service_impl.cc:605 Too many concurrent tracing sesions (5) for uid 1071 limit is 5
08-29 13:56:58.431   435  1147 E perfetto: r_api_deprecated.cc:216 Tracing session failed
08-29 13:56:58.432   435  2414 E iorapd  : Perfetto trace proto collection error: kTraceFailed
08-29 13:56:58.432  2304  2304 D LifecycleMonitor: Lifecycle status change: com.simplemobiletools.notes.pro.activities.MainActivity@8381d8f in: PAUSED
08-29 13:56:58.432  2304  2304 D LifecycleMonitor: running callback: androidx.test.core.app.ActivityScenario$1@78210a2
08-29 13:56:58.432  2304  2304 V ActivityScenario: Update currentActivityStage to PAUSED, currentActivity=com.simplemobiletools.notes.pro.activities.MainActivity@8381d8f
08-29 13:56:58.432  2304  2304 D LifecycleMonitor: callback completes: androidx.test.core.app.ActivityScenario$1@78210a2
08-29 13:56:58.434   541   588 D EventSequenceValidator: Transition from INTENT_STARTED to INTENT_FAILED
08-29 13:56:58.434   541   914 W ActivityTaskManager: Tried to set launchTime (0) < mLastActivityLaunchTime (42343851)
08-29 13:56:58.434   541   914 W InputReader: Device virtio_input_multi_touch_9 is associated with display ADISPLAY_ID_NONE.
08-29 13:56:58.434   541   914 W InputReader: Device virtio_input_multi_touch_7 is associated with display ADISPLAY_ID_NONE.
08-29 13:56:58.434   541   914 W InputReader: Device virtio_input_multi_touch_10 is associated with display ADISPLAY_ID_NONE.
08-29 13:56:58.434   541   914 W InputReader: Device virtio_input_multi_touch_4 is associated with display ADISPLAY_ID_NONE.
08-29 13:56:58.434   541   914 W InputReader: Device virtio_input_multi_touch_11 is associated with display ADISPLAY_ID_NONE.
08-29 13:56:58.434   541   914 W InputReader: Device virtio_input_multi_touch_6 is associated with display ADISPLAY_ID_NONE.
08-29 13:56:58.434   541   914 W InputReader: Device virtio_input_multi_touch_5 is associated with display ADISPLAY_ID_NONE.
08-29 13:56:58.434   541   914 W InputReader: Device virtio_input_multi_touch_3 is associated with display ADISPLAY_ID_NONE.
08-29 13:56:58.434   541   914 W InputReader: Device virtio_input_multi_touch_2 is associated with display ADISPLAY_ID_NONE.
08-29 13:56:58.434   541   914 W InputReader: Device virtio_input_multi_touch_8 is associated with display ADISPLAY_ID_NONE.
