08-29 13:56:58.434   541   914 W InputReader: Device virtio_input_multi_touch_9 is associated with display ADISPLAY_ID_NONE.
08-29 13:56:58.434   541   914 W InputReader: Device virtio_input_multi_touch_7 is associated with display ADISPLAY_ID_NONE.
08-29 13:56:58.434   541   914 W InputReader: Device virtio_input_multi_touch_10 is associated with display ADISPLAY_ID_NONE.
08-29 13:56:58.434   541   914 W InputReader: Device virtio_input_multi_touch_4 is associated with display ADISPLAY_ID_NONE.
08-29 13:56:58.434   541   914 W InputReader: Device virtio_input_multi_touch_11 is associated with display ADISPLAY_ID_NONE.
08-29 13:56:58.434   541   914 W InputReader: Device virtio_input_multi_touch_6 is associated with display ADISPLAY_ID_NONE.
08-29 13:56:58.434   541   914 W InputReader: Device virtio_input_multi_touch_5 is associated with display ADISPLAY_ID_NONE.
08-29 13:56:58.434   541   914 W InputReader: Device virtio_input_multi_touch_3 is associated with display ADISPLAY_ID_NONE.
08-29 13:56:58.434   541   914 W InputReader: Device virtio_input_multi_touch_2 is associated with display ADISPLAY_ID_NONE.
08-29 13:56:58.434   541   914 W InputReader: Device virtio_input_multi_touch_8 is associated with display ADISPLAY_ID_NONE.
08-29 13:56:58.443  2304  2304 D LifecycleMonitor: Lifecycle status change: androidx.test.core.app.InstrumentationActivityInvoker$EmptyActivity@4f2c416 in: PRE_ON_CREATE
08-29 13:56:58.443  2304  2304 D LifecycleMonitor: running callback: androidx.test.core.app.ActivityScenario$1@78210a2
08-29 13:56:58.443  2304  2304 V ActivityScenario: Activity lifecycle changed event received but ignored because the intent does not match. startActivityIntent=Intent { act=android.intent.action.MAIN cat=[android.intent.category.LAUNCHER] cmp=com.simplemobiletools.notes.pro.debug/com.simplemobiletools.notes.pro.activities.MainActivity }, activity.getIntent()=Intent { act=android.intent.action.MAIN cat=[android.intent.category.LAUNCHER] flg=0x10000000 cmp=com.simplemobiletools.notes.pro.debug/androidx.test.core.app.InstrumentationActivityInvoker$EmptyActivity }, activity=androidx.test.core.app.InstrumentationActivityInvoker$EmptyActivity@4f2c416
08-29 13:56:58.443  2304  2304 D LifecycleMonitor: callback completes: androidx.test.core.app.ActivityScenario$1@78210a2
08-29 13:56:58.450  2304  2304 D LifecycleMonitor: Lifecycle status change: androidx.test.core.app.InstrumentationActivityInvoker$EmptyActivity@4f2c416 in: CREATED
08-29 13:56:58.450  2304  2304 D LifecycleMonitor: running callback: androidx.test.core.app.ActivityScenario$1@78210a2
08-29 13:56:58.450  2304  2304 V ActivityScenario: Activity lifecycle changed event received but ignored because the intent does not match. startActivityIntent=Intent { act=android.intent.action.MAIN cat=[android.intent.category.LAUNCHER] cmp=com.simplemobiletools.notes.pro.debug/com.simplemobiletools.notes.pro.activities.MainActivity }, activity.getIntent()=Intent { act=android.intent.action.MAIN cat=[android.intent.category.LAUNCHER] flg=0x10000000 cmp=com.simplemobiletools.notes.pro.debug/androidx.test.core.app.InstrumentationActivityInvoker$EmptyActivity }, activity=androidx.test.core.app.InstrumentationActivityInvoker$EmptyActivity@4f2c416
08-29 13:56:58.450  2304  2304 D LifecycleMonitor: callback completes: androidx.test.core.app.ActivityScenario$1@78210a2
08-29 13:56:58.452  2304  2304 D LifecycleMonitor: Lifecycle status change: androidx.test.core.app.InstrumentationActivityInvoker$EmptyActivity@4f2c416 in: STARTED
08-29 13:56:58.452  2304  2304 D LifecycleMonitor: running callback: androidx.test.core.app.ActivityScenario$1@78210a2
08-29 13:56:58.452  2304  2304 V ActivityScenario: Activity lifecycle changed event received but ignored because the intent does not match. startActivityIntent=Intent { act=android.intent.action.MAIN cat=[android.intent.category.LAUNCHER] cmp=com.simplemobiletools.notes.pro.debug/com.simplemobiletools.notes.pro.activities.MainActivity }, activity.getIntent()=Intent { act=android.intent.action.MAIN cat=[android.intent.category.LAUNCHER] flg=0x10000000 cmp=com.simplemobiletools.notes.pro.debug/androidx.test.core.app.InstrumentationActivityInvoker$EmptyActivity }, activity=androidx.test.core.app.InstrumentationActivityInvoker$EmptyActivity@4f2c416
08-29 13:56:58.452  2304  2304 D LifecycleMonitor: callback completes: androidx.test.core.app.ActivityScenario$1@78210a2
08-29 13:56:58.453  2304  2304 D LifecycleMonitor: Lifecycle status change: androidx.test.core.app.InstrumentationActivityInvoker$EmptyActivity@4f2c416 in: RESUMED
08-29 13:56:58.453  2304  2304 D LifecycleMonitor: running callback: androidx.test.core.app.ActivityScenario$1@78210a2
08-29 13:56:58.453  2304  2304 V ActivityScenario: Activity lifecycle changed event received but ignored because the intent does not match. startActivityIntent=Intent { act=android.intent.action.MAIN cat=[android.intent.category.LAUNCHER] cmp=com.simplemobiletools.notes.pro.debug/com.simplemobiletools.notes.pro.activities.MainActivity }, activity.getIntent()=Intent { act=android.intent.action.MAIN cat=[android.intent.category.LAUNCHER] flg=0x10000000 cmp=com.simplemobiletools.notes.pro.debug/androidx.test.core.app.InstrumentationActivityInvoker$EmptyActivity }, activity=androidx.test.core.app.InstrumentationActivityInvoker$EmptyActivity@4f2c416
08-29 13:56:58.453  2304  2304 D LifecycleMonitor: callback completes: androidx.test.core.app.ActivityScenario$1@78210a2
08-29 13:56:58.482   316 22643 D goldfish-address-space: claimShared: Ask to claim region [0x324033000 0x3250e6000]
08-29 13:56:58.497   316 22643 D goldfish-address-space: claimShared: Ask to claim region [0x3250e6000 0x326199000]
08-29 13:56:58.508   316 22643 D goldfish-address-space: claimShared: Ask to claim region [0x328000000 0x3290b3000]
08-29 13:56:58.534   402   402 I perfetto: probes_producer.cc:329  Producer stop (id=403)
08-29 13:56:58.535   404   404 I perfetto: ng_service_impl.cc:1948 Tracing session 403 ended, total sessions:4
08-29 13:56:58.539   541   596 I ActivityTaskManager: Displayed com.simplemobiletools.notes.pro.debug/androidx.test.core.app.InstrumentationActivityInvoker$EmptyActivity: +109ms
08-29 13:56:58.549   541   916 I ActivityTaskManager: START u0 {act=android.intent.action.MAIN cat=[android.intent.category.LAUNCHER] flg=0x10000000 cmp=com.simplemobiletools.notes.pro.debug/androidx.test.core.app.InstrumentationActivityInvoker$EmptyActivity} from uid 10182
08-29 13:56:58.549   541   588 D EventSequenceValidator: Transition from INTENT_FAILED to INTENT_STARTED
08-29 13:56:58.552   404   404 I perfetto: ing_service_impl.cc:758 Configured tracing session 408, #sources:1, duration:5000 ms, #buffers:1, total buffer size:4096 KB, total sessions:5, uid:1071 session name: ""
08-29 13:56:58.552  2304  2304 D LifecycleMonitor: Lifecycle status change: com.simplemobiletools.notes.pro.activities.MainActivity@8381d8f in: STOPPED
08-29 13:56:58.552  2304  2304 D LifecycleMonitor: running callback: androidx.test.core.app.ActivityScenario$1@78210a2
08-29 13:56:58.552  2304  2304 V ActivityScenario: Update currentActivityStage to STOPPED, currentActivity=com.simplemobiletools.notes.pro.activities.MainActivity@8381d8f
08-29 13:56:58.553  2304  2304 D LifecycleMonitor: callback completes: androidx.test.core.app.ActivityScenario$1@78210a2
08-29 13:56:58.554  2304  2304 D AutofillManager: onActivityFinishing(): calling cancelLocked()
08-29 13:56:58.555  2304  2304 D LifecycleMonitor: Lifecycle status change: com.simplemobiletools.notes.pro.activities.MainActivity@8381d8f in: DESTROYED
08-29 13:56:58.556  2304  2304 D LifecycleMonitor: running callback: androidx.test.core.app.ActivityScenario$1@78210a2
08-29 13:56:58.556  2304  2304 V ActivityScenario: Update currentActivityStage to DESTROYED, currentActivity=null
08-29 13:56:58.556  2304  2304 D LifecycleMonitor: callback completes: androidx.test.core.app.ActivityScenario$1@78210a2
08-29 13:56:58.558   402   402 I perfetto: probes_producer.cc:230  Ftrace setup (target_buf=408)
08-29 13:56:58.560   541   588 D EventSequenceValidator: Transition from INTENT_STARTED to INTENT_FAILED
08-29 13:56:58.573  2304  2304 E WindowManager: android.view.WindowLeaked: Activity com.simplemobiletools.notes.pro.activities.MainActivity has leaked window android.widget.PopupWindow$PopupDecorView{21cd6c V.E...... R.....ID 0,0-686,1176} that was originally added here
08-29 13:56:58.573  2304  2304 E WindowManager: 	at android.view.ViewRootImpl.<init>(ViewRootImpl.java:733)
08-29 13:56:58.573  2304  2304 E WindowManager: 	at android.view.ViewRootImpl.<init>(ViewRootImpl.java:717)
08-29 13:56:58.573  2304  2304 E WindowManager: 	at android.view.WindowManagerGlobal.addView(WindowManagerGlobal.java:399)
08-29 13:56:58.573  2304  2304 E WindowManager: 	at android.view.WindowManagerImpl.addView(WindowManagerImpl.java:109)
08-29 13:56:58.573  2304  2304 E WindowManager: 	at android.widget.PopupWindow.invokePopup(PopupWindow.java:1576)
08-29 13:56:58.573  2304  2304 E WindowManager: 	at android.widget.PopupWindow.showAsDropDown(PopupWindow.java:1423)
08-29 13:56:58.573  2304  2304 E WindowManager: 	at androidx.appcompat.widget.AppCompatPopupWindow.showAsDropDown(AppCompatPopupWindow.java:77)
08-29 13:56:58.573  2304  2304 E WindowManager: 	at androidx.core.widget.PopupWindowCompat.showAsDropDown(PopupWindowCompat.java:69)
08-29 13:56:58.573  2304  2304 E WindowManager: 	at androidx.appcompat.widget.ListPopupWindow.show(ListPopupWindow.java:754)
08-29 13:56:58.573  2304  2304 E WindowManager: 	at androidx.appcompat.view.menu.StandardMenuPopup.tryShow(StandardMenuPopup.java:181)
08-29 13:56:58.573  2304  2304 E WindowManager: 	at androidx.appcompat.view.menu.StandardMenuPopup.show(StandardMenuPopup.java:208)
08-29 13:56:58.573  2304  2304 E WindowManager: 	at androidx.appcompat.view.menu.MenuPopupHelper.showPopup(MenuPopupHelper.java:290)
08-29 13:56:58.573  2304  2304 E WindowManager: 	at androidx.appcompat.view.menu.MenuPopupHelper.tryShow(MenuPopupHelper.java:177)
08-29 13:56:58.573  2304  2304 E WindowManager: 	at androidx.appcompat.widget.ActionMenuPresenter$OpenOverflowRunnable.run(ActionMenuPresenter.java:792)
08-29 13:56:58.573  2304  2304 E WindowManager: 	at android.os.Handler.handleCallback(Handler.java:938)
08-29 13:56:58.573  2304  2304 E WindowManager: 	at android.os.Handler.dispatchMessage(Handler.java:99)
08-29 13:56:58.573  2304  2304 E WindowManager: 	at androidx.test.espresso.base.Interrogator.loopAndInterrogate(Interrogator.java:53)
08-29 13:56:58.573  2304  2304 E WindowManager: 	at androidx.test.espresso.base.UiControllerImpl.loopUntil(UiControllerImpl.java:155)
08-29 13:56:58.573  2304  2304 E WindowManager: 	at androidx.test.espresso.base.UiControllerImpl.loopUntil(UiControllerImpl.java:149)
08-29 13:56:58.573  2304  2304 E WindowManager: 	at androidx.test.espresso.base.UiControllerImpl.injectMotionEvent(UiControllerImpl.java:53)
08-29 13:56:58.573  2304  2304 E WindowManager: 	at androidx.test.espresso.action.MotionEvents.sendUp(MotionEvents.java:122)
08-29 13:56:58.573  2304  2304 E WindowManager: 	at androidx.test.espresso.action.MotionEvents.sendUp(MotionEvents.java:117)
08-29 13:56:58.573  2304  2304 E WindowManager: 	at androidx.test.espresso.action.Tap.sendSingleTap(Tap.java:27)
08-29 13:56:58.573  2304  2304 E WindowManager: 	at androidx.test.espresso.action.Tap.access$100(Tap.java:21)
08-29 13:56:58.573  2304  2304 E WindowManager: 	at androidx.test.espresso.action.Tap$1.sendTap(Tap.java:3)
08-29 13:56:58.573  2304  2304 E WindowManager: 	at androidx.test.espresso.action.GeneralClickAction.perform(GeneralClickAction.java:23)
08-29 13:56:58.573  2304  2304 E WindowManager: 	at androidx.test.espresso.ViewInteraction$SingleExecutionViewAction.perform(ViewInteraction.java:16)
08-29 13:56:58.573  2304  2304 E WindowManager: 	at androidx.test.espresso.ViewInteraction.doPerform(ViewInteraction.java:65)
08-29 13:56:58.573  2304  2304 E WindowManager: 	at androidx.test.espresso.ViewInteraction.access$100(ViewInteraction.java:15)
08-29 13:56:58.573  2304  2304 E WindowManager: 	at androidx.test.espresso.ViewInteraction$1.call(ViewInteraction.java:3)
08-29 13:56:58.573  2304  2304 E WindowManager: 	at androidx.test.espresso.ViewInteraction$1.call(ViewInteraction.java:2)
08-29 13:56:58.573  2304  2304 E WindowManager: 	at java.util.concurrent.FutureTask.run(FutureTask.java:266)
08-29 13:56:58.573  2304  2304 E WindowManager: 	at android.os.Handler.handleCallback(Handler.java:938)
08-29 13:56:58.573  2304  2304 E WindowManager: 	at android.os.Handler.dispatchMessage(Handler.java:99)
08-29 13:56:58.573  2304  2304 E WindowManager: 	at android.os.Looper.loop(Looper.java:223)
08-29 13:56:58.573  2304  2304 E WindowManager: 	at android.app.ActivityThread.main(ActivityThread.java:7656)
08-29 13:56:58.573  2304  2304 E WindowManager: 	at java.lang.reflect.Method.invoke(Native Method)
08-29 13:56:58.573  2304  2304 E WindowManager: 	at com.android.internal.os.RuntimeInit$MethodAndArgsCaller.run(RuntimeInit.java:592)
08-29 13:56:58.573  2304  2304 E WindowManager: 	at com.android.internal.os.ZygoteInit.main(ZygoteInit.java:947)
08-29 13:56:58.573   370  1135 E BufferQueueProducer: [PopupWindow:381d40#0](id:17200000599,api:1,p:2304,c:370) cancelBuffer: BufferQueue has been abandoned
08-29 13:56:58.581   541   916 W WindowManager: Failed looking up window session=Session{4c3343c 2304:u0a10182} callers=com.android.server.wm.WindowManagerService.windowForClientLocked:5425 com.android.server.wm.WindowManagerService.relayoutWindow:2122 com.android.server.wm.Session.relayout:213 
08-29 13:56:58.616   370   391 I BpBinder: onLastStrongRef automatically unlinking death recipients: <uncached descriptor>
08-29 13:56:58.618   316 22643 D goldfish-address-space: claimShared: Ask to claim region [0x318000000 0x3190b3000]
08-29 13:56:58.658   316 22643 D goldfish-address-space: claimShared: Ask to claim region [0x3190b3000 0x31a166000]
08-29 13:56:58.672  2304  2304 D LifecycleMonitor: Lifecycle status change: androidx.test.core.app.InstrumentationActivityInvoker$EmptyActivity@4f2c416 in: PAUSED
08-29 13:56:58.672  2304  2304 D LifecycleMonitor: running callback: androidx.test.core.app.ActivityScenario$1@78210a2
08-29 13:56:58.672  2304  2304 V ActivityScenario: Activity lifecycle changed event received but ignored because the intent does not match. startActivityIntent=Intent { act=android.intent.action.MAIN cat=[android.intent.category.LAUNCHER] cmp=com.simplemobiletools.notes.pro.debug/com.simplemobiletools.notes.pro.activities.MainActivity }, activity.getIntent()=Intent { act=android.intent.action.MAIN cat=[android.intent.category.LAUNCHER] flg=0x10000000 cmp=com.simplemobiletools.notes.pro.debug/androidx.test.core.app.InstrumentationActivityInvoker$EmptyActivity }, activity=androidx.test.core.app.InstrumentationActivityInvoker$EmptyActivity@4f2c416
08-29 13:56:58.673  2304  2304 D LifecycleMonitor: callback completes: androidx.test.core.app.ActivityScenario$1@78210a2
08-29 13:56:58.673   541  3047 W ActivityTaskManager: Tried to set launchTime (0) < mLastActivityLaunchTime (42345310)
08-29 13:56:58.673   541  3047 W InputReader: Device virtio_input_multi_touch_9 is associated with display ADISPLAY_ID_NONE.
08-29 13:56:58.673   541  3047 W InputReader: Device virtio_input_multi_touch_7 is associated with display ADISPLAY_ID_NONE.
08-29 13:56:58.673   541  3047 W InputReader: Device virtio_input_multi_touch_10 is associated with display ADISPLAY_ID_NONE.
08-29 13:56:58.674   541  3047 W InputReader: Device virtio_input_multi_touch_4 is associated with display ADISPLAY_ID_NONE.
08-29 13:56:58.674   541  3047 W InputReader: Device virtio_input_multi_touch_11 is associated with display ADISPLAY_ID_NONE.
08-29 13:56:58.674   541  3047 W InputReader: Device virtio_input_multi_touch_6 is associated with display ADISPLAY_ID_NONE.
08-29 13:56:58.674   541  3047 W InputReader: Device virtio_input_multi_touch_5 is associated with display ADISPLAY_ID_NONE.
08-29 13:56:58.674   541  3047 W InputReader: Device virtio_input_multi_touch_3 is associated with display ADISPLAY_ID_NONE.
08-29 13:56:58.674   541  3047 W InputReader: Device virtio_input_multi_touch_2 is associated with display ADISPLAY_ID_NONE.
08-29 13:56:58.674   541  3047 W InputReader: Device virtio_input_multi_touch_8 is associated with display ADISPLAY_ID_NONE.
08-29 13:56:58.674   541  3047 W InputReader: Device virtio_input_multi_touch_9 is associated with display ADISPLAY_ID_NONE.
08-29 13:56:58.674   541  3047 W InputReader: Device virtio_input_multi_touch_7 is associated with display ADISPLAY_ID_NONE.
08-29 13:56:58.674   541  3047 W InputReader: Device virtio_input_multi_touch_10 is associated with display ADISPLAY_ID_NONE.
08-29 13:56:58.674   541  3047 W InputReader: Device virtio_input_multi_touch_4 is associated with display ADISPLAY_ID_NONE.
08-29 13:56:58.674   541  3047 W InputReader: Device virtio_input_multi_touch_11 is associated with display ADISPLAY_ID_NONE.
08-29 13:56:58.674   541  3047 W InputReader: Device virtio_input_multi_touch_6 is associated with display ADISPLAY_ID_NONE.
08-29 13:56:58.674   541  3047 W InputReader: Device virtio_input_multi_touch_5 is associated with display ADISPLAY_ID_NONE.
08-29 13:56:58.674   541  3047 W InputReader: Device virtio_input_multi_touch_3 is associated with display ADISPLAY_ID_NONE.
08-29 13:56:58.674   541  3047 W InputReader: Device virtio_input_multi_touch_2 is associated with display ADISPLAY_ID_NONE.
08-29 13:56:58.674   541  3047 W InputReader: Device virtio_input_multi_touch_8 is associated with display ADISPLAY_ID_NONE.
08-29 13:56:58.678   541   916 W WindowManager: Cannot find window which accessibility connection is added to
08-29 13:56:58.678   541   916 W WindowManager: Failed looking up window session=Session{4c3343c 2304:u0a10182} callers=com.android.server.wm.WindowManagerService.windowForClientLocked:5425 com.android.server.wm.WindowManagerService.removeWindow:1892 com.android.server.wm.Session.remove:193 
08-29 13:56:58.680  2304  2304 D LifecycleMonitor: Lifecycle status change: androidx.test.core.app.InstrumentationActivityInvoker$BootstrapActivity@91eec6d in: DESTROYED
08-29 13:56:58.681  2304  2304 D LifecycleMonitor: running callback: androidx.test.core.app.ActivityScenario$1@78210a2
08-29 13:56:58.681  2304  2304 V ActivityScenario: Activity lifecycle changed event received but ignored because the intent does not match. startActivityIntent=Intent { act=android.intent.action.MAIN cat=[android.intent.category.LAUNCHER] cmp=com.simplemobiletools.notes.pro.debug/com.simplemobiletools.notes.pro.activities.MainActivity }, activity.getIntent()=Intent { act=android.intent.action.MAIN cat=[android.intent.category.LAUNCHER] flg=0x10008000 cmp=com.simplemobiletools.notes.pro.debug/androidx.test.core.app.InstrumentationActivityInvoker$BootstrapActivity (has extras) }, activity=androidx.test.core.app.InstrumentationActivityInvoker$BootstrapActivity@91eec6d
08-29 13:56:58.681  2304  2304 D LifecycleMonitor: callback completes: androidx.test.core.app.ActivityScenario$1@78210a2
08-29 13:56:58.685  2304  2304 D LifecycleMonitor: Lifecycle status change: androidx.test.core.app.InstrumentationActivityInvoker$EmptyActivity@70a9520 in: PRE_ON_CREATE
08-29 13:56:58.685  2304  2304 D LifecycleMonitor: running callback: androidx.test.core.app.ActivityScenario$1@78210a2
08-29 13:56:58.685  2304  2304 V ActivityScenario: Activity lifecycle changed event received but ignored because the intent does not match. startActivityIntent=Intent { act=android.intent.action.MAIN cat=[android.intent.category.LAUNCHER] cmp=com.simplemobiletools.notes.pro.debug/com.simplemobiletools.notes.pro.activities.MainActivity }, activity.getIntent()=Intent { act=android.intent.action.MAIN cat=[android.intent.category.LAUNCHER] flg=0x10000000 cmp=com.simplemobiletools.notes.pro.debug/androidx.test.core.app.InstrumentationActivityInvoker$EmptyActivity }, activity=androidx.test.core.app.InstrumentationActivityInvoker$EmptyActivity@70a9520
08-29 13:56:58.685  2304  2304 D LifecycleMonitor: callback completes: androidx.test.core.app.ActivityScenario$1@78210a2
08-29 13:56:58.690  2304  2304 D LifecycleMonitor: Lifecycle status change: androidx.test.core.app.InstrumentationActivityInvoker$EmptyActivity@70a9520 in: CREATED
08-29 13:56:58.690  2304  2304 D LifecycleMonitor: running callback: androidx.test.core.app.ActivityScenario$1@78210a2
08-29 13:56:58.690  2304  2304 V ActivityScenario: Activity lifecycle changed event received but ignored because the intent does not match. startActivityIntent=Intent { act=android.intent.action.MAIN cat=[android.intent.category.LAUNCHER] cmp=com.simplemobiletools.notes.pro.debug/com.simplemobiletools.notes.pro.activities.MainActivity }, activity.getIntent()=Intent { act=android.intent.action.MAIN cat=[android.intent.category.LAUNCHER] flg=0x10000000 cmp=com.simplemobiletools.notes.pro.debug/androidx.test.core.app.InstrumentationActivityInvoker$EmptyActivity }, activity=androidx.test.core.app.InstrumentationActivityInvoker$EmptyActivity@70a9520
08-29 13:56:58.690  2304  2304 D LifecycleMonitor: callback completes: androidx.test.core.app.ActivityScenario$1@78210a2
08-29 13:56:58.695  2304  2304 D LifecycleMonitor: Lifecycle status change: androidx.test.core.app.InstrumentationActivityInvoker$EmptyActivity@70a9520 in: STARTED
08-29 13:56:58.695  2304  2304 D LifecycleMonitor: running callback: androidx.test.core.app.ActivityScenario$1@78210a2
08-29 13:56:58.695  2304  2304 V ActivityScenario: Activity lifecycle changed event received but ignored because the intent does not match. startActivityIntent=Intent { act=android.intent.action.MAIN cat=[android.intent.category.LAUNCHER] cmp=com.simplemobiletools.notes.pro.debug/com.simplemobiletools.notes.pro.activities.MainActivity }, activity.getIntent()=Intent { act=android.intent.action.MAIN cat=[android.intent.category.LAUNCHER] flg=0x10000000 cmp=com.simplemobiletools.notes.pro.debug/androidx.test.core.app.InstrumentationActivityInvoker$EmptyActivity }, activity=androidx.test.core.app.InstrumentationActivityInvoker$EmptyActivity@70a9520
08-29 13:56:58.695  2304  2304 D LifecycleMonitor: callback completes: androidx.test.core.app.ActivityScenario$1@78210a2
08-29 13:56:58.696  2304  2304 D LifecycleMonitor: Lifecycle status change: androidx.test.core.app.InstrumentationActivityInvoker$EmptyActivity@70a9520 in: RESUMED
08-29 13:56:58.697  2304  2304 D LifecycleMonitor: running callback: androidx.test.core.app.ActivityScenario$1@78210a2
08-29 13:56:58.697  2304  2304 V ActivityScenario: Activity lifecycle changed event received but ignored because the intent does not match. startActivityIntent=Intent { act=android.intent.action.MAIN cat=[android.intent.category.LAUNCHER] cmp=com.simplemobiletools.notes.pro.debug/com.simplemobiletools.notes.pro.activities.MainActivity }, activity.getIntent()=Intent { act=android.intent.action.MAIN cat=[android.intent.category.LAUNCHER] flg=0x10000000 cmp=com.simplemobiletools.notes.pro.debug/androidx.test.core.app.InstrumentationActivityInvoker$EmptyActivity }, activity=androidx.test.core.app.InstrumentationActivityInvoker$EmptyActivity@70a9520
08-29 13:56:58.697  2304  2304 D LifecycleMonitor: callback completes: androidx.test.core.app.ActivityScenario$1@78210a2
08-29 13:56:58.716   316 22643 D goldfish-address-space: claimShared: Ask to claim region [0x31a166000 0x31b219000]
08-29 13:56:58.733   316 22643 D goldfish-address-space: claimShared: Ask to claim region [0x31d0b3000 0x31e166000]
08-29 13:56:58.761   316 22643 D goldfish-address-space: claimShared: Ask to claim region [0x31e166000 0x31f219000]
08-29 13:56:58.761   541   596 I ActivityTaskManager: Displayed com.simplemobiletools.notes.pro.debug/androidx.test.core.app.InstrumentationActivityInvoker$EmptyActivity: +211ms
08-29 13:56:58.775   316   316 D goldfish-address-space: claimShared: Ask to claim region [0x320000000 0x3210b3000]
08-29 13:56:58.808  2304  2304 D LifecycleMonitor: Lifecycle status change: androidx.test.core.app.InstrumentationActivityInvoker$EmptyActivity@4f2c416 in: STOPPED
08-29 13:56:58.808  2304  2304 D LifecycleMonitor: running callback: androidx.test.core.app.ActivityScenario$1@78210a2
08-29 13:56:58.808  2304  2304 V ActivityScenario: Activity lifecycle changed event received but ignored because the intent does not match. startActivityIntent=Intent { act=android.intent.action.MAIN cat=[android.intent.category.LAUNCHER] cmp=com.simplemobiletools.notes.pro.debug/com.simplemobiletools.notes.pro.activities.MainActivity }, activity.getIntent()=Intent { act=android.intent.action.MAIN cat=[android.intent.category.LAUNCHER] flg=0x10000000 cmp=com.simplemobiletools.notes.pro.debug/androidx.test.core.app.InstrumentationActivityInvoker$EmptyActivity }, activity=androidx.test.core.app.InstrumentationActivityInvoker$EmptyActivity@4f2c416
08-29 13:56:58.808  2304  2304 D LifecycleMonitor: callback completes: androidx.test.core.app.ActivityScenario$1@78210a2
08-29 13:56:58.809  2304  2304 D LifecycleMonitor: Lifecycle status change: androidx.test.core.app.InstrumentationActivityInvoker$EmptyActivity@4f2c416 in: DESTROYED
08-29 13:56:58.809  2304  2304 D LifecycleMonitor: running callback: androidx.test.core.app.ActivityScenario$1@78210a2
08-29 13:56:58.809  2304  2304 V ActivityScenario: Activity lifecycle changed event received but ignored because the intent does not match. startActivityIntent=Intent { act=android.intent.action.MAIN cat=[android.intent.category.LAUNCHER] cmp=com.simplemobiletools.notes.pro.debug/com.simplemobiletools.notes.pro.activities.MainActivity }, activity.getIntent()=Intent { act=android.intent.action.MAIN cat=[android.intent.category.LAUNCHER] flg=0x10000000 cmp=com.simplemobiletools.notes.pro.debug/androidx.test.core.app.InstrumentationActivityInvoker$EmptyActivity }, activity=androidx.test.core.app.InstrumentationActivityInvoker$EmptyActivity@4f2c416
08-29 13:56:58.809  2304  2304 D LifecycleMonitor: callback completes: androidx.test.core.app.ActivityScenario$1@78210a2
08-29 13:56:58.814  2304  2304 D LifecycleMonitor: Lifecycle status change: androidx.test.core.app.InstrumentationActivityInvoker$EmptyActivity@70a9520 in: PAUSED
08-29 13:56:58.814  2304  2304 D LifecycleMonitor: running callback: androidx.test.core.app.ActivityScenario$1@78210a2
08-29 13:56:58.814  2304  2304 V ActivityScenario: Activity lifecycle changed event received but ignored because the intent does not match. startActivityIntent=Intent { act=android.intent.action.MAIN cat=[android.intent.category.LAUNCHER] cmp=com.simplemobiletools.notes.pro.debug/com.simplemobiletools.notes.pro.activities.MainActivity }, activity.getIntent()=Intent { act=android.intent.action.MAIN cat=[android.intent.category.LAUNCHER] flg=0x10000000 cmp=com.simplemobiletools.notes.pro.debug/androidx.test.core.app.InstrumentationActivityInvoker$EmptyActivity }, activity=androidx.test.core.app.InstrumentationActivityInvoker$EmptyActivity@70a9520
08-29 13:56:58.814  2304  2304 D LifecycleMonitor: callback completes: androidx.test.core.app.ActivityScenario$1@78210a2
08-29 13:56:58.816   541   746 W InputReader: Device virtio_input_multi_touch_9 is associated with display ADISPLAY_ID_NONE.
08-29 13:56:58.816   541   746 W InputReader: Device virtio_input_multi_touch_7 is associated with display ADISPLAY_ID_NONE.
08-29 13:56:58.816   541   746 W InputReader: Device virtio_input_multi_touch_10 is associated with display ADISPLAY_ID_NONE.
08-29 13:56:58.816   541   746 W InputReader: Device virtio_input_multi_touch_4 is associated with display ADISPLAY_ID_NONE.
08-29 13:56:58.816   541   746 W InputReader: Device virtio_input_multi_touch_11 is associated with display ADISPLAY_ID_NONE.
08-29 13:56:58.816   541   746 W InputReader: Device virtio_input_multi_touch_6 is associated with display ADISPLAY_ID_NONE.
08-29 13:56:58.816   541   746 W InputReader: Device virtio_input_multi_touch_5 is associated with display ADISPLAY_ID_NONE.
08-29 13:56:58.816   541   746 W InputReader: Device virtio_input_multi_touch_3 is associated with display ADISPLAY_ID_NONE.
08-29 13:56:58.817   541   746 W InputReader: Device virtio_input_multi_touch_2 is associated with display ADISPLAY_ID_NONE.
08-29 13:56:58.817   541   746 W InputReader: Device virtio_input_multi_touch_8 is associated with display ADISPLAY_ID_NONE.
08-29 13:56:58.817   541   746 W InputReader: Device virtio_input_multi_touch_9 is associated with display ADISPLAY_ID_NONE.
08-29 13:56:58.817   541   746 W InputReader: Device virtio_input_multi_touch_7 is associated with display ADISPLAY_ID_NONE.
08-29 13:56:58.817   541   746 W InputReader: Device virtio_input_multi_touch_10 is associated with display ADISPLAY_ID_NONE.
08-29 13:56:58.817   541   746 W InputReader: Device virtio_input_multi_touch_4 is associated with display ADISPLAY_ID_NONE.
08-29 13:56:58.817   541   746 W InputReader: Device virtio_input_multi_touch_11 is associated with display ADISPLAY_ID_NONE.
08-29 13:56:58.817   541   746 W InputReader: Device virtio_input_multi_touch_6 is associated with display ADISPLAY_ID_NONE.
08-29 13:56:58.817   541   746 W InputReader: Device virtio_input_multi_touch_5 is associated with display ADISPLAY_ID_NONE.
08-29 13:56:58.817   541   746 W InputReader: Device virtio_input_multi_touch_3 is associated with display ADISPLAY_ID_NONE.
08-29 13:56:58.817   541   746 W InputReader: Device virtio_input_multi_touch_2 is associated with display ADISPLAY_ID_NONE.
08-29 13:56:58.817   541   746 W InputReader: Device virtio_input_multi_touch_8 is associated with display ADISPLAY_ID_NONE.
08-29 13:56:58.821   316   316 D goldfish-address-space: claimShared: Ask to claim region [0x3190b3000 0x31a166000]
08-29 13:56:58.875   316   316 D goldfish-address-space: claimShared: Ask to claim region [0x318000000 0x3190b3000]
08-29 13:56:58.901   316   316 D goldfish-address-space: claimShared: Ask to claim region [0x324033000 0x3250e6000]
08-29 13:56:58.920   316 22643 D goldfish-address-space: claimShared: Ask to claim region [0x3250e6000 0x326199000]
08-29 13:56:58.934   316   316 D goldfish-address-space: claimShared: Ask to claim region [0x326199000 0x32724c000]
08-29 13:56:58.948   316   316 D goldfish-address-space: claimShared: Ask to claim region [0x328000000 0x3290b3000]
08-29 13:56:58.970   316   316 D goldfish-address-space: claimShared: Ask to claim region [0x32c000000 0x32d0b3000]
08-29 13:56:58.999  1705  1705 I QSB.SuggestionsProviderImpl: chars:3,source:Source{name=com.android.quicksearchbox/.google.GoogleSearch}
08-29 13:56:59.022   541  3543 D HostConnection: HostConnection::get() New Host Connection established 0xeaebd4f0, tid 3543
08-29 13:56:59.027   541  3543 D HostConnection: HostComposition ext ANDROID_EMU_CHECKSUM_HELPER_v1 ANDROID_EMU_native_sync_v2 ANDROID_EMU_native_sync_v3 ANDROID_EMU_native_sync_v4 ANDROID_EMU_dma_v1 ANDROID_EMU_direct_mem ANDROID_EMU_host_composition_v1 ANDROID_EMU_host_composition_v2 ANDROID_EMU_vulkan ANDROID_EMU_deferred_vulkan_commands ANDROID_EMU_vulkan_null_optional_strings ANDROID_EMU_vulkan_create_resources_with_requirements ANDROID_EMU_YUV_Cache ANDROID_EMU_async_unmap_buffer ANDROID_EMU_vulkan_ignored_handles ANDROID_EMU_has_shared_slots_host_memory_allocator ANDROID_EMU_vulkan_free_memory_sync ANDROID_EMU_vulkan_shader_float16_int8 ANDROID_EMU_vulkan_async_queue_submit ANDROID_EMU_sync_buffer_data GL_OES_vertex_array_object GL_KHR_texture_compression_astc_ldr ANDROID_EMU_host_side_tracing ANDROID_EMU_async_frame_commands ANDROID_EMU_gles_max_version_2 
08-29 13:56:59.028   541  3543 W OpenGLRenderer: Failed to choose config with EGL_SWAP_BEHAVIOR_PRESERVED, retrying without...
08-29 13:56:59.029  2304  2304 D LifecycleMonitor: Lifecycle status change: androidx.test.core.app.InstrumentationActivityInvoker$EmptyActivity@70a9520 in: STOPPED
08-29 13:56:59.032  2304  2304 D LifecycleMonitor: Lifecycle status change: androidx.test.core.app.InstrumentationActivityInvoker$EmptyActivity@70a9520 in: DESTROYED
08-29 13:56:59.036  1397  1397 I LatinIME: Starting input. Cursor position = 3,3
08-29 13:56:59.050   541  3543 D EGL_emulation: eglCreateContext: 0xeaeb9890: maj 2 min 0 rcv 2
08-29 13:56:59.053   541  3543 D EGL_emulation: eglMakeCurrent: 0xeaeb9890: ver 2 0 (tinfo 0xb5657650) (first time)
08-29 13:56:59.126   355   355 I android.hardware.vibrator-service.example: Vibrator reporting capabilities
08-29 13:56:59.148   316   316 D goldfish-address-space: claimShared: Ask to claim region [0x31a166000 0x31b128000]
08-29 13:56:59.182   316   316 D goldfish-address-space: claimShared: Ask to claim region [0x31d0b3000 0x31e075000]
08-29 13:56:59.197   316   316 D goldfish-address-space: claimShared: Ask to claim region [0x31e075000 0x31f037000]
--------- beginning of kernel
08-29 13:56:59.215     0     0 D logd    : logdr: UID=0 GID=0 PID=2426 n tail=0 logMask=99 pid=0 start=0ns timeout=0ns
08-29 13:56:59.254  1705  1736 W GoogleSearch: Error
08-29 13:56:59.254  1705  1736 W GoogleSearch: java.io.IOException: Cleartext traffic not permitted: http://www.google.com
08-29 13:56:59.254  1705  1736 W GoogleSearch: 	at org.apache.http.impl.client.DefaultRequestDirector.execute(DefaultRequestDirector.java:439)
08-29 13:56:59.254  1705  1736 W GoogleSearch: 	at org.apache.http.impl.client.AbstractHttpClient.execute(AbstractHttpClient.java:560)
08-29 13:56:59.254  1705  1736 W GoogleSearch: 	at org.apache.http.impl.client.AbstractHttpClient.execute(AbstractHttpClient.java:492)
08-29 13:56:59.254  1705  1736 W GoogleSearch: 	at org.apache.http.impl.client.AbstractHttpClient.execute(AbstractHttpClient.java:470)
08-29 13:56:59.254  1705  1736 W GoogleSearch: 	at android.net.http.AndroidHttpClient.execute(AndroidHttpClient.java:250)
08-29 13:56:59.254  1705  1736 W GoogleSearch: 	at com.android.quicksearchbox.google.GoogleSuggestClient.query(GoogleSuggestClient.java:116)
08-29 13:56:59.254  1705  1736 W GoogleSearch: 	at com.android.quicksearchbox.google.GoogleSuggestClient.queryInternal(GoogleSuggestClient.java:84)
08-29 13:56:59.254  1705  1736 W GoogleSearch: 	at com.android.quicksearchbox.google.AbstractGoogleSource.getSuggestions(AbstractGoogleSource.java:103)
08-29 13:56:59.254  1705  1736 W GoogleSearch: 	at com.android.quicksearchbox.google.AbstractGoogleSource.getSuggestions(AbstractGoogleSource.java:34)
08-29 13:56:59.254  1705  1736 W GoogleSearch: 	at com.android.quicksearchbox.QueryTask.run(QueryTask.java:66)
08-29 13:56:59.254  1705  1736 W GoogleSearch: 	at com.android.quicksearchbox.util.SingleThreadNamedTaskExecutor$Worker.loop(SingleThreadNamedTaskExecutor.java:85)
08-29 13:56:59.254  1705  1736 W GoogleSearch: 	at com.android.quicksearchbox.util.SingleThreadNamedTaskExecutor$Worker.run(SingleThreadNamedTaskExecutor.java:66)
08-29 13:56:59.254  1705  1736 W GoogleSearch: 	at java.lang.Thread.run(Thread.java:923)
08-29 13:56:59.254  1705  1736 W GoogleSearch: 	at com.android.quicksearchbox.util.PriorityThreadFactory$1.run(PriorityThreadFactory.java:45)
