--------- beginning of main
08-29 13:56:53.913  2304  2304 D LifecycleMonitor: Lifecycle status change: com.simplemobiletools.notes.pro.activities.MainActivity@365a637 in: CREATED
08-29 13:56:53.913  2304  2304 D LifecycleMonitor: running callback: androidx.test.core.app.ActivityScenario$1@11248e0
08-29 13:56:53.913  2304  2304 V ActivityScenario: Update currentActivityStage to CREATED, currentActivity=com.simplemobiletools.notes.pro.activities.MainActivity@365a637
08-29 13:56:53.913  2304  2304 D LifecycleMonitor: callback completes: androidx.test.core.app.ActivityScenario$1@11248e0
--------- beginning of system
08-29 13:56:53.914   541   914 D CompatibilityChangeReporter: Compat change id reported: 149924527; UID 10182; state: ENABLED
08-29 13:56:53.915   541   914 D CompatibilityChangeReporter: Compat change id reported: 132649864; UID 10182; state: DISABLED
08-29 13:56:53.918  2304  2304 D LifecycleMonitor: Lifecycle status change: com.simplemobiletools.notes.pro.activities.MainActivity@365a637 in: STARTED
08-29 13:56:53.918  2304  2304 D LifecycleMonitor: running callback: androidx.test.core.app.ActivityScenario$1@11248e0
08-29 13:56:53.918  2304  2304 V ActivityScenario: Update currentActivityStage to STARTED, currentActivity=com.simplemobiletools.notes.pro.activities.MainActivity@365a637
08-29 13:56:53.918  2304  2304 D LifecycleMonitor: callback completes: androidx.test.core.app.ActivityScenario$1@11248e0
08-29 13:56:53.940  2304  2304 D LifecycleMonitor: Lifecycle status change: com.simplemobiletools.notes.pro.activities.MainActivity@365a637 in: RESUMED
08-29 13:56:53.940  2304  2304 D LifecycleMonitor: running callback: androidx.test.core.app.ActivityScenario$1@11248e0
08-29 13:56:53.940  2304  2304 V ActivityScenario: Update currentActivityStage to RESUMED, currentActivity=com.simplemobiletools.notes.pro.activities.MainActivity@365a637
08-29 13:56:53.940  2304  2326 I Espresso Run: ------------------------------------------------------------------------------------------
08-29 13:56:53.940  2304  2326 I Espresso Run: Test: aboutTest
08-29 13:56:53.940  2304  2326 I Espresso Run: ------------------------------------------------------------------------------------------
08-29 13:56:53.941  2304  2304 D LifecycleMonitor: callback completes: androidx.test.core.app.ActivityScenario$1@11248e0
08-29 13:56:53.941  2304  2326 I Espresso Run: Verifying the main text panel is displayed
08-29 13:56:53.983  2304  2326 D EventInjectionStrategy: Creating injection strategy with input manager.
08-29 13:56:53.983  2304  2326 W notes.pro.debu: Accessing hidden method Landroid/hardware/input/InputManager;->getInstance()Landroid/hardware/input/InputManager; (greylist, reflection, allowed)
08-29 13:56:53.983  2304  2326 W notes.pro.debu: Accessing hidden method Landroid/hardware/input/InputManager;->injectInputEvent(Landroid/view/InputEvent;I)Z (greylist, reflection, allowed)
08-29 13:56:53.984  2304  2326 W notes.pro.debu: Accessing hidden field Landroid/hardware/input/InputManager;->INJECT_INPUT_EVENT_MODE_WAIT_FOR_FINISH:I (greylist, reflection, allowed)
08-29 13:56:53.987  2304  2352 D HostConnection: HostConnection::get() New Host Connection established 0xeaeb7ad0, tid 2352
08-29 13:56:53.994  2304  2352 D HostConnection: HostComposition ext ANDROID_EMU_CHECKSUM_HELPER_v1 ANDROID_EMU_native_sync_v2 ANDROID_EMU_native_sync_v3 ANDROID_EMU_native_sync_v4 ANDROID_EMU_dma_v1 ANDROID_EMU_direct_mem ANDROID_EMU_host_composition_v1 ANDROID_EMU_host_composition_v2 ANDROID_EMU_vulkan ANDROID_EMU_deferred_vulkan_commands ANDROID_EMU_vulkan_null_optional_strings ANDROID_EMU_vulkan_create_resources_with_requirements ANDROID_EMU_YUV_Cache ANDROID_EMU_async_unmap_buffer ANDROID_EMU_vulkan_ignored_handles ANDROID_EMU_has_shared_slots_host_memory_allocator ANDROID_EMU_vulkan_free_memory_sync ANDROID_EMU_vulkan_shader_float16_int8 ANDROID_EMU_vulkan_async_queue_submit ANDROID_EMU_sync_buffer_data GL_OES_vertex_array_object GL_KHR_texture_compression_astc_ldr ANDROID_EMU_host_side_tracing ANDROID_EMU_async_frame_commands ANDROID_EMU_gles_max_version_2 
08-29 13:56:53.995   174   174 I hwservicemanager: getTransport: Cannot find entry android.hardware.configstore@1.0::ISurfaceFlingerConfigs/default in either framework or device manifest.
08-29 13:56:53.995  2304  2352 W OpenGLRenderer: Failed to choose config with EGL_SWAP_BEHAVIOR_PRESERVED, retrying without...
08-29 13:56:54.014  2304  2352 D EGL_emulation: eglCreateContext: 0xeaeb7e50: maj 2 min 0 rcv 2
08-29 13:56:54.017  2304  2352 D EGL_emulation: eglMakeCurrent: 0xeaeb7e50: ver 2 0 (tinfo 0xeb1fb110) (first time)
08-29 13:56:54.023   316   360 D goldfish-address-space: claimShared: Ask to claim region [0x318000000 0x3190b3000]
08-29 13:56:54.035   174   174 I hwservicemanager: getTransport: Cannot find entry android.hardware.graphics.mapper@4.0::IMapper/default in either framework or device manifest.
08-29 13:56:54.035  2304  2352 I Gralloc4: mapper 4.x is not supported
08-29 13:56:54.037  2304  2352 D HostConnection: createUnique: call
08-29 13:56:54.037  2304  2352 D HostConnection: HostConnection::get() New Host Connection established 0xeaeb7520, tid 2352
08-29 13:56:54.037  2304  2352 D goldfish-address-space: allocate: Ask for block of size 0x100
08-29 13:56:54.037  2304  2352 D goldfish-address-space: allocate: ioctl allocate returned offset 0x317ffe000 size 0x2000
08-29 13:56:54.040  2304  2352 D HostConnection: HostComposition ext ANDROID_EMU_CHECKSUM_HELPER_v1 ANDROID_EMU_native_sync_v2 ANDROID_EMU_native_sync_v3 ANDROID_EMU_native_sync_v4 ANDROID_EMU_dma_v1 ANDROID_EMU_direct_mem ANDROID_EMU_host_composition_v1 ANDROID_EMU_host_composition_v2 ANDROID_EMU_vulkan ANDROID_EMU_deferred_vulkan_commands ANDROID_EMU_vulkan_null_optional_strings ANDROID_EMU_vulkan_create_resources_with_requirements ANDROID_EMU_YUV_Cache ANDROID_EMU_async_unmap_buffer ANDROID_EMU_vulkan_ignored_handles ANDROID_EMU_has_shared_slots_host_memory_allocator ANDROID_EMU_vulkan_free_memory_sync ANDROID_EMU_vulkan_shader_float16_int8 ANDROID_EMU_vulkan_async_queue_submit ANDROID_EMU_sync_buffer_data GL_OES_vertex_array_object GL_KHR_texture_compression_astc_ldr ANDROID_EMU_host_side_tracing ANDROID_EMU_async_frame_commands ANDROID_EMU_gles_max_version_2 
08-29 13:56:54.042   316   360 D goldfish-address-space: claimShared: Ask to claim region [0x31c000000 0x31d0b3000]
08-29 13:56:54.056   316   360 D goldfish-address-space: claimShared: Ask to claim region [0x31e166000 0x31f219000]
08-29 13:56:54.156   541   596 D ArtManagerInternalImpl: /data/misc/iorapd/com.simplemobiletools.notes.pro.debug/84/com.simplemobiletools.notes.pro.activities.MainActivity/compiled_traces/compiled_trace.pb doesn't exist
08-29 13:56:54.156   541   596 I ActivityTaskManager: Displayed com.simplemobiletools.notes.pro.debug/com.simplemobiletools.notes.pro.activities.MainActivity: +653ms
08-29 13:56:54.157   541   588 D EventSequenceValidator: Transition from ACTIVITY_LAUNCHED to ACTIVITY_FINISHED
08-29 13:56:54.223   370   392 W ServiceManager: Permission failure: android.permission.ACCESS_SURFACE_FLINGER from uid=10182 pid=2304
08-29 13:56:54.223   370   392 D PermissionCache: checking android.permission.ACCESS_SURFACE_FLINGER for uid=10182 => denied (860 us)
08-29 13:56:54.282   316   360 D goldfish-address-space: claimShared: Ask to claim region [0x3190b3000 0x31a166000]
08-29 13:56:54.327   316   360 D goldfish-address-space: claimShared: Ask to claim region [0x31a166000 0x31b219000]
08-29 13:56:54.387  2304  2304 D IdlingResourceRegistry: All idling resources are idle.
08-29 13:56:54.390  2304  2304 W notes.pro.debu: Accessing hidden method Landroid/os/MessageQueue;->next()Landroid/os/Message; (greylist, reflection, allowed)
08-29 13:56:54.390  2304  2304 W notes.pro.debu: Accessing hidden field Landroid/os/MessageQueue;->mMessages:Landroid/os/Message; (greylist, reflection, allowed)
08-29 13:56:54.390  2304  2304 W notes.pro.debu: Accessing hidden method Landroid/os/Message;->recycleUnchecked()V (greylist, reflection, allowed)
08-29 13:56:54.414   316   360 D goldfish-address-space: claimShared: Ask to claim region [0x318000000 0x3190b3000]
08-29 13:56:54.437   541   541 D AutofillInlineSuggestionsRequestSession: onCreateInlineSuggestionsRequestLocked called: 1073741825@437997412
08-29 13:56:54.437   541   541 D AutofillInlineSuggestionsRequestSession: onInlineSuggestionsUnsupported() called.
08-29 13:56:54.445  1397  1397 I LatinIME: Starting input. Cursor position = 0,0
08-29 13:56:54.457  2304  2304 I AssistStructure: Flattened final assist data: 2784 bytes, containing 1 windows, 20 views
08-29 13:56:54.459  2304  2304 D IdlingResourceRegistry: All idling resources are idle.
08-29 13:56:54.463 19013 19013 W kqw     : Pending fill request while another request in the same session was triggered. [CONTEXT service_id=177 ]
08-29 13:56:54.464  2304  2304 W notes.pro.debu: Accessing hidden method Landroid/view/WindowManagerGlobal;->getInstance()Landroid/view/WindowManagerGlobal; (greylist, reflection, allowed)
08-29 13:56:54.464  2304  2304 W notes.pro.debu: Accessing hidden field Landroid/view/WindowManagerGlobal;->mViews:Ljava/util/ArrayList; (greylist, reflection, allowed)
08-29 13:56:54.464  2304  2304 W notes.pro.debu: Accessing hidden field Landroid/view/WindowManagerGlobal;->mParams:Ljava/util/ArrayList; (greylist, reflection, allowed)
08-29 13:56:54.473  2304  2304 I ViewInteraction: Checking 'MatchesViewAssertion{viewMatcher=is displayed on the screen to the user}' assertion on view with id is <com.simplemobiletools.notes.pro.debug:id/action_bar>
08-29 13:56:54.475  2304  2326 I Espresso Run: Opening the menu
08-29 13:56:54.477   541   541 D AutofillInlineSuggestionsRequestSession: onInlineSuggestionsResponseLocked called for:1073741825@437997412
08-29 13:56:54.477   541   586 D AutofillUI: destroySaveUiUiThread(): already destroyed
08-29 13:56:54.478  1348  1348 V InlineSuggestionRenderService: handleDestroySuggestionViews called for 0:437997412
08-29 13:56:54.491  2304  2304 D IdlingResourceRegistry: All idling resources are idle.
08-29 13:56:54.492  2304  2304 D IdlingResourceRegistry: All idling resources are idle.
08-29 13:56:54.492   355   355 I android.hardware.vibrator-service.example: Vibrator reporting capabilities
08-29 13:56:54.492  2304  2304 I ViewInteraction: Checking 'MatchesViewAssertion{viewMatcher=is displayed on the screen to the user}' assertion on view with content description text: is "More options"
08-29 13:56:54.500  2304  2326 W notes.pro.debu: Accessing hidden method Landroid/view/ViewConfiguration;->getDoubleTapMinTime()I (greylist, reflection, allowed)
08-29 13:56:54.502  2304  2304 D LifecycleMonitor: Lifecycle status change: androidx.test.core.app.InstrumentationActivityInvoker$BootstrapActivity@b7406e3 in: STOPPED
08-29 13:56:54.502  2304  2304 D LifecycleMonitor: running callback: androidx.test.core.app.ActivityScenario$1@11248e0
08-29 13:56:54.508   316   360 D goldfish-address-space: claimShared: Ask to claim region [0x31c000000 0x31cfc2000]
08-29 13:56:54.511  2304  2304 V ActivityScenario: Activity lifecycle changed event received but ignored because the intent does not match. startActivityIntent=Intent { act=android.intent.action.MAIN cat=[android.intent.category.LAUNCHER] cmp=com.simplemobiletools.notes.pro.debug/com.simplemobiletools.notes.pro.activities.MainActivity }, activity.getIntent()=Intent { act=android.intent.action.MAIN cat=[android.intent.category.LAUNCHER] flg=0x10008000 cmp=com.simplemobiletools.notes.pro.debug/androidx.test.core.app.InstrumentationActivityInvoker$BootstrapActivity (has extras) }, activity=androidx.test.core.app.InstrumentationActivityInvoker$BootstrapActivity@b7406e3
08-29 13:56:54.511  2304  2304 D LifecycleMonitor: callback completes: androidx.test.core.app.ActivityScenario$1@11248e0
08-29 13:56:54.513  2304  2304 D IdlingResourceRegistry: All idling resources are idle.
08-29 13:56:54.515  2304  2304 D IdlingResourceRegistry: All idling resources are idle.
08-29 13:56:54.516  2304  2304 I ViewInteraction: Performing 'single click' action on view with content description text: is "More options"
08-29 13:56:54.537  2304  2304 D IdlingResourceRegistry: All idling resources are idle.
08-29 13:56:54.537  2304  2304 D IdlingResourceRegistry: All idling resources are idle.
08-29 13:56:54.538   316   360 D goldfish-address-space: claimShared: Ask to claim region [0x31cfc2000 0x31df84000]
08-29 13:56:54.552  2304  2304 D IdlingResourceRegistry: All idling resources are idle.
08-29 13:56:54.559  2304  2304 I chatty  : uid=10182(com.simplemobiletools.notes.pro.debug) identical 2 lines
08-29 13:56:54.560  2304  2304 D IdlingResourceRegistry: All idling resources are idle.
08-29 13:56:54.568   316   360 D goldfish-address-space: claimShared: Ask to claim region [0x31df84000 0x31ef46000]
08-29 13:56:54.594   541  3061 I system_server: oneway function results will be dropped but finished with status OK and parcel size 4
08-29 13:56:54.595   541  3061 I system_server: oneway function results will be dropped but finished with status OK and parcel size 4
08-29 13:56:54.656  2304  2304 W notes.pro.debu: Accessing hidden field Landroid/widget/AbsListView;->mIsChildViewEnabled:Z (greylist, reflection, allowed)
08-29 13:56:54.696   316   360 D goldfish-address-space: claimShared: Ask to claim region [0x31b219000 0x31b6f6000]
08-29 13:56:54.702   316   360 D goldfish-address-space: claimShared: Ask to claim region [0x31b6f6000 0x31bbd3000]
08-29 13:56:54.713   316   316 D goldfish-address-space: claimShared: Ask to claim region [0x31f21c000 0x31f6f9000]
08-29 13:56:54.729   541  3061 I system_server: oneway function results will be dropped but finished with status OK and parcel size 4
08-29 13:56:54.816   316   316 D goldfish-address-space: claimShared: Ask to claim region [0x31b6f6000 0x31bbd3000]
08-29 13:56:54.843   316   316 D goldfish-address-space: claimShared: Ask to claim region [0x31f6f9000 0x31fbd6000]
08-29 13:56:54.858  2304  2304 D IdlingResourceRegistry: All idling resources are idle.
08-29 13:56:55.078  2304  2304 I chatty  : uid=10182(com.simplemobiletools.notes.pro.debug) identical 4 lines
08-29 13:56:55.078  2304  2304 D IdlingResourceRegistry: All idling resources are idle.
08-29 13:56:55.078  2304  2326 I Espresso Run: Clicking on about
08-29 13:56:55.079  2304  2304 D IdlingResourceRegistry: All idling resources are idle.
08-29 13:56:55.079  2304  2304 D IdlingResourceRegistry: All idling resources are idle.
08-29 13:56:55.080  2304  2304 I ViewInteraction: Checking 'MatchesViewAssertion{viewMatcher=is displayed on the screen to the user}' assertion on view with text: is "About"
08-29 13:56:55.080  2304  2304 D IdlingResourceRegistry: All idling resources are idle.
08-29 13:56:55.080  2304  2304 D IdlingResourceRegistry: All idling resources are idle.
08-29 13:56:55.081  2304  2304 I ViewInteraction: Performing 'single click' action on view with text: is "About"
08-29 13:56:55.084  2304  2304 D IdlingResourceRegistry: All idling resources are idle.
08-29 13:56:55.141  2304  2304 I chatty  : uid=10182(com.simplemobiletools.notes.pro.debug) identical 12 lines
08-29 13:56:55.141  2304  2304 D IdlingResourceRegistry: All idling resources are idle.
08-29 13:56:55.144   316   316 D goldfish-address-space: claimShared: Ask to claim region [0x31b219000 0x31b6f6000]
08-29 13:56:55.195   541  3061 I system_server: oneway function results will be dropped but finished with status OK and parcel size 4
08-29 13:56:55.197   541  3061 I ActivityTaskManager: START u0 {cmp=com.simplemobiletools.notes.pro.debug/com.simplemobiletools.commons.activities.AboutActivity (has extras)} from uid 10182
08-29 13:56:55.197   541   588 D EventSequenceValidator: Transition from ACTIVITY_FINISHED to INTENT_STARTED
08-29 13:56:55.201   404   404 I perfetto: ing_service_impl.cc:758 Configured tracing session 404, #sources:1, duration:5000 ms, #buffers:1, total buffer size:4096 KB, total sessions:2, uid:1071 session name: ""
08-29 13:56:55.201   541   588 D EventSequenceValidator: Transition from INTENT_STARTED to INTENT_FAILED
08-29 13:56:55.202   402   402 I perfetto: probes_producer.cc:230  Ftrace setup (target_buf=404)
08-29 13:56:55.219  2304  2304 D LifecycleMonitor: Lifecycle status change: com.simplemobiletools.notes.pro.activities.MainActivity@365a637 in: PAUSED
08-29 13:56:55.220  2304  2304 D LifecycleMonitor: running callback: androidx.test.core.app.ActivityScenario$1@11248e0
08-29 13:56:55.220  2304  2304 V ActivityScenario: Update currentActivityStage to PAUSED, currentActivity=com.simplemobiletools.notes.pro.activities.MainActivity@365a637
08-29 13:56:55.220  2304  2304 D LifecycleMonitor: callback completes: androidx.test.core.app.ActivityScenario$1@11248e0
08-29 13:56:55.224   541  3061 W ActivityTaskManager: Tried to set launchTime (0) < mLastActivityLaunchTime (42340549)
08-29 13:56:55.224   541  3061 W InputReader: Device virtio_input_multi_touch_9 is associated with display ADISPLAY_ID_NONE.
08-29 13:56:55.224   541  3061 W InputReader: Device virtio_input_multi_touch_7 is associated with display ADISPLAY_ID_NONE.
08-29 13:56:55.224   541  3061 W InputReader: Device virtio_input_multi_touch_10 is associated with display ADISPLAY_ID_NONE.
08-29 13:56:55.224   541  3061 W InputReader: Device virtio_input_multi_touch_4 is associated with display ADISPLAY_ID_NONE.
08-29 13:56:55.224   541  3061 W InputReader: Device virtio_input_multi_touch_11 is associated with display ADISPLAY_ID_NONE.
08-29 13:56:55.224   541  3061 W InputReader: Device virtio_input_multi_touch_6 is associated with display ADISPLAY_ID_NONE.
08-29 13:56:55.224   541  3061 W InputReader: Device virtio_input_multi_touch_5 is associated with display ADISPLAY_ID_NONE.
08-29 13:56:55.224   541  3061 W InputReader: Device virtio_input_multi_touch_3 is associated with display ADISPLAY_ID_NONE.
08-29 13:56:55.224   541  3061 W InputReader: Device virtio_input_multi_touch_2 is associated with display ADISPLAY_ID_NONE.
08-29 13:56:55.224   541  3061 W InputReader: Device virtio_input_multi_touch_8 is associated with display ADISPLAY_ID_NONE.
08-29 13:56:55.225   541  3061 W InputReader: Device virtio_input_multi_touch_9 is associated with display ADISPLAY_ID_NONE.
08-29 13:56:55.225   541  3061 W InputReader: Device virtio_input_multi_touch_7 is associated with display ADISPLAY_ID_NONE.
08-29 13:56:55.225   541  3061 W InputReader: Device virtio_input_multi_touch_10 is associated with display ADISPLAY_ID_NONE.
08-29 13:56:55.225   541  3061 W InputReader: Device virtio_input_multi_touch_4 is associated with display ADISPLAY_ID_NONE.
08-29 13:56:55.225   541  3061 W InputReader: Device virtio_input_multi_touch_11 is associated with display ADISPLAY_ID_NONE.
08-29 13:56:55.225   541  3061 W InputReader: Device virtio_input_multi_touch_6 is associated with display ADISPLAY_ID_NONE.
08-29 13:56:55.225   541  3061 W InputReader: Device virtio_input_multi_touch_5 is associated with display ADISPLAY_ID_NONE.
08-29 13:56:55.225   541  3061 W InputReader: Device virtio_input_multi_touch_3 is associated with display ADISPLAY_ID_NONE.
08-29 13:56:55.225   541  3061 W InputReader: Device virtio_input_multi_touch_2 is associated with display ADISPLAY_ID_NONE.
08-29 13:56:55.225   541  3061 W InputReader: Device virtio_input_multi_touch_8 is associated with display ADISPLAY_ID_NONE.
08-29 13:56:55.247  2304  2304 D LifecycleMonitor: Lifecycle status change: com.simplemobiletools.commons.activities.AboutActivity@cea20e in: PRE_ON_CREATE
08-29 13:56:55.247  2304  2304 D LifecycleMonitor: running callback: androidx.test.core.app.ActivityScenario$1@11248e0
08-29 13:56:55.247  2304  2304 V ActivityScenario: Activity lifecycle changed event received but ignored because the intent does not match. startActivityIntent=Intent { act=android.intent.action.MAIN cat=[android.intent.category.LAUNCHER] cmp=com.simplemobiletools.notes.pro.debug/com.simplemobiletools.notes.pro.activities.MainActivity }, activity.getIntent()=Intent { cmp=com.simplemobiletools.notes.pro.debug/com.simplemobiletools.commons.activities.AboutActivity (has extras) }, activity=com.simplemobiletools.commons.activities.AboutActivity@cea20e
08-29 13:56:55.247  2304  2304 D LifecycleMonitor: callback completes: androidx.test.core.app.ActivityScenario$1@11248e0
08-29 13:56:55.275  2304  2304 D LifecycleMonitor: Lifecycle status change: com.simplemobiletools.commons.activities.AboutActivity@cea20e in: CREATED
08-29 13:56:55.275  2304  2304 D LifecycleMonitor: running callback: androidx.test.core.app.ActivityScenario$1@11248e0
08-29 13:56:55.275  2304  2304 V ActivityScenario: Activity lifecycle changed event received but ignored because the intent does not match. startActivityIntent=Intent { act=android.intent.action.MAIN cat=[android.intent.category.LAUNCHER] cmp=com.simplemobiletools.notes.pro.debug/com.simplemobiletools.notes.pro.activities.MainActivity }, activity.getIntent()=Intent { cmp=com.simplemobiletools.notes.pro.debug/com.simplemobiletools.commons.activities.AboutActivity (has extras) }, activity=com.simplemobiletools.commons.activities.AboutActivity@cea20e
08-29 13:56:55.275  2304  2304 D LifecycleMonitor: callback completes: androidx.test.core.app.ActivityScenario$1@11248e0
08-29 13:56:55.277  2304  2304 D LifecycleMonitor: Lifecycle status change: com.simplemobiletools.commons.activities.AboutActivity@cea20e in: STARTED
08-29 13:56:55.277  2304  2304 D LifecycleMonitor: running callback: androidx.test.core.app.ActivityScenario$1@11248e0
08-29 13:56:55.278  2304  2304 V ActivityScenario: Activity lifecycle changed event received but ignored because the intent does not match. startActivityIntent=Intent { act=android.intent.action.MAIN cat=[android.intent.category.LAUNCHER] cmp=com.simplemobiletools.notes.pro.debug/com.simplemobiletools.notes.pro.activities.MainActivity }, activity.getIntent()=Intent { cmp=com.simplemobiletools.notes.pro.debug/com.simplemobiletools.commons.activities.AboutActivity (has extras) }, activity=com.simplemobiletools.commons.activities.AboutActivity@cea20e
08-29 13:56:55.278  2304  2304 D LifecycleMonitor: callback completes: androidx.test.core.app.ActivityScenario$1@11248e0
08-29 13:56:55.290  2304  2304 D LifecycleMonitor: Lifecycle status change: com.simplemobiletools.commons.activities.AboutActivity@cea20e in: RESUMED
08-29 13:56:55.290  2304  2304 D LifecycleMonitor: running callback: androidx.test.core.app.ActivityScenario$1@11248e0
08-29 13:56:55.290  2304  2304 V ActivityScenario: Activity lifecycle changed event received but ignored because the intent does not match. startActivityIntent=Intent { act=android.intent.action.MAIN cat=[android.intent.category.LAUNCHER] cmp=com.simplemobiletools.notes.pro.debug/com.simplemobiletools.notes.pro.activities.MainActivity }, activity.getIntent()=Intent { cmp=com.simplemobiletools.notes.pro.debug/com.simplemobiletools.commons.activities.AboutActivity (has extras) }, activity=com.simplemobiletools.commons.activities.AboutActivity@cea20e
08-29 13:56:55.290  2304  2304 D LifecycleMonitor: callback completes: androidx.test.core.app.ActivityScenario$1@11248e0
08-29 13:56:55.324   316   316 D goldfish-address-space: claimShared: Ask to claim region [0x320000000 0x3210b3000]
08-29 13:56:55.353   541  3047 I system_server: oneway function results will be dropped but finished with status OK and parcel size 4
08-29 13:56:55.353   316   316 D goldfish-address-space: claimShared: Ask to claim region [0x3210b3000 0x322166000]
08-29 13:56:55.367   316   360 D goldfish-address-space: claimShared: Ask to claim region [0x324033000 0x3250e6000]
08-29 13:56:55.410   541   596 I ActivityTaskManager: Displayed com.simplemobiletools.notes.pro.debug/com.simplemobiletools.commons.activities.AboutActivity: +212ms
08-29 13:56:55.412  2304  2304 D IdlingResourceRegistry: All idling resources are idle.
08-29 13:56:55.412  2304  2304 D IdlingResourceRegistry: All idling resources are idle.
08-29 13:56:55.481  2304  2304 D LifecycleMonitor: Lifecycle status change: com.simplemobiletools.notes.pro.activities.MainActivity@365a637 in: STOPPED
08-29 13:56:55.481  2304  2304 D LifecycleMonitor: running callback: androidx.test.core.app.ActivityScenario$1@11248e0
08-29 13:56:55.481  2304  2304 V ActivityScenario: Update currentActivityStage to STOPPED, currentActivity=com.simplemobiletools.notes.pro.activities.MainActivity@365a637
08-29 13:56:55.481  2304  2304 D LifecycleMonitor: callback completes: androidx.test.core.app.ActivityScenario$1@11248e0
08-29 13:56:55.511   316   360 D goldfish-address-space: claimShared: Ask to claim region [0x318000000 0x3190b3000]
08-29 13:56:55.559   316   360 D goldfish-address-space: claimShared: Ask to claim region [0x31a166000 0x31b219000]
08-29 13:56:55.595  2304  2304 D IdlingResourceRegistry: All idling resources are idle.
08-29 13:56:55.598  2304  2304 I chatty  : uid=10182(com.simplemobiletools.notes.pro.debug) identical 2 lines
08-29 13:56:55.598  2304  2304 D IdlingResourceRegistry: All idling resources are idle.
08-29 13:56:55.600  2304  2304 I ViewInteraction: Checking 'MatchesViewAssertion{viewMatcher=is displayed on the screen to the user}' assertion on view with text: is "About"
08-29 13:56:55.602  2304  2304 D IdlingResourceRegistry: All idling resources are idle.
08-29 13:56:55.603  2304  2304 D IdlingResourceRegistry: All idling resources are idle.
08-29 13:56:55.606  2304  2304 I ViewInteraction: Checking 'MatchesViewAssertion{viewMatcher=is displayed on the screen to the user}' assertion on view with id is <com.simplemobiletools.notes.pro.debug:id/about_email>
08-29 13:56:55.610  2304  2304 D IdlingResourceRegistry: All idling resources are idle.
08-29 13:56:55.610  2304  2304 D IdlingResourceRegistry: All idling resources are idle.
08-29 13:56:55.611  2304  2304 I ViewInteraction: Checking 'MatchesViewAssertion{viewMatcher=is displayed on the screen to the user}' assertion on view with id is <com.simplemobiletools.notes.pro.debug:id/about_faq>
08-29 13:56:55.612  2304  2304 D IdlingResourceRegistry: All idling resources are idle.
08-29 13:56:55.612  2304  2304 D IdlingResourceRegistry: All idling resources are idle.
08-29 13:56:55.613  2304  2304 I ViewInteraction: Checking 'MatchesViewAssertion{viewMatcher=is displayed on the screen to the user}' assertion on view with id is <com.simplemobiletools.notes.pro.debug:id/about_faq_label>
08-29 13:56:55.615  2304  2304 D IdlingResourceRegistry: All idling resources are idle.
08-29 13:56:55.616  2304  2304 D IdlingResourceRegistry: All idling resources are idle.
08-29 13:56:55.616  2304  2304 I ViewInteraction: Checking 'MatchesViewAssertion{viewMatcher=is displayed on the screen to the user}' assertion on view with id is <com.simplemobiletools.notes.pro.debug:id/about_more_apps>
08-29 13:56:55.618  2304  2304 D IdlingResourceRegistry: All idling resources are idle.
08-29 13:56:55.618  2304  2304 D IdlingResourceRegistry: All idling resources are idle.
08-29 13:56:55.619  2304  2304 I ViewInteraction: Checking 'MatchesViewAssertion{viewMatcher=is displayed on the screen to the user}' assertion on view with id is <com.simplemobiletools.notes.pro.debug:id/about_invite>
08-29 13:56:55.620  2304  2304 D IdlingResourceRegistry: All idling resources are idle.
08-29 13:56:55.620  2304  2304 D IdlingResourceRegistry: All idling resources are idle.
08-29 13:56:55.622  2304  2304 I ViewInteraction: Checking 'MatchesViewAssertion{viewMatcher=is displayed on the screen to the user}' assertion on view with id is <com.simplemobiletools.notes.pro.debug:id/about_license>
08-29 13:56:55.622  2304  2304 D IdlingResourceRegistry: All idling resources are idle.
08-29 13:56:55.623  2304  2304 D IdlingResourceRegistry: All idling resources are idle.
08-29 13:56:55.623  2304  2304 I ViewInteraction: Checking 'MatchesViewAssertion{viewMatcher=is displayed on the screen to the user}' assertion on view with id is <com.simplemobiletools.notes.pro.debug:id/about_follow_us>
08-29 13:56:55.624  2304  2304 D IdlingResourceRegistry: All idling resources are idle.
08-29 13:56:55.624  2304  2304 D IdlingResourceRegistry: All idling resources are idle.
08-29 13:56:55.625  2304  2304 I ViewInteraction: Checking 'MatchesViewAssertion{viewMatcher=is displayed on the screen to the user}' assertion on view with id is <com.simplemobiletools.notes.pro.debug:id/about_facebook>
08-29 13:56:55.626  2304  2304 D IdlingResourceRegistry: All idling resources are idle.
08-29 13:56:55.626  2304  2304 D IdlingResourceRegistry: All idling resources are idle.
08-29 13:56:55.627  2304  2304 I ViewInteraction: Checking 'MatchesViewAssertion{viewMatcher=is displayed on the screen to the user}' assertion on view with id is <com.simplemobiletools.notes.pro.debug:id/about_reddit>
08-29 13:56:55.628  2304  2304 D IdlingResourceRegistry: All idling resources are idle.
08-29 13:56:55.628  2304  2304 D IdlingResourceRegistry: All idling resources are idle.
08-29 13:56:55.629  2304  2304 I ViewInteraction: Checking 'MatchesViewAssertion{viewMatcher=is displayed on the screen to the user}' assertion on view with id is <com.simplemobiletools.notes.pro.debug:id/about_copyright>
08-29 13:56:55.630  2304  2304 D IdlingResourceRegistry: All idling resources are idle.
08-29 13:56:55.630  2304  2304 D IdlingResourceRegistry: All idling resources are idle.
08-29 13:56:55.631  2304  2304 I ViewInteraction: Checking 'MatchesViewAssertion{viewMatcher=is displayed on the screen to the user}' assertion on view with content description text: is "Navigate up"
08-29 13:56:55.632  2304  2304 D IdlingResourceRegistry: All idling resources are idle.
08-29 13:56:55.632  2304  2304 D IdlingResourceRegistry: All idling resources are idle.
08-29 13:56:55.633  2304  2304 I ViewInteraction: Performing 'single click' action on view with content description text: is "Navigate up"
08-29 13:56:55.637  2304  2304 D IdlingResourceRegistry: All idling resources are idle.
08-29 13:56:55.674  2304  2304 I chatty  : uid=10182(com.simplemobiletools.notes.pro.debug) identical 8 lines
08-29 13:56:55.674  2304  2304 D IdlingResourceRegistry: All idling resources are idle.
08-29 13:56:55.699   316   360 D goldfish-address-space: claimShared: Ask to claim region [0x3190b3000 0x31a166000]
08-29 13:56:55.705   541   914 I system_server: oneway function results will be dropped but finished with status OK and parcel size 4
08-29 13:56:55.714   316   316 D goldfish-address-space: claimShared: Ask to claim region [0x31c000000 0x31d0b3000]
08-29 13:56:55.745  2304  2304 D LifecycleMonitor: Lifecycle status change: com.simplemobiletools.commons.activities.AboutActivity@cea20e in: PAUSED
08-29 13:56:55.745  2304  2304 D LifecycleMonitor: running callback: androidx.test.core.app.ActivityScenario$1@11248e0
08-29 13:56:55.745  2304  2304 V ActivityScenario: Activity lifecycle changed event received but ignored because the intent does not match. startActivityIntent=Intent { act=android.intent.action.MAIN cat=[android.intent.category.LAUNCHER] cmp=com.simplemobiletools.notes.pro.debug/com.simplemobiletools.notes.pro.activities.MainActivity }, activity.getIntent()=Intent { cmp=com.simplemobiletools.notes.pro.debug/com.simplemobiletools.commons.activities.AboutActivity (has extras) }, activity=com.simplemobiletools.commons.activities.AboutActivity@cea20e
08-29 13:56:55.745  2304  2304 D LifecycleMonitor: callback completes: androidx.test.core.app.ActivityScenario$1@11248e0
08-29 13:56:55.746   541  3543 D HostConnection: HostConnection::get() New Host Connection established 0xad344990, tid 3543
08-29 13:56:55.748   541  3543 D HostConnection: HostComposition ext ANDROID_EMU_CHECKSUM_HELPER_v1 ANDROID_EMU_native_sync_v2 ANDROID_EMU_native_sync_v3 ANDROID_EMU_native_sync_v4 ANDROID_EMU_dma_v1 ANDROID_EMU_direct_mem ANDROID_EMU_host_composition_v1 ANDROID_EMU_host_composition_v2 ANDROID_EMU_vulkan ANDROID_EMU_deferred_vulkan_commands ANDROID_EMU_vulkan_null_optional_strings ANDROID_EMU_vulkan_create_resources_with_requirements ANDROID_EMU_YUV_Cache ANDROID_EMU_async_unmap_buffer ANDROID_EMU_vulkan_ignored_handles ANDROID_EMU_has_shared_slots_host_memory_allocator ANDROID_EMU_vulkan_free_memory_sync ANDROID_EMU_vulkan_shader_float16_int8 ANDROID_EMU_vulkan_async_queue_submit ANDROID_EMU_sync_buffer_data GL_OES_vertex_array_object GL_KHR_texture_compression_astc_ldr ANDROID_EMU_host_side_tracing ANDROID_EMU_async_frame_commands ANDROID_EMU_gles_max_version_2 
08-29 13:56:55.749   541  3543 W OpenGLRenderer: Failed to choose config with EGL_SWAP_BEHAVIOR_PRESERVED, retrying without...
08-29 13:56:55.757   541   916 W InputReader: Device virtio_input_multi_touch_9 is associated with display ADISPLAY_ID_NONE.
08-29 13:56:55.757   541   916 W InputReader: Device virtio_input_multi_touch_7 is associated with display ADISPLAY_ID_NONE.
08-29 13:56:55.757   541   916 W InputReader: Device virtio_input_multi_touch_10 is associated with display ADISPLAY_ID_NONE.
08-29 13:56:55.757   541   916 W InputReader: Device virtio_input_multi_touch_4 is associated with display ADISPLAY_ID_NONE.
08-29 13:56:55.757   541   916 W InputReader: Device virtio_input_multi_touch_11 is associated with display ADISPLAY_ID_NONE.
08-29 13:56:55.757   541   916 W InputReader: Device virtio_input_multi_touch_6 is associated with display ADISPLAY_ID_NONE.
08-29 13:56:55.757   541   916 W InputReader: Device virtio_input_multi_touch_5 is associated with display ADISPLAY_ID_NONE.
08-29 13:56:55.757   541   916 W InputReader: Device virtio_input_multi_touch_3 is associated with display ADISPLAY_ID_NONE.
08-29 13:56:55.757   541   916 W InputReader: Device virtio_input_multi_touch_2 is associated with display ADISPLAY_ID_NONE.
08-29 13:56:55.758   541   916 W InputReader: Device virtio_input_multi_touch_8 is associated with display ADISPLAY_ID_NONE.
08-29 13:56:55.758   541   916 W InputReader: Device virtio_input_multi_touch_9 is associated with display ADISPLAY_ID_NONE.
08-29 13:56:55.758   541   916 W InputReader: Device virtio_input_multi_touch_7 is associated with display ADISPLAY_ID_NONE.
08-29 13:56:55.758   541   916 W InputReader: Device virtio_input_multi_touch_10 is associated with display ADISPLAY_ID_NONE.
08-29 13:56:55.758   541   916 W InputReader: Device virtio_input_multi_touch_4 is associated with display ADISPLAY_ID_NONE.
08-29 13:56:55.758   541   916 W InputReader: Device virtio_input_multi_touch_11 is associated with display ADISPLAY_ID_NONE.
08-29 13:56:55.758   541   916 W InputReader: Device virtio_input_multi_touch_6 is associated with display ADISPLAY_ID_NONE.
08-29 13:56:55.758   541   916 W InputReader: Device virtio_input_multi_touch_5 is associated with display ADISPLAY_ID_NONE.
08-29 13:56:55.758   541   916 W InputReader: Device virtio_input_multi_touch_3 is associated with display ADISPLAY_ID_NONE.
08-29 13:56:55.758   541   916 W InputReader: Device virtio_input_multi_touch_2 is associated with display ADISPLAY_ID_NONE.
08-29 13:56:55.758   541   916 W InputReader: Device virtio_input_multi_touch_8 is associated with display ADISPLAY_ID_NONE.
08-29 13:56:55.764  2304  2304 D LifecycleMonitor: Lifecycle status change: com.simplemobiletools.notes.pro.activities.MainActivity@365a637 in: RESTARTED
08-29 13:56:55.764  2304  2304 D LifecycleMonitor: running callback: androidx.test.core.app.ActivityScenario$1@11248e0
08-29 13:56:55.764  2304  2304 V ActivityScenario: Update currentActivityStage to RESTARTED, currentActivity=com.simplemobiletools.notes.pro.activities.MainActivity@365a637
08-29 13:56:55.764  2304  2304 D LifecycleMonitor: callback completes: androidx.test.core.app.ActivityScenario$1@11248e0
08-29 13:56:55.766  2304  2304 D LifecycleMonitor: Lifecycle status change: com.simplemobiletools.notes.pro.activities.MainActivity@365a637 in: STARTED
08-29 13:56:55.766  2304  2304 D LifecycleMonitor: running callback: androidx.test.core.app.ActivityScenario$1@11248e0
08-29 13:56:55.766  2304  2304 V ActivityScenario: Update currentActivityStage to STARTED, currentActivity=com.simplemobiletools.notes.pro.activities.MainActivity@365a637
08-29 13:56:55.766  2304  2304 D LifecycleMonitor: callback completes: androidx.test.core.app.ActivityScenario$1@11248e0
08-29 13:56:55.772   541  3543 D EGL_emulation: eglCreateContext: 0xeaeb6f70: maj 2 min 0 rcv 2
08-29 13:56:55.775   541  3543 D EGL_emulation: eglMakeCurrent: 0xeaeb6f70: ver 2 0 (tinfo 0xb5657650) (first time)
08-29 13:56:55.777  2304  2304 D LifecycleMonitor: Lifecycle status change: com.simplemobiletools.notes.pro.activities.MainActivity@365a637 in: RESUMED
08-29 13:56:55.777  2304  2304 D LifecycleMonitor: running callback: androidx.test.core.app.ActivityScenario$1@11248e0
08-29 13:56:55.777  2304  2304 V ActivityScenario: Update currentActivityStage to RESUMED, currentActivity=com.simplemobiletools.notes.pro.activities.MainActivity@365a637
08-29 13:56:55.777  2304  2304 D LifecycleMonitor: callback completes: androidx.test.core.app.ActivityScenario$1@11248e0
08-29 13:56:55.837   541   916 I system_server: oneway function results will be dropped but finished with status OK and parcel size 4
08-29 13:56:55.862   316   316 D goldfish-address-space: claimShared: Ask to claim region [0x31d0b3000 0x31e166000]
08-29 13:56:55.881   316   316 D goldfish-address-space: claimShared: Ask to claim region [0x31e166000 0x31f219000]
08-29 13:56:55.909   316   316 D goldfish-address-space: claimShared: Ask to claim region [0x320000000 0x3210b3000]
08-29 13:56:55.938  2304  2304 D LifecycleMonitor: Lifecycle status change: com.simplemobiletools.commons.activities.AboutActivity@cea20e in: STOPPED
08-29 13:56:55.939  2304  2304 D LifecycleMonitor: running callback: androidx.test.core.app.ActivityScenario$1@11248e0
08-29 13:56:55.939  2304  2304 V ActivityScenario: Activity lifecycle changed event received but ignored because the intent does not match. startActivityIntent=Intent { act=android.intent.action.MAIN cat=[android.intent.category.LAUNCHER] cmp=com.simplemobiletools.notes.pro.debug/com.simplemobiletools.notes.pro.activities.MainActivity }, activity.getIntent()=Intent { cmp=com.simplemobiletools.notes.pro.debug/com.simplemobiletools.commons.activities.AboutActivity (has extras) }, activity=com.simplemobiletools.commons.activities.AboutActivity@cea20e
08-29 13:56:55.939  2304  2304 D LifecycleMonitor: callback completes: androidx.test.core.app.ActivityScenario$1@11248e0
08-29 13:56:55.940  2304  2304 D LifecycleMonitor: Lifecycle status change: com.simplemobiletools.commons.activities.AboutActivity@cea20e in: DESTROYED
08-29 13:56:55.940  2304  2304 D LifecycleMonitor: running callback: androidx.test.core.app.ActivityScenario$1@11248e0
08-29 13:56:55.940  2304  2304 V ActivityScenario: Activity lifecycle changed event received but ignored because the intent does not match. startActivityIntent=Intent { act=android.intent.action.MAIN cat=[android.intent.category.LAUNCHER] cmp=com.simplemobiletools.notes.pro.debug/com.simplemobiletools.notes.pro.activities.MainActivity }, activity.getIntent()=Intent { cmp=com.simplemobiletools.notes.pro.debug/com.simplemobiletools.commons.activities.AboutActivity (has extras) }, activity=com.simplemobiletools.commons.activities.AboutActivity@cea20e
08-29 13:56:55.940  2304  2304 D LifecycleMonitor: callback completes: androidx.test.core.app.ActivityScenario$1@11248e0
08-29 13:56:55.951  2304  2304 D IdlingResourceRegistry: All idling resources are idle.
08-29 13:56:56.174  2304  2304 I chatty  : uid=10182(com.simplemobiletools.notes.pro.debug) identical 4 lines
08-29 13:56:56.174  2304  2304 D IdlingResourceRegistry: All idling resources are idle.
08-29 13:56:56.175  2304  2326 I Espresso Run: Verifying the main text panel is displayed
08-29 13:56:56.177  2304  2304 D IdlingResourceRegistry: All idling resources are idle.
08-29 13:56:56.178  2304  2304 D IdlingResourceRegistry: All idling resources are idle.
08-29 13:56:56.182  2304  2304 I ViewInteraction: Checking 'MatchesViewAssertion{viewMatcher=is displayed on the screen to the user}' assertion on view with id is <com.simplemobiletools.notes.pro.debug:id/action_bar>
08-29 13:56:56.183  2304  2326 I Espresso Run: ------------------------------------------------------------------------------------------
08-29 13:56:56.183  2304  2326 I Espresso Run: PASS aboutTest
08-29 13:56:56.183  2304  2326 I Espresso Run: ------------------------------------------------------------------------------------------
08-29 13:56:56.191   541   914 I ActivityTaskManager: START u0 {act=android.intent.action.MAIN cat=[android.intent.category.LAUNCHER] flg=0x10000000 cmp=com.simplemobiletools.notes.pro.debug/androidx.test.core.app.InstrumentationActivityInvoker$EmptyActivity} from uid 10182
08-29 13:56:56.192   541   588 D EventSequenceValidator: Transition from INTENT_FAILED to INTENT_STARTED
08-29 13:56:56.197   404   404 I perfetto: ing_service_impl.cc:758 Configured tracing session 405, #sources:1, duration:5000 ms, #buffers:1, total buffer size:4096 KB, total sessions:3, uid:1071 session name: ""
08-29 13:56:56.198   402   402 I perfetto: probes_producer.cc:230  Ftrace setup (target_buf=405)
08-29 13:56:56.200   541   588 D EventSequenceValidator: Transition from INTENT_STARTED to INTENT_FAILED
08-29 13:56:56.201  2304  2304 D LifecycleMonitor: Lifecycle status change: com.simplemobiletools.notes.pro.activities.MainActivity@365a637 in: PAUSED
08-29 13:56:56.201  2304  2304 D LifecycleMonitor: running callback: androidx.test.core.app.ActivityScenario$1@11248e0
08-29 13:56:56.201  2304  2304 V ActivityScenario: Update currentActivityStage to PAUSED, currentActivity=com.simplemobiletools.notes.pro.activities.MainActivity@365a637
08-29 13:56:56.201  2304  2304 D LifecycleMonitor: callback completes: androidx.test.core.app.ActivityScenario$1@11248e0
08-29 13:56:56.202   541  3061 W ActivityTaskManager: Tried to set launchTime (0) < mLastActivityLaunchTime (42342100)
08-29 13:56:56.202   541  3061 W InputReader: Device virtio_input_multi_touch_9 is associated with display ADISPLAY_ID_NONE.
08-29 13:56:56.202   541  3061 W InputReader: Device virtio_input_multi_touch_7 is associated with display ADISPLAY_ID_NONE.
08-29 13:56:56.202   541  3061 W InputReader: Device virtio_input_multi_touch_10 is associated with display ADISPLAY_ID_NONE.
08-29 13:56:56.202   541  3061 W InputReader: Device virtio_input_multi_touch_4 is associated with display ADISPLAY_ID_NONE.
08-29 13:56:56.202   541  3061 W InputReader: Device virtio_input_multi_touch_11 is associated with display ADISPLAY_ID_NONE.
08-29 13:56:56.202   541  3061 W InputReader: Device virtio_input_multi_touch_6 is associated with display ADISPLAY_ID_NONE.
08-29 13:56:56.202   541  3061 W InputReader: Device virtio_input_multi_touch_5 is associated with display ADISPLAY_ID_NONE.
08-29 13:56:56.202   541  3061 W InputReader: Device virtio_input_multi_touch_3 is associated with display ADISPLAY_ID_NONE.
08-29 13:56:56.202   541  3061 W InputReader: Device virtio_input_multi_touch_2 is associated with display ADISPLAY_ID_NONE.
08-29 13:56:56.202   541  3061 W InputReader: Device virtio_input_multi_touch_8 is associated with display ADISPLAY_ID_NONE.
08-29 13:56:56.202   541  3061 W InputReader: Device virtio_input_multi_touch_9 is associated with display ADISPLAY_ID_NONE.
08-29 13:56:56.202   541  3061 W InputReader: Device virtio_input_multi_touch_7 is associated with display ADISPLAY_ID_NONE.
08-29 13:56:56.202   541  3061 W InputReader: Device virtio_input_multi_touch_10 is associated with display ADISPLAY_ID_NONE.
08-29 13:56:56.202   541  3061 W InputReader: Device virtio_input_multi_touch_4 is associated with display ADISPLAY_ID_NONE.
08-29 13:56:56.202   541  3061 W InputReader: Device virtio_input_multi_touch_11 is associated with display ADISPLAY_ID_NONE.
08-29 13:56:56.202   541  3061 W InputReader: Device virtio_input_multi_touch_6 is associated with display ADISPLAY_ID_NONE.
08-29 13:56:56.202   541  3061 W InputReader: Device virtio_input_multi_touch_5 is associated with display ADISPLAY_ID_NONE.
08-29 13:56:56.202   541  3061 W InputReader: Device virtio_input_multi_touch_3 is associated with display ADISPLAY_ID_NONE.
08-29 13:56:56.202   541  3061 W InputReader: Device virtio_input_multi_touch_2 is associated with display ADISPLAY_ID_NONE.
08-29 13:56:56.202   541  3061 W InputReader: Device virtio_input_multi_touch_8 is associated with display ADISPLAY_ID_NONE.
08-29 13:56:56.209  2304  2304 D LifecycleMonitor: Lifecycle status change: androidx.test.core.app.InstrumentationActivityInvoker$EmptyActivity@24b5ade in: PRE_ON_CREATE
08-29 13:56:56.209  2304  2304 D LifecycleMonitor: running callback: androidx.test.core.app.ActivityScenario$1@11248e0
08-29 13:56:56.209  2304  2304 V ActivityScenario: Activity lifecycle changed event received but ignored because the intent does not match. startActivityIntent=Intent { act=android.intent.action.MAIN cat=[android.intent.category.LAUNCHER] cmp=com.simplemobiletools.notes.pro.debug/com.simplemobiletools.notes.pro.activities.MainActivity }, activity.getIntent()=Intent { act=android.intent.action.MAIN cat=[android.intent.category.LAUNCHER] flg=0x10000000 cmp=com.simplemobiletools.notes.pro.debug/androidx.test.core.app.InstrumentationActivityInvoker$EmptyActivity }, activity=androidx.test.core.app.InstrumentationActivityInvoker$EmptyActivity@24b5ade
08-29 13:56:56.209  2304  2304 D LifecycleMonitor: callback completes: androidx.test.core.app.ActivityScenario$1@11248e0
08-29 13:56:56.213  2304  2304 D LifecycleMonitor: Lifecycle status change: androidx.test.core.app.InstrumentationActivityInvoker$EmptyActivity@24b5ade in: CREATED
08-29 13:56:56.213  2304  2304 D LifecycleMonitor: running callback: androidx.test.core.app.ActivityScenario$1@11248e0
08-29 13:56:56.214  2304  2304 V ActivityScenario: Activity lifecycle changed event received but ignored because the intent does not match. startActivityIntent=Intent { act=android.intent.action.MAIN cat=[android.intent.category.LAUNCHER] cmp=com.simplemobiletools.notes.pro.debug/com.simplemobiletools.notes.pro.activities.MainActivity }, activity.getIntent()=Intent { act=android.intent.action.MAIN cat=[android.intent.category.LAUNCHER] flg=0x10000000 cmp=com.simplemobiletools.notes.pro.debug/androidx.test.core.app.InstrumentationActivityInvoker$EmptyActivity }, activity=androidx.test.core.app.InstrumentationActivityInvoker$EmptyActivity@24b5ade
08-29 13:56:56.214  2304  2304 D LifecycleMonitor: callback completes: androidx.test.core.app.ActivityScenario$1@11248e0
08-29 13:56:56.215  2304  2304 D LifecycleMonitor: Lifecycle status change: androidx.test.core.app.InstrumentationActivityInvoker$EmptyActivity@24b5ade in: STARTED
08-29 13:56:56.215  2304  2304 D LifecycleMonitor: running callback: androidx.test.core.app.ActivityScenario$1@11248e0
08-29 13:56:56.216  2304  2304 V ActivityScenario: Activity lifecycle changed event received but ignored because the intent does not match. startActivityIntent=Intent { act=android.intent.action.MAIN cat=[android.intent.category.LAUNCHER] cmp=com.simplemobiletools.notes.pro.debug/com.simplemobiletools.notes.pro.activities.MainActivity }, activity.getIntent()=Intent { act=android.intent.action.MAIN cat=[android.intent.category.LAUNCHER] flg=0x10000000 cmp=com.simplemobiletools.notes.pro.debug/androidx.test.core.app.InstrumentationActivityInvoker$EmptyActivity }, activity=androidx.test.core.app.InstrumentationActivityInvoker$EmptyActivity@24b5ade
08-29 13:56:56.216  2304  2304 D LifecycleMonitor: callback completes: androidx.test.core.app.ActivityScenario$1@11248e0
08-29 13:56:56.217  2304  2304 D LifecycleMonitor: Lifecycle status change: androidx.test.core.app.InstrumentationActivityInvoker$EmptyActivity@24b5ade in: RESUMED
08-29 13:56:56.217  2304  2304 D LifecycleMonitor: running callback: androidx.test.core.app.ActivityScenario$1@11248e0
08-29 13:56:56.217  2304  2304 V ActivityScenario: Activity lifecycle changed event received but ignored because the intent does not match. startActivityIntent=Intent { act=android.intent.action.MAIN cat=[android.intent.category.LAUNCHER] cmp=com.simplemobiletools.notes.pro.debug/com.simplemobiletools.notes.pro.activities.MainActivity }, activity.getIntent()=Intent { act=android.intent.action.MAIN cat=[android.intent.category.LAUNCHER] flg=0x10000000 cmp=com.simplemobiletools.notes.pro.debug/androidx.test.core.app.InstrumentationActivityInvoker$EmptyActivity }, activity=androidx.test.core.app.InstrumentationActivityInvoker$EmptyActivity@24b5ade
08-29 13:56:56.218  2304  2304 D LifecycleMonitor: callback completes: androidx.test.core.app.ActivityScenario$1@11248e0
08-29 13:56:56.241   316   316 D goldfish-address-space: claimShared: Ask to claim region [0x318000000 0x3190b3000]
08-29 13:56:56.260   316   316 D goldfish-address-space: claimShared: Ask to claim region [0x3190b3000 0x31a166000]
08-29 13:56:56.282   316   316 D goldfish-address-space: claimShared: Ask to claim region [0x31a166000 0x31b219000]
08-29 13:56:56.304   541   596 I ActivityTaskManager: Displayed com.simplemobiletools.notes.pro.debug/androidx.test.core.app.InstrumentationActivityInvoker$EmptyActivity: +95ms
08-29 13:56:56.310   541  3061 I ActivityTaskManager: START u0 {act=android.intent.action.MAIN cat=[android.intent.category.LAUNCHER] flg=0x10000000 cmp=com.simplemobiletools.notes.pro.debug/androidx.test.core.app.InstrumentationActivityInvoker$EmptyActivity} from uid 10182
08-29 13:56:56.311   541   588 D EventSequenceValidator: Transition from INTENT_FAILED to INTENT_STARTED
08-29 13:56:56.316   541   588 D EventSequenceValidator: Transition from INTENT_STARTED to INTENT_FAILED
