08-29 13:58:26.142   541   918 I system_server: oneway function results will be dropped but finished with status OK and parcel size 4
08-29 13:58:26.176   316 22643 D goldfish-address-space: claimShared: Ask to claim region [0x31b608000 0x31bae5000]
08-29 13:58:26.202   316 22643 D goldfish-address-space: claimShared: Ask to claim region [0x318000000 0x3184dd000]
08-29 13:58:26.216  2705  2705 D IdlingResourceRegistry: All idling resources are idle.
08-29 13:58:26.438  2705  2705 I chatty  : uid=10184(com.simplemobiletools.notes.pro.debug) identical 6 lines
08-29 13:58:26.438  2705  2705 D IdlingResourceRegistry: All idling resources are idle.
08-29 13:58:26.469  2705  2705 I ViewInteraction: Checking 'MatchesViewAssertion{viewMatcher=is displayed on the screen to the user}' assertion on view with id is <com.simplemobiletools.notes.pro.debug:id/settings_customize_colors_holder>
08-29 13:58:26.470  2705  2705 E ViewAssertions: 'is displayed on the screen to the user' check could not be performed because view 'with id is <com.simplemobiletools.notes.pro.debug:id/settings_customize_colors_holder>' was not found.
08-29 13:58:26.471  2705  2728 I Espresso Run: ------------------------------------------------------------------------------------------
08-29 13:58:26.471  2705  2728 I Espresso Run: FAILED dummyFailTest
08-29 13:58:26.471  2705  2728 I Espresso Run: ------------------------------------------------------------------------------------------
08-29 13:58:26.474   541   918 I ActivityTaskManager: START u0 {act=android.intent.action.MAIN cat=[android.intent.category.LAUNCHER] flg=0x10000000 cmp=com.simplemobiletools.notes.pro.debug/androidx.test.core.app.InstrumentationActivityInvoker$EmptyActivity} from uid 10184
08-29 13:58:26.474   541   588 D EventSequenceValidator: Transition from ACTIVITY_FINISHED to INTENT_STARTED
08-29 13:58:26.476   404   404 E perfetto: ing_service_impl.cc:605 Too many concurrent tracing sesions (5) for uid 1071 limit is 5
08-29 13:58:26.477   435  1147 E perfetto: r_api_deprecated.cc:216 Tracing session failed
08-29 13:58:26.479   541   588 D EventSequenceValidator: Transition from INTENT_STARTED to INTENT_FAILED
08-29 13:58:26.480  2705  2705 D LifecycleMonitor: Lifecycle status change: com.simplemobiletools.notes.pro.activities.MainActivity@8381d8f in: PAUSED
08-29 13:58:26.480  2705  2705 D LifecycleMonitor: running callback: androidx.test.core.app.ActivityScenario$1@78210a2
08-29 13:58:26.480  2705  2705 V ActivityScenario: Update currentActivityStage to PAUSED, currentActivity=com.simplemobiletools.notes.pro.activities.MainActivity@8381d8f
08-29 13:58:26.480  2705  2705 D LifecycleMonitor: callback completes: androidx.test.core.app.ActivityScenario$1@78210a2
08-29 13:58:26.481   541 11337 W ActivityTaskManager: Tried to set launchTime (0) < mLastActivityLaunchTime (42432340)
08-29 13:58:26.482   541 11337 W InputReader: Device virtio_input_multi_touch_9 is associated with display ADISPLAY_ID_NONE.
08-29 13:58:26.482   541 11337 W InputReader: Device virtio_input_multi_touch_7 is associated with display ADISPLAY_ID_NONE.
08-29 13:58:26.482   541 11337 W InputReader: Device virtio_input_multi_touch_10 is associated with display ADISPLAY_ID_NONE.
08-29 13:58:26.482   541 11337 W InputReader: Device virtio_input_multi_touch_4 is associated with display ADISPLAY_ID_NONE.
08-29 13:58:26.482   541 11337 W InputReader: Device virtio_input_multi_touch_11 is associated with display ADISPLAY_ID_NONE.
08-29 13:58:26.482   541 11337 W InputReader: Device virtio_input_multi_touch_6 is associated with display ADISPLAY_ID_NONE.
08-29 13:58:26.482   541 11337 W InputReader: Device virtio_input_multi_touch_5 is associated with display ADISPLAY_ID_NONE.
08-29 13:58:26.482   541 11337 W InputReader: Device virtio_input_multi_touch_3 is associated with display ADISPLAY_ID_NONE.
08-29 13:58:26.482   541 11337 W InputReader: Device virtio_input_multi_touch_2 is associated with display ADISPLAY_ID_NONE.
08-29 13:58:26.482   541 11337 W InputReader: Device virtio_input_multi_touch_8 is associated with display ADISPLAY_ID_NONE.
08-29 13:58:26.482   541 11337 W InputReader: Device virtio_input_multi_touch_9 is associated with display ADISPLAY_ID_NONE.
08-29 13:58:26.482   541 11337 W InputReader: Device virtio_input_multi_touch_7 is associated with display ADISPLAY_ID_NONE.
08-29 13:58:26.482   541 11337 W InputReader: Device virtio_input_multi_touch_10 is associated with display ADISPLAY_ID_NONE.
08-29 13:58:26.482   541 11337 W InputReader: Device virtio_input_multi_touch_4 is associated with display ADISPLAY_ID_NONE.
08-29 13:58:26.482   541 11337 W InputReader: Device virtio_input_multi_touch_11 is associated with display ADISPLAY_ID_NONE.
08-29 13:58:26.482   541 11337 W InputReader: Device virtio_input_multi_touch_6 is associated with display ADISPLAY_ID_NONE.
08-29 13:58:26.482   541 11337 W InputReader: Device virtio_input_multi_touch_5 is associated with display ADISPLAY_ID_NONE.
08-29 13:58:26.482   541 11337 W InputReader: Device virtio_input_multi_touch_3 is associated with display ADISPLAY_ID_NONE.
08-29 13:58:26.482   541 11337 W InputReader: Device virtio_input_multi_touch_2 is associated with display ADISPLAY_ID_NONE.
08-29 13:58:26.482   541 11337 W InputReader: Device virtio_input_multi_touch_8 is associated with display ADISPLAY_ID_NONE.
08-29 13:58:26.493  2705  2705 D LifecycleMonitor: Lifecycle status change: androidx.test.core.app.InstrumentationActivityInvoker$EmptyActivity@2253531 in: PRE_ON_CREATE
08-29 13:58:26.493  2705  2705 D LifecycleMonitor: running callback: androidx.test.core.app.ActivityScenario$1@78210a2
08-29 13:58:26.493  2705  2705 V ActivityScenario: Activity lifecycle changed event received but ignored because the intent does not match. startActivityIntent=Intent { act=android.intent.action.MAIN cat=[android.intent.category.LAUNCHER] cmp=com.simplemobiletools.notes.pro.debug/com.simplemobiletools.notes.pro.activities.MainActivity }, activity.getIntent()=Intent { act=android.intent.action.MAIN cat=[android.intent.category.LAUNCHER] flg=0x10000000 cmp=com.simplemobiletools.notes.pro.debug/androidx.test.core.app.InstrumentationActivityInvoker$EmptyActivity }, activity=androidx.test.core.app.InstrumentationActivityInvoker$EmptyActivity@2253531
08-29 13:58:26.493  2705  2705 D LifecycleMonitor: callback completes: androidx.test.core.app.ActivityScenario$1@78210a2
08-29 13:58:26.499  2705  2705 D LifecycleMonitor: Lifecycle status change: androidx.test.core.app.InstrumentationActivityInvoker$EmptyActivity@2253531 in: CREATED
08-29 13:58:26.499  2705  2705 D LifecycleMonitor: running callback: androidx.test.core.app.ActivityScenario$1@78210a2
08-29 13:58:26.499  2705  2705 V ActivityScenario: Activity lifecycle changed event received but ignored because the intent does not match. startActivityIntent=Intent { act=android.intent.action.MAIN cat=[android.intent.category.LAUNCHER] cmp=com.simplemobiletools.notes.pro.debug/com.simplemobiletools.notes.pro.activities.MainActivity }, activity.getIntent()=Intent { act=android.intent.action.MAIN cat=[android.intent.category.LAUNCHER] flg=0x10000000 cmp=com.simplemobiletools.notes.pro.debug/androidx.test.core.app.InstrumentationActivityInvoker$EmptyActivity }, activity=androidx.test.core.app.InstrumentationActivityInvoker$EmptyActivity@2253531
08-29 13:58:26.499  2705  2705 D LifecycleMonitor: callback completes: androidx.test.core.app.ActivityScenario$1@78210a2
08-29 13:58:26.501  2705  2705 D LifecycleMonitor: Lifecycle status change: androidx.test.core.app.InstrumentationActivityInvoker$EmptyActivity@2253531 in: STARTED
08-29 13:58:26.501  2705  2705 D LifecycleMonitor: running callback: androidx.test.core.app.ActivityScenario$1@78210a2
08-29 13:58:26.501  2705  2705 V ActivityScenario: Activity lifecycle changed event received but ignored because the intent does not match. startActivityIntent=Intent { act=android.intent.action.MAIN cat=[android.intent.category.LAUNCHER] cmp=com.simplemobiletools.notes.pro.debug/com.simplemobiletools.notes.pro.activities.MainActivity }, activity.getIntent()=Intent { act=android.intent.action.MAIN cat=[android.intent.category.LAUNCHER] flg=0x10000000 cmp=com.simplemobiletools.notes.pro.debug/androidx.test.core.app.InstrumentationActivityInvoker$EmptyActivity }, activity=androidx.test.core.app.InstrumentationActivityInvoker$EmptyActivity@2253531
08-29 13:58:26.501  2705  2705 D LifecycleMonitor: callback completes: androidx.test.core.app.ActivityScenario$1@78210a2
08-29 13:58:26.502  2705  2705 D LifecycleMonitor: Lifecycle status change: androidx.test.core.app.InstrumentationActivityInvoker$EmptyActivity@2253531 in: RESUMED
08-29 13:58:26.502  2705  2705 D LifecycleMonitor: running callback: androidx.test.core.app.ActivityScenario$1@78210a2
08-29 13:58:26.502  2705  2705 V ActivityScenario: Activity lifecycle changed event received but ignored because the intent does not match. startActivityIntent=Intent { act=android.intent.action.MAIN cat=[android.intent.category.LAUNCHER] cmp=com.simplemobiletools.notes.pro.debug/com.simplemobiletools.notes.pro.activities.MainActivity }, activity.getIntent()=Intent { act=android.intent.action.MAIN cat=[android.intent.category.LAUNCHER] flg=0x10000000 cmp=com.simplemobiletools.notes.pro.debug/androidx.test.core.app.InstrumentationActivityInvoker$EmptyActivity }, activity=androidx.test.core.app.InstrumentationActivityInvoker$EmptyActivity@2253531
08-29 13:58:26.502  2705  2705 D LifecycleMonitor: callback completes: androidx.test.core.app.ActivityScenario$1@78210a2
08-29 13:58:26.548   316 22643 D goldfish-address-space: claimShared: Ask to claim region [0x31e166000 0x31f219000]
08-29 13:58:26.562   316 22643 D goldfish-address-space: claimShared: Ask to claim region [0x324033000 0x3250e6000]
08-29 13:58:26.572   316 22643 D goldfish-address-space: claimShared: Ask to claim region [0x3250e6000 0x326199000]
08-29 13:58:26.595   541   596 I ActivityTaskManager: Displayed com.simplemobiletools.notes.pro.debug/androidx.test.core.app.InstrumentationActivityInvoker$EmptyActivity: +120ms
08-29 13:58:26.600   541 11337 I ActivityTaskManager: START u0 {act=android.intent.action.MAIN cat=[android.intent.category.LAUNCHER] flg=0x10000000 cmp=com.simplemobiletools.notes.pro.debug/androidx.test.core.app.InstrumentationActivityInvoker$EmptyActivity} from uid 10184
08-29 13:58:26.601   541   588 D EventSequenceValidator: Transition from INTENT_FAILED to INTENT_STARTED
08-29 13:58:26.603   404   404 E perfetto: ing_service_impl.cc:605 Too many concurrent tracing sesions (5) for uid 1071 limit is 5
08-29 13:58:26.603   435  1147 E perfetto: r_api_deprecated.cc:216 Tracing session failed
08-29 13:58:26.605   541   588 D EventSequenceValidator: Transition from INTENT_STARTED to INTENT_FAILED
08-29 13:58:26.638  2705  2727 I notes.pro.debu: Waiting for a blocking GC ProfileSaver
08-29 13:58:26.652   316 22643 D goldfish-address-space: claimShared: Ask to claim region [0x318000000 0x3190b3000]
08-29 13:58:26.655  2705  2727 I notes.pro.debu: WaitForGcToComplete blocked ProfileSaver on RunEmptyCheckpoint for 16.759ms
08-29 13:58:26.688   316 22643 D goldfish-address-space: claimShared: Ask to claim region [0x3190b3000 0x31a166000]
08-29 13:58:26.702  2705  2705 D LifecycleMonitor: Lifecycle status change: com.simplemobiletools.notes.pro.activities.MainActivity@8381d8f in: STOPPED
08-29 13:58:26.702  2705  2705 D LifecycleMonitor: running callback: androidx.test.core.app.ActivityScenario$1@78210a2
08-29 13:58:26.702  2705  2705 V ActivityScenario: Update currentActivityStage to STOPPED, currentActivity=com.simplemobiletools.notes.pro.activities.MainActivity@8381d8f
08-29 13:58:26.702  2705  2705 D LifecycleMonitor: callback completes: androidx.test.core.app.ActivityScenario$1@78210a2
08-29 13:58:26.703  2705  2705 D AutofillManager: onActivityFinishing(): calling cancelLocked()
08-29 13:58:26.705  2705  2705 D LifecycleMonitor: Lifecycle status change: com.simplemobiletools.notes.pro.activities.MainActivity@8381d8f in: DESTROYED
08-29 13:58:26.705  2705  2705 D LifecycleMonitor: running callback: androidx.test.core.app.ActivityScenario$1@78210a2
08-29 13:58:26.705  2705  2705 V ActivityScenario: Update currentActivityStage to DESTROYED, currentActivity=null
08-29 13:58:26.705  2705  2705 D LifecycleMonitor: callback completes: androidx.test.core.app.ActivityScenario$1@78210a2
08-29 13:58:26.717  2705  2705 E WindowManager: android.view.WindowLeaked: Activity com.simplemobiletools.notes.pro.activities.MainActivity has leaked window android.widget.PopupWindow$PopupDecorView{da44fca V.E...... R.....ID 0,0-686,1176} that was originally added here
08-29 13:58:26.717  2705  2705 E WindowManager: 	at android.view.ViewRootImpl.<init>(ViewRootImpl.java:733)
08-29 13:58:26.717  2705  2705 E WindowManager: 	at android.view.ViewRootImpl.<init>(ViewRootImpl.java:717)
08-29 13:58:26.717  2705  2705 E WindowManager: 	at android.view.WindowManagerGlobal.addView(WindowManagerGlobal.java:399)
08-29 13:58:26.717  2705  2705 E WindowManager: 	at android.view.WindowManagerImpl.addView(WindowManagerImpl.java:109)
08-29 13:58:26.717  2705  2705 E WindowManager: 	at android.widget.PopupWindow.invokePopup(PopupWindow.java:1576)
08-29 13:58:26.717  2705  2705 E WindowManager: 	at android.widget.PopupWindow.showAsDropDown(PopupWindow.java:1423)
08-29 13:58:26.717  2705  2705 E WindowManager: 	at androidx.appcompat.widget.AppCompatPopupWindow.showAsDropDown(AppCompatPopupWindow.java:77)
08-29 13:58:26.717  2705  2705 E WindowManager: 	at androidx.core.widget.PopupWindowCompat.showAsDropDown(PopupWindowCompat.java:69)
08-29 13:58:26.717  2705  2705 E WindowManager: 	at androidx.appcompat.widget.ListPopupWindow.show(ListPopupWindow.java:754)
08-29 13:58:26.717  2705  2705 E WindowManager: 	at androidx.appcompat.view.menu.StandardMenuPopup.tryShow(StandardMenuPopup.java:181)
08-29 13:58:26.717  2705  2705 E WindowManager: 	at androidx.appcompat.view.menu.StandardMenuPopup.show(StandardMenuPopup.java:208)
08-29 13:58:26.717  2705  2705 E WindowManager: 	at androidx.appcompat.view.menu.MenuPopupHelper.showPopup(MenuPopupHelper.java:290)
08-29 13:58:26.717  2705  2705 E WindowManager: 	at androidx.appcompat.view.menu.MenuPopupHelper.tryShow(MenuPopupHelper.java:177)
08-29 13:58:26.717  2705  2705 E WindowManager: 	at androidx.appcompat.widget.ActionMenuPresenter$OpenOverflowRunnable.run(ActionMenuPresenter.java:792)
08-29 13:58:26.717  2705  2705 E WindowManager: 	at android.os.Handler.handleCallback(Handler.java:938)
08-29 13:58:26.717  2705  2705 E WindowManager: 	at android.os.Handler.dispatchMessage(Handler.java:99)
08-29 13:58:26.717  2705  2705 E WindowManager: 	at androidx.test.espresso.base.Interrogator.loopAndInterrogate(Interrogator.java:53)
08-29 13:58:26.717  2705  2705 E WindowManager: 	at androidx.test.espresso.base.UiControllerImpl.loopUntil(UiControllerImpl.java:155)
08-29 13:58:26.717  2705  2705 E WindowManager: 	at androidx.test.espresso.base.UiControllerImpl.loopUntil(UiControllerImpl.java:149)
08-29 13:58:26.717  2705  2705 E WindowManager: 	at androidx.test.espresso.base.UiControllerImpl.injectMotionEvent(UiControllerImpl.java:53)
08-29 13:58:26.717  2705  2705 E WindowManager: 	at androidx.test.espresso.action.MotionEvents.sendUp(MotionEvents.java:122)
08-29 13:58:26.717  2705  2705 E WindowManager: 	at androidx.test.espresso.action.MotionEvents.sendUp(MotionEvents.java:117)
08-29 13:58:26.717  2705  2705 E WindowManager: 	at androidx.test.espresso.action.Tap.sendSingleTap(Tap.java:27)
08-29 13:58:26.717  2705  2705 E WindowManager: 	at androidx.test.espresso.action.Tap.access$100(Tap.java:21)
08-29 13:58:26.717  2705  2705 E WindowManager: 	at androidx.test.espresso.action.Tap$1.sendTap(Tap.java:3)
08-29 13:58:26.717  2705  2705 E WindowManager: 	at androidx.test.espresso.action.GeneralClickAction.perform(GeneralClickAction.java:23)
08-29 13:58:26.717  2705  2705 E WindowManager: 	at androidx.test.espresso.ViewInteraction$SingleExecutionViewAction.perform(ViewInteraction.java:16)
08-29 13:58:26.717  2705  2705 E WindowManager: 	at androidx.test.espresso.ViewInteraction.doPerform(ViewInteraction.java:65)
08-29 13:58:26.717  2705  2705 E WindowManager: 	at androidx.test.espresso.ViewInteraction.access$100(ViewInteraction.java:15)
08-29 13:58:26.717  2705  2705 E WindowManager: 	at androidx.test.espresso.ViewInteraction$1.call(ViewInteraction.java:3)
08-29 13:58:26.717  2705  2705 E WindowManager: 	at androidx.test.espresso.ViewInteraction$1.call(ViewInteraction.java:2)
08-29 13:58:26.717  2705  2705 E WindowManager: 	at java.util.concurrent.FutureTask.run(FutureTask.java:266)
08-29 13:58:26.717  2705  2705 E WindowManager: 	at android.os.Handler.handleCallback(Handler.java:938)
08-29 13:58:26.717  2705  2705 E WindowManager: 	at android.os.Handler.dispatchMessage(Handler.java:99)
08-29 13:58:26.717  2705  2705 E WindowManager: 	at android.os.Looper.loop(Looper.java:223)
08-29 13:58:26.717  2705  2705 E WindowManager: 	at android.app.ActivityThread.main(ActivityThread.java:7656)
08-29 13:58:26.717  2705  2705 E WindowManager: 	at java.lang.reflect.Method.invoke(Native Method)
08-29 13:58:26.717  2705  2705 E WindowManager: 	at com.android.internal.os.RuntimeInit$MethodAndArgsCaller.run(RuntimeInit.java:592)
08-29 13:58:26.717  2705  2705 E WindowManager: 	at com.android.internal.os.ZygoteInit.main(ZygoteInit.java:947)
08-29 13:58:26.721  2705  2705 D LifecycleMonitor: Lifecycle status change: androidx.test.core.app.InstrumentationActivityInvoker$EmptyActivity@2253531 in: PAUSED
08-29 13:58:26.721  2705  2705 D LifecycleMonitor: running callback: androidx.test.core.app.ActivityScenario$1@78210a2
08-29 13:58:26.721  2705  2705 V ActivityScenario: Activity lifecycle changed event received but ignored because the intent does not match. startActivityIntent=Intent { act=android.intent.action.MAIN cat=[android.intent.category.LAUNCHER] cmp=com.simplemobiletools.notes.pro.debug/com.simplemobiletools.notes.pro.activities.MainActivity }, activity.getIntent()=Intent { act=android.intent.action.MAIN cat=[android.intent.category.LAUNCHER] flg=0x10000000 cmp=com.simplemobiletools.notes.pro.debug/androidx.test.core.app.InstrumentationActivityInvoker$EmptyActivity }, activity=androidx.test.core.app.InstrumentationActivityInvoker$EmptyActivity@2253531
08-29 13:58:26.721  2705  2705 D LifecycleMonitor: callback completes: androidx.test.core.app.ActivityScenario$1@78210a2
08-29 13:58:26.723   541 11337 W ActivityTaskManager: Tried to set launchTime (0) < mLastActivityLaunchTime (42433357)
08-29 13:58:26.723   541 11337 W InputReader: Device virtio_input_multi_touch_9 is associated with display ADISPLAY_ID_NONE.
08-29 13:58:26.723   541 11337 W InputReader: Device virtio_input_multi_touch_7 is associated with display ADISPLAY_ID_NONE.
08-29 13:58:26.723   541 11337 W InputReader: Device virtio_input_multi_touch_10 is associated with display ADISPLAY_ID_NONE.
08-29 13:58:26.723   541 11337 W InputReader: Device virtio_input_multi_touch_4 is associated with display ADISPLAY_ID_NONE.
08-29 13:58:26.723   541 11337 W InputReader: Device virtio_input_multi_touch_11 is associated with display ADISPLAY_ID_NONE.
08-29 13:58:26.723   541 11337 W InputReader: Device virtio_input_multi_touch_6 is associated with display ADISPLAY_ID_NONE.
08-29 13:58:26.723   541 11337 W InputReader: Device virtio_input_multi_touch_5 is associated with display ADISPLAY_ID_NONE.
08-29 13:58:26.723   541 11337 W InputReader: Device virtio_input_multi_touch_3 is associated with display ADISPLAY_ID_NONE.
08-29 13:58:26.723   541 11337 W InputReader: Device virtio_input_multi_touch_2 is associated with display ADISPLAY_ID_NONE.
08-29 13:58:26.723   541 11337 W InputReader: Device virtio_input_multi_touch_8 is associated with display ADISPLAY_ID_NONE.
08-29 13:58:26.723   541 11337 W InputReader: Device virtio_input_multi_touch_9 is associated with display ADISPLAY_ID_NONE.
08-29 13:58:26.723   541 11337 W InputReader: Device virtio_input_multi_touch_7 is associated with display ADISPLAY_ID_NONE.
08-29 13:58:26.723   541 11337 W InputReader: Device virtio_input_multi_touch_10 is associated with display ADISPLAY_ID_NONE.
08-29 13:58:26.723   541 11337 W InputReader: Device virtio_input_multi_touch_4 is associated with display ADISPLAY_ID_NONE.
08-29 13:58:26.723   541 11337 W InputReader: Device virtio_input_multi_touch_11 is associated with display ADISPLAY_ID_NONE.
08-29 13:58:26.724   541 11337 W InputReader: Device virtio_input_multi_touch_6 is associated with display ADISPLAY_ID_NONE.
08-29 13:58:26.724   541 11337 W InputReader: Device virtio_input_multi_touch_5 is associated with display ADISPLAY_ID_NONE.
08-29 13:58:26.724   541 11337 W InputReader: Device virtio_input_multi_touch_3 is associated with display ADISPLAY_ID_NONE.
08-29 13:58:26.724   541 11337 W InputReader: Device virtio_input_multi_touch_2 is associated with display ADISPLAY_ID_NONE.
08-29 13:58:26.724   541 11337 W InputReader: Device virtio_input_multi_touch_8 is associated with display ADISPLAY_ID_NONE.
08-29 13:58:26.729   541   746 W WindowManager: Failed looking up window session=Session{5eb36f2 2705:u0a10184} callers=com.android.server.wm.WindowManagerService.windowForClientLocked:5425 com.android.server.wm.WindowManagerService.relayoutWindow:2122 com.android.server.wm.Session.relayout:213 
08-29 13:58:26.733   541 11337 W WindowManager: Cannot find window which accessibility connection is added to
08-29 13:58:26.733   541 11337 W WindowManager: Failed looking up window session=Session{5eb36f2 2705:u0a10184} callers=com.android.server.wm.WindowManagerService.windowForClientLocked:5425 com.android.server.wm.WindowManagerService.removeWindow:1892 com.android.server.wm.Session.remove:193 
08-29 13:58:26.734  2705  2705 D LifecycleMonitor: Lifecycle status change: androidx.test.core.app.InstrumentationActivityInvoker$BootstrapActivity@91eec6d in: DESTROYED
08-29 13:58:26.734  2705  2705 D LifecycleMonitor: running callback: androidx.test.core.app.ActivityScenario$1@78210a2
08-29 13:58:26.734  2705  2705 V ActivityScenario: Activity lifecycle changed event received but ignored because the intent does not match. startActivityIntent=Intent { act=android.intent.action.MAIN cat=[android.intent.category.LAUNCHER] cmp=com.simplemobiletools.notes.pro.debug/com.simplemobiletools.notes.pro.activities.MainActivity }, activity.getIntent()=Intent { act=android.intent.action.MAIN cat=[android.intent.category.LAUNCHER] flg=0x10008000 cmp=com.simplemobiletools.notes.pro.debug/androidx.test.core.app.InstrumentationActivityInvoker$BootstrapActivity (has extras) }, activity=androidx.test.core.app.InstrumentationActivityInvoker$BootstrapActivity@91eec6d
08-29 13:58:26.734  2705  2705 D LifecycleMonitor: callback completes: androidx.test.core.app.ActivityScenario$1@78210a2
08-29 13:58:26.738  2705  2705 D LifecycleMonitor: Lifecycle status change: androidx.test.core.app.InstrumentationActivityInvoker$EmptyActivity@ea8dc23 in: PRE_ON_CREATE
08-29 13:58:26.738  2705  2705 D LifecycleMonitor: running callback: androidx.test.core.app.ActivityScenario$1@78210a2
08-29 13:58:26.740  2705  2705 V ActivityScenario: Activity lifecycle changed event received but ignored because the intent does not match. startActivityIntent=Intent { act=android.intent.action.MAIN cat=[android.intent.category.LAUNCHER] cmp=com.simplemobiletools.notes.pro.debug/com.simplemobiletools.notes.pro.activities.MainActivity }, activity.getIntent()=Intent { act=android.intent.action.MAIN cat=[android.intent.category.LAUNCHER] flg=0x10000000 cmp=com.simplemobiletools.notes.pro.debug/androidx.test.core.app.InstrumentationActivityInvoker$EmptyActivity }, activity=androidx.test.core.app.InstrumentationActivityInvoker$EmptyActivity@ea8dc23
08-29 13:58:26.741  2705  2705 D LifecycleMonitor: callback completes: androidx.test.core.app.ActivityScenario$1@78210a2
08-29 13:58:26.747  2705  2705 D LifecycleMonitor: Lifecycle status change: androidx.test.core.app.InstrumentationActivityInvoker$EmptyActivity@ea8dc23 in: CREATED
08-29 13:58:26.747  2705  2705 D LifecycleMonitor: running callback: androidx.test.core.app.ActivityScenario$1@78210a2
08-29 13:58:26.747  2705  2705 V ActivityScenario: Activity lifecycle changed event received but ignored because the intent does not match. startActivityIntent=Intent { act=android.intent.action.MAIN cat=[android.intent.category.LAUNCHER] cmp=com.simplemobiletools.notes.pro.debug/com.simplemobiletools.notes.pro.activities.MainActivity }, activity.getIntent()=Intent { act=android.intent.action.MAIN cat=[android.intent.category.LAUNCHER] flg=0x10000000 cmp=com.simplemobiletools.notes.pro.debug/androidx.test.core.app.InstrumentationActivityInvoker$EmptyActivity }, activity=androidx.test.core.app.InstrumentationActivityInvoker$EmptyActivity@ea8dc23
08-29 13:58:26.747  2705  2705 D LifecycleMonitor: callback completes: androidx.test.core.app.ActivityScenario$1@78210a2
08-29 13:58:26.749  2705  2705 D LifecycleMonitor: Lifecycle status change: androidx.test.core.app.InstrumentationActivityInvoker$EmptyActivity@ea8dc23 in: STARTED
08-29 13:58:26.749  2705  2705 D LifecycleMonitor: running callback: androidx.test.core.app.ActivityScenario$1@78210a2
08-29 13:58:26.751  2705  2705 V ActivityScenario: Activity lifecycle changed event received but ignored because the intent does not match. startActivityIntent=Intent { act=android.intent.action.MAIN cat=[android.intent.category.LAUNCHER] cmp=com.simplemobiletools.notes.pro.debug/com.simplemobiletools.notes.pro.activities.MainActivity }, activity.getIntent()=Intent { act=android.intent.action.MAIN cat=[android.intent.category.LAUNCHER] flg=0x10000000 cmp=com.simplemobiletools.notes.pro.debug/androidx.test.core.app.InstrumentationActivityInvoker$EmptyActivity }, activity=androidx.test.core.app.InstrumentationActivityInvoker$EmptyActivity@ea8dc23
08-29 13:58:26.751  2705  2705 D LifecycleMonitor: callback completes: androidx.test.core.app.ActivityScenario$1@78210a2
08-29 13:58:26.753  2705  2705 D LifecycleMonitor: Lifecycle status change: androidx.test.core.app.InstrumentationActivityInvoker$EmptyActivity@ea8dc23 in: RESUMED
08-29 13:58:26.753  2705  2705 D LifecycleMonitor: running callback: androidx.test.core.app.ActivityScenario$1@78210a2
08-29 13:58:26.754  2705  2705 V ActivityScenario: Activity lifecycle changed event received but ignored because the intent does not match. startActivityIntent=Intent { act=android.intent.action.MAIN cat=[android.intent.category.LAUNCHER] cmp=com.simplemobiletools.notes.pro.debug/com.simplemobiletools.notes.pro.activities.MainActivity }, activity.getIntent()=Intent { act=android.intent.action.MAIN cat=[android.intent.category.LAUNCHER] flg=0x10000000 cmp=com.simplemobiletools.notes.pro.debug/androidx.test.core.app.InstrumentationActivityInvoker$EmptyActivity }, activity=androidx.test.core.app.InstrumentationActivityInvoker$EmptyActivity@ea8dc23
08-29 13:58:26.754  2705  2705 D LifecycleMonitor: callback completes: androidx.test.core.app.ActivityScenario$1@78210a2
08-29 13:58:26.772   316 22643 D goldfish-address-space: claimShared: Ask to claim region [0x31c000000 0x31d0b3000]
08-29 13:58:26.790   316 22643 D goldfish-address-space: claimShared: Ask to claim region [0x31d0b3000 0x31e166000]
08-29 13:58:26.810   316 22643 D goldfish-address-space: claimShared: Ask to claim region [0x31e166000 0x31f219000]
08-29 13:58:26.823   541   596 I ActivityTaskManager: Displayed com.simplemobiletools.notes.pro.debug/androidx.test.core.app.InstrumentationActivityInvoker$EmptyActivity: +219ms
08-29 13:58:26.847   316 22643 D goldfish-address-space: claimShared: Ask to claim region [0x3190b3000 0x31a166000]
08-29 13:58:26.884  2705  2705 D LifecycleMonitor: Lifecycle status change: androidx.test.core.app.InstrumentationActivityInvoker$EmptyActivity@2253531 in: STOPPED
08-29 13:58:26.884  2705  2705 D LifecycleMonitor: running callback: androidx.test.core.app.ActivityScenario$1@78210a2
08-29 13:58:26.884  2705  2705 V ActivityScenario: Activity lifecycle changed event received but ignored because the intent does not match. startActivityIntent=Intent { act=android.intent.action.MAIN cat=[android.intent.category.LAUNCHER] cmp=com.simplemobiletools.notes.pro.debug/com.simplemobiletools.notes.pro.activities.MainActivity }, activity.getIntent()=Intent { act=android.intent.action.MAIN cat=[android.intent.category.LAUNCHER] flg=0x10000000 cmp=com.simplemobiletools.notes.pro.debug/androidx.test.core.app.InstrumentationActivityInvoker$EmptyActivity }, activity=androidx.test.core.app.InstrumentationActivityInvoker$EmptyActivity@2253531
08-29 13:58:26.884  2705  2705 D LifecycleMonitor: callback completes: androidx.test.core.app.ActivityScenario$1@78210a2
08-29 13:58:26.886   541  3543 D HostConnection: HostConnection::get() New Host Connection established 0xeaeb5530, tid 3543
08-29 13:58:26.887  2705  2705 D LifecycleMonitor: Lifecycle status change: androidx.test.core.app.InstrumentationActivityInvoker$EmptyActivity@2253531 in: DESTROYED
08-29 13:58:26.887  2705  2705 D LifecycleMonitor: running callback: androidx.test.core.app.ActivityScenario$1@78210a2
08-29 13:58:26.887  2705  2705 V ActivityScenario: Activity lifecycle changed event received but ignored because the intent does not match. startActivityIntent=Intent { act=android.intent.action.MAIN cat=[android.intent.category.LAUNCHER] cmp=com.simplemobiletools.notes.pro.debug/com.simplemobiletools.notes.pro.activities.MainActivity }, activity.getIntent()=Intent { act=android.intent.action.MAIN cat=[android.intent.category.LAUNCHER] flg=0x10000000 cmp=com.simplemobiletools.notes.pro.debug/androidx.test.core.app.InstrumentationActivityInvoker$EmptyActivity }, activity=androidx.test.core.app.InstrumentationActivityInvoker$EmptyActivity@2253531
08-29 13:58:26.887  2705  2705 D LifecycleMonitor: callback completes: androidx.test.core.app.ActivityScenario$1@78210a2
08-29 13:58:26.891   541  3543 D HostConnection: HostComposition ext ANDROID_EMU_CHECKSUM_HELPER_v1 ANDROID_EMU_native_sync_v2 ANDROID_EMU_native_sync_v3 ANDROID_EMU_native_sync_v4 ANDROID_EMU_dma_v1 ANDROID_EMU_direct_mem ANDROID_EMU_host_composition_v1 ANDROID_EMU_host_composition_v2 ANDROID_EMU_vulkan ANDROID_EMU_deferred_vulkan_commands ANDROID_EMU_vulkan_null_optional_strings ANDROID_EMU_vulkan_create_resources_with_requirements ANDROID_EMU_YUV_Cache ANDROID_EMU_async_unmap_buffer ANDROID_EMU_vulkan_ignored_handles ANDROID_EMU_has_shared_slots_host_memory_allocator ANDROID_EMU_vulkan_free_memory_sync ANDROID_EMU_vulkan_shader_float16_int8 ANDROID_EMU_vulkan_async_queue_submit ANDROID_EMU_sync_buffer_data GL_OES_vertex_array_object GL_KHR_texture_compression_astc_ldr ANDROID_EMU_host_side_tracing ANDROID_EMU_async_frame_commands ANDROID_EMU_gles_max_version_2 
08-29 13:58:26.893   541  3543 W OpenGLRenderer: Failed to choose config with EGL_SWAP_BEHAVIOR_PRESERVED, retrying without...
08-29 13:58:26.899  2705  2705 D LifecycleMonitor: Lifecycle status change: androidx.test.core.app.InstrumentationActivityInvoker$EmptyActivity@ea8dc23 in: PAUSED
08-29 13:58:26.899  2705  2705 D LifecycleMonitor: running callback: androidx.test.core.app.ActivityScenario$1@78210a2
08-29 13:58:26.899  2705  2705 V ActivityScenario: Activity lifecycle changed event received but ignored because the intent does not match. startActivityIntent=Intent { act=android.intent.action.MAIN cat=[android.intent.category.LAUNCHER] cmp=com.simplemobiletools.notes.pro.debug/com.simplemobiletools.notes.pro.activities.MainActivity }, activity.getIntent()=Intent { act=android.intent.action.MAIN cat=[android.intent.category.LAUNCHER] flg=0x10000000 cmp=com.simplemobiletools.notes.pro.debug/androidx.test.core.app.InstrumentationActivityInvoker$EmptyActivity }, activity=androidx.test.core.app.InstrumentationActivityInvoker$EmptyActivity@ea8dc23
08-29 13:58:26.899  2705  2705 D LifecycleMonitor: callback completes: androidx.test.core.app.ActivityScenario$1@78210a2
08-29 13:58:26.901   541 11337 W InputReader: Device virtio_input_multi_touch_9 is associated with display ADISPLAY_ID_NONE.
08-29 13:58:26.901   541 11337 W InputReader: Device virtio_input_multi_touch_7 is associated with display ADISPLAY_ID_NONE.
08-29 13:58:26.901   541 11337 W InputReader: Device virtio_input_multi_touch_10 is associated with display ADISPLAY_ID_NONE.
08-29 13:58:26.901   541 11337 W InputReader: Device virtio_input_multi_touch_4 is associated with display ADISPLAY_ID_NONE.
08-29 13:58:26.901   541 11337 W InputReader: Device virtio_input_multi_touch_11 is associated with display ADISPLAY_ID_NONE.
08-29 13:58:26.901   541 11337 W InputReader: Device virtio_input_multi_touch_6 is associated with display ADISPLAY_ID_NONE.
08-29 13:58:26.901   541 11337 W InputReader: Device virtio_input_multi_touch_5 is associated with display ADISPLAY_ID_NONE.
08-29 13:58:26.901   541 11337 W InputReader: Device virtio_input_multi_touch_3 is associated with display ADISPLAY_ID_NONE.
08-29 13:58:26.901   541 11337 W InputReader: Device virtio_input_multi_touch_2 is associated with display ADISPLAY_ID_NONE.
08-29 13:58:26.901   541 11337 W InputReader: Device virtio_input_multi_touch_8 is associated with display ADISPLAY_ID_NONE.
08-29 13:58:26.901   541 11337 W InputReader: Device virtio_input_multi_touch_9 is associated with display ADISPLAY_ID_NONE.
08-29 13:58:26.902   541 11337 W InputReader: Device virtio_input_multi_touch_7 is associated with display ADISPLAY_ID_NONE.
08-29 13:58:26.902   541 11337 W InputReader: Device virtio_input_multi_touch_10 is associated with display ADISPLAY_ID_NONE.
08-29 13:58:26.902   541 11337 W InputReader: Device virtio_input_multi_touch_4 is associated with display ADISPLAY_ID_NONE.
08-29 13:58:26.902   541 11337 W InputReader: Device virtio_input_multi_touch_11 is associated with display ADISPLAY_ID_NONE.
08-29 13:58:26.902   541 11337 W InputReader: Device virtio_input_multi_touch_6 is associated with display ADISPLAY_ID_NONE.
08-29 13:58:26.902   541 11337 W InputReader: Device virtio_input_multi_touch_5 is associated with display ADISPLAY_ID_NONE.
08-29 13:58:26.902   541 11337 W InputReader: Device virtio_input_multi_touch_3 is associated with display ADISPLAY_ID_NONE.
08-29 13:58:26.902   541 11337 W InputReader: Device virtio_input_multi_touch_2 is associated with display ADISPLAY_ID_NONE.
08-29 13:58:26.902   541 11337 W InputReader: Device virtio_input_multi_touch_8 is associated with display ADISPLAY_ID_NONE.
08-29 13:58:26.912   541  3543 D EGL_emulation: eglCreateContext: 0xeaebb0a0: maj 2 min 0 rcv 2
08-29 13:58:26.916   316 22643 D goldfish-address-space: claimShared: Ask to claim region [0x318000000 0x3190b3000]
08-29 13:58:26.918   541  3543 D EGL_emulation: eglMakeCurrent: 0xeaebb0a0: ver 2 0 (tinfo 0xb5657650) (first time)
08-29 13:58:27.008   174   174 I hwservicemanager: getTransport: Cannot find entry android.hardware.graphics.mapper@4.0::IMapper/default in either framework or device manifest.
08-29 13:58:27.008  2691  2704 I Gralloc4: mapper 4.x is not supported
08-29 13:58:27.013  2691  2704 D HostConnection: createUnique: call
08-29 13:58:27.013  2691  2704 D HostConnection: HostConnection::get() New Host Connection established 0xf5342e00, tid 2704
08-29 13:58:27.013  2691  2704 D goldfish-address-space: allocate: Ask for block of size 0x100
08-29 13:58:27.013  2691  2704 D goldfish-address-space: allocate: ioctl allocate returned offset 0x317ffe000 size 0x2000
08-29 13:58:27.017   316 22643 D goldfish-address-space: claimShared: Ask to claim region [0x320000000 0x3210b3000]
08-29 13:58:27.029  2691  2704 D HostConnection: HostComposition ext ANDROID_EMU_CHECKSUM_HELPER_v1 ANDROID_EMU_native_sync_v2 ANDROID_EMU_native_sync_v3 ANDROID_EMU_native_sync_v4 ANDROID_EMU_dma_v1 ANDROID_EMU_direct_mem ANDROID_EMU_host_composition_v1 ANDROID_EMU_host_composition_v2 ANDROID_EMU_vulkan ANDROID_EMU_deferred_vulkan_commands ANDROID_EMU_vulkan_null_optional_strings ANDROID_EMU_vulkan_create_resources_with_requirements ANDROID_EMU_YUV_Cache ANDROID_EMU_async_unmap_buffer ANDROID_EMU_vulkan_ignored_handles ANDROID_EMU_has_shared_slots_host_memory_allocator ANDROID_EMU_vulkan_free_memory_sync ANDROID_EMU_vulkan_shader_float16_int8 ANDROID_EMU_vulkan_async_queue_submit ANDROID_EMU_sync_buffer_data GL_OES_vertex_array_object GL_KHR_texture_compression_astc_ldr ANDROID_EMU_host_side_tracing ANDROID_EMU_async_frame_commands ANDROID_EMU_gles_max_version_2 
08-29 13:58:27.036   316 22643 D goldfish-address-space: claimShared: Ask to claim region [0x3210b3000 0x322166000]
08-29 13:58:27.043  2691  2828 D libEGL  : loaded /vendor/lib/egl/libEGL_emulation.so
08-29 13:58:27.043  2691  2828 D libEGL  : loaded /vendor/lib/egl/libGLESv1_CM_emulation.so
08-29 13:58:27.045  2691  2828 D libEGL  : loaded /vendor/lib/egl/libGLESv2_emulation.so
08-29 13:58:27.052   316   316 D goldfish-address-space: claimShared: Ask to claim region [0x324033000 0x3250e6000]
08-29 13:58:27.066  2691  2828 D HostConnection: HostConnection::get() New Host Connection established 0xf5341ba0, tid 2828
08-29 13:58:27.068  2691  2828 D HostConnection: HostComposition ext ANDROID_EMU_CHECKSUM_HELPER_v1 ANDROID_EMU_native_sync_v2 ANDROID_EMU_native_sync_v3 ANDROID_EMU_native_sync_v4 ANDROID_EMU_dma_v1 ANDROID_EMU_direct_mem ANDROID_EMU_host_composition_v1 ANDROID_EMU_host_composition_v2 ANDROID_EMU_vulkan ANDROID_EMU_deferred_vulkan_commands ANDROID_EMU_vulkan_null_optional_strings ANDROID_EMU_vulkan_create_resources_with_requirements ANDROID_EMU_YUV_Cache ANDROID_EMU_async_unmap_buffer ANDROID_EMU_vulkan_ignored_handles ANDROID_EMU_has_shared_slots_host_memory_allocator ANDROID_EMU_vulkan_free_memory_sync ANDROID_EMU_vulkan_shader_float16_int8 ANDROID_EMU_vulkan_async_queue_submit ANDROID_EMU_sync_buffer_data GL_OES_vertex_array_object GL_KHR_texture_compression_astc_ldr ANDROID_EMU_host_side_tracing ANDROID_EMU_async_frame_commands ANDROID_EMU_gles_max_version_2 
08-29 13:58:27.077   174   174 I hwservicemanager: getTransport: Cannot find entry android.hardware.configstore@1.0::ISurfaceFlingerConfigs/default in either framework or device manifest.
08-29 13:58:27.079  2691  2828 W OpenGLRenderer: Failed to choose config with EGL_SWAP_BEHAVIOR_PRESERVED, retrying without...
08-29 13:58:27.080   316   360 D goldfish-address-space: claimShared: Ask to claim region [0x3250e6000 0x326199000]
08-29 13:58:27.080  1705  1705 I QSB.SuggestionsProviderImpl: chars:3,source:Source{name=com.android.quicksearchbox/.google.GoogleSearch}
08-29 13:58:27.098  2691  2828 D EGL_emulation: eglCreateContext: 0xf5341e40: maj 2 min 0 rcv 2
08-29 13:58:27.120  2691  2828 D EGL_emulation: eglMakeCurrent: 0xf5341e40: ver 2 0 (tinfo 0xf56966b0) (first time)
08-29 13:58:27.138   316   360 D goldfish-address-space: claimShared: Ask to claim region [0x326199000 0x32724c000]
08-29 13:58:27.180   316   316 D goldfish-address-space: claimShared: Ask to claim region [0x328000000 0x3290b3000]
08-29 13:58:27.282  1397  1397 I LatinIME: Starting input. Cursor position = 3,3
08-29 13:58:27.294   355   355 I android.hardware.vibrator-service.example: Vibrator reporting capabilities
08-29 13:58:27.300  2705  2705 D LifecycleMonitor: Lifecycle status change: androidx.test.core.app.InstrumentationActivityInvoker$EmptyActivity@ea8dc23 in: STOPPED
08-29 13:58:27.302  2705  2705 D LifecycleMonitor: Lifecycle status change: androidx.test.core.app.InstrumentationActivityInvoker$EmptyActivity@ea8dc23 in: DESTROYED
08-29 13:58:27.306  1705  1736 W GoogleSearch: Error
08-29 13:58:27.306  1705  1736 W GoogleSearch: java.io.IOException: Cleartext traffic not permitted: http://www.google.com
08-29 13:58:27.306  1705  1736 W GoogleSearch: 	at org.apache.http.impl.client.DefaultRequestDirector.execute(DefaultRequestDirector.java:439)
08-29 13:58:27.306  1705  1736 W GoogleSearch: 	at org.apache.http.impl.client.AbstractHttpClient.execute(AbstractHttpClient.java:560)
08-29 13:58:27.306  1705  1736 W GoogleSearch: 	at org.apache.http.impl.client.AbstractHttpClient.execute(AbstractHttpClient.java:492)
08-29 13:58:27.306  1705  1736 W GoogleSearch: 	at org.apache.http.impl.client.AbstractHttpClient.execute(AbstractHttpClient.java:470)
08-29 13:58:27.306  1705  1736 W GoogleSearch: 	at android.net.http.AndroidHttpClient.execute(AndroidHttpClient.java:250)
08-29 13:58:27.306  1705  1736 W GoogleSearch: 	at com.android.quicksearchbox.google.GoogleSuggestClient.query(GoogleSuggestClient.java:116)
08-29 13:58:27.306  1705  1736 W GoogleSearch: 	at com.android.quicksearchbox.google.GoogleSuggestClient.queryInternal(GoogleSuggestClient.java:84)
08-29 13:58:27.306  1705  1736 W GoogleSearch: 	at com.android.quicksearchbox.google.AbstractGoogleSource.getSuggestions(AbstractGoogleSource.java:103)
08-29 13:58:27.306  1705  1736 W GoogleSearch: 	at com.android.quicksearchbox.google.AbstractGoogleSource.getSuggestions(AbstractGoogleSource.java:34)
08-29 13:58:27.306  1705  1736 W GoogleSearch: 	at com.android.quicksearchbox.QueryTask.run(QueryTask.java:66)
08-29 13:58:27.306  1705  1736 W GoogleSearch: 	at com.android.quicksearchbox.util.SingleThreadNamedTaskExecutor$Worker.loop(SingleThreadNamedTaskExecutor.java:85)
08-29 13:58:27.306  1705  1736 W GoogleSearch: 	at com.android.quicksearchbox.util.SingleThreadNamedTaskExecutor$Worker.run(SingleThreadNamedTaskExecutor.java:66)
08-29 13:58:27.306  1705  1736 W GoogleSearch: 	at java.lang.Thread.run(Thread.java:923)
08-29 13:58:27.306  1705  1736 W GoogleSearch: 	at com.android.quicksearchbox.util.PriorityThreadFactory$1.run(PriorityThreadFactory.java:45)
08-29 13:58:27.312   316   316 D goldfish-address-space: claimShared: Ask to claim region [0x31a166000 0x31b128000]
08-29 13:58:27.343   402   402 I perfetto: probes_producer.cc:329  Producer stop (id=415)
08-29 13:58:27.346   404   404 I perfetto: ng_service_impl.cc:1948 Tracing session 415 ended, total sessions:4
08-29 13:58:27.348   316   316 D goldfish-address-space: claimShared: Ask to claim region [0x31c000000 0x31cfc2000]
08-29 13:58:27.364   316   316 D goldfish-address-space: claimShared: Ask to claim region [0x31cfc2000 0x31df84000]
08-29 13:58:27.520  1503  1518 W FuseDaemon: Reducing the number of considered missed Gc histogram windows from 106 to 100
--------- beginning of kernel
08-29 13:58:27.505     0     0 D logd    : logdr: UID=0 GID=0 PID=2830 n tail=0 logMask=99 pid=0 start=0ns timeout=0ns
