08-29 13:58:24.762   541   588 D EventSequenceValidator: Transition from INTENT_STARTED to INTENT_FAILED
08-29 13:58:24.763   402   402 I perfetto: probes_producer.cc:230  Ftrace setup (target_buf=417)
08-29 13:58:24.763  2705  2705 D LifecycleMonitor: Lifecycle status change: com.simplemobiletools.notes.pro.activities.MainActivity@365a637 in: PAUSED
08-29 13:58:24.763  2705  2705 D LifecycleMonitor: running callback: androidx.test.core.app.ActivityScenario$1@11248e0
08-29 13:58:24.764  2705  2705 V ActivityScenario: Update currentActivityStage to PAUSED, currentActivity=com.simplemobiletools.notes.pro.activities.MainActivity@365a637
08-29 13:58:24.764  2705  2705 D LifecycleMonitor: callback completes: androidx.test.core.app.ActivityScenario$1@11248e0
08-29 13:58:24.764   541 11337 W ActivityTaskManager: Tried to set launchTime (0) < mLastActivityLaunchTime (42430787)
08-29 13:58:24.765   541 11337 W InputReader: Device virtio_input_multi_touch_9 is associated with display ADISPLAY_ID_NONE.
08-29 13:58:24.765   541 11337 W InputReader: Device virtio_input_multi_touch_7 is associated with display ADISPLAY_ID_NONE.
08-29 13:58:24.765   541 11337 W InputReader: Device virtio_input_multi_touch_10 is associated with display ADISPLAY_ID_NONE.
08-29 13:58:24.765   541 11337 W InputReader: Device virtio_input_multi_touch_4 is associated with display ADISPLAY_ID_NONE.
08-29 13:58:24.765   541 11337 W InputReader: Device virtio_input_multi_touch_11 is associated with display ADISPLAY_ID_NONE.
08-29 13:58:24.765   541 11337 W InputReader: Device virtio_input_multi_touch_6 is associated with display ADISPLAY_ID_NONE.
08-29 13:58:24.765   541 11337 W InputReader: Device virtio_input_multi_touch_5 is associated with display ADISPLAY_ID_NONE.
08-29 13:58:24.765   541 11337 W InputReader: Device virtio_input_multi_touch_3 is associated with display ADISPLAY_ID_NONE.
08-29 13:58:24.765   541 11337 W InputReader: Device virtio_input_multi_touch_2 is associated with display ADISPLAY_ID_NONE.
08-29 13:58:24.765   541 11337 W InputReader: Device virtio_input_multi_touch_8 is associated with display ADISPLAY_ID_NONE.
08-29 13:58:24.766   541 11337 W InputReader: Device virtio_input_multi_touch_9 is associated with display ADISPLAY_ID_NONE.
08-29 13:58:24.766   541 11337 W InputReader: Device virtio_input_multi_touch_7 is associated with display ADISPLAY_ID_NONE.
08-29 13:58:24.766   541 11337 W InputReader: Device virtio_input_multi_touch_10 is associated with display ADISPLAY_ID_NONE.
08-29 13:58:24.766   541 11337 W InputReader: Device virtio_input_multi_touch_4 is associated with display ADISPLAY_ID_NONE.
08-29 13:58:24.766   541 11337 W InputReader: Device virtio_input_multi_touch_11 is associated with display ADISPLAY_ID_NONE.
08-29 13:58:24.766   541 11337 W InputReader: Device virtio_input_multi_touch_6 is associated with display ADISPLAY_ID_NONE.
08-29 13:58:24.766   541 11337 W InputReader: Device virtio_input_multi_touch_5 is associated with display ADISPLAY_ID_NONE.
08-29 13:58:24.766   541 11337 W InputReader: Device virtio_input_multi_touch_3 is associated with display ADISPLAY_ID_NONE.
08-29 13:58:24.766   541 11337 W InputReader: Device virtio_input_multi_touch_2 is associated with display ADISPLAY_ID_NONE.
08-29 13:58:24.766   541 11337 W InputReader: Device virtio_input_multi_touch_8 is associated with display ADISPLAY_ID_NONE.
08-29 13:58:24.774  2705  2705 D LifecycleMonitor: Lifecycle status change: androidx.test.core.app.InstrumentationActivityInvoker$EmptyActivity@24b5ade in: PRE_ON_CREATE
08-29 13:58:24.775  2705  2705 D LifecycleMonitor: running callback: androidx.test.core.app.ActivityScenario$1@11248e0
08-29 13:58:24.775  2705  2705 V ActivityScenario: Activity lifecycle changed event received but ignored because the intent does not match. startActivityIntent=Intent { act=android.intent.action.MAIN cat=[android.intent.category.LAUNCHER] cmp=com.simplemobiletools.notes.pro.debug/com.simplemobiletools.notes.pro.activities.MainActivity }, activity.getIntent()=Intent { act=android.intent.action.MAIN cat=[android.intent.category.LAUNCHER] flg=0x10000000 cmp=com.simplemobiletools.notes.pro.debug/androidx.test.core.app.InstrumentationActivityInvoker$EmptyActivity }, activity=androidx.test.core.app.InstrumentationActivityInvoker$EmptyActivity@24b5ade
08-29 13:58:24.775  2705  2705 D LifecycleMonitor: callback completes: androidx.test.core.app.ActivityScenario$1@11248e0
08-29 13:58:24.778  2705  2705 D LifecycleMonitor: Lifecycle status change: androidx.test.core.app.InstrumentationActivityInvoker$EmptyActivity@24b5ade in: CREATED
08-29 13:58:24.778  2705  2705 D LifecycleMonitor: running callback: androidx.test.core.app.ActivityScenario$1@11248e0
08-29 13:58:24.778  2705  2705 V ActivityScenario: Activity lifecycle changed event received but ignored because the intent does not match. startActivityIntent=Intent { act=android.intent.action.MAIN cat=[android.intent.category.LAUNCHER] cmp=com.simplemobiletools.notes.pro.debug/com.simplemobiletools.notes.pro.activities.MainActivity }, activity.getIntent()=Intent { act=android.intent.action.MAIN cat=[android.intent.category.LAUNCHER] flg=0x10000000 cmp=com.simplemobiletools.notes.pro.debug/androidx.test.core.app.InstrumentationActivityInvoker$EmptyActivity }, activity=androidx.test.core.app.InstrumentationActivityInvoker$EmptyActivity@24b5ade
08-29 13:58:24.778  2705  2705 D LifecycleMonitor: callback completes: androidx.test.core.app.ActivityScenario$1@11248e0
08-29 13:58:24.780  2705  2705 D LifecycleMonitor: Lifecycle status change: androidx.test.core.app.InstrumentationActivityInvoker$EmptyActivity@24b5ade in: STARTED
08-29 13:58:24.780  2705  2705 D LifecycleMonitor: running callback: androidx.test.core.app.ActivityScenario$1@11248e0
08-29 13:58:24.781  2705  2705 V ActivityScenario: Activity lifecycle changed event received but ignored because the intent does not match. startActivityIntent=Intent { act=android.intent.action.MAIN cat=[android.intent.category.LAUNCHER] cmp=com.simplemobiletools.notes.pro.debug/com.simplemobiletools.notes.pro.activities.MainActivity }, activity.getIntent()=Intent { act=android.intent.action.MAIN cat=[android.intent.category.LAUNCHER] flg=0x10000000 cmp=com.simplemobiletools.notes.pro.debug/androidx.test.core.app.InstrumentationActivityInvoker$EmptyActivity }, activity=androidx.test.core.app.InstrumentationActivityInvoker$EmptyActivity@24b5ade
08-29 13:58:24.781  2705  2705 D LifecycleMonitor: callback completes: androidx.test.core.app.ActivityScenario$1@11248e0
08-29 13:58:24.782  2705  2705 D LifecycleMonitor: Lifecycle status change: androidx.test.core.app.InstrumentationActivityInvoker$EmptyActivity@24b5ade in: RESUMED
08-29 13:58:24.782  2705  2705 D LifecycleMonitor: running callback: androidx.test.core.app.ActivityScenario$1@11248e0
08-29 13:58:24.782  2705  2705 V ActivityScenario: Activity lifecycle changed event received but ignored because the intent does not match. startActivityIntent=Intent { act=android.intent.action.MAIN cat=[android.intent.category.LAUNCHER] cmp=com.simplemobiletools.notes.pro.debug/com.simplemobiletools.notes.pro.activities.MainActivity }, activity.getIntent()=Intent { act=android.intent.action.MAIN cat=[android.intent.category.LAUNCHER] flg=0x10000000 cmp=com.simplemobiletools.notes.pro.debug/androidx.test.core.app.InstrumentationActivityInvoker$EmptyActivity }, activity=androidx.test.core.app.InstrumentationActivityInvoker$EmptyActivity@24b5ade
08-29 13:58:24.782  2705  2705 D LifecycleMonitor: callback completes: androidx.test.core.app.ActivityScenario$1@11248e0
08-29 13:58:24.798   316 22643 D goldfish-address-space: claimShared: Ask to claim region [0x318000000 0x3190b3000]
08-29 13:58:24.827   316 22643 D goldfish-address-space: claimShared: Ask to claim region [0x31d0b3000 0x31e166000]
08-29 13:58:24.840   316 22643 D goldfish-address-space: claimShared: Ask to claim region [0x31e166000 0x31f219000]
08-29 13:58:24.865   541   596 I ActivityTaskManager: Displayed com.simplemobiletools.notes.pro.debug/androidx.test.core.app.InstrumentationActivityInvoker$EmptyActivity: +110ms
08-29 13:58:24.869   541  3611 I ActivityTaskManager: START u0 {act=android.intent.action.MAIN cat=[android.intent.category.LAUNCHER] flg=0x10000000 cmp=com.simplemobiletools.notes.pro.debug/androidx.test.core.app.InstrumentationActivityInvoker$EmptyActivity} from uid 10184
08-29 13:58:24.872   541   588 D EventSequenceValidator: Transition from INTENT_FAILED to INTENT_STARTED
08-29 13:58:24.875   404   404 I perfetto: ing_service_impl.cc:758 Configured tracing session 418, #sources:1, duration:5000 ms, #buffers:1, total buffer size:4096 KB, total sessions:4, uid:1071 session name: ""
08-29 13:58:24.877   402   402 I perfetto: probes_producer.cc:230  Ftrace setup (target_buf=418)
08-29 13:58:24.878  2705  2705 D LifecycleMonitor: Lifecycle status change: com.simplemobiletools.notes.pro.activities.MainActivity@365a637 in: STOPPED
08-29 13:58:24.878  2705  2705 D LifecycleMonitor: running callback: androidx.test.core.app.ActivityScenario$1@11248e0
08-29 13:58:24.878  2705  2705 V ActivityScenario: Update currentActivityStage to STOPPED, currentActivity=com.simplemobiletools.notes.pro.activities.MainActivity@365a637
08-29 13:58:24.878  2705  2705 D LifecycleMonitor: callback completes: androidx.test.core.app.ActivityScenario$1@11248e0
08-29 13:58:24.878   541   588 D EventSequenceValidator: Transition from INTENT_STARTED to INTENT_FAILED
08-29 13:58:24.879  2705  2705 D AutofillManager: onActivityFinishing(): calling cancelLocked()
08-29 13:58:24.881  2705  2705 D LifecycleMonitor: Lifecycle status change: com.simplemobiletools.notes.pro.activities.MainActivity@365a637 in: DESTROYED
08-29 13:58:24.881  2705  2705 D LifecycleMonitor: running callback: androidx.test.core.app.ActivityScenario$1@11248e0
08-29 13:58:24.881  2705  2705 V ActivityScenario: Update currentActivityStage to DESTROYED, currentActivity=null
08-29 13:58:24.881  2705  2705 D LifecycleMonitor: callback completes: androidx.test.core.app.ActivityScenario$1@11248e0
08-29 13:58:24.896  2705  2705 D LifecycleMonitor: Lifecycle status change: androidx.test.core.app.InstrumentationActivityInvoker$EmptyActivity@24b5ade in: PAUSED
08-29 13:58:24.896  2705  2705 D LifecycleMonitor: running callback: androidx.test.core.app.ActivityScenario$1@11248e0
08-29 13:58:24.896  2705  2705 V ActivityScenario: Activity lifecycle changed event received but ignored because the intent does not match. startActivityIntent=Intent { act=android.intent.action.MAIN cat=[android.intent.category.LAUNCHER] cmp=com.simplemobiletools.notes.pro.debug/com.simplemobiletools.notes.pro.activities.MainActivity }, activity.getIntent()=Intent { act=android.intent.action.MAIN cat=[android.intent.category.LAUNCHER] flg=0x10000000 cmp=com.simplemobiletools.notes.pro.debug/androidx.test.core.app.InstrumentationActivityInvoker$EmptyActivity }, activity=androidx.test.core.app.InstrumentationActivityInvoker$EmptyActivity@24b5ade
08-29 13:58:24.896  2705  2705 D LifecycleMonitor: callback completes: androidx.test.core.app.ActivityScenario$1@11248e0
08-29 13:58:24.896   541  3611 W ActivityTaskManager: Tried to set launchTime (0) < mLastActivityLaunchTime (42431641)
08-29 13:58:24.897   541  3611 W InputReader: Device virtio_input_multi_touch_9 is associated with display ADISPLAY_ID_NONE.
08-29 13:58:24.897   541  3611 W InputReader: Device virtio_input_multi_touch_7 is associated with display ADISPLAY_ID_NONE.
08-29 13:58:24.897   541  3611 W InputReader: Device virtio_input_multi_touch_10 is associated with display ADISPLAY_ID_NONE.
08-29 13:58:24.897   541  3611 W InputReader: Device virtio_input_multi_touch_4 is associated with display ADISPLAY_ID_NONE.
08-29 13:58:24.897   541  3611 W InputReader: Device virtio_input_multi_touch_11 is associated with display ADISPLAY_ID_NONE.
08-29 13:58:24.897   541  3611 W InputReader: Device virtio_input_multi_touch_6 is associated with display ADISPLAY_ID_NONE.
08-29 13:58:24.898   541  3611 W InputReader: Device virtio_input_multi_touch_5 is associated with display ADISPLAY_ID_NONE.
08-29 13:58:24.898   541  3611 W InputReader: Device virtio_input_multi_touch_3 is associated with display ADISPLAY_ID_NONE.
08-29 13:58:24.898   541  3611 W InputReader: Device virtio_input_multi_touch_2 is associated with display ADISPLAY_ID_NONE.
08-29 13:58:24.898   541  3611 W InputReader: Device virtio_input_multi_touch_8 is associated with display ADISPLAY_ID_NONE.
08-29 13:58:24.898   541  3611 W InputReader: Device virtio_input_multi_touch_9 is associated with display ADISPLAY_ID_NONE.
08-29 13:58:24.898   541  3611 W InputReader: Device virtio_input_multi_touch_7 is associated with display ADISPLAY_ID_NONE.
08-29 13:58:24.898   541  3611 W InputReader: Device virtio_input_multi_touch_10 is associated with display ADISPLAY_ID_NONE.
08-29 13:58:24.898   541  3611 W InputReader: Device virtio_input_multi_touch_4 is associated with display ADISPLAY_ID_NONE.
08-29 13:58:24.898   541  3611 W InputReader: Device virtio_input_multi_touch_11 is associated with display ADISPLAY_ID_NONE.
08-29 13:58:24.898   541  3611 W InputReader: Device virtio_input_multi_touch_6 is associated with display ADISPLAY_ID_NONE.
08-29 13:58:24.898   541  3611 W InputReader: Device virtio_input_multi_touch_5 is associated with display ADISPLAY_ID_NONE.
08-29 13:58:24.898   541  3611 W InputReader: Device virtio_input_multi_touch_3 is associated with display ADISPLAY_ID_NONE.
08-29 13:58:24.898   541  3611 W InputReader: Device virtio_input_multi_touch_2 is associated with display ADISPLAY_ID_NONE.
08-29 13:58:24.898   541  3611 W InputReader: Device virtio_input_multi_touch_8 is associated with display ADISPLAY_ID_NONE.
08-29 13:58:24.903  2705  2705 D LifecycleMonitor: Lifecycle status change: androidx.test.core.app.InstrumentationActivityInvoker$BootstrapActivity@b7406e3 in: DESTROYED
08-29 13:58:24.903  2705  2705 D LifecycleMonitor: running callback: androidx.test.core.app.ActivityScenario$1@11248e0
08-29 13:58:24.903  2705  2705 V ActivityScenario: Activity lifecycle changed event received but ignored because the intent does not match. startActivityIntent=Intent { act=android.intent.action.MAIN cat=[android.intent.category.LAUNCHER] cmp=com.simplemobiletools.notes.pro.debug/com.simplemobiletools.notes.pro.activities.MainActivity }, activity.getIntent()=Intent { act=android.intent.action.MAIN cat=[android.intent.category.LAUNCHER] flg=0x10008000 cmp=com.simplemobiletools.notes.pro.debug/androidx.test.core.app.InstrumentationActivityInvoker$BootstrapActivity (has extras) }, activity=androidx.test.core.app.InstrumentationActivityInvoker$BootstrapActivity@b7406e3
08-29 13:58:24.903  2705  2705 D LifecycleMonitor: callback completes: androidx.test.core.app.ActivityScenario$1@11248e0
08-29 13:58:24.910  2705  2705 D LifecycleMonitor: Lifecycle status change: androidx.test.core.app.InstrumentationActivityInvoker$EmptyActivity@d4fc3cb in: PRE_ON_CREATE
08-29 13:58:24.910  2705  2705 D LifecycleMonitor: running callback: androidx.test.core.app.ActivityScenario$1@11248e0
08-29 13:58:24.910  2705  2705 V ActivityScenario: Activity lifecycle changed event received but ignored because the intent does not match. startActivityIntent=Intent { act=android.intent.action.MAIN cat=[android.intent.category.LAUNCHER] cmp=com.simplemobiletools.notes.pro.debug/com.simplemobiletools.notes.pro.activities.MainActivity }, activity.getIntent()=Intent { act=android.intent.action.MAIN cat=[android.intent.category.LAUNCHER] flg=0x10000000 cmp=com.simplemobiletools.notes.pro.debug/androidx.test.core.app.InstrumentationActivityInvoker$EmptyActivity }, activity=androidx.test.core.app.InstrumentationActivityInvoker$EmptyActivity@d4fc3cb
08-29 13:58:24.910  2705  2705 D LifecycleMonitor: callback completes: androidx.test.core.app.ActivityScenario$1@11248e0
08-29 13:58:24.914  2705  2705 D LifecycleMonitor: Lifecycle status change: androidx.test.core.app.InstrumentationActivityInvoker$EmptyActivity@d4fc3cb in: CREATED
08-29 13:58:24.914  2705  2705 D LifecycleMonitor: running callback: androidx.test.core.app.ActivityScenario$1@11248e0
08-29 13:58:24.914  2705  2705 V ActivityScenario: Activity lifecycle changed event received but ignored because the intent does not match. startActivityIntent=Intent { act=android.intent.action.MAIN cat=[android.intent.category.LAUNCHER] cmp=com.simplemobiletools.notes.pro.debug/com.simplemobiletools.notes.pro.activities.MainActivity }, activity.getIntent()=Intent { act=android.intent.action.MAIN cat=[android.intent.category.LAUNCHER] flg=0x10000000 cmp=com.simplemobiletools.notes.pro.debug/androidx.test.core.app.InstrumentationActivityInvoker$EmptyActivity }, activity=androidx.test.core.app.InstrumentationActivityInvoker$EmptyActivity@d4fc3cb
08-29 13:58:24.914  2705  2705 D LifecycleMonitor: callback completes: androidx.test.core.app.ActivityScenario$1@11248e0
08-29 13:58:24.915  2705  2705 D LifecycleMonitor: Lifecycle status change: androidx.test.core.app.InstrumentationActivityInvoker$EmptyActivity@d4fc3cb in: STARTED
08-29 13:58:24.915  2705  2705 D LifecycleMonitor: running callback: androidx.test.core.app.ActivityScenario$1@11248e0
08-29 13:58:24.915  2705  2705 V ActivityScenario: Activity lifecycle changed event received but ignored because the intent does not match. startActivityIntent=Intent { act=android.intent.action.MAIN cat=[android.intent.category.LAUNCHER] cmp=com.simplemobiletools.notes.pro.debug/com.simplemobiletools.notes.pro.activities.MainActivity }, activity.getIntent()=Intent { act=android.intent.action.MAIN cat=[android.intent.category.LAUNCHER] flg=0x10000000 cmp=com.simplemobiletools.notes.pro.debug/androidx.test.core.app.InstrumentationActivityInvoker$EmptyActivity }, activity=androidx.test.core.app.InstrumentationActivityInvoker$EmptyActivity@d4fc3cb
08-29 13:58:24.915  2705  2705 D LifecycleMonitor: callback completes: androidx.test.core.app.ActivityScenario$1@11248e0
08-29 13:58:24.916  2705  2705 D LifecycleMonitor: Lifecycle status change: androidx.test.core.app.InstrumentationActivityInvoker$EmptyActivity@d4fc3cb in: RESUMED
08-29 13:58:24.916  2705  2705 D LifecycleMonitor: running callback: androidx.test.core.app.ActivityScenario$1@11248e0
08-29 13:58:24.916  2705  2705 V ActivityScenario: Activity lifecycle changed event received but ignored because the intent does not match. startActivityIntent=Intent { act=android.intent.action.MAIN cat=[android.intent.category.LAUNCHER] cmp=com.simplemobiletools.notes.pro.debug/com.simplemobiletools.notes.pro.activities.MainActivity }, activity.getIntent()=Intent { act=android.intent.action.MAIN cat=[android.intent.category.LAUNCHER] flg=0x10000000 cmp=com.simplemobiletools.notes.pro.debug/androidx.test.core.app.InstrumentationActivityInvoker$EmptyActivity }, activity=androidx.test.core.app.InstrumentationActivityInvoker$EmptyActivity@d4fc3cb
08-29 13:58:24.916  2705  2705 D LifecycleMonitor: callback completes: androidx.test.core.app.ActivityScenario$1@11248e0
08-29 13:58:24.935   316 22643 D goldfish-address-space: claimShared: Ask to claim region [0x320000000 0x3210b3000]
08-29 13:58:24.964   316 22643 D goldfish-address-space: claimShared: Ask to claim region [0x3210b3000 0x322166000]
08-29 13:58:24.977   316 22643 D goldfish-address-space: claimShared: Ask to claim region [0x324033000 0x3250e6000]
08-29 13:58:24.997   541   596 I ActivityTaskManager: Displayed com.simplemobiletools.notes.pro.debug/androidx.test.core.app.InstrumentationActivityInvoker$EmptyActivity: +127ms
08-29 13:58:25.003   316 22643 D goldfish-address-space: claimShared: Ask to claim region [0x3250e6000 0x326199000]
08-29 13:58:25.035  2705  2705 D LifecycleMonitor: Lifecycle status change: androidx.test.core.app.InstrumentationActivityInvoker$EmptyActivity@24b5ade in: STOPPED
08-29 13:58:25.035  2705  2705 D LifecycleMonitor: running callback: androidx.test.core.app.ActivityScenario$1@11248e0
08-29 13:58:25.035  2705  2705 V ActivityScenario: Activity lifecycle changed event received but ignored because the intent does not match. startActivityIntent=Intent { act=android.intent.action.MAIN cat=[android.intent.category.LAUNCHER] cmp=com.simplemobiletools.notes.pro.debug/com.simplemobiletools.notes.pro.activities.MainActivity }, activity.getIntent()=Intent { act=android.intent.action.MAIN cat=[android.intent.category.LAUNCHER] flg=0x10000000 cmp=com.simplemobiletools.notes.pro.debug/androidx.test.core.app.InstrumentationActivityInvoker$EmptyActivity }, activity=androidx.test.core.app.InstrumentationActivityInvoker$EmptyActivity@24b5ade
08-29 13:58:25.036  2705  2705 D LifecycleMonitor: callback completes: androidx.test.core.app.ActivityScenario$1@11248e0
08-29 13:58:25.036  2705  2705 D LifecycleMonitor: Lifecycle status change: androidx.test.core.app.InstrumentationActivityInvoker$EmptyActivity@24b5ade in: DESTROYED
08-29 13:58:25.036  2705  2705 D LifecycleMonitor: running callback: androidx.test.core.app.ActivityScenario$1@11248e0
08-29 13:58:25.036  2705  2705 V ActivityScenario: Activity lifecycle changed event received but ignored because the intent does not match. startActivityIntent=Intent { act=android.intent.action.MAIN cat=[android.intent.category.LAUNCHER] cmp=com.simplemobiletools.notes.pro.debug/com.simplemobiletools.notes.pro.activities.MainActivity }, activity.getIntent()=Intent { act=android.intent.action.MAIN cat=[android.intent.category.LAUNCHER] flg=0x10000000 cmp=com.simplemobiletools.notes.pro.debug/androidx.test.core.app.InstrumentationActivityInvoker$EmptyActivity }, activity=androidx.test.core.app.InstrumentationActivityInvoker$EmptyActivity@24b5ade
08-29 13:58:25.036  2705  2705 D LifecycleMonitor: callback completes: androidx.test.core.app.ActivityScenario$1@11248e0
08-29 13:58:25.045  2705  2705 D LifecycleMonitor: Lifecycle status change: androidx.test.core.app.InstrumentationActivityInvoker$EmptyActivity@d4fc3cb in: PAUSED
08-29 13:58:25.045  2705  2705 D LifecycleMonitor: running callback: androidx.test.core.app.ActivityScenario$1@11248e0
08-29 13:58:25.045  2705  2705 V ActivityScenario: Activity lifecycle changed event received but ignored because the intent does not match. startActivityIntent=Intent { act=android.intent.action.MAIN cat=[android.intent.category.LAUNCHER] cmp=com.simplemobiletools.notes.pro.debug/com.simplemobiletools.notes.pro.activities.MainActivity }, activity.getIntent()=Intent { act=android.intent.action.MAIN cat=[android.intent.category.LAUNCHER] flg=0x10000000 cmp=com.simplemobiletools.notes.pro.debug/androidx.test.core.app.InstrumentationActivityInvoker$EmptyActivity }, activity=androidx.test.core.app.InstrumentationActivityInvoker$EmptyActivity@d4fc3cb
08-29 13:58:25.045  2705  2705 D LifecycleMonitor: callback completes: androidx.test.core.app.ActivityScenario$1@11248e0
08-29 13:58:25.049   541   746 W InputReader: Device virtio_input_multi_touch_9 is associated with display ADISPLAY_ID_NONE.
08-29 13:58:25.049   541   746 W InputReader: Device virtio_input_multi_touch_7 is associated with display ADISPLAY_ID_NONE.
08-29 13:58:25.049   541   746 W InputReader: Device virtio_input_multi_touch_10 is associated with display ADISPLAY_ID_NONE.
08-29 13:58:25.049   541   746 W InputReader: Device virtio_input_multi_touch_4 is associated with display ADISPLAY_ID_NONE.
08-29 13:58:25.049   541   746 W InputReader: Device virtio_input_multi_touch_11 is associated with display ADISPLAY_ID_NONE.
08-29 13:58:25.049   541   746 W InputReader: Device virtio_input_multi_touch_6 is associated with display ADISPLAY_ID_NONE.
08-29 13:58:25.049   541   746 W InputReader: Device virtio_input_multi_touch_5 is associated with display ADISPLAY_ID_NONE.
08-29 13:58:25.049   541   746 W InputReader: Device virtio_input_multi_touch_3 is associated with display ADISPLAY_ID_NONE.
08-29 13:58:25.049   541   746 W InputReader: Device virtio_input_multi_touch_2 is associated with display ADISPLAY_ID_NONE.
08-29 13:58:25.049   541   746 W InputReader: Device virtio_input_multi_touch_8 is associated with display ADISPLAY_ID_NONE.
08-29 13:58:25.049   541   746 W InputReader: Device virtio_input_multi_touch_9 is associated with display ADISPLAY_ID_NONE.
08-29 13:58:25.049   541   746 W InputReader: Device virtio_input_multi_touch_7 is associated with display ADISPLAY_ID_NONE.
08-29 13:58:25.049   541   746 W InputReader: Device virtio_input_multi_touch_10 is associated with display ADISPLAY_ID_NONE.
08-29 13:58:25.049   541   746 W InputReader: Device virtio_input_multi_touch_4 is associated with display ADISPLAY_ID_NONE.
08-29 13:58:25.049   541   746 W InputReader: Device virtio_input_multi_touch_11 is associated with display ADISPLAY_ID_NONE.
08-29 13:58:25.049   541   746 W InputReader: Device virtio_input_multi_touch_6 is associated with display ADISPLAY_ID_NONE.
08-29 13:58:25.049   541   746 W InputReader: Device virtio_input_multi_touch_5 is associated with display ADISPLAY_ID_NONE.
08-29 13:58:25.049   541   746 W InputReader: Device virtio_input_multi_touch_3 is associated with display ADISPLAY_ID_NONE.
08-29 13:58:25.049   541   746 W InputReader: Device virtio_input_multi_touch_2 is associated with display ADISPLAY_ID_NONE.
08-29 13:58:25.049   541   746 W InputReader: Device virtio_input_multi_touch_8 is associated with display ADISPLAY_ID_NONE.
08-29 13:58:25.052  2705  2728 I TestRunner: finished: aboutTest(test.AboutTest)
08-29 13:58:25.060  2705  2705 I MonitoringInstr: Activities that are still in CREATED to STOPPED: 1
08-29 13:58:25.060  2705  2728 I MonitoringInstr: Unstopped activity count: 1
08-29 13:58:25.081   316 22643 D goldfish-address-space: claimShared: Ask to claim region [0x318000000 0x3190b3000]
08-29 13:58:25.100   316   316 D goldfish-address-space: claimShared: Ask to claim region [0x31d0b3000 0x31e166000]
08-29 13:58:25.111  2705  2728 I MonitoringInstr: Unstopped activity count: 1
08-29 13:58:25.120   316   316 D goldfish-address-space: claimShared: Ask to claim region [0x31e166000 0x31f219000]
08-29 13:58:25.148   316 22643 D goldfish-address-space: claimShared: Ask to claim region [0x326199000 0x32724c000]
08-29 13:58:25.163  2705  2728 I MonitoringInstr: Unstopped activity count: 1
08-29 13:58:25.163  1705  1705 I QSB.SuggestionsProviderImpl: chars:3,source:Source{name=com.android.quicksearchbox/.google.GoogleSearch}
08-29 13:58:25.170   316   316 D goldfish-address-space: claimShared: Ask to claim region [0x328000000 0x3290b3000]
08-29 13:58:25.185   316   316 D goldfish-address-space: claimShared: Ask to claim region [0x3290b3000 0x32a166000]
08-29 13:58:25.214  2705  2728 I MonitoringInstr: Unstopped activity count: 1
08-29 13:58:25.246  2705  2705 D LifecycleMonitor: Lifecycle status change: androidx.test.core.app.InstrumentationActivityInvoker$EmptyActivity@d4fc3cb in: STOPPED
08-29 13:58:25.248  2705  2705 D LifecycleMonitor: Lifecycle status change: androidx.test.core.app.InstrumentationActivityInvoker$EmptyActivity@d4fc3cb in: DESTROYED
08-29 13:58:25.259  1397  1397 I LatinIME: Starting input. Cursor position = 3,3
08-29 13:58:25.286   355   355 I android.hardware.vibrator-service.example: Vibrator reporting capabilities
08-29 13:58:25.305   316   316 D goldfish-address-space: claimShared: Ask to claim region [0x31a166000 0x31b128000]
08-29 13:58:25.340   316   316 D goldfish-address-space: claimShared: Ask to claim region [0x320000000 0x320fc2000]
08-29 13:58:25.369   316   316 D goldfish-address-space: claimShared: Ask to claim region [0x320fc2000 0x321f84000]
08-29 13:58:25.372  2705  2728 I TestRunner: started: dummyFailTest(test.MainPageTest)
08-29 13:58:25.374  1705  1736 W GoogleSearch: Error
08-29 13:58:25.374  1705  1736 W GoogleSearch: java.io.IOException: Cleartext traffic not permitted: http://www.google.com
08-29 13:58:25.374  1705  1736 W GoogleSearch: 	at org.apache.http.impl.client.DefaultRequestDirector.execute(DefaultRequestDirector.java:439)
08-29 13:58:25.374  1705  1736 W GoogleSearch: 	at org.apache.http.impl.client.AbstractHttpClient.execute(AbstractHttpClient.java:560)
08-29 13:58:25.374  1705  1736 W GoogleSearch: 	at org.apache.http.impl.client.AbstractHttpClient.execute(AbstractHttpClient.java:492)
08-29 13:58:25.374  1705  1736 W GoogleSearch: 	at org.apache.http.impl.client.AbstractHttpClient.execute(AbstractHttpClient.java:470)
08-29 13:58:25.374  1705  1736 W GoogleSearch: 	at android.net.http.AndroidHttpClient.execute(AndroidHttpClient.java:250)
08-29 13:58:25.374  1705  1736 W GoogleSearch: 	at com.android.quicksearchbox.google.GoogleSuggestClient.query(GoogleSuggestClient.java:116)
08-29 13:58:25.374  1705  1736 W GoogleSearch: 	at com.android.quicksearchbox.google.GoogleSuggestClient.queryInternal(GoogleSuggestClient.java:84)
08-29 13:58:25.374  1705  1736 W GoogleSearch: 	at com.android.quicksearchbox.google.AbstractGoogleSource.getSuggestions(AbstractGoogleSource.java:103)
08-29 13:58:25.374  1705  1736 W GoogleSearch: 	at com.android.quicksearchbox.google.AbstractGoogleSource.getSuggestions(AbstractGoogleSource.java:34)
08-29 13:58:25.374  1705  1736 W GoogleSearch: 	at com.android.quicksearchbox.QueryTask.run(QueryTask.java:66)
08-29 13:58:25.374  1705  1736 W GoogleSearch: 	at com.android.quicksearchbox.util.SingleThreadNamedTaskExecutor$Worker.loop(SingleThreadNamedTaskExecutor.java:85)
08-29 13:58:25.374  1705  1736 W GoogleSearch: 	at com.android.quicksearchbox.util.SingleThreadNamedTaskExecutor$Worker.run(SingleThreadNamedTaskExecutor.java:66)
08-29 13:58:25.374  1705  1736 W GoogleSearch: 	at java.lang.Thread.run(Thread.java:923)
08-29 13:58:25.374  1705  1736 W GoogleSearch: 	at com.android.quicksearchbox.util.PriorityThreadFactory$1.run(PriorityThreadFactory.java:45)
08-29 13:58:25.399  2705  2728 W Settings: Setting always_finish_activities has moved from android.provider.Settings.System to android.provider.Settings.Global, returning read-only value.
08-29 13:58:25.402   541   646 I ActivityTaskManager: START u0 {act=android.intent.action.MAIN cat=[android.intent.category.LAUNCHER] flg=0x10008000 cmp=com.simplemobiletools.notes.pro.debug/androidx.test.core.app.InstrumentationActivityInvoker$BootstrapActivity (has extras)} from uid 10184
08-29 13:58:25.403   541   588 D EventSequenceValidator: Transition from INTENT_FAILED to INTENT_STARTED
08-29 13:58:25.406   404   404 I perfetto: ing_service_impl.cc:758 Configured tracing session 419, #sources:1, duration:5000 ms, #buffers:1, total buffer size:4096 KB, total sessions:5, uid:1071 session name: ""
08-29 13:58:25.410   402   402 I perfetto: probes_producer.cc:230  Ftrace setup (target_buf=419)
08-29 13:58:25.415   541   588 D EventSequenceValidator: Transition from INTENT_STARTED to ACTIVITY_LAUNCHED
08-29 13:58:25.432   541   746 W ActivityTaskManager: Tried to set launchTime (0) < mLastActivityLaunchTime (42431773)
08-29 13:58:25.433   541   746 W InputReader: Device virtio_input_multi_touch_9 is associated with display ADISPLAY_ID_NONE.
08-29 13:58:25.433   541   746 W InputReader: Device virtio_input_multi_touch_7 is associated with display ADISPLAY_ID_NONE.
08-29 13:58:25.433   541   746 W InputReader: Device virtio_input_multi_touch_10 is associated with display ADISPLAY_ID_NONE.
08-29 13:58:25.433   541   746 W InputReader: Device virtio_input_multi_touch_4 is associated with display ADISPLAY_ID_NONE.
08-29 13:58:25.433   541   746 W InputReader: Device virtio_input_multi_touch_11 is associated with display ADISPLAY_ID_NONE.
08-29 13:58:25.433   541   746 W InputReader: Device virtio_input_multi_touch_6 is associated with display ADISPLAY_ID_NONE.
08-29 13:58:25.433   541   746 W InputReader: Device virtio_input_multi_touch_5 is associated with display ADISPLAY_ID_NONE.
08-29 13:58:25.433   541   746 W InputReader: Device virtio_input_multi_touch_3 is associated with display ADISPLAY_ID_NONE.
08-29 13:58:25.433   541   746 W InputReader: Device virtio_input_multi_touch_2 is associated with display ADISPLAY_ID_NONE.
08-29 13:58:25.433   541   746 W InputReader: Device virtio_input_multi_touch_8 is associated with display ADISPLAY_ID_NONE.
08-29 13:58:25.433   541   746 W InputReader: Device virtio_input_multi_touch_9 is associated with display ADISPLAY_ID_NONE.
08-29 13:58:25.433   541   746 W InputReader: Device virtio_input_multi_touch_7 is associated with display ADISPLAY_ID_NONE.
08-29 13:58:25.433   541   746 W InputReader: Device virtio_input_multi_touch_10 is associated with display ADISPLAY_ID_NONE.
08-29 13:58:25.433   541   746 W InputReader: Device virtio_input_multi_touch_4 is associated with display ADISPLAY_ID_NONE.
08-29 13:58:25.433   541   746 W InputReader: Device virtio_input_multi_touch_11 is associated with display ADISPLAY_ID_NONE.
08-29 13:58:25.433   541   746 W InputReader: Device virtio_input_multi_touch_6 is associated with display ADISPLAY_ID_NONE.
08-29 13:58:25.433   541   746 W InputReader: Device virtio_input_multi_touch_5 is associated with display ADISPLAY_ID_NONE.
08-29 13:58:25.433   541   746 W InputReader: Device virtio_input_multi_touch_3 is associated with display ADISPLAY_ID_NONE.
08-29 13:58:25.433   541   746 W InputReader: Device virtio_input_multi_touch_2 is associated with display ADISPLAY_ID_NONE.
08-29 13:58:25.433   541   746 W InputReader: Device virtio_input_multi_touch_8 is associated with display ADISPLAY_ID_NONE.
08-29 13:58:25.437  2705  2705 D LifecycleMonitor: Lifecycle status change: androidx.test.core.app.InstrumentationActivityInvoker$BootstrapActivity@91eec6d in: PRE_ON_CREATE
08-29 13:58:25.438  2705  2705 D LifecycleMonitor: running callback: androidx.test.core.app.ActivityScenario$1@78210a2
08-29 13:58:25.438  2705  2705 V ActivityScenario: Activity lifecycle changed event received but ignored because the intent does not match. startActivityIntent=Intent { act=android.intent.action.MAIN cat=[android.intent.category.LAUNCHER] cmp=com.simplemobiletools.notes.pro.debug/com.simplemobiletools.notes.pro.activities.MainActivity }, activity.getIntent()=Intent { act=android.intent.action.MAIN cat=[android.intent.category.LAUNCHER] flg=0x10008000 cmp=com.simplemobiletools.notes.pro.debug/androidx.test.core.app.InstrumentationActivityInvoker$BootstrapActivity (has extras) }, activity=androidx.test.core.app.InstrumentationActivityInvoker$BootstrapActivity@91eec6d
08-29 13:58:25.438  2705  2705 D LifecycleMonitor: callback completes: androidx.test.core.app.ActivityScenario$1@78210a2
08-29 13:58:25.446  2705  2705 D LifecycleMonitor: Lifecycle status change: androidx.test.core.app.InstrumentationActivityInvoker$BootstrapActivity@91eec6d in: CREATED
08-29 13:58:25.446  2705  2705 D LifecycleMonitor: running callback: androidx.test.core.app.ActivityScenario$1@78210a2
08-29 13:58:25.446  2705  2705 V ActivityScenario: Activity lifecycle changed event received but ignored because the intent does not match. startActivityIntent=Intent { act=android.intent.action.MAIN cat=[android.intent.category.LAUNCHER] cmp=com.simplemobiletools.notes.pro.debug/com.simplemobiletools.notes.pro.activities.MainActivity }, activity.getIntent()=Intent { act=android.intent.action.MAIN cat=[android.intent.category.LAUNCHER] flg=0x10008000 cmp=com.simplemobiletools.notes.pro.debug/androidx.test.core.app.InstrumentationActivityInvoker$BootstrapActivity (has extras) }, activity=androidx.test.core.app.InstrumentationActivityInvoker$BootstrapActivity@91eec6d
08-29 13:58:25.446  2705  2705 D LifecycleMonitor: callback completes: androidx.test.core.app.ActivityScenario$1@78210a2
08-29 13:58:25.446   316   316 D goldfish-address-space: claimShared: Ask to claim region [0x324033000 0x3250e6000]
08-29 13:58:25.448  2705  2705 D LifecycleMonitor: Lifecycle status change: androidx.test.core.app.InstrumentationActivityInvoker$BootstrapActivity@91eec6d in: STARTED
08-29 13:58:25.448  2705  2705 D LifecycleMonitor: running callback: androidx.test.core.app.ActivityScenario$1@78210a2
08-29 13:58:25.448  2705  2705 V ActivityScenario: Activity lifecycle changed event received but ignored because the intent does not match. startActivityIntent=Intent { act=android.intent.action.MAIN cat=[android.intent.category.LAUNCHER] cmp=com.simplemobiletools.notes.pro.debug/com.simplemobiletools.notes.pro.activities.MainActivity }, activity.getIntent()=Intent { act=android.intent.action.MAIN cat=[android.intent.category.LAUNCHER] flg=0x10008000 cmp=com.simplemobiletools.notes.pro.debug/androidx.test.core.app.InstrumentationActivityInvoker$BootstrapActivity (has extras) }, activity=androidx.test.core.app.InstrumentationActivityInvoker$BootstrapActivity@91eec6d
08-29 13:58:25.448  2705  2705 D LifecycleMonitor: callback completes: androidx.test.core.app.ActivityScenario$1@78210a2
08-29 13:58:25.450   541  3611 I ActivityTaskManager: START u0 {act=android.intent.action.MAIN cat=[android.intent.category.LAUNCHER] cmp=com.simplemobiletools.notes.pro.debug/com.simplemobiletools.notes.pro.activities.MainActivity} from uid 10184
08-29 13:58:25.453  2705  2705 D LifecycleMonitor: Lifecycle status change: androidx.test.core.app.InstrumentationActivityInvoker$BootstrapActivity@91eec6d in: RESUMED
08-29 13:58:25.453  2705  2705 D LifecycleMonitor: running callback: androidx.test.core.app.ActivityScenario$1@78210a2
08-29 13:58:25.453  2705  2705 V ActivityScenario: Activity lifecycle changed event received but ignored because the intent does not match. startActivityIntent=Intent { act=android.intent.action.MAIN cat=[android.intent.category.LAUNCHER] cmp=com.simplemobiletools.notes.pro.debug/com.simplemobiletools.notes.pro.activities.MainActivity }, activity.getIntent()=Intent { act=android.intent.action.MAIN cat=[android.intent.category.LAUNCHER] flg=0x10008000 cmp=com.simplemobiletools.notes.pro.debug/androidx.test.core.app.InstrumentationActivityInvoker$BootstrapActivity (has extras) }, activity=androidx.test.core.app.InstrumentationActivityInvoker$BootstrapActivity@91eec6d
08-29 13:58:25.453  2705  2705 D LifecycleMonitor: callback completes: androidx.test.core.app.ActivityScenario$1@78210a2
08-29 13:58:25.463  2705  2705 D LifecycleMonitor: Lifecycle status change: androidx.test.core.app.InstrumentationActivityInvoker$BootstrapActivity@91eec6d in: PAUSED
08-29 13:58:25.463  2705  2705 D LifecycleMonitor: running callback: androidx.test.core.app.ActivityScenario$1@78210a2
08-29 13:58:25.463  2705  2705 V ActivityScenario: Activity lifecycle changed event received but ignored because the intent does not match. startActivityIntent=Intent { act=android.intent.action.MAIN cat=[android.intent.category.LAUNCHER] cmp=com.simplemobiletools.notes.pro.debug/com.simplemobiletools.notes.pro.activities.MainActivity }, activity.getIntent()=Intent { act=android.intent.action.MAIN cat=[android.intent.category.LAUNCHER] flg=0x10008000 cmp=com.simplemobiletools.notes.pro.debug/androidx.test.core.app.InstrumentationActivityInvoker$BootstrapActivity (has extras) }, activity=androidx.test.core.app.InstrumentationActivityInvoker$BootstrapActivity@91eec6d
08-29 13:58:25.463  2705  2705 D LifecycleMonitor: callback completes: androidx.test.core.app.ActivityScenario$1@78210a2
08-29 13:58:25.463   541  3611 W ActivityTaskManager: Tried to set launchTime (0) < mLastActivityLaunchTime (42432309)
08-29 13:58:25.464   541  3611 W InputReader: Device virtio_input_multi_touch_9 is associated with display ADISPLAY_ID_NONE.
08-29 13:58:25.464   541  3611 W InputReader: Device virtio_input_multi_touch_7 is associated with display ADISPLAY_ID_NONE.
08-29 13:58:25.464   541  3611 W InputReader: Device virtio_input_multi_touch_10 is associated with display ADISPLAY_ID_NONE.
08-29 13:58:25.464   541  3611 W InputReader: Device virtio_input_multi_touch_4 is associated with display ADISPLAY_ID_NONE.
08-29 13:58:25.464   541  3611 W InputReader: Device virtio_input_multi_touch_11 is associated with display ADISPLAY_ID_NONE.
08-29 13:58:25.464   541  3611 W InputReader: Device virtio_input_multi_touch_6 is associated with display ADISPLAY_ID_NONE.
08-29 13:58:25.464   541  3611 W InputReader: Device virtio_input_multi_touch_5 is associated with display ADISPLAY_ID_NONE.
08-29 13:58:25.464   541  3611 W InputReader: Device virtio_input_multi_touch_3 is associated with display ADISPLAY_ID_NONE.
08-29 13:58:25.464   541  3611 W InputReader: Device virtio_input_multi_touch_2 is associated with display ADISPLAY_ID_NONE.
08-29 13:58:25.464   541  3611 W InputReader: Device virtio_input_multi_touch_8 is associated with display ADISPLAY_ID_NONE.
08-29 13:58:25.464   541  3611 W InputReader: Device virtio_input_multi_touch_9 is associated with display ADISPLAY_ID_NONE.
08-29 13:58:25.465   541  3611 W InputReader: Device virtio_input_multi_touch_7 is associated with display ADISPLAY_ID_NONE.
08-29 13:58:25.465   541  3611 W InputReader: Device virtio_input_multi_touch_10 is associated with display ADISPLAY_ID_NONE.
08-29 13:58:25.465   541  3611 W InputReader: Device virtio_input_multi_touch_4 is associated with display ADISPLAY_ID_NONE.
08-29 13:58:25.465   541  3611 W InputReader: Device virtio_input_multi_touch_11 is associated with display ADISPLAY_ID_NONE.
08-29 13:58:25.465   541  3611 W InputReader: Device virtio_input_multi_touch_6 is associated with display ADISPLAY_ID_NONE.
08-29 13:58:25.465   541  3611 W InputReader: Device virtio_input_multi_touch_5 is associated with display ADISPLAY_ID_NONE.
08-29 13:58:25.465   541  3611 W InputReader: Device virtio_input_multi_touch_3 is associated with display ADISPLAY_ID_NONE.
08-29 13:58:25.465   541  3611 W InputReader: Device virtio_input_multi_touch_2 is associated with display ADISPLAY_ID_NONE.
08-29 13:58:25.465   541  3611 W InputReader: Device virtio_input_multi_touch_8 is associated with display ADISPLAY_ID_NONE.
08-29 13:58:25.471  2705  2705 D LifecycleMonitor: Lifecycle status change: com.simplemobiletools.notes.pro.activities.MainActivity@8381d8f in: PRE_ON_CREATE
08-29 13:58:25.471  2705  2705 D LifecycleMonitor: running callback: androidx.test.core.app.ActivityScenario$1@78210a2
08-29 13:58:25.471  2705  2705 V ActivityScenario: Activity lifecycle changed event received but ignored because the reported transition was not ON_CREATE while the last known transition was PRE_ON_CREATE
08-29 13:58:25.472  2705  2705 D LifecycleMonitor: callback completes: androidx.test.core.app.ActivityScenario$1@78210a2
08-29 13:58:25.499  2705  2705 D LifecycleMonitor: Lifecycle status change: com.simplemobiletools.notes.pro.activities.MainActivity@8381d8f in: CREATED
08-29 13:58:25.499  2705  2705 D LifecycleMonitor: running callback: androidx.test.core.app.ActivityScenario$1@78210a2
08-29 13:58:25.500  2705  2705 V ActivityScenario: Update currentActivityStage to CREATED, currentActivity=com.simplemobiletools.notes.pro.activities.MainActivity@8381d8f
08-29 13:58:25.500  2705  2705 D LifecycleMonitor: callback completes: androidx.test.core.app.ActivityScenario$1@78210a2
08-29 13:58:25.501  2705  2705 D LifecycleMonitor: Lifecycle status change: com.simplemobiletools.notes.pro.activities.MainActivity@8381d8f in: STARTED
08-29 13:58:25.502  2705  2705 D LifecycleMonitor: running callback: androidx.test.core.app.ActivityScenario$1@78210a2
08-29 13:58:25.502  2705  2705 V ActivityScenario: Update currentActivityStage to STARTED, currentActivity=com.simplemobiletools.notes.pro.activities.MainActivity@8381d8f
08-29 13:58:25.502  2705  2705 D LifecycleMonitor: callback completes: androidx.test.core.app.ActivityScenario$1@78210a2
08-29 13:58:25.506  2705  2705 D LifecycleMonitor: Lifecycle status change: com.simplemobiletools.notes.pro.activities.MainActivity@8381d8f in: RESUMED
08-29 13:58:25.506  2705  2705 D LifecycleMonitor: running callback: androidx.test.core.app.ActivityScenario$1@78210a2
08-29 13:58:25.506  2705  2705 V ActivityScenario: Update currentActivityStage to RESUMED, currentActivity=com.simplemobiletools.notes.pro.activities.MainActivity@8381d8f
08-29 13:58:25.506  2705  2705 D LifecycleMonitor: callback completes: androidx.test.core.app.ActivityScenario$1@78210a2
08-29 13:58:25.506  2705  2728 I Espresso Run: ------------------------------------------------------------------------------------------
08-29 13:58:25.506  2705  2728 I Espresso Run: Test: dummyFailTest
08-29 13:58:25.506  2705  2728 I Espresso Run: ------------------------------------------------------------------------------------------
08-29 13:58:25.507  2705  2728 I Espresso Run: Opening the menu
08-29 13:58:25.513  2705  2705 D IdlingResourceRegistry: All idling resources are idle.
08-29 13:58:25.537   316   316 D goldfish-address-space: claimShared: Ask to claim region [0x32a166000 0x32b219000]
08-29 13:58:25.552   316   316 D goldfish-address-space: claimShared: Ask to claim region [0x32c000000 0x32d0b3000]
08-29 13:58:25.573   316   316 D goldfish-address-space: claimShared: Ask to claim region [0x32d0b3000 0x32e166000]
08-29 13:58:25.587   316 22643 D goldfish-address-space: claimShared: Ask to claim region [0x330000000 0x3310b3000]
08-29 13:58:25.614   316 22643 D goldfish-address-space: claimShared: Ask to claim region [0x31d0b3000 0x31e166000]
08-29 13:58:25.718   541   596 D ArtManagerInternalImpl: /data/misc/iorapd/com.simplemobiletools.notes.pro.debug/84/com.simplemobiletools.notes.pro.activities.MainActivity/compiled_traces/compiled_trace.pb doesn't exist
08-29 13:58:25.718   541   596 I ActivityTaskManager: Displayed com.simplemobiletools.notes.pro.debug/com.simplemobiletools.notes.pro.activities.MainActivity: +314ms
08-29 13:58:25.718   541   588 D EventSequenceValidator: Transition from ACTIVITY_LAUNCHED to ACTIVITY_FINISHED
08-29 13:58:25.783   316 22643 D goldfish-address-space: claimShared: Ask to claim region [0x31d0b3000 0x31e166000]
08-29 13:58:25.832   316 22643 D goldfish-address-space: claimShared: Ask to claim region [0x3190b3000 0x31a166000]
08-29 13:58:25.867   541   541 D AutofillInlineSuggestionsRequestSession: onCreateInlineSuggestionsRequestLocked called: 1073741825@1748381024
08-29 13:58:25.867   541   541 D AutofillInlineSuggestionsRequestSession: onInlineSuggestionsUnsupported() called.
08-29 13:58:25.880  2705  2705 I AssistStructure: Flattened final assist data: 2784 bytes, containing 1 windows, 20 views
08-29 13:58:25.882  1397  1397 I LatinIME: Starting input. Cursor position = 0,0
08-29 13:58:25.889   316 22643 D goldfish-address-space: claimShared: Ask to claim region [0x31c000000 0x31d0b3000]
08-29 13:58:25.901 19013 19013 W kqw     : Pending fill request while another request in the same session was triggered. [CONTEXT service_id=177 ]
08-29 13:58:25.909  2705  2705 D IdlingResourceRegistry: All idling resources are idle.
08-29 13:58:25.910  2705  2705 I ViewInteraction: Checking 'MatchesViewAssertion{viewMatcher=is displayed on the screen to the user}' assertion on view with content description text: is "More options"
08-29 13:58:25.911  2705  2705 D IdlingResourceRegistry: All idling resources are idle.
08-29 13:58:25.911  2705  2705 D IdlingResourceRegistry: All idling resources are idle.
08-29 13:58:25.911  2705  2705 I ViewInteraction: Performing 'single click' action on view with content description text: is "More options"
08-29 13:58:25.914  2705  2705 D IdlingResourceRegistry: All idling resources are idle.
08-29 13:58:25.914  2705  2705 D IdlingResourceRegistry: All idling resources are idle.
08-29 13:58:25.918  2705  2705 D LifecycleMonitor: Lifecycle status change: androidx.test.core.app.InstrumentationActivityInvoker$BootstrapActivity@91eec6d in: STOPPED
08-29 13:58:25.918  2705  2705 D LifecycleMonitor: running callback: androidx.test.core.app.ActivityScenario$1@78210a2
08-29 13:58:25.919  2705  2705 V ActivityScenario: Activity lifecycle changed event received but ignored because the intent does not match. startActivityIntent=Intent { act=android.intent.action.MAIN cat=[android.intent.category.LAUNCHER] cmp=com.simplemobiletools.notes.pro.debug/com.simplemobiletools.notes.pro.activities.MainActivity }, activity.getIntent()=Intent { act=android.intent.action.MAIN cat=[android.intent.category.LAUNCHER] flg=0x10008000 cmp=com.simplemobiletools.notes.pro.debug/androidx.test.core.app.InstrumentationActivityInvoker$BootstrapActivity (has extras) }, activity=androidx.test.core.app.InstrumentationActivityInvoker$BootstrapActivity@91eec6d
08-29 13:58:25.919  2705  2705 D LifecycleMonitor: callback completes: androidx.test.core.app.ActivityScenario$1@78210a2
08-29 13:58:25.921   541   541 D AutofillInlineSuggestionsRequestSession: onInlineSuggestionsResponseLocked called for:1073741825@1748381024
08-29 13:58:25.921   541   586 D AutofillUI: destroySaveUiUiThread(): already destroyed
08-29 13:58:25.921  1348  1348 V InlineSuggestionRenderService: handleDestroySuggestionViews called for 0:1748381024
08-29 13:58:25.929  2705  2705 D IdlingResourceRegistry: All idling resources are idle.
08-29 13:58:25.929  2705  2705 D IdlingResourceRegistry: All idling resources are idle.
08-29 13:58:25.930   355   355 I android.hardware.vibrator-service.example: Vibrator reporting capabilities
08-29 13:58:25.938  2705  2705 D IdlingResourceRegistry: All idling resources are idle.
08-29 13:58:25.990  2705  2705 I chatty  : uid=10184(com.simplemobiletools.notes.pro.debug) identical 2 lines
08-29 13:58:25.991  2705  2705 D IdlingResourceRegistry: All idling resources are idle.
08-29 13:58:26.018   541   918 I system_server: oneway function results will be dropped but finished with status OK and parcel size 4
08-29 13:58:26.069   316 22643 D goldfish-address-space: claimShared: Ask to claim region [0x31b12b000 0x31b608000]
08-29 13:58:26.081   316 22643 D goldfish-address-space: claimShared: Ask to claim region [0x31b608000 0x31bae5000]
08-29 13:58:26.092   316 22643 D goldfish-address-space: claimShared: Ask to claim region [0x31bae5000 0x31bfc2000]
