--------- beginning of main
08-29 13:58:22.375  2705  2758 D libEGL  : loaded /vendor/lib/egl/libEGL_emulation.so
08-29 13:58:22.378  2705  2705 E notes.pro.debu: Invalid ID 0x00000000.
08-29 13:58:22.379  2705  2758 D libEGL  : loaded /vendor/lib/egl/libGLESv1_CM_emulation.so
08-29 13:58:22.384  2705  2758 D libEGL  : loaded /vendor/lib/egl/libGLESv2_emulation.so
08-29 13:58:22.391  2705  2705 D LifecycleMonitor: Lifecycle status change: androidx.test.core.app.InstrumentationActivityInvoker$BootstrapActivity@b7406e3 in: CREATED
08-29 13:58:22.391  2705  2705 D LifecycleMonitor: running callback: androidx.test.core.app.ActivityScenario$1@11248e0
08-29 13:58:22.391  2705  2705 V ActivityScenario: Activity lifecycle changed event received but ignored because the intent does not match. startActivityIntent=Intent { act=android.intent.action.MAIN cat=[android.intent.category.LAUNCHER] cmp=com.simplemobiletools.notes.pro.debug/com.simplemobiletools.notes.pro.activities.MainActivity }, activity.getIntent()=Intent { act=android.intent.action.MAIN cat=[android.intent.category.LAUNCHER] flg=0x10008000 cmp=com.simplemobiletools.notes.pro.debug/androidx.test.core.app.InstrumentationActivityInvoker$BootstrapActivity (has extras) }, activity=androidx.test.core.app.InstrumentationActivityInvoker$BootstrapActivity@b7406e3
08-29 13:58:22.391  2705  2705 D LifecycleMonitor: callback completes: androidx.test.core.app.ActivityScenario$1@11248e0
08-29 13:58:22.394  2705  2705 D LifecycleMonitor: Lifecycle status change: androidx.test.core.app.InstrumentationActivityInvoker$BootstrapActivity@b7406e3 in: STARTED
08-29 13:58:22.394  2705  2705 D LifecycleMonitor: running callback: androidx.test.core.app.ActivityScenario$1@11248e0
08-29 13:58:22.394  2705  2705 V ActivityScenario: Activity lifecycle changed event received but ignored because the intent does not match. startActivityIntent=Intent { act=android.intent.action.MAIN cat=[android.intent.category.LAUNCHER] cmp=com.simplemobiletools.notes.pro.debug/com.simplemobiletools.notes.pro.activities.MainActivity }, activity.getIntent()=Intent { act=android.intent.action.MAIN cat=[android.intent.category.LAUNCHER] flg=0x10008000 cmp=com.simplemobiletools.notes.pro.debug/androidx.test.core.app.InstrumentationActivityInvoker$BootstrapActivity (has extras) }, activity=androidx.test.core.app.InstrumentationActivityInvoker$BootstrapActivity@b7406e3
08-29 13:58:22.394  2705  2705 D LifecycleMonitor: callback completes: androidx.test.core.app.ActivityScenario$1@11248e0
--------- beginning of system
08-29 13:58:22.398   541 14832 I ActivityTaskManager: START u0 {act=android.intent.action.MAIN cat=[android.intent.category.LAUNCHER] cmp=com.simplemobiletools.notes.pro.debug/com.simplemobiletools.notes.pro.activities.MainActivity} from uid 10184
08-29 13:58:22.402  2705  2705 D LifecycleMonitor: Lifecycle status change: androidx.test.core.app.InstrumentationActivityInvoker$BootstrapActivity@b7406e3 in: RESUMED
08-29 13:58:22.402  2705  2705 D LifecycleMonitor: running callback: androidx.test.core.app.ActivityScenario$1@11248e0
08-29 13:58:22.402  2705  2705 V ActivityScenario: Activity lifecycle changed event received but ignored because the intent does not match. startActivityIntent=Intent { act=android.intent.action.MAIN cat=[android.intent.category.LAUNCHER] cmp=com.simplemobiletools.notes.pro.debug/com.simplemobiletools.notes.pro.activities.MainActivity }, activity.getIntent()=Intent { act=android.intent.action.MAIN cat=[android.intent.category.LAUNCHER] flg=0x10008000 cmp=com.simplemobiletools.notes.pro.debug/androidx.test.core.app.InstrumentationActivityInvoker$BootstrapActivity (has extras) }, activity=androidx.test.core.app.InstrumentationActivityInvoker$BootstrapActivity@b7406e3
08-29 13:58:22.402  2705  2705 D LifecycleMonitor: callback completes: androidx.test.core.app.ActivityScenario$1@11248e0
08-29 13:58:22.422  2705  2705 D LifecycleMonitor: Lifecycle status change: androidx.test.core.app.InstrumentationActivityInvoker$BootstrapActivity@b7406e3 in: PAUSED
08-29 13:58:22.422  2705  2705 D LifecycleMonitor: running callback: androidx.test.core.app.ActivityScenario$1@11248e0
08-29 13:58:22.423  2705  2705 V ActivityScenario: Activity lifecycle changed event received but ignored because the intent does not match. startActivityIntent=Intent { act=android.intent.action.MAIN cat=[android.intent.category.LAUNCHER] cmp=com.simplemobiletools.notes.pro.debug/com.simplemobiletools.notes.pro.activities.MainActivity }, activity.getIntent()=Intent { act=android.intent.action.MAIN cat=[android.intent.category.LAUNCHER] flg=0x10008000 cmp=com.simplemobiletools.notes.pro.debug/androidx.test.core.app.InstrumentationActivityInvoker$BootstrapActivity (has extras) }, activity=androidx.test.core.app.InstrumentationActivityInvoker$BootstrapActivity@b7406e3
08-29 13:58:22.423  2705  2705 D LifecycleMonitor: callback completes: androidx.test.core.app.ActivityScenario$1@11248e0
08-29 13:58:22.423   541 14832 W ActivityTaskManager: Tried to set launchTime (0) < mLastActivityLaunchTime (42429218)
08-29 13:58:22.424   541 14832 W InputReader: Device virtio_input_multi_touch_9 is associated with display ADISPLAY_ID_NONE.
08-29 13:58:22.424   541 14832 W InputReader: Device virtio_input_multi_touch_7 is associated with display ADISPLAY_ID_NONE.
08-29 13:58:22.424   541 14832 W InputReader: Device virtio_input_multi_touch_10 is associated with display ADISPLAY_ID_NONE.
08-29 13:58:22.424   541 14832 W InputReader: Device virtio_input_multi_touch_4 is associated with display ADISPLAY_ID_NONE.
08-29 13:58:22.424   541 14832 W InputReader: Device virtio_input_multi_touch_11 is associated with display ADISPLAY_ID_NONE.
08-29 13:58:22.424   541 14832 W InputReader: Device virtio_input_multi_touch_6 is associated with display ADISPLAY_ID_NONE.
08-29 13:58:22.424   541 14832 W InputReader: Device virtio_input_multi_touch_5 is associated with display ADISPLAY_ID_NONE.
08-29 13:58:22.424   541 14832 W InputReader: Device virtio_input_multi_touch_3 is associated with display ADISPLAY_ID_NONE.
08-29 13:58:22.424   541 14832 W InputReader: Device virtio_input_multi_touch_2 is associated with display ADISPLAY_ID_NONE.
08-29 13:58:22.424   541 14832 W InputReader: Device virtio_input_multi_touch_8 is associated with display ADISPLAY_ID_NONE.
08-29 13:58:22.424   541 14832 W InputReader: Device virtio_input_multi_touch_9 is associated with display ADISPLAY_ID_NONE.
08-29 13:58:22.424   541 14832 W InputReader: Device virtio_input_multi_touch_7 is associated with display ADISPLAY_ID_NONE.
08-29 13:58:22.424   541 14832 W InputReader: Device virtio_input_multi_touch_10 is associated with display ADISPLAY_ID_NONE.
08-29 13:58:22.424   541 14832 W InputReader: Device virtio_input_multi_touch_4 is associated with display ADISPLAY_ID_NONE.
08-29 13:58:22.424   541 14832 W InputReader: Device virtio_input_multi_touch_11 is associated with display ADISPLAY_ID_NONE.
08-29 13:58:22.424   541 14832 W InputReader: Device virtio_input_multi_touch_6 is associated with display ADISPLAY_ID_NONE.
08-29 13:58:22.424   541 14832 W InputReader: Device virtio_input_multi_touch_5 is associated with display ADISPLAY_ID_NONE.
08-29 13:58:22.425   541 14832 W InputReader: Device virtio_input_multi_touch_3 is associated with display ADISPLAY_ID_NONE.
08-29 13:58:22.425   541 14832 W InputReader: Device virtio_input_multi_touch_2 is associated with display ADISPLAY_ID_NONE.
08-29 13:58:22.425   541 14832 W InputReader: Device virtio_input_multi_touch_8 is associated with display ADISPLAY_ID_NONE.
08-29 13:58:22.461   316 22643 D goldfish-address-space: claimShared: Ask to claim region [0x31c000000 0x31d0b3000]
08-29 13:58:22.503  2705  2705 D LifecycleMonitor: Lifecycle status change: com.simplemobiletools.notes.pro.activities.MainActivity@365a637 in: PRE_ON_CREATE
08-29 13:58:22.503  2705  2705 D LifecycleMonitor: running callback: androidx.test.core.app.ActivityScenario$1@11248e0
08-29 13:58:22.504  2705  2705 V ActivityScenario: Activity lifecycle changed event received but ignored because the reported transition was not ON_CREATE while the last known transition was PRE_ON_CREATE
08-29 13:58:22.505  2705  2705 D LifecycleMonitor: callback completes: androidx.test.core.app.ActivityScenario$1@11248e0
08-29 13:58:22.519   316 22643 D goldfish-address-space: claimShared: Ask to claim region [0x31d0b3000 0x31e166000]
08-29 13:58:22.533  2705  2705 E notes.pro.debu: Invalid ID 0x00000000.
08-29 13:58:22.596  2705  2705 W notes.pro.debu: Accessing hidden method Landroid/view/View;->computeFitSystemWindows(Landroid/graphics/Rect;Landroid/graphics/Rect;)Z (greylist, reflection, allowed)
08-29 13:58:22.597  2705  2705 W notes.pro.debu: Accessing hidden method Landroid/view/ViewGroup;->makeOptionalFitsSystemWindows()V (greylist, reflection, allowed)
08-29 13:58:22.654  2705  2705 D LifecycleMonitor: Lifecycle status change: com.simplemobiletools.notes.pro.activities.MainActivity@365a637 in: CREATED
08-29 13:58:22.654  2705  2705 D LifecycleMonitor: running callback: androidx.test.core.app.ActivityScenario$1@11248e0
08-29 13:58:22.654  2705  2705 V ActivityScenario: Update currentActivityStage to CREATED, currentActivity=com.simplemobiletools.notes.pro.activities.MainActivity@365a637
08-29 13:58:22.654  2705  2705 D LifecycleMonitor: callback completes: androidx.test.core.app.ActivityScenario$1@11248e0
08-29 13:58:22.655   541  3061 D CompatibilityChangeReporter: Compat change id reported: 149924527; UID 10184; state: ENABLED
08-29 13:58:22.656  2705  2705 D LifecycleMonitor: Lifecycle status change: com.simplemobiletools.notes.pro.activities.MainActivity@365a637 in: STARTED
08-29 13:58:22.656   541  3061 D CompatibilityChangeReporter: Compat change id reported: 132649864; UID 10184; state: DISABLED
08-29 13:58:22.656  2705  2705 D LifecycleMonitor: running callback: androidx.test.core.app.ActivityScenario$1@11248e0
08-29 13:58:22.656  2705  2705 V ActivityScenario: Update currentActivityStage to STARTED, currentActivity=com.simplemobiletools.notes.pro.activities.MainActivity@365a637
08-29 13:58:22.656  2705  2705 D LifecycleMonitor: callback completes: androidx.test.core.app.ActivityScenario$1@11248e0
08-29 13:58:22.677  2705  2705 D LifecycleMonitor: Lifecycle status change: com.simplemobiletools.notes.pro.activities.MainActivity@365a637 in: RESUMED
08-29 13:58:22.678  2705  2705 D LifecycleMonitor: running callback: androidx.test.core.app.ActivityScenario$1@11248e0
08-29 13:58:22.678  2705  2705 V ActivityScenario: Update currentActivityStage to RESUMED, currentActivity=com.simplemobiletools.notes.pro.activities.MainActivity@365a637
08-29 13:58:22.678  2705  2728 I Espresso Run: ------------------------------------------------------------------------------------------
08-29 13:58:22.678  2705  2728 I Espresso Run: Test: aboutTest
08-29 13:58:22.678  2705  2728 I Espresso Run: ------------------------------------------------------------------------------------------
08-29 13:58:22.679  2705  2728 I Espresso Run: Verifying the main text panel is displayed
08-29 13:58:22.681  2705  2705 D LifecycleMonitor: callback completes: androidx.test.core.app.ActivityScenario$1@11248e0
08-29 13:58:22.704  2705  2728 D EventInjectionStrategy: Creating injection strategy with input manager.
08-29 13:58:22.704  2705  2728 W notes.pro.debu: Accessing hidden method Landroid/hardware/input/InputManager;->getInstance()Landroid/hardware/input/InputManager; (greylist, reflection, allowed)
08-29 13:58:22.704  2705  2728 W notes.pro.debu: Accessing hidden method Landroid/hardware/input/InputManager;->injectInputEvent(Landroid/view/InputEvent;I)Z (greylist, reflection, allowed)
08-29 13:58:22.704  2705  2728 W notes.pro.debu: Accessing hidden field Landroid/hardware/input/InputManager;->INJECT_INPUT_EVENT_MODE_WAIT_FOR_FINISH:I (greylist, reflection, allowed)
08-29 13:58:22.735  2705  2756 D HostConnection: HostConnection::get() New Host Connection established 0xeaeb9ba0, tid 2756
08-29 13:58:22.741  2705  2756 D HostConnection: HostComposition ext ANDROID_EMU_CHECKSUM_HELPER_v1 ANDROID_EMU_native_sync_v2 ANDROID_EMU_native_sync_v3 ANDROID_EMU_native_sync_v4 ANDROID_EMU_dma_v1 ANDROID_EMU_direct_mem ANDROID_EMU_host_composition_v1 ANDROID_EMU_host_composition_v2 ANDROID_EMU_vulkan ANDROID_EMU_deferred_vulkan_commands ANDROID_EMU_vulkan_null_optional_strings ANDROID_EMU_vulkan_create_resources_with_requirements ANDROID_EMU_YUV_Cache ANDROID_EMU_async_unmap_buffer ANDROID_EMU_vulkan_ignored_handles ANDROID_EMU_has_shared_slots_host_memory_allocator ANDROID_EMU_vulkan_free_memory_sync ANDROID_EMU_vulkan_shader_float16_int8 ANDROID_EMU_vulkan_async_queue_submit ANDROID_EMU_sync_buffer_data GL_OES_vertex_array_object GL_KHR_texture_compression_astc_ldr ANDROID_EMU_host_side_tracing ANDROID_EMU_async_frame_commands ANDROID_EMU_gles_max_version_2 
08-29 13:58:22.742   174   174 I hwservicemanager: getTransport: Cannot find entry android.hardware.configstore@1.0::ISurfaceFlingerConfigs/default in either framework or device manifest.
08-29 13:58:22.743  2705  2756 W OpenGLRenderer: Failed to choose config with EGL_SWAP_BEHAVIOR_PRESERVED, retrying without...
08-29 13:58:22.762  2705  2756 D EGL_emulation: eglCreateContext: 0xeaeb9200: maj 2 min 0 rcv 2
08-29 13:58:22.763  2705  2756 D EGL_emulation: eglMakeCurrent: 0xeaeb9200: ver 2 0 (tinfo 0xeb1fd1b0) (first time)
08-29 13:58:22.767   316 22643 D goldfish-address-space: claimShared: Ask to claim region [0x320000000 0x3210b3000]
08-29 13:58:22.780   174   174 I hwservicemanager: getTransport: Cannot find entry android.hardware.graphics.mapper@4.0::IMapper/default in either framework or device manifest.
08-29 13:58:22.780  2705  2756 I Gralloc4: mapper 4.x is not supported
08-29 13:58:22.780  2705  2756 D HostConnection: createUnique: call
08-29 13:58:22.780  2705  2756 D HostConnection: HostConnection::get() New Host Connection established 0xeaeb8cc0, tid 2756
08-29 13:58:22.780  2705  2756 D goldfish-address-space: allocate: Ask for block of size 0x100
08-29 13:58:22.781  2705  2756 D goldfish-address-space: allocate: ioctl allocate returned offset 0x317ffe000 size 0x2000
08-29 13:58:22.783  2705  2756 D HostConnection: HostComposition ext ANDROID_EMU_CHECKSUM_HELPER_v1 ANDROID_EMU_native_sync_v2 ANDROID_EMU_native_sync_v3 ANDROID_EMU_native_sync_v4 ANDROID_EMU_dma_v1 ANDROID_EMU_direct_mem ANDROID_EMU_host_composition_v1 ANDROID_EMU_host_composition_v2 ANDROID_EMU_vulkan ANDROID_EMU_deferred_vulkan_commands ANDROID_EMU_vulkan_null_optional_strings ANDROID_EMU_vulkan_create_resources_with_requirements ANDROID_EMU_YUV_Cache ANDROID_EMU_async_unmap_buffer ANDROID_EMU_vulkan_ignored_handles ANDROID_EMU_has_shared_slots_host_memory_allocator ANDROID_EMU_vulkan_free_memory_sync ANDROID_EMU_vulkan_shader_float16_int8 ANDROID_EMU_vulkan_async_queue_submit ANDROID_EMU_sync_buffer_data GL_OES_vertex_array_object GL_KHR_texture_compression_astc_ldr ANDROID_EMU_host_side_tracing ANDROID_EMU_async_frame_commands ANDROID_EMU_gles_max_version_2 
08-29 13:58:22.786   316 22643 D goldfish-address-space: claimShared: Ask to claim region [0x3210b3000 0x322166000]
08-29 13:58:22.798   316 22643 D goldfish-address-space: claimShared: Ask to claim region [0x3250e6000 0x326199000]
08-29 13:58:22.871   541   596 D ArtManagerInternalImpl: /data/misc/iorapd/com.simplemobiletools.notes.pro.debug/84/com.simplemobiletools.notes.pro.activities.MainActivity/compiled_traces/compiled_trace.pb doesn't exist
08-29 13:58:22.872   541   596 I ActivityTaskManager: Displayed com.simplemobiletools.notes.pro.debug/com.simplemobiletools.notes.pro.activities.MainActivity: +542ms
08-29 13:58:22.872   541   588 D EventSequenceValidator: Transition from ACTIVITY_LAUNCHED to ACTIVITY_FINISHED
08-29 13:58:22.947   370   392 W ServiceManager: Permission failure: android.permission.ACCESS_SURFACE_FLINGER from uid=10184 pid=2705
08-29 13:58:22.947   370   392 D PermissionCache: checking android.permission.ACCESS_SURFACE_FLINGER for uid=10184 => denied (476 us)
08-29 13:58:23.045   316 22643 D goldfish-address-space: claimShared: Ask to claim region [0x318fc2000 0x31a075000]
08-29 13:58:23.096   316 22643 D goldfish-address-space: claimShared: Ask to claim region [0x31a075000 0x31b128000]
08-29 13:58:23.114  2705  2705 D IdlingResourceRegistry: All idling resources are idle.
08-29 13:58:23.116  2705  2705 W notes.pro.debu: Accessing hidden method Landroid/os/MessageQueue;->next()Landroid/os/Message; (greylist, reflection, allowed)
08-29 13:58:23.116  2705  2705 W notes.pro.debu: Accessing hidden field Landroid/os/MessageQueue;->mMessages:Landroid/os/Message; (greylist, reflection, allowed)
08-29 13:58:23.116  2705  2705 W notes.pro.debu: Accessing hidden method Landroid/os/Message;->recycleUnchecked()V (greylist, reflection, allowed)
08-29 13:58:23.145   541   541 D AutofillInlineSuggestionsRequestSession: onCreateInlineSuggestionsRequestLocked called: 1073741825@687255100
08-29 13:58:23.145   541   541 D AutofillInlineSuggestionsRequestSession: onInlineSuggestionsUnsupported() called.
08-29 13:58:23.152  1397  1397 I LatinIME: Starting input. Cursor position = 0,0
08-29 13:58:23.160  2705  2705 I AssistStructure: Flattened final assist data: 2784 bytes, containing 1 windows, 20 views
08-29 13:58:23.164   316 22643 D goldfish-address-space: claimShared: Ask to claim region [0x31d0b3000 0x31e166000]
08-29 13:58:23.165  2705  2705 D IdlingResourceRegistry: All idling resources are idle.
08-29 13:58:23.166 19013 19013 W kqw     : Pending fill request while another request in the same session was triggered. [CONTEXT service_id=177 ]
08-29 13:58:23.173   541   541 D AutofillInlineSuggestionsRequestSession: onInlineSuggestionsResponseLocked called for:1073741825@687255100
08-29 13:58:23.173   541   586 D AutofillUI: destroySaveUiUiThread(): already destroyed
08-29 13:58:23.174  1348  1348 V InlineSuggestionRenderService: handleDestroySuggestionViews called for 0:687255100
08-29 13:58:23.177  2705  2705 W notes.pro.debu: Accessing hidden method Landroid/view/WindowManagerGlobal;->getInstance()Landroid/view/WindowManagerGlobal; (greylist, reflection, allowed)
08-29 13:58:23.177  2705  2705 W notes.pro.debu: Accessing hidden field Landroid/view/WindowManagerGlobal;->mViews:Ljava/util/ArrayList; (greylist, reflection, allowed)
08-29 13:58:23.178  2705  2705 W notes.pro.debu: Accessing hidden field Landroid/view/WindowManagerGlobal;->mParams:Ljava/util/ArrayList; (greylist, reflection, allowed)
08-29 13:58:23.186  2705  2705 I ViewInteraction: Checking 'MatchesViewAssertion{viewMatcher=is displayed on the screen to the user}' assertion on view with id is <com.simplemobiletools.notes.pro.debug:id/action_bar>
08-29 13:58:23.187  2705  2728 I Espresso Run: Opening the menu
08-29 13:58:23.191  2705  2705 D IdlingResourceRegistry: All idling resources are idle.
08-29 13:58:23.191  2705  2705 D IdlingResourceRegistry: All idling resources are idle.
08-29 13:58:23.192  2705  2705 I ViewInteraction: Checking 'MatchesViewAssertion{viewMatcher=is displayed on the screen to the user}' assertion on view with content description text: is "More options"
08-29 13:58:23.195  2705  2705 D LifecycleMonitor: Lifecycle status change: androidx.test.core.app.InstrumentationActivityInvoker$BootstrapActivity@b7406e3 in: STOPPED
08-29 13:58:23.195  2705  2705 D LifecycleMonitor: running callback: androidx.test.core.app.ActivityScenario$1@11248e0
08-29 13:58:23.195  2705  2705 V ActivityScenario: Activity lifecycle changed event received but ignored because the intent does not match. startActivityIntent=Intent { act=android.intent.action.MAIN cat=[android.intent.category.LAUNCHER] cmp=com.simplemobiletools.notes.pro.debug/com.simplemobiletools.notes.pro.activities.MainActivity }, activity.getIntent()=Intent { act=android.intent.action.MAIN cat=[android.intent.category.LAUNCHER] flg=0x10008000 cmp=com.simplemobiletools.notes.pro.debug/androidx.test.core.app.InstrumentationActivityInvoker$BootstrapActivity (has extras) }, activity=androidx.test.core.app.InstrumentationActivityInvoker$BootstrapActivity@b7406e3
08-29 13:58:23.195  2705  2705 D LifecycleMonitor: callback completes: androidx.test.core.app.ActivityScenario$1@11248e0
08-29 13:58:23.196  2705  2728 W notes.pro.debu: Accessing hidden method Landroid/view/ViewConfiguration;->getDoubleTapMinTime()I (greylist, reflection, allowed)
08-29 13:58:23.197   355   355 I android.hardware.vibrator-service.example: Vibrator reporting capabilities
08-29 13:58:23.200  2705  2705 D IdlingResourceRegistry: All idling resources are idle.
08-29 13:58:23.201  2705  2705 D IdlingResourceRegistry: All idling resources are idle.
08-29 13:58:23.201  2705  2705 I ViewInteraction: Performing 'single click' action on view with content description text: is "More options"
08-29 13:58:23.215   316 22643 D goldfish-address-space: claimShared: Ask to claim region [0x318000000 0x318fc2000]
08-29 13:58:23.221  2705  2705 D IdlingResourceRegistry: All idling resources are idle.
08-29 13:58:23.244  2705  2705 I chatty  : uid=10184(com.simplemobiletools.notes.pro.debug) identical 6 lines
08-29 13:58:23.244  2705  2705 D IdlingResourceRegistry: All idling resources are idle.
08-29 13:58:23.248   316 22643 D goldfish-address-space: claimShared: Ask to claim region [0x31e166000 0x31f128000]
08-29 13:58:23.265   316 22643 D goldfish-address-space: claimShared: Ask to claim region [0x320000000 0x320fc2000]
08-29 13:58:23.285   541  3611 I system_server: oneway function results will be dropped but finished with status OK and parcel size 4
08-29 13:58:23.285   541  3611 I system_server: oneway function results will be dropped but finished with status OK and parcel size 4
08-29 13:58:23.322  2705  2705 W notes.pro.debu: Accessing hidden field Landroid/widget/AbsListView;->mIsChildViewEnabled:Z (greylist, reflection, allowed)
08-29 13:58:23.366   316 22643 D goldfish-address-space: claimShared: Ask to claim region [0x31b12b000 0x31b608000]
08-29 13:58:23.373   316 22643 D goldfish-address-space: claimShared: Ask to claim region [0x31b608000 0x31bae5000]
08-29 13:58:23.378   316 22643 D goldfish-address-space: claimShared: Ask to claim region [0x31bae5000 0x31bfc2000]
08-29 13:58:23.419   541  3611 I system_server: oneway function results will be dropped but finished with status OK and parcel size 4
08-29 13:58:23.484   316 22643 D goldfish-address-space: claimShared: Ask to claim region [0x31b608000 0x31bae5000]
08-29 13:58:23.516   316 22643 D goldfish-address-space: claimShared: Ask to claim region [0x31f128000 0x31f605000]
08-29 13:58:23.539  2705  2705 D IdlingResourceRegistry: All idling resources are idle.
08-29 13:58:23.759  2705  2705 I chatty  : uid=10184(com.simplemobiletools.notes.pro.debug) identical 4 lines
08-29 13:58:23.760  2705  2705 D IdlingResourceRegistry: All idling resources are idle.
08-29 13:58:23.760  2705  2728 I Espresso Run: Clicking on about
08-29 13:58:23.763  2705  2705 D IdlingResourceRegistry: All idling resources are idle.
08-29 13:58:23.764  2705  2705 D IdlingResourceRegistry: All idling resources are idle.
08-29 13:58:23.767  2705  2705 I ViewInteraction: Checking 'MatchesViewAssertion{viewMatcher=is displayed on the screen to the user}' assertion on view with text: is "About"
08-29 13:58:23.769  2705  2705 D IdlingResourceRegistry: All idling resources are idle.
08-29 13:58:23.770  2705  2705 D IdlingResourceRegistry: All idling resources are idle.
08-29 13:58:23.772  2705  2705 I ViewInteraction: Performing 'single click' action on view with text: is "About"
08-29 13:58:23.781  2705  2705 D IdlingResourceRegistry: All idling resources are idle.
08-29 13:58:23.828  2705  2705 I chatty  : uid=10184(com.simplemobiletools.notes.pro.debug) identical 10 lines
08-29 13:58:23.829  2705  2705 D IdlingResourceRegistry: All idling resources are idle.
08-29 13:58:23.834   316 22643 D goldfish-address-space: claimShared: Ask to claim region [0x31b12b000 0x31b608000]
08-29 13:58:23.888   541  3611 I system_server: oneway function results will be dropped but finished with status OK and parcel size 4
08-29 13:58:23.890   541  3611 I ActivityTaskManager: START u0 {cmp=com.simplemobiletools.notes.pro.debug/com.simplemobiletools.commons.activities.AboutActivity (has extras)} from uid 10184
08-29 13:58:23.890   541   588 D EventSequenceValidator: Transition from ACTIVITY_FINISHED to INTENT_STARTED
08-29 13:58:23.892   404   404 I perfetto: ing_service_impl.cc:758 Configured tracing session 416, #sources:1, duration:5000 ms, #buffers:1, total buffer size:4096 KB, total sessions:2, uid:1071 session name: ""
08-29 13:58:23.894   541   588 D EventSequenceValidator: Transition from INTENT_STARTED to INTENT_FAILED
08-29 13:58:23.894   402   402 I perfetto: probes_producer.cc:230  Ftrace setup (target_buf=416)
08-29 13:58:23.911  2705  2705 D LifecycleMonitor: Lifecycle status change: com.simplemobiletools.notes.pro.activities.MainActivity@365a637 in: PAUSED
08-29 13:58:23.911  2705  2705 D LifecycleMonitor: running callback: androidx.test.core.app.ActivityScenario$1@11248e0
08-29 13:58:23.911  2705  2705 V ActivityScenario: Update currentActivityStage to PAUSED, currentActivity=com.simplemobiletools.notes.pro.activities.MainActivity@365a637
08-29 13:58:23.911  2705  2705 D LifecycleMonitor: callback completes: androidx.test.core.app.ActivityScenario$1@11248e0
08-29 13:58:23.911   541  3611 W ActivityTaskManager: Tried to set launchTime (0) < mLastActivityLaunchTime (42429300)
08-29 13:58:23.912   541  3611 W InputReader: Device virtio_input_multi_touch_9 is associated with display ADISPLAY_ID_NONE.
08-29 13:58:23.912   541  3611 W InputReader: Device virtio_input_multi_touch_7 is associated with display ADISPLAY_ID_NONE.
08-29 13:58:23.912   541  3611 W InputReader: Device virtio_input_multi_touch_10 is associated with display ADISPLAY_ID_NONE.
08-29 13:58:23.912   541  3611 W InputReader: Device virtio_input_multi_touch_4 is associated with display ADISPLAY_ID_NONE.
08-29 13:58:23.912   541  3611 W InputReader: Device virtio_input_multi_touch_11 is associated with display ADISPLAY_ID_NONE.
08-29 13:58:23.912   541  3611 W InputReader: Device virtio_input_multi_touch_6 is associated with display ADISPLAY_ID_NONE.
08-29 13:58:23.912   541  3611 W InputReader: Device virtio_input_multi_touch_5 is associated with display ADISPLAY_ID_NONE.
08-29 13:58:23.912   541  3611 W InputReader: Device virtio_input_multi_touch_3 is associated with display ADISPLAY_ID_NONE.
08-29 13:58:23.912   541  3611 W InputReader: Device virtio_input_multi_touch_2 is associated with display ADISPLAY_ID_NONE.
08-29 13:58:23.912   541  3611 W InputReader: Device virtio_input_multi_touch_8 is associated with display ADISPLAY_ID_NONE.
08-29 13:58:23.912   541  3611 W InputReader: Device virtio_input_multi_touch_9 is associated with display ADISPLAY_ID_NONE.
08-29 13:58:23.912   541  3611 W InputReader: Device virtio_input_multi_touch_7 is associated with display ADISPLAY_ID_NONE.
08-29 13:58:23.912   541  3611 W InputReader: Device virtio_input_multi_touch_10 is associated with display ADISPLAY_ID_NONE.
08-29 13:58:23.912   541  3611 W InputReader: Device virtio_input_multi_touch_4 is associated with display ADISPLAY_ID_NONE.
08-29 13:58:23.912   541  3611 W InputReader: Device virtio_input_multi_touch_11 is associated with display ADISPLAY_ID_NONE.
08-29 13:58:23.912   541  3611 W InputReader: Device virtio_input_multi_touch_6 is associated with display ADISPLAY_ID_NONE.
08-29 13:58:23.912   541  3611 W InputReader: Device virtio_input_multi_touch_5 is associated with display ADISPLAY_ID_NONE.
08-29 13:58:23.912   541  3611 W InputReader: Device virtio_input_multi_touch_3 is associated with display ADISPLAY_ID_NONE.
08-29 13:58:23.912   541  3611 W InputReader: Device virtio_input_multi_touch_2 is associated with display ADISPLAY_ID_NONE.
08-29 13:58:23.912   541  3611 W InputReader: Device virtio_input_multi_touch_8 is associated with display ADISPLAY_ID_NONE.
08-29 13:58:23.932  2705  2705 D LifecycleMonitor: Lifecycle status change: com.simplemobiletools.commons.activities.AboutActivity@cde7009 in: PRE_ON_CREATE
08-29 13:58:23.932  2705  2705 D LifecycleMonitor: running callback: androidx.test.core.app.ActivityScenario$1@11248e0
08-29 13:58:23.932  2705  2705 V ActivityScenario: Activity lifecycle changed event received but ignored because the intent does not match. startActivityIntent=Intent { act=android.intent.action.MAIN cat=[android.intent.category.LAUNCHER] cmp=com.simplemobiletools.notes.pro.debug/com.simplemobiletools.notes.pro.activities.MainActivity }, activity.getIntent()=Intent { cmp=com.simplemobiletools.notes.pro.debug/com.simplemobiletools.commons.activities.AboutActivity (has extras) }, activity=com.simplemobiletools.commons.activities.AboutActivity@cde7009
08-29 13:58:23.932  2705  2705 D LifecycleMonitor: callback completes: androidx.test.core.app.ActivityScenario$1@11248e0
08-29 13:58:23.960  2705  2705 D LifecycleMonitor: Lifecycle status change: com.simplemobiletools.commons.activities.AboutActivity@cde7009 in: CREATED
08-29 13:58:23.961  2705  2705 D LifecycleMonitor: running callback: androidx.test.core.app.ActivityScenario$1@11248e0
08-29 13:58:23.961  2705  2705 V ActivityScenario: Activity lifecycle changed event received but ignored because the intent does not match. startActivityIntent=Intent { act=android.intent.action.MAIN cat=[android.intent.category.LAUNCHER] cmp=com.simplemobiletools.notes.pro.debug/com.simplemobiletools.notes.pro.activities.MainActivity }, activity.getIntent()=Intent { cmp=com.simplemobiletools.notes.pro.debug/com.simplemobiletools.commons.activities.AboutActivity (has extras) }, activity=com.simplemobiletools.commons.activities.AboutActivity@cde7009
08-29 13:58:23.961  2705  2705 D LifecycleMonitor: callback completes: androidx.test.core.app.ActivityScenario$1@11248e0
08-29 13:58:23.962  2705  2705 D LifecycleMonitor: Lifecycle status change: com.simplemobiletools.commons.activities.AboutActivity@cde7009 in: STARTED
08-29 13:58:23.962  2705  2705 D LifecycleMonitor: running callback: androidx.test.core.app.ActivityScenario$1@11248e0
08-29 13:58:23.962  2705  2705 V ActivityScenario: Activity lifecycle changed event received but ignored because the intent does not match. startActivityIntent=Intent { act=android.intent.action.MAIN cat=[android.intent.category.LAUNCHER] cmp=com.simplemobiletools.notes.pro.debug/com.simplemobiletools.notes.pro.activities.MainActivity }, activity.getIntent()=Intent { cmp=com.simplemobiletools.notes.pro.debug/com.simplemobiletools.commons.activities.AboutActivity (has extras) }, activity=com.simplemobiletools.commons.activities.AboutActivity@cde7009
08-29 13:58:23.962  2705  2705 D LifecycleMonitor: callback completes: androidx.test.core.app.ActivityScenario$1@11248e0
08-29 13:58:23.972  2705  2705 D LifecycleMonitor: Lifecycle status change: com.simplemobiletools.commons.activities.AboutActivity@cde7009 in: RESUMED
08-29 13:58:23.972  2705  2705 D LifecycleMonitor: running callback: androidx.test.core.app.ActivityScenario$1@11248e0
08-29 13:58:23.972  2705  2705 V ActivityScenario: Activity lifecycle changed event received but ignored because the intent does not match. startActivityIntent=Intent { act=android.intent.action.MAIN cat=[android.intent.category.LAUNCHER] cmp=com.simplemobiletools.notes.pro.debug/com.simplemobiletools.notes.pro.activities.MainActivity }, activity.getIntent()=Intent { cmp=com.simplemobiletools.notes.pro.debug/com.simplemobiletools.commons.activities.AboutActivity (has extras) }, activity=com.simplemobiletools.commons.activities.AboutActivity@cde7009
08-29 13:58:23.972  2705  2705 D LifecycleMonitor: callback completes: androidx.test.core.app.ActivityScenario$1@11248e0
08-29 13:58:24.003   316 22643 D goldfish-address-space: claimShared: Ask to claim region [0x320fc2000 0x322075000]
08-29 13:58:24.021   541  3611 I system_server: oneway function results will be dropped but finished with status OK and parcel size 4
08-29 13:58:24.032   316 22643 D goldfish-address-space: claimShared: Ask to claim region [0x324033000 0x3250e6000]
08-29 13:58:24.045   316   316 D goldfish-address-space: claimShared: Ask to claim region [0x3250e6000 0x326199000]
08-29 13:58:24.078   541   596 I ActivityTaskManager: Displayed com.simplemobiletools.notes.pro.debug/com.simplemobiletools.commons.activities.AboutActivity: +187ms
08-29 13:58:24.084  2705  2705 D IdlingResourceRegistry: All idling resources are idle.
08-29 13:58:24.085  2705  2705 D IdlingResourceRegistry: All idling resources are idle.
08-29 13:58:24.119  2705  2705 D LifecycleMonitor: Lifecycle status change: com.simplemobiletools.notes.pro.activities.MainActivity@365a637 in: STOPPED
08-29 13:58:24.119  2705  2705 D LifecycleMonitor: running callback: androidx.test.core.app.ActivityScenario$1@11248e0
08-29 13:58:24.119  2705  2705 V ActivityScenario: Update currentActivityStage to STOPPED, currentActivity=com.simplemobiletools.notes.pro.activities.MainActivity@365a637
08-29 13:58:24.119  2705  2705 D LifecycleMonitor: callback completes: androidx.test.core.app.ActivityScenario$1@11248e0
08-29 13:58:24.164   316   316 D goldfish-address-space: claimShared: Ask to claim region [0x318000000 0x3190b3000]
08-29 13:58:24.203   316   316 D goldfish-address-space: claimShared: Ask to claim region [0x31d0b3000 0x31e166000]
08-29 13:58:24.231  2705  2705 D IdlingResourceRegistry: All idling resources are idle.
08-29 13:58:24.232  2705  2705 I chatty  : uid=10184(com.simplemobiletools.notes.pro.debug) identical 2 lines
08-29 13:58:24.232  2705  2705 D IdlingResourceRegistry: All idling resources are idle.
08-29 13:58:24.232  2705  2705 I ViewInteraction: Checking 'MatchesViewAssertion{viewMatcher=is displayed on the screen to the user}' assertion on view with text: is "About"
08-29 13:58:24.233  2705  2705 D IdlingResourceRegistry: All idling resources are idle.
08-29 13:58:24.233  2705  2705 D IdlingResourceRegistry: All idling resources are idle.
08-29 13:58:24.234  2705  2705 I ViewInteraction: Checking 'MatchesViewAssertion{viewMatcher=is displayed on the screen to the user}' assertion on view with id is <com.simplemobiletools.notes.pro.debug:id/about_email>
08-29 13:58:24.234  2705  2705 D IdlingResourceRegistry: All idling resources are idle.
08-29 13:58:24.234  2705  2705 D IdlingResourceRegistry: All idling resources are idle.
08-29 13:58:24.235  2705  2705 I ViewInteraction: Checking 'MatchesViewAssertion{viewMatcher=is displayed on the screen to the user}' assertion on view with id is <com.simplemobiletools.notes.pro.debug:id/about_faq>
08-29 13:58:24.235  2705  2705 D IdlingResourceRegistry: All idling resources are idle.
08-29 13:58:24.235  2705  2705 D IdlingResourceRegistry: All idling resources are idle.
08-29 13:58:24.236  2705  2705 I ViewInteraction: Checking 'MatchesViewAssertion{viewMatcher=is displayed on the screen to the user}' assertion on view with id is <com.simplemobiletools.notes.pro.debug:id/about_faq_label>
08-29 13:58:24.238  2705  2705 D IdlingResourceRegistry: All idling resources are idle.
08-29 13:58:24.238  2705  2705 D IdlingResourceRegistry: All idling resources are idle.
08-29 13:58:24.239  2705  2705 I ViewInteraction: Checking 'MatchesViewAssertion{viewMatcher=is displayed on the screen to the user}' assertion on view with id is <com.simplemobiletools.notes.pro.debug:id/about_more_apps>
08-29 13:58:24.239  2705  2705 D IdlingResourceRegistry: All idling resources are idle.
08-29 13:58:24.240  2705  2705 D IdlingResourceRegistry: All idling resources are idle.
08-29 13:58:24.241  2705  2705 I ViewInteraction: Checking 'MatchesViewAssertion{viewMatcher=is displayed on the screen to the user}' assertion on view with id is <com.simplemobiletools.notes.pro.debug:id/about_invite>
08-29 13:58:24.241  2705  2705 D IdlingResourceRegistry: All idling resources are idle.
08-29 13:58:24.242  2705  2705 D IdlingResourceRegistry: All idling resources are idle.
08-29 13:58:24.242  2705  2705 I ViewInteraction: Checking 'MatchesViewAssertion{viewMatcher=is displayed on the screen to the user}' assertion on view with id is <com.simplemobiletools.notes.pro.debug:id/about_license>
08-29 13:58:24.243  2705  2705 D IdlingResourceRegistry: All idling resources are idle.
08-29 13:58:24.243  2705  2705 D IdlingResourceRegistry: All idling resources are idle.
08-29 13:58:24.244  2705  2705 I ViewInteraction: Checking 'MatchesViewAssertion{viewMatcher=is displayed on the screen to the user}' assertion on view with id is <com.simplemobiletools.notes.pro.debug:id/about_follow_us>
08-29 13:58:24.244  2705  2705 D IdlingResourceRegistry: All idling resources are idle.
08-29 13:58:24.245  2705  2705 D IdlingResourceRegistry: All idling resources are idle.
08-29 13:58:24.245  2705  2705 I ViewInteraction: Checking 'MatchesViewAssertion{viewMatcher=is displayed on the screen to the user}' assertion on view with id is <com.simplemobiletools.notes.pro.debug:id/about_facebook>
08-29 13:58:24.246  2705  2705 D IdlingResourceRegistry: All idling resources are idle.
08-29 13:58:24.246  2705  2705 D IdlingResourceRegistry: All idling resources are idle.
08-29 13:58:24.247  2705  2705 I ViewInteraction: Checking 'MatchesViewAssertion{viewMatcher=is displayed on the screen to the user}' assertion on view with id is <com.simplemobiletools.notes.pro.debug:id/about_reddit>
08-29 13:58:24.248  2705  2705 D IdlingResourceRegistry: All idling resources are idle.
08-29 13:58:24.248  2705  2705 D IdlingResourceRegistry: All idling resources are idle.
08-29 13:58:24.249  2705  2705 I ViewInteraction: Checking 'MatchesViewAssertion{viewMatcher=is displayed on the screen to the user}' assertion on view with id is <com.simplemobiletools.notes.pro.debug:id/about_copyright>
08-29 13:58:24.249  2705  2705 D IdlingResourceRegistry: All idling resources are idle.
08-29 13:58:24.250  2705  2705 D IdlingResourceRegistry: All idling resources are idle.
08-29 13:58:24.251  2705  2705 I ViewInteraction: Checking 'MatchesViewAssertion{viewMatcher=is displayed on the screen to the user}' assertion on view with content description text: is "Navigate up"
08-29 13:58:24.252  2705  2705 D IdlingResourceRegistry: All idling resources are idle.
08-29 13:58:24.252  2705  2705 D IdlingResourceRegistry: All idling resources are idle.
08-29 13:58:24.252  2705  2705 I ViewInteraction: Performing 'single click' action on view with content description text: is "Navigate up"
08-29 13:58:24.255  2705  2705 D IdlingResourceRegistry: All idling resources are idle.
08-29 13:58:24.297  2705  2705 I chatty  : uid=10184(com.simplemobiletools.notes.pro.debug) identical 8 lines
08-29 13:58:24.297  2705  2705 D IdlingResourceRegistry: All idling resources are idle.
08-29 13:58:24.317   316   316 D goldfish-address-space: claimShared: Ask to claim region [0x3190b3000 0x31a166000]
08-29 13:58:24.319   541  3061 I system_server: oneway function results will be dropped but finished with status OK and parcel size 4
08-29 13:58:24.334   316 22643 D goldfish-address-space: claimShared: Ask to claim region [0x31e166000 0x31f219000]
08-29 13:58:24.360  2705  2705 D LifecycleMonitor: Lifecycle status change: com.simplemobiletools.commons.activities.AboutActivity@cde7009 in: PAUSED
08-29 13:58:24.360  2705  2705 D LifecycleMonitor: running callback: androidx.test.core.app.ActivityScenario$1@11248e0
08-29 13:58:24.360  2705  2705 V ActivityScenario: Activity lifecycle changed event received but ignored because the intent does not match. startActivityIntent=Intent { act=android.intent.action.MAIN cat=[android.intent.category.LAUNCHER] cmp=com.simplemobiletools.notes.pro.debug/com.simplemobiletools.notes.pro.activities.MainActivity }, activity.getIntent()=Intent { cmp=com.simplemobiletools.notes.pro.debug/com.simplemobiletools.commons.activities.AboutActivity (has extras) }, activity=com.simplemobiletools.commons.activities.AboutActivity@cde7009
08-29 13:58:24.360  2705  2705 D LifecycleMonitor: callback completes: androidx.test.core.app.ActivityScenario$1@11248e0
08-29 13:58:24.362   541   746 W InputReader: Device virtio_input_multi_touch_9 is associated with display ADISPLAY_ID_NONE.
08-29 13:58:24.362   541   746 W InputReader: Device virtio_input_multi_touch_7 is associated with display ADISPLAY_ID_NONE.
08-29 13:58:24.362   541   746 W InputReader: Device virtio_input_multi_touch_10 is associated with display ADISPLAY_ID_NONE.
08-29 13:58:24.362   541   746 W InputReader: Device virtio_input_multi_touch_4 is associated with display ADISPLAY_ID_NONE.
08-29 13:58:24.362   541   746 W InputReader: Device virtio_input_multi_touch_11 is associated with display ADISPLAY_ID_NONE.
08-29 13:58:24.362   541   746 W InputReader: Device virtio_input_multi_touch_6 is associated with display ADISPLAY_ID_NONE.
08-29 13:58:24.362   541   746 W InputReader: Device virtio_input_multi_touch_5 is associated with display ADISPLAY_ID_NONE.
08-29 13:58:24.362   541   746 W InputReader: Device virtio_input_multi_touch_3 is associated with display ADISPLAY_ID_NONE.
08-29 13:58:24.362   541   746 W InputReader: Device virtio_input_multi_touch_2 is associated with display ADISPLAY_ID_NONE.
08-29 13:58:24.362   541   746 W InputReader: Device virtio_input_multi_touch_8 is associated with display ADISPLAY_ID_NONE.
08-29 13:58:24.362   541   746 W InputReader: Device virtio_input_multi_touch_9 is associated with display ADISPLAY_ID_NONE.
08-29 13:58:24.362   541   746 W InputReader: Device virtio_input_multi_touch_7 is associated with display ADISPLAY_ID_NONE.
08-29 13:58:24.362   541   746 W InputReader: Device virtio_input_multi_touch_10 is associated with display ADISPLAY_ID_NONE.
08-29 13:58:24.362   541   746 W InputReader: Device virtio_input_multi_touch_4 is associated with display ADISPLAY_ID_NONE.
08-29 13:58:24.362   541   746 W InputReader: Device virtio_input_multi_touch_11 is associated with display ADISPLAY_ID_NONE.
08-29 13:58:24.362   541   746 W InputReader: Device virtio_input_multi_touch_6 is associated with display ADISPLAY_ID_NONE.
08-29 13:58:24.362   541   746 W InputReader: Device virtio_input_multi_touch_5 is associated with display ADISPLAY_ID_NONE.
08-29 13:58:24.362   541   746 W InputReader: Device virtio_input_multi_touch_3 is associated with display ADISPLAY_ID_NONE.
08-29 13:58:24.362   541   746 W InputReader: Device virtio_input_multi_touch_2 is associated with display ADISPLAY_ID_NONE.
08-29 13:58:24.362   541   746 W InputReader: Device virtio_input_multi_touch_8 is associated with display ADISPLAY_ID_NONE.
08-29 13:58:24.364   541  3543 D HostConnection: HostConnection::get() New Host Connection established 0xad3435e0, tid 3543
08-29 13:58:24.366  2705  2705 D LifecycleMonitor: Lifecycle status change: com.simplemobiletools.notes.pro.activities.MainActivity@365a637 in: RESTARTED
08-29 13:58:24.367  2705  2705 D LifecycleMonitor: running callback: androidx.test.core.app.ActivityScenario$1@11248e0
08-29 13:58:24.367  2705  2705 V ActivityScenario: Update currentActivityStage to RESTARTED, currentActivity=com.simplemobiletools.notes.pro.activities.MainActivity@365a637
08-29 13:58:24.367  2705  2705 D LifecycleMonitor: callback completes: androidx.test.core.app.ActivityScenario$1@11248e0
08-29 13:58:24.367   541  3543 D HostConnection: HostComposition ext ANDROID_EMU_CHECKSUM_HELPER_v1 ANDROID_EMU_native_sync_v2 ANDROID_EMU_native_sync_v3 ANDROID_EMU_native_sync_v4 ANDROID_EMU_dma_v1 ANDROID_EMU_direct_mem ANDROID_EMU_host_composition_v1 ANDROID_EMU_host_composition_v2 ANDROID_EMU_vulkan ANDROID_EMU_deferred_vulkan_commands ANDROID_EMU_vulkan_null_optional_strings ANDROID_EMU_vulkan_create_resources_with_requirements ANDROID_EMU_YUV_Cache ANDROID_EMU_async_unmap_buffer ANDROID_EMU_vulkan_ignored_handles ANDROID_EMU_has_shared_slots_host_memory_allocator ANDROID_EMU_vulkan_free_memory_sync ANDROID_EMU_vulkan_shader_float16_int8 ANDROID_EMU_vulkan_async_queue_submit ANDROID_EMU_sync_buffer_data GL_OES_vertex_array_object GL_KHR_texture_compression_astc_ldr ANDROID_EMU_host_side_tracing ANDROID_EMU_async_frame_commands ANDROID_EMU_gles_max_version_2 
08-29 13:58:24.367  2705  2705 D LifecycleMonitor: Lifecycle status change: com.simplemobiletools.notes.pro.activities.MainActivity@365a637 in: STARTED
08-29 13:58:24.367  2705  2705 D LifecycleMonitor: running callback: androidx.test.core.app.ActivityScenario$1@11248e0
08-29 13:58:24.368   541  3543 W OpenGLRenderer: Failed to choose config with EGL_SWAP_BEHAVIOR_PRESERVED, retrying without...
08-29 13:58:24.368  2705  2705 V ActivityScenario: Update currentActivityStage to STARTED, currentActivity=com.simplemobiletools.notes.pro.activities.MainActivity@365a637
08-29 13:58:24.368  2705  2705 D LifecycleMonitor: callback completes: androidx.test.core.app.ActivityScenario$1@11248e0
08-29 13:58:24.386  2705  2705 D LifecycleMonitor: Lifecycle status change: com.simplemobiletools.notes.pro.activities.MainActivity@365a637 in: RESUMED
08-29 13:58:24.387  2705  2705 D LifecycleMonitor: running callback: androidx.test.core.app.ActivityScenario$1@11248e0
08-29 13:58:24.387  2705  2705 V ActivityScenario: Update currentActivityStage to RESUMED, currentActivity=com.simplemobiletools.notes.pro.activities.MainActivity@365a637
08-29 13:58:24.388  2705  2705 D LifecycleMonitor: callback completes: androidx.test.core.app.ActivityScenario$1@11248e0
08-29 13:58:24.392   541  3543 D EGL_emulation: eglCreateContext: 0xeaeb4810: maj 2 min 0 rcv 2
08-29 13:58:24.396   541  3543 D EGL_emulation: eglMakeCurrent: 0xeaeb4810: ver 2 0 (tinfo 0xb5657650) (first time)
08-29 13:58:24.419   316 22643 D goldfish-address-space: claimShared: Ask to claim region [0x320000000 0x3210b3000]
08-29 13:58:24.442   316 22643 D goldfish-address-space: claimShared: Ask to claim region [0x3210b3000 0x322166000]
08-29 13:58:24.447   541   746 I system_server: oneway function results will be dropped but finished with status OK and parcel size 4
08-29 13:58:24.474   316 22643 D goldfish-address-space: claimShared: Ask to claim region [0x324033000 0x3250e6000]
08-29 13:58:24.522  2705  2705 D IdlingResourceRegistry: All idling resources are idle.
08-29 13:58:24.523  2705  2705 D IdlingResourceRegistry: All idling resources are idle.
08-29 13:58:24.551  2705  2705 D LifecycleMonitor: Lifecycle status change: com.simplemobiletools.commons.activities.AboutActivity@cde7009 in: STOPPED
08-29 13:58:24.551  2705  2705 D LifecycleMonitor: running callback: androidx.test.core.app.ActivityScenario$1@11248e0
08-29 13:58:24.551  2705  2705 V ActivityScenario: Activity lifecycle changed event received but ignored because the intent does not match. startActivityIntent=Intent { act=android.intent.action.MAIN cat=[android.intent.category.LAUNCHER] cmp=com.simplemobiletools.notes.pro.debug/com.simplemobiletools.notes.pro.activities.MainActivity }, activity.getIntent()=Intent { cmp=com.simplemobiletools.notes.pro.debug/com.simplemobiletools.commons.activities.AboutActivity (has extras) }, activity=com.simplemobiletools.commons.activities.AboutActivity@cde7009
08-29 13:58:24.551  2705  2705 D LifecycleMonitor: callback completes: androidx.test.core.app.ActivityScenario$1@11248e0
08-29 13:58:24.552  2705  2705 D LifecycleMonitor: Lifecycle status change: com.simplemobiletools.commons.activities.AboutActivity@cde7009 in: DESTROYED
08-29 13:58:24.552  2705  2705 D LifecycleMonitor: running callback: androidx.test.core.app.ActivityScenario$1@11248e0
08-29 13:58:24.552  2705  2705 V ActivityScenario: Activity lifecycle changed event received but ignored because the intent does not match. startActivityIntent=Intent { act=android.intent.action.MAIN cat=[android.intent.category.LAUNCHER] cmp=com.simplemobiletools.notes.pro.debug/com.simplemobiletools.notes.pro.activities.MainActivity }, activity.getIntent()=Intent { cmp=com.simplemobiletools.notes.pro.debug/com.simplemobiletools.commons.activities.AboutActivity (has extras) }, activity=com.simplemobiletools.commons.activities.AboutActivity@cde7009
08-29 13:58:24.552  2705  2705 D LifecycleMonitor: callback completes: androidx.test.core.app.ActivityScenario$1@11248e0
08-29 13:58:24.675  2705  2705 D IdlingResourceRegistry: All idling resources are idle.
08-29 13:58:24.742  2705  2705 I chatty  : uid=10184(com.simplemobiletools.notes.pro.debug) identical 2 lines
08-29 13:58:24.742  2705  2705 D IdlingResourceRegistry: All idling resources are idle.
08-29 13:58:24.742  2705  2728 I Espresso Run: Verifying the main text panel is displayed
08-29 13:58:24.743  2705  2705 D IdlingResourceRegistry: All idling resources are idle.
08-29 13:58:24.743  2705  2705 D IdlingResourceRegistry: All idling resources are idle.
08-29 13:58:24.745  2705  2705 I ViewInteraction: Checking 'MatchesViewAssertion{viewMatcher=is displayed on the screen to the user}' assertion on view with id is <com.simplemobiletools.notes.pro.debug:id/action_bar>
08-29 13:58:24.747  2705  2728 I Espresso Run: ------------------------------------------------------------------------------------------
08-29 13:58:24.747  2705  2728 I Espresso Run: PASS aboutTest
08-29 13:58:24.747  2705  2728 I Espresso Run: ------------------------------------------------------------------------------------------
08-29 13:58:24.754   541  3061 I ActivityTaskManager: START u0 {act=android.intent.action.MAIN cat=[android.intent.category.LAUNCHER] flg=0x10000000 cmp=com.simplemobiletools.notes.pro.debug/androidx.test.core.app.InstrumentationActivityInvoker$EmptyActivity} from uid 10184
08-29 13:58:24.754   541   588 D EventSequenceValidator: Transition from INTENT_FAILED to INTENT_STARTED
08-29 13:58:24.761   404   404 I perfetto: ing_service_impl.cc:758 Configured tracing session 417, #sources:1, duration:5000 ms, #buffers:1, total buffer size:4096 KB, total sessions:3, uid:1071 session name: ""
