--------- beginning of main
08-29 13:40:37.949  1273  1273 D LifecycleMonitor: Lifecycle status change: com.simplemobiletools.notes.pro.activities.MainActivity@2e5b736 in: PRE_ON_CREATE
08-29 13:40:37.949  1273  1273 D LifecycleMonitor: running callback: androidx.test.core.app.ActivityScenario$1@b7406e3
08-29 13:40:37.950  1273  1273 V ActivityScenario: Activity lifecycle changed event received but ignored because the reported transition was not ON_CREATE while the last known transition was PRE_ON_CREATE
08-29 13:40:37.950  1273  1273 D LifecycleMonitor: callback completes: androidx.test.core.app.ActivityScenario$1@b7406e3
08-29 13:40:37.968  1273  1273 E notes.pro.debu: Invalid ID 0x00000000.
08-29 13:40:38.018  1273  1273 W notes.pro.debu: Accessing hidden method Landroid/view/View;->computeFitSystemWindows(Landroid/graphics/Rect;Landroid/graphics/Rect;)Z (greylist, reflection, allowed)
08-29 13:40:38.019  1273  1273 W notes.pro.debu: Accessing hidden method Landroid/view/ViewGroup;->makeOptionalFitsSystemWindows()V (greylist, reflection, allowed)
08-29 13:40:38.029   316   360 D goldfish-address-space: claimShared: Ask to claim region [0x31c000000 0x31d0b3000]
08-29 13:40:38.129  1273  1273 D LifecycleMonitor: Lifecycle status change: com.simplemobiletools.notes.pro.activities.MainActivity@2e5b736 in: CREATED
08-29 13:40:38.129  1273  1273 D LifecycleMonitor: running callback: androidx.test.core.app.ActivityScenario$1@b7406e3
08-29 13:40:38.130  1273  1273 V ActivityScenario: Update currentActivityStage to CREATED, currentActivity=com.simplemobiletools.notes.pro.activities.MainActivity@2e5b736
08-29 13:40:38.130  1273  1273 D LifecycleMonitor: callback completes: androidx.test.core.app.ActivityScenario$1@b7406e3
08-29 13:40:38.133  1273  1273 D LifecycleMonitor: Lifecycle status change: com.simplemobiletools.notes.pro.activities.MainActivity@2e5b736 in: STARTED
08-29 13:40:38.134  1273  1273 D LifecycleMonitor: running callback: androidx.test.core.app.ActivityScenario$1@b7406e3
08-29 13:40:38.134  1273  1273 V ActivityScenario: Update currentActivityStage to STARTED, currentActivity=com.simplemobiletools.notes.pro.activities.MainActivity@2e5b736
08-29 13:40:38.134  1273  1273 D LifecycleMonitor: callback completes: androidx.test.core.app.ActivityScenario$1@b7406e3
--------- beginning of system
08-29 13:40:38.144   541 14832 D CompatibilityChangeReporter: Compat change id reported: 149924527; UID 10178; state: ENABLED
08-29 13:40:38.145   541 14832 D CompatibilityChangeReporter: Compat change id reported: 132649864; UID 10178; state: DISABLED
08-29 13:40:38.168  1273  1273 D LifecycleMonitor: Lifecycle status change: com.simplemobiletools.notes.pro.activities.MainActivity@2e5b736 in: RESUMED
08-29 13:40:38.168  1273  1273 D LifecycleMonitor: running callback: androidx.test.core.app.ActivityScenario$1@b7406e3
08-29 13:40:38.168  1273  1273 V ActivityScenario: Update currentActivityStage to RESUMED, currentActivity=com.simplemobiletools.notes.pro.activities.MainActivity@2e5b736
08-29 13:40:38.168  1273  1273 D LifecycleMonitor: callback completes: androidx.test.core.app.ActivityScenario$1@b7406e3
08-29 13:40:38.169  1273  1307 I Espresso Run: ------------------------------------------------------------------------------------------
08-29 13:40:38.169  1273  1307 I Espresso Run: Test: aboutTest
08-29 13:40:38.169  1273  1307 I Espresso Run: ------------------------------------------------------------------------------------------
08-29 13:40:38.170  1273  1307 I Espresso Run: Verifying the main text panel is displayed
08-29 13:40:38.207  1273  1307 D EventInjectionStrategy: Creating injection strategy with input manager.
08-29 13:40:38.207  1273  1307 W notes.pro.debu: Accessing hidden method Landroid/hardware/input/InputManager;->getInstance()Landroid/hardware/input/InputManager; (greylist, reflection, allowed)
08-29 13:40:38.207  1273  1307 W notes.pro.debu: Accessing hidden method Landroid/hardware/input/InputManager;->injectInputEvent(Landroid/view/InputEvent;I)Z (greylist, reflection, allowed)
08-29 13:40:38.208  1273  1307 W notes.pro.debu: Accessing hidden field Landroid/hardware/input/InputManager;->INJECT_INPUT_EVENT_MODE_WAIT_FOR_FINISH:I (greylist, reflection, allowed)
08-29 13:40:38.218  1273  1357 D HostConnection: HostConnection::get() New Host Connection established 0xeaeb8400, tid 1357
08-29 13:40:38.220  1273  1357 D HostConnection: HostComposition ext ANDROID_EMU_CHECKSUM_HELPER_v1 ANDROID_EMU_native_sync_v2 ANDROID_EMU_native_sync_v3 ANDROID_EMU_native_sync_v4 ANDROID_EMU_dma_v1 ANDROID_EMU_direct_mem ANDROID_EMU_host_composition_v1 ANDROID_EMU_host_composition_v2 ANDROID_EMU_vulkan ANDROID_EMU_deferred_vulkan_commands ANDROID_EMU_vulkan_null_optional_strings ANDROID_EMU_vulkan_create_resources_with_requirements ANDROID_EMU_YUV_Cache ANDROID_EMU_async_unmap_buffer ANDROID_EMU_vulkan_ignored_handles ANDROID_EMU_has_shared_slots_host_memory_allocator ANDROID_EMU_vulkan_free_memory_sync ANDROID_EMU_vulkan_shader_float16_int8 ANDROID_EMU_vulkan_async_queue_submit ANDROID_EMU_sync_buffer_data GL_OES_vertex_array_object GL_KHR_texture_compression_astc_ldr ANDROID_EMU_host_side_tracing ANDROID_EMU_async_frame_commands ANDROID_EMU_gles_max_version_2 
08-29 13:40:38.228   174   174 I hwservicemanager: getTransport: Cannot find entry android.hardware.configstore@1.0::ISurfaceFlingerConfigs/default in either framework or device manifest.
08-29 13:40:38.228  1273  1357 W OpenGLRenderer: Failed to choose config with EGL_SWAP_BEHAVIOR_PRESERVED, retrying without...
08-29 13:40:38.246  1273  1357 D EGL_emulation: eglCreateContext: 0xeaeb74b0: maj 2 min 0 rcv 2
08-29 13:40:38.249  1273  1357 D EGL_emulation: eglMakeCurrent: 0xeaeb74b0: ver 2 0 (tinfo 0xeb1fc430) (first time)
08-29 13:40:38.255   316   360 D goldfish-address-space: claimShared: Ask to claim region [0x31d0b3000 0x31e166000]
08-29 13:40:38.266   174   174 I hwservicemanager: getTransport: Cannot find entry android.hardware.graphics.mapper@4.0::IMapper/default in either framework or device manifest.
08-29 13:40:38.266  1273  1357 I Gralloc4: mapper 4.x is not supported
08-29 13:40:38.267  1273  1357 D HostConnection: createUnique: call
08-29 13:40:38.267  1273  1357 D HostConnection: HostConnection::get() New Host Connection established 0xeaeb7c20, tid 1357
08-29 13:40:38.267  1273  1357 D goldfish-address-space: allocate: Ask for block of size 0x100
08-29 13:40:38.267  1273  1357 D goldfish-address-space: allocate: ioctl allocate returned offset 0x31bffe000 size 0x2000
08-29 13:40:38.270  1273  1357 D HostConnection: HostComposition ext ANDROID_EMU_CHECKSUM_HELPER_v1 ANDROID_EMU_native_sync_v2 ANDROID_EMU_native_sync_v3 ANDROID_EMU_native_sync_v4 ANDROID_EMU_dma_v1 ANDROID_EMU_direct_mem ANDROID_EMU_host_composition_v1 ANDROID_EMU_host_composition_v2 ANDROID_EMU_vulkan ANDROID_EMU_deferred_vulkan_commands ANDROID_EMU_vulkan_null_optional_strings ANDROID_EMU_vulkan_create_resources_with_requirements ANDROID_EMU_YUV_Cache ANDROID_EMU_async_unmap_buffer ANDROID_EMU_vulkan_ignored_handles ANDROID_EMU_has_shared_slots_host_memory_allocator ANDROID_EMU_vulkan_free_memory_sync ANDROID_EMU_vulkan_shader_float16_int8 ANDROID_EMU_vulkan_async_queue_submit ANDROID_EMU_sync_buffer_data GL_OES_vertex_array_object GL_KHR_texture_compression_astc_ldr ANDROID_EMU_host_side_tracing ANDROID_EMU_async_frame_commands ANDROID_EMU_gles_max_version_2 
08-29 13:40:38.272   316   360 D goldfish-address-space: claimShared: Ask to claim region [0x3210b3000 0x322166000]
08-29 13:40:38.285   316   360 D goldfish-address-space: claimShared: Ask to claim region [0x324033000 0x3250e6000]
08-29 13:40:38.348   541   596 D ArtManagerInternalImpl: /data/misc/iorapd/com.simplemobiletools.notes.pro.debug/84/com.simplemobiletools.notes.pro.activities.MainActivity/compiled_traces/compiled_trace.pb doesn't exist
08-29 13:40:38.349   541   596 I ActivityTaskManager: Displayed com.simplemobiletools.notes.pro.debug/com.simplemobiletools.notes.pro.activities.MainActivity: +625ms
08-29 13:40:38.350   541   588 D EventSequenceValidator: Transition from ACTIVITY_LAUNCHED to ACTIVITY_FINISHED
08-29 13:40:38.409   370   392 W ServiceManager: Permission failure: android.permission.ACCESS_SURFACE_FLINGER from uid=10178 pid=1273
08-29 13:40:38.409   370   392 D PermissionCache: checking android.permission.ACCESS_SURFACE_FLINGER for uid=10178 => denied (276 us)
08-29 13:40:38.435  1273  1273 D LifecycleMonitor: Lifecycle status change: androidx.test.core.app.InstrumentationActivityInvoker$BootstrapActivity@79bbf12 in: STOPPED
08-29 13:40:38.435  1273  1273 D LifecycleMonitor: running callback: androidx.test.core.app.ActivityScenario$1@b7406e3
08-29 13:40:38.435  1273  1273 V ActivityScenario: Activity lifecycle changed event received but ignored because the intent does not match. startActivityIntent=Intent { act=android.intent.action.MAIN cat=[android.intent.category.LAUNCHER] cmp=com.simplemobiletools.notes.pro.debug/com.simplemobiletools.notes.pro.activities.MainActivity }, activity.getIntent()=Intent { act=android.intent.action.MAIN cat=[android.intent.category.LAUNCHER] flg=0x10008000 cmp=com.simplemobiletools.notes.pro.debug/androidx.test.core.app.InstrumentationActivityInvoker$BootstrapActivity (has extras) }, activity=androidx.test.core.app.InstrumentationActivityInvoker$BootstrapActivity@79bbf12
08-29 13:40:38.435  1273  1273 D LifecycleMonitor: callback completes: androidx.test.core.app.ActivityScenario$1@b7406e3
08-29 13:40:38.437  1273  1273 D IdlingResourceRegistry: All idling resources are idle.
08-29 13:40:38.440  1273  1273 W notes.pro.debu: Accessing hidden method Landroid/os/MessageQueue;->next()Landroid/os/Message; (greylist, reflection, allowed)
08-29 13:40:38.441  1273  1273 W notes.pro.debu: Accessing hidden field Landroid/os/MessageQueue;->mMessages:Landroid/os/Message; (greylist, reflection, allowed)
08-29 13:40:38.441  1273  1273 W notes.pro.debu: Accessing hidden method Landroid/os/Message;->recycleUnchecked()V (greylist, reflection, allowed)
08-29 13:40:38.547   541   541 D AutofillInlineSuggestionsRequestSession: onCreateInlineSuggestionsRequestLocked called: 1073741825@1887198974
08-29 13:40:38.548   541   541 D AutofillInlineSuggestionsRequestSession: onInlineSuggestionsUnsupported() called.
08-29 13:40:38.559  1273  1273 I AssistStructure: Flattened final assist data: 2784 bytes, containing 1 windows, 20 views
08-29 13:40:38.561  1273  1273 D IdlingResourceRegistry: All idling resources are idle.
08-29 13:40:38.563  1397  1397 I LatinIME: Starting input. Cursor position = 0,0
08-29 13:40:38.567  1273  1273 W notes.pro.debu: Accessing hidden method Landroid/view/WindowManagerGlobal;->getInstance()Landroid/view/WindowManagerGlobal; (greylist, reflection, allowed)
08-29 13:40:38.567  1273  1273 W notes.pro.debu: Accessing hidden field Landroid/view/WindowManagerGlobal;->mViews:Ljava/util/ArrayList; (greylist, reflection, allowed)
08-29 13:40:38.567  1273  1273 W notes.pro.debu: Accessing hidden field Landroid/view/WindowManagerGlobal;->mParams:Ljava/util/ArrayList; (greylist, reflection, allowed)
08-29 13:40:38.568 19013 19013 W kqw     : Pending fill request while another request in the same session was triggered. [CONTEXT service_id=177 ]
08-29 13:40:38.576  1273  1273 I ViewInteraction: Checking 'MatchesViewAssertion{viewMatcher=is displayed on the screen to the user}' assertion on view with id is <com.simplemobiletools.notes.pro.debug:id/action_bar>
08-29 13:40:38.577  1273  1307 I Espresso Run: Opening the menu
08-29 13:40:38.578  1273  1273 D IdlingResourceRegistry: All idling resources are idle.
08-29 13:40:38.578  1273  1273 D IdlingResourceRegistry: All idling resources are idle.
08-29 13:40:38.579  1273  1273 I ViewInteraction: Checking 'MatchesViewAssertion{viewMatcher=is displayed on the screen to the user}' assertion on view with content description text: is "More options"
08-29 13:40:38.582  1273  1307 W notes.pro.debu: Accessing hidden method Landroid/view/ViewConfiguration;->getDoubleTapMinTime()I (greylist, reflection, allowed)
08-29 13:40:38.591  1273  1273 D IdlingResourceRegistry: All idling resources are idle.
08-29 13:40:38.591  1273  1273 D IdlingResourceRegistry: All idling resources are idle.
08-29 13:40:38.593  1273  1273 I ViewInteraction: Performing 'single click' action on view with content description text: is "More options"
08-29 13:40:38.598   355   355 I android.hardware.vibrator-service.example: Vibrator reporting capabilities
08-29 13:40:38.599   541   541 D AutofillInlineSuggestionsRequestSession: onInlineSuggestionsResponseLocked called for:1073741825@1887198974
08-29 13:40:38.600  1348  1348 V InlineSuggestionRenderService: handleDestroySuggestionViews called for 0:1887198974
08-29 13:40:38.600  1273  1273 D IdlingResourceRegistry: All idling resources are idle.
08-29 13:40:38.601   541   586 D AutofillUI: destroySaveUiUiThread(): already destroyed
08-29 13:40:38.614  1273  1273 I chatty  : uid=10178(com.simplemobiletools.notes.pro.debug) identical 2 lines
08-29 13:40:38.614  1273  1273 D IdlingResourceRegistry: All idling resources are idle.
08-29 13:40:38.618   316   360 D goldfish-address-space: claimShared: Ask to claim region [0x31e166000 0x31f128000]
08-29 13:40:38.624  1273  1273 D IdlingResourceRegistry: All idling resources are idle.
08-29 13:40:38.631  1273  1273 I chatty  : uid=10178(com.simplemobiletools.notes.pro.debug) identical 2 lines
08-29 13:40:38.631  1273  1273 D IdlingResourceRegistry: All idling resources are idle.
08-29 13:40:38.648   316   360 D goldfish-address-space: claimShared: Ask to claim region [0x31c000000 0x31cfc2000]
08-29 13:40:38.651  1273  1273 D IdlingResourceRegistry: All idling resources are idle.
08-29 13:40:38.651  1273  1273 D IdlingResourceRegistry: All idling resources are idle.
08-29 13:40:38.662   316   360 D goldfish-address-space: claimShared: Ask to claim region [0x320000000 0x320fc2000]
08-29 13:40:38.703   541 14832 I system_server: oneway function results will be dropped but finished with status OK and parcel size 4
08-29 13:40:38.714   541 14832 I system_server: oneway function results will be dropped but finished with status OK and parcel size 4
08-29 13:40:38.736  1273  1273 W notes.pro.debu: Accessing hidden field Landroid/widget/AbsListView;->mIsChildViewEnabled:Z (greylist, reflection, allowed)
08-29 13:40:38.787   316   360 D goldfish-address-space: claimShared: Ask to claim region [0x31f21c000 0x31f6f9000]
08-29 13:40:38.800   316   360 D goldfish-address-space: claimShared: Ask to claim region [0x31f6f9000 0x31fbd6000]
08-29 13:40:38.810   316   360 D goldfish-address-space: claimShared: Ask to claim region [0x32321e000 0x3236fb000]
08-29 13:40:38.839   541 14832 I system_server: oneway function results will be dropped but finished with status OK and parcel size 4
08-29 13:40:38.855  1273  1292 I notes.pro.debu: JIT allocated 74KB for compiled code of void android.view.View.<init>(android.content.Context, android.util.AttributeSet, int, int)
08-29 13:40:38.903   316   360 D goldfish-address-space: claimShared: Ask to claim region [0x31f21c000 0x31f6f9000]
08-29 13:40:38.930   316   360 D goldfish-address-space: claimShared: Ask to claim region [0x31f6f9000 0x31fbd6000]
08-29 13:40:38.941   316   360 D goldfish-address-space: claimShared: Ask to claim region [0x3250e6000 0x326199000]
08-29 13:40:38.987   316   360 D goldfish-address-space: claimShared: Ask to claim region [0x326199000 0x32724c000]
08-29 13:40:39.012  1273  1273 D IdlingResourceRegistry: All idling resources are idle.
08-29 13:40:39.229  1273  1273 I chatty  : uid=10178(com.simplemobiletools.notes.pro.debug) identical 4 lines
08-29 13:40:39.229  1273  1273 D IdlingResourceRegistry: All idling resources are idle.
08-29 13:40:39.229  1273  1307 I Espresso Run: Clicking on about
08-29 13:40:39.231  1273  1273 D IdlingResourceRegistry: All idling resources are idle.
08-29 13:40:39.231  1273  1273 D IdlingResourceRegistry: All idling resources are idle.
08-29 13:40:39.232  1273  1273 I ViewInteraction: Checking 'MatchesViewAssertion{viewMatcher=is displayed on the screen to the user}' assertion on view with text: is "About"
08-29 13:40:39.233  1273  1273 D IdlingResourceRegistry: All idling resources are idle.
08-29 13:40:39.233  1273  1273 D IdlingResourceRegistry: All idling resources are idle.
08-29 13:40:39.234  1273  1273 I ViewInteraction: Performing 'single click' action on view with text: is "About"
08-29 13:40:39.239  1273  1273 D IdlingResourceRegistry: All idling resources are idle.
08-29 13:40:39.294  1273  1273 I chatty  : uid=10178(com.simplemobiletools.notes.pro.debug) identical 10 lines
08-29 13:40:39.294  1273  1273 D IdlingResourceRegistry: All idling resources are idle.
08-29 13:40:39.295   316   360 D goldfish-address-space: claimShared: Ask to claim region [0x31cfc2000 0x31d49f000]
08-29 13:40:39.348   541   746 I ActivityTaskManager: START u0 {cmp=com.simplemobiletools.notes.pro.debug/com.simplemobiletools.commons.activities.AboutActivity (has extras)} from uid 10178
08-29 13:40:39.349   541   588 D EventSequenceValidator: Transition from ACTIVITY_FINISHED to INTENT_STARTED
08-29 13:40:39.351   404   404 I perfetto: ing_service_impl.cc:758 Configured tracing session 379, #sources:1, duration:5000 ms, #buffers:1, total buffer size:4096 KB, total sessions:2, uid:1071 session name: ""
08-29 13:40:39.351   402   402 I perfetto: probes_producer.cc:230  Ftrace setup (target_buf=379)
08-29 13:40:39.352   541 14832 I system_server: oneway function results will be dropped but finished with status OK and parcel size 4
08-29 13:40:39.357   541   588 D EventSequenceValidator: Transition from INTENT_STARTED to INTENT_FAILED
08-29 13:40:39.366  1273  1273 D LifecycleMonitor: Lifecycle status change: com.simplemobiletools.notes.pro.activities.MainActivity@2e5b736 in: PAUSED
08-29 13:40:39.366  1273  1273 D LifecycleMonitor: running callback: androidx.test.core.app.ActivityScenario$1@b7406e3
08-29 13:40:39.367  1273  1273 V ActivityScenario: Update currentActivityStage to PAUSED, currentActivity=com.simplemobiletools.notes.pro.activities.MainActivity@2e5b736
08-29 13:40:39.367  1273  1273 D LifecycleMonitor: callback completes: androidx.test.core.app.ActivityScenario$1@b7406e3
08-29 13:40:39.368   541   746 W ActivityTaskManager: Tried to set launchTime (0) < mLastActivityLaunchTime (41364766)
08-29 13:40:39.368   541   746 W InputReader: Device virtio_input_multi_touch_9 is associated with display ADISPLAY_ID_NONE.
08-29 13:40:39.368   541   746 W InputReader: Device virtio_input_multi_touch_7 is associated with display ADISPLAY_ID_NONE.
08-29 13:40:39.368   541   746 W InputReader: Device virtio_input_multi_touch_10 is associated with display ADISPLAY_ID_NONE.
08-29 13:40:39.368   541   746 W InputReader: Device virtio_input_multi_touch_4 is associated with display ADISPLAY_ID_NONE.
08-29 13:40:39.368   541   746 W InputReader: Device virtio_input_multi_touch_11 is associated with display ADISPLAY_ID_NONE.
08-29 13:40:39.368   541   746 W InputReader: Device virtio_input_multi_touch_6 is associated with display ADISPLAY_ID_NONE.
08-29 13:40:39.368   541   746 W InputReader: Device virtio_input_multi_touch_5 is associated with display ADISPLAY_ID_NONE.
08-29 13:40:39.368   541   746 W InputReader: Device virtio_input_multi_touch_3 is associated with display ADISPLAY_ID_NONE.
08-29 13:40:39.368   541   746 W InputReader: Device virtio_input_multi_touch_2 is associated with display ADISPLAY_ID_NONE.
08-29 13:40:39.368   541   746 W InputReader: Device virtio_input_multi_touch_8 is associated with display ADISPLAY_ID_NONE.
08-29 13:40:39.368   541   746 W InputReader: Device virtio_input_multi_touch_9 is associated with display ADISPLAY_ID_NONE.
08-29 13:40:39.368   541   746 W InputReader: Device virtio_input_multi_touch_7 is associated with display ADISPLAY_ID_NONE.
08-29 13:40:39.368   541   746 W InputReader: Device virtio_input_multi_touch_10 is associated with display ADISPLAY_ID_NONE.
08-29 13:40:39.368   541   746 W InputReader: Device virtio_input_multi_touch_4 is associated with display ADISPLAY_ID_NONE.
08-29 13:40:39.368   541   746 W InputReader: Device virtio_input_multi_touch_11 is associated with display ADISPLAY_ID_NONE.
08-29 13:40:39.368   541   746 W InputReader: Device virtio_input_multi_touch_6 is associated with display ADISPLAY_ID_NONE.
08-29 13:40:39.368   541   746 W InputReader: Device virtio_input_multi_touch_5 is associated with display ADISPLAY_ID_NONE.
08-29 13:40:39.369   541   746 W InputReader: Device virtio_input_multi_touch_3 is associated with display ADISPLAY_ID_NONE.
08-29 13:40:39.369   541   746 W InputReader: Device virtio_input_multi_touch_2 is associated with display ADISPLAY_ID_NONE.
08-29 13:40:39.369   541   746 W InputReader: Device virtio_input_multi_touch_8 is associated with display ADISPLAY_ID_NONE.
08-29 13:40:39.395  1273  1273 D LifecycleMonitor: Lifecycle status change: com.simplemobiletools.commons.activities.AboutActivity@5931d10 in: PRE_ON_CREATE
08-29 13:40:39.395  1273  1273 D LifecycleMonitor: running callback: androidx.test.core.app.ActivityScenario$1@b7406e3
08-29 13:40:39.395  1273  1273 V ActivityScenario: Activity lifecycle changed event received but ignored because the intent does not match. startActivityIntent=Intent { act=android.intent.action.MAIN cat=[android.intent.category.LAUNCHER] cmp=com.simplemobiletools.notes.pro.debug/com.simplemobiletools.notes.pro.activities.MainActivity }, activity.getIntent()=Intent { cmp=com.simplemobiletools.notes.pro.debug/com.simplemobiletools.commons.activities.AboutActivity (has extras) }, activity=com.simplemobiletools.commons.activities.AboutActivity@5931d10
08-29 13:40:39.395  1273  1273 D LifecycleMonitor: callback completes: androidx.test.core.app.ActivityScenario$1@b7406e3
08-29 13:40:39.423  1273  1273 D LifecycleMonitor: Lifecycle status change: com.simplemobiletools.commons.activities.AboutActivity@5931d10 in: CREATED
08-29 13:40:39.423  1273  1273 D LifecycleMonitor: running callback: androidx.test.core.app.ActivityScenario$1@b7406e3
08-29 13:40:39.423  1273  1273 V ActivityScenario: Activity lifecycle changed event received but ignored because the intent does not match. startActivityIntent=Intent { act=android.intent.action.MAIN cat=[android.intent.category.LAUNCHER] cmp=com.simplemobiletools.notes.pro.debug/com.simplemobiletools.notes.pro.activities.MainActivity }, activity.getIntent()=Intent { cmp=com.simplemobiletools.notes.pro.debug/com.simplemobiletools.commons.activities.AboutActivity (has extras) }, activity=com.simplemobiletools.commons.activities.AboutActivity@5931d10
08-29 13:40:39.423  1273  1273 D LifecycleMonitor: callback completes: androidx.test.core.app.ActivityScenario$1@b7406e3
08-29 13:40:39.426  1273  1273 D LifecycleMonitor: Lifecycle status change: com.simplemobiletools.commons.activities.AboutActivity@5931d10 in: STARTED
08-29 13:40:39.426  1273  1273 D LifecycleMonitor: running callback: androidx.test.core.app.ActivityScenario$1@b7406e3
08-29 13:40:39.426  1273  1273 V ActivityScenario: Activity lifecycle changed event received but ignored because the intent does not match. startActivityIntent=Intent { act=android.intent.action.MAIN cat=[android.intent.category.LAUNCHER] cmp=com.simplemobiletools.notes.pro.debug/com.simplemobiletools.notes.pro.activities.MainActivity }, activity.getIntent()=Intent { cmp=com.simplemobiletools.notes.pro.debug/com.simplemobiletools.commons.activities.AboutActivity (has extras) }, activity=com.simplemobiletools.commons.activities.AboutActivity@5931d10
08-29 13:40:39.426  1273  1273 D LifecycleMonitor: callback completes: androidx.test.core.app.ActivityScenario$1@b7406e3
08-29 13:40:39.434  1273  1273 D LifecycleMonitor: Lifecycle status change: com.simplemobiletools.commons.activities.AboutActivity@5931d10 in: RESUMED
08-29 13:40:39.434  1273  1273 D LifecycleMonitor: running callback: androidx.test.core.app.ActivityScenario$1@b7406e3
08-29 13:40:39.434  1273  1273 V ActivityScenario: Activity lifecycle changed event received but ignored because the intent does not match. startActivityIntent=Intent { act=android.intent.action.MAIN cat=[android.intent.category.LAUNCHER] cmp=com.simplemobiletools.notes.pro.debug/com.simplemobiletools.notes.pro.activities.MainActivity }, activity.getIntent()=Intent { cmp=com.simplemobiletools.notes.pro.debug/com.simplemobiletools.commons.activities.AboutActivity (has extras) }, activity=com.simplemobiletools.commons.activities.AboutActivity@5931d10
08-29 13:40:39.434  1273  1273 D LifecycleMonitor: callback completes: androidx.test.core.app.ActivityScenario$1@b7406e3
08-29 13:40:39.456   316   360 D goldfish-address-space: claimShared: Ask to claim region [0x31cfc2000 0x31e075000]
08-29 13:40:39.482   541   746 I system_server: oneway function results will be dropped but finished with status OK and parcel size 4
08-29 13:40:39.506   316   360 D goldfish-address-space: claimShared: Ask to claim region [0x328000000 0x3290b3000]
08-29 13:40:39.516   316   360 D goldfish-address-space: claimShared: Ask to claim region [0x3290b3000 0x32a166000]
08-29 13:40:39.544   541   596 I ActivityTaskManager: Displayed com.simplemobiletools.notes.pro.debug/com.simplemobiletools.commons.activities.AboutActivity: +194ms
08-29 13:40:39.616  1273  1273 D LifecycleMonitor: Lifecycle status change: com.simplemobiletools.notes.pro.activities.MainActivity@2e5b736 in: STOPPED
08-29 13:40:39.616  1273  1273 D LifecycleMonitor: running callback: androidx.test.core.app.ActivityScenario$1@b7406e3
08-29 13:40:39.616  1273  1273 V ActivityScenario: Update currentActivityStage to STOPPED, currentActivity=com.simplemobiletools.notes.pro.activities.MainActivity@2e5b736
08-29 13:40:39.616  1273  1273 D LifecycleMonitor: callback completes: androidx.test.core.app.ActivityScenario$1@b7406e3
08-29 13:40:39.641   316   360 D goldfish-address-space: claimShared: Ask to claim region [0x320fc2000 0x322075000]
08-29 13:40:39.701   316   360 D goldfish-address-space: claimShared: Ask to claim region [0x31e075000 0x31f128000]
08-29 13:40:39.730  1273  1273 D IdlingResourceRegistry: All idling resources are idle.
08-29 13:40:39.799  1273  1273 I chatty  : uid=10178(com.simplemobiletools.notes.pro.debug) identical 4 lines
08-29 13:40:39.799  1273  1273 D IdlingResourceRegistry: All idling resources are idle.
08-29 13:40:39.800  1273  1273 I ViewInteraction: Checking 'MatchesViewAssertion{viewMatcher=is displayed on the screen to the user}' assertion on view with text: is "About"
08-29 13:40:39.802  1273  1273 D IdlingResourceRegistry: All idling resources are idle.
08-29 13:40:39.802  1273  1273 D IdlingResourceRegistry: All idling resources are idle.
08-29 13:40:39.804  1273  1273 I ViewInteraction: Checking 'MatchesViewAssertion{viewMatcher=is displayed on the screen to the user}' assertion on view with id is <com.simplemobiletools.notes.pro.debug:id/about_email>
08-29 13:40:39.806  1273  1273 D IdlingResourceRegistry: All idling resources are idle.
08-29 13:40:39.807  1273  1273 D IdlingResourceRegistry: All idling resources are idle.
08-29 13:40:39.809  1273  1273 I ViewInteraction: Checking 'MatchesViewAssertion{viewMatcher=is displayed on the screen to the user}' assertion on view with id is <com.simplemobiletools.notes.pro.debug:id/about_faq>
08-29 13:40:39.811  1273  1273 D IdlingResourceRegistry: All idling resources are idle.
08-29 13:40:39.811  1273  1273 D IdlingResourceRegistry: All idling resources are idle.
08-29 13:40:39.814  1273  1273 I ViewInteraction: Checking 'MatchesViewAssertion{viewMatcher=is displayed on the screen to the user}' assertion on view with id is <com.simplemobiletools.notes.pro.debug:id/about_faq_label>
08-29 13:40:39.814  1273  1273 D IdlingResourceRegistry: All idling resources are idle.
08-29 13:40:39.815  1273  1273 D IdlingResourceRegistry: All idling resources are idle.
08-29 13:40:39.816  1273  1273 I ViewInteraction: Checking 'MatchesViewAssertion{viewMatcher=is displayed on the screen to the user}' assertion on view with id is <com.simplemobiletools.notes.pro.debug:id/about_more_apps>
08-29 13:40:39.818  1273  1273 D IdlingResourceRegistry: All idling resources are idle.
08-29 13:40:39.818  1273  1273 D IdlingResourceRegistry: All idling resources are idle.
08-29 13:40:39.820  1273  1273 I ViewInteraction: Checking 'MatchesViewAssertion{viewMatcher=is displayed on the screen to the user}' assertion on view with id is <com.simplemobiletools.notes.pro.debug:id/about_invite>
08-29 13:40:39.821  1273  1273 D IdlingResourceRegistry: All idling resources are idle.
08-29 13:40:39.821  1273  1273 D IdlingResourceRegistry: All idling resources are idle.
08-29 13:40:39.822  1273  1273 I ViewInteraction: Checking 'MatchesViewAssertion{viewMatcher=is displayed on the screen to the user}' assertion on view with id is <com.simplemobiletools.notes.pro.debug:id/about_license>
08-29 13:40:39.823  1273  1273 D IdlingResourceRegistry: All idling resources are idle.
08-29 13:40:39.823  1273  1273 D IdlingResourceRegistry: All idling resources are idle.
08-29 13:40:39.824  1273  1273 I ViewInteraction: Checking 'MatchesViewAssertion{viewMatcher=is displayed on the screen to the user}' assertion on view with id is <com.simplemobiletools.notes.pro.debug:id/about_follow_us>
08-29 13:40:39.824  1273  1273 D IdlingResourceRegistry: All idling resources are idle.
08-29 13:40:39.824  1273  1273 D IdlingResourceRegistry: All idling resources are idle.
08-29 13:40:39.826  1273  1273 I ViewInteraction: Checking 'MatchesViewAssertion{viewMatcher=is displayed on the screen to the user}' assertion on view with id is <com.simplemobiletools.notes.pro.debug:id/about_facebook>
08-29 13:40:39.827  1273  1273 D IdlingResourceRegistry: All idling resources are idle.
08-29 13:40:39.827  1273  1273 D IdlingResourceRegistry: All idling resources are idle.
08-29 13:40:39.828  1273  1273 I ViewInteraction: Checking 'MatchesViewAssertion{viewMatcher=is displayed on the screen to the user}' assertion on view with id is <com.simplemobiletools.notes.pro.debug:id/about_reddit>
08-29 13:40:39.829  1273  1273 D IdlingResourceRegistry: All idling resources are idle.
08-29 13:40:39.829  1273  1273 D IdlingResourceRegistry: All idling resources are idle.
08-29 13:40:39.830  1273  1273 I ViewInteraction: Checking 'MatchesViewAssertion{viewMatcher=is displayed on the screen to the user}' assertion on view with id is <com.simplemobiletools.notes.pro.debug:id/about_copyright>
08-29 13:40:39.831  1273  1273 D IdlingResourceRegistry: All idling resources are idle.
08-29 13:40:39.831  1273  1273 D IdlingResourceRegistry: All idling resources are idle.
08-29 13:40:39.833  1273  1273 I ViewInteraction: Checking 'MatchesViewAssertion{viewMatcher=is displayed on the screen to the user}' assertion on view with content description text: is "Navigate up"
08-29 13:40:39.834  1273  1273 D IdlingResourceRegistry: All idling resources are idle.
08-29 13:40:39.834  1273  1273 D IdlingResourceRegistry: All idling resources are idle.
08-29 13:40:39.834  1273  1273 I ViewInteraction: Performing 'single click' action on view with content description text: is "Navigate up"
08-29 13:40:39.839  1273  1273 D IdlingResourceRegistry: All idling resources are idle.
08-29 13:40:39.877  1273  1273 I chatty  : uid=10178(com.simplemobiletools.notes.pro.debug) identical 10 lines
08-29 13:40:39.877  1273  1273 D IdlingResourceRegistry: All idling resources are idle.
08-29 13:40:39.894   316   360 D goldfish-address-space: claimShared: Ask to claim region [0x31c000000 0x31d0b3000]
08-29 13:40:39.903   541 10085 I system_server: oneway function results will be dropped but finished with status OK and parcel size 4
08-29 13:40:39.923   316   316 D goldfish-address-space: claimShared: Ask to claim region [0x324033000 0x3250e6000]
08-29 13:40:39.963  1273  1273 D LifecycleMonitor: Lifecycle status change: com.simplemobiletools.commons.activities.AboutActivity@5931d10 in: PAUSED
08-29 13:40:39.963  1273  1273 D LifecycleMonitor: running callback: androidx.test.core.app.ActivityScenario$1@b7406e3
08-29 13:40:39.963  1273  1273 V ActivityScenario: Activity lifecycle changed event received but ignored because the intent does not match. startActivityIntent=Intent { act=android.intent.action.MAIN cat=[android.intent.category.LAUNCHER] cmp=com.simplemobiletools.notes.pro.debug/com.simplemobiletools.notes.pro.activities.MainActivity }, activity.getIntent()=Intent { cmp=com.simplemobiletools.notes.pro.debug/com.simplemobiletools.commons.activities.AboutActivity (has extras) }, activity=com.simplemobiletools.commons.activities.AboutActivity@5931d10
08-29 13:40:39.963  1273  1273 D LifecycleMonitor: callback completes: androidx.test.core.app.ActivityScenario$1@b7406e3
08-29 13:40:39.966   541 14832 W InputReader: Device virtio_input_multi_touch_9 is associated with display ADISPLAY_ID_NONE.
08-29 13:40:39.966   541 14832 W InputReader: Device virtio_input_multi_touch_7 is associated with display ADISPLAY_ID_NONE.
08-29 13:40:39.966   541 14832 W InputReader: Device virtio_input_multi_touch_10 is associated with display ADISPLAY_ID_NONE.
08-29 13:40:39.966   541 14832 W InputReader: Device virtio_input_multi_touch_4 is associated with display ADISPLAY_ID_NONE.
08-29 13:40:39.966   541 14832 W InputReader: Device virtio_input_multi_touch_11 is associated with display ADISPLAY_ID_NONE.
08-29 13:40:39.966   541 14832 W InputReader: Device virtio_input_multi_touch_6 is associated with display ADISPLAY_ID_NONE.
08-29 13:40:39.966   541 14832 W InputReader: Device virtio_input_multi_touch_5 is associated with display ADISPLAY_ID_NONE.
08-29 13:40:39.966   541 14832 W InputReader: Device virtio_input_multi_touch_3 is associated with display ADISPLAY_ID_NONE.
08-29 13:40:39.966   541 14832 W InputReader: Device virtio_input_multi_touch_2 is associated with display ADISPLAY_ID_NONE.
08-29 13:40:39.966   541 14832 W InputReader: Device virtio_input_multi_touch_8 is associated with display ADISPLAY_ID_NONE.
08-29 13:40:39.966   541 14832 W InputReader: Device virtio_input_multi_touch_9 is associated with display ADISPLAY_ID_NONE.
08-29 13:40:39.966   541 14832 W InputReader: Device virtio_input_multi_touch_7 is associated with display ADISPLAY_ID_NONE.
08-29 13:40:39.966   541 14832 W InputReader: Device virtio_input_multi_touch_10 is associated with display ADISPLAY_ID_NONE.
08-29 13:40:39.966   541 14832 W InputReader: Device virtio_input_multi_touch_4 is associated with display ADISPLAY_ID_NONE.
08-29 13:40:39.966   541 14832 W InputReader: Device virtio_input_multi_touch_11 is associated with display ADISPLAY_ID_NONE.
08-29 13:40:39.966   541 14832 W InputReader: Device virtio_input_multi_touch_6 is associated with display ADISPLAY_ID_NONE.
08-29 13:40:39.966   541 14832 W InputReader: Device virtio_input_multi_touch_5 is associated with display ADISPLAY_ID_NONE.
08-29 13:40:39.967   541 14832 W InputReader: Device virtio_input_multi_touch_3 is associated with display ADISPLAY_ID_NONE.
08-29 13:40:39.967   541 14832 W InputReader: Device virtio_input_multi_touch_2 is associated with display ADISPLAY_ID_NONE.
08-29 13:40:39.967   541 14832 W InputReader: Device virtio_input_multi_touch_8 is associated with display ADISPLAY_ID_NONE.
08-29 13:40:39.979   541  3543 D HostConnection: HostConnection::get() New Host Connection established 0xeaea7680, tid 3543
08-29 13:40:39.984   541  3543 D HostConnection: HostComposition ext ANDROID_EMU_CHECKSUM_HELPER_v1 ANDROID_EMU_native_sync_v2 ANDROID_EMU_native_sync_v3 ANDROID_EMU_native_sync_v4 ANDROID_EMU_dma_v1 ANDROID_EMU_direct_mem ANDROID_EMU_host_composition_v1 ANDROID_EMU_host_composition_v2 ANDROID_EMU_vulkan ANDROID_EMU_deferred_vulkan_commands ANDROID_EMU_vulkan_null_optional_strings ANDROID_EMU_vulkan_create_resources_with_requirements ANDROID_EMU_YUV_Cache ANDROID_EMU_async_unmap_buffer ANDROID_EMU_vulkan_ignored_handles ANDROID_EMU_has_shared_slots_host_memory_allocator ANDROID_EMU_vulkan_free_memory_sync ANDROID_EMU_vulkan_shader_float16_int8 ANDROID_EMU_vulkan_async_queue_submit ANDROID_EMU_sync_buffer_data GL_OES_vertex_array_object GL_KHR_texture_compression_astc_ldr ANDROID_EMU_host_side_tracing ANDROID_EMU_async_frame_commands ANDROID_EMU_gles_max_version_2 
08-29 13:40:39.986   541  3543 W OpenGLRenderer: Failed to choose config with EGL_SWAP_BEHAVIOR_PRESERVED, retrying without...
08-29 13:40:39.987  1273  1273 D LifecycleMonitor: Lifecycle status change: com.simplemobiletools.notes.pro.activities.MainActivity@2e5b736 in: RESTARTED
08-29 13:40:39.987  1273  1273 D LifecycleMonitor: running callback: androidx.test.core.app.ActivityScenario$1@b7406e3
08-29 13:40:39.987  1273  1273 V ActivityScenario: Update currentActivityStage to RESTARTED, currentActivity=com.simplemobiletools.notes.pro.activities.MainActivity@2e5b736
08-29 13:40:39.988  1273  1273 D LifecycleMonitor: callback completes: androidx.test.core.app.ActivityScenario$1@b7406e3
08-29 13:40:40.006   541  3543 D EGL_emulation: eglCreateContext: 0xeaeb8d30: maj 2 min 0 rcv 2
08-29 13:40:40.010  1273  1273 D LifecycleMonitor: Lifecycle status change: com.simplemobiletools.notes.pro.activities.MainActivity@2e5b736 in: STARTED
08-29 13:40:40.010  1273  1273 D LifecycleMonitor: running callback: androidx.test.core.app.ActivityScenario$1@b7406e3
08-29 13:40:40.010  1273  1273 V ActivityScenario: Update currentActivityStage to STARTED, currentActivity=com.simplemobiletools.notes.pro.activities.MainActivity@2e5b736
08-29 13:40:40.010  1273  1273 D LifecycleMonitor: callback completes: androidx.test.core.app.ActivityScenario$1@b7406e3
08-29 13:40:40.011   541  3543 D EGL_emulation: eglMakeCurrent: 0xeaeb8d30: ver 2 0 (tinfo 0xb5657650) (first time)
08-29 13:40:40.020  1273  1273 D LifecycleMonitor: Lifecycle status change: com.simplemobiletools.notes.pro.activities.MainActivity@2e5b736 in: RESUMED
08-29 13:40:40.021  1273  1273 D LifecycleMonitor: running callback: androidx.test.core.app.ActivityScenario$1@b7406e3
08-29 13:40:40.021  1273  1273 V ActivityScenario: Update currentActivityStage to RESUMED, currentActivity=com.simplemobiletools.notes.pro.activities.MainActivity@2e5b736
08-29 13:40:40.022  1273  1273 D LifecycleMonitor: callback completes: androidx.test.core.app.ActivityScenario$1@b7406e3
08-29 13:40:40.038   541 14832 I system_server: oneway function results will be dropped but finished with status OK and parcel size 4
08-29 13:40:40.075   316   360 D goldfish-address-space: claimShared: Ask to claim region [0x3250e6000 0x326199000]
08-29 13:40:40.103   316   360 D goldfish-address-space: claimShared: Ask to claim region [0x326199000 0x32724c000]
08-29 13:40:40.118   316   360 D goldfish-address-space: claimShared: Ask to claim region [0x328000000 0x3290b3000]
08-29 13:40:40.151  1273  1273 D IdlingResourceRegistry: All idling resources are idle.
08-29 13:40:40.151  1273  1273 D IdlingResourceRegistry: All idling resources are idle.
08-29 13:40:40.184  1273  1273 D LifecycleMonitor: Lifecycle status change: com.simplemobiletools.commons.activities.AboutActivity@5931d10 in: STOPPED
08-29 13:40:40.184  1273  1273 D LifecycleMonitor: running callback: androidx.test.core.app.ActivityScenario$1@b7406e3
08-29 13:40:40.184  1273  1273 V ActivityScenario: Activity lifecycle changed event received but ignored because the intent does not match. startActivityIntent=Intent { act=android.intent.action.MAIN cat=[android.intent.category.LAUNCHER] cmp=com.simplemobiletools.notes.pro.debug/com.simplemobiletools.notes.pro.activities.MainActivity }, activity.getIntent()=Intent { cmp=com.simplemobiletools.notes.pro.debug/com.simplemobiletools.commons.activities.AboutActivity (has extras) }, activity=com.simplemobiletools.commons.activities.AboutActivity@5931d10
08-29 13:40:40.185  1273  1273 D LifecycleMonitor: callback completes: androidx.test.core.app.ActivityScenario$1@b7406e3
08-29 13:40:40.186  1273  1273 D LifecycleMonitor: Lifecycle status change: com.simplemobiletools.commons.activities.AboutActivity@5931d10 in: DESTROYED
08-29 13:40:40.186  1273  1273 D LifecycleMonitor: running callback: androidx.test.core.app.ActivityScenario$1@b7406e3
08-29 13:40:40.186  1273  1273 V ActivityScenario: Activity lifecycle changed event received but ignored because the intent does not match. startActivityIntent=Intent { act=android.intent.action.MAIN cat=[android.intent.category.LAUNCHER] cmp=com.simplemobiletools.notes.pro.debug/com.simplemobiletools.notes.pro.activities.MainActivity }, activity.getIntent()=Intent { cmp=com.simplemobiletools.notes.pro.debug/com.simplemobiletools.commons.activities.AboutActivity (has extras) }, activity=com.simplemobiletools.commons.activities.AboutActivity@5931d10
08-29 13:40:40.186  1273  1273 D LifecycleMonitor: callback completes: androidx.test.core.app.ActivityScenario$1@b7406e3
08-29 13:40:40.305  1273  1273 D IdlingResourceRegistry: All idling resources are idle.
08-29 13:40:40.375  1273  1273 I chatty  : uid=10178(com.simplemobiletools.notes.pro.debug) identical 2 lines
08-29 13:40:40.376  1273  1273 D IdlingResourceRegistry: All idling resources are idle.
08-29 13:40:40.377  1273  1307 I Espresso Run: Verifying the main text panel is displayed
08-29 13:40:40.379  1273  1273 D IdlingResourceRegistry: All idling resources are idle.
08-29 13:40:40.380  1273  1273 D IdlingResourceRegistry: All idling resources are idle.
08-29 13:40:40.386  1273  1273 I ViewInteraction: Checking 'MatchesViewAssertion{viewMatcher=is displayed on the screen to the user}' assertion on view with id is <com.simplemobiletools.notes.pro.debug:id/action_bar>
08-29 13:40:40.388  1273  1307 I Espresso Run: ------------------------------------------------------------------------------------------
08-29 13:40:40.388  1273  1307 I Espresso Run: PASS aboutTest
08-29 13:40:40.388  1273  1307 I Espresso Run: ------------------------------------------------------------------------------------------
08-29 13:40:40.396   541 10085 I ActivityTaskManager: START u0 {act=android.intent.action.MAIN cat=[android.intent.category.LAUNCHER] flg=0x10000000 cmp=com.simplemobiletools.notes.pro.debug/androidx.test.core.app.InstrumentationActivityInvoker$EmptyActivity} from uid 10178
08-29 13:40:40.398   541   588 D EventSequenceValidator: Transition from INTENT_FAILED to INTENT_STARTED
08-29 13:40:40.402   404   404 I perfetto: ing_service_impl.cc:758 Configured tracing session 380, #sources:1, duration:5000 ms, #buffers:1, total buffer size:4096 KB, total sessions:3, uid:1071 session name: ""
08-29 13:40:40.403   402   402 I perfetto: probes_producer.cc:230  Ftrace setup (target_buf=380)
08-29 13:40:40.404   541   588 D EventSequenceValidator: Transition from INTENT_STARTED to INTENT_FAILED
08-29 13:40:40.405  1273  1273 D LifecycleMonitor: Lifecycle status change: com.simplemobiletools.notes.pro.activities.MainActivity@2e5b736 in: PAUSED
08-29 13:40:40.405  1273  1273 D LifecycleMonitor: running callback: androidx.test.core.app.ActivityScenario$1@b7406e3
08-29 13:40:40.405  1273  1273 V ActivityScenario: Update currentActivityStage to PAUSED, currentActivity=com.simplemobiletools.notes.pro.activities.MainActivity@2e5b736
08-29 13:40:40.405  1273  1273 D LifecycleMonitor: callback completes: androidx.test.core.app.ActivityScenario$1@b7406e3
08-29 13:40:40.406   541 10085 W ActivityTaskManager: Tried to set launchTime (0) < mLastActivityLaunchTime (41366244)
08-29 13:40:40.407   541 10085 W InputReader: Device virtio_input_multi_touch_9 is associated with display ADISPLAY_ID_NONE.
08-29 13:40:40.407   541 10085 W InputReader: Device virtio_input_multi_touch_7 is associated with display ADISPLAY_ID_NONE.
08-29 13:40:40.407   541 10085 W InputReader: Device virtio_input_multi_touch_10 is associated with display ADISPLAY_ID_NONE.
08-29 13:40:40.407   541 10085 W InputReader: Device virtio_input_multi_touch_4 is associated with display ADISPLAY_ID_NONE.
08-29 13:40:40.407   541 10085 W InputReader: Device virtio_input_multi_touch_11 is associated with display ADISPLAY_ID_NONE.
08-29 13:40:40.407   541 10085 W InputReader: Device virtio_input_multi_touch_6 is associated with display ADISPLAY_ID_NONE.
08-29 13:40:40.407   541 10085 W InputReader: Device virtio_input_multi_touch_5 is associated with display ADISPLAY_ID_NONE.
08-29 13:40:40.407   541 10085 W InputReader: Device virtio_input_multi_touch_3 is associated with display ADISPLAY_ID_NONE.
08-29 13:40:40.407   541 10085 W InputReader: Device virtio_input_multi_touch_2 is associated with display ADISPLAY_ID_NONE.
08-29 13:40:40.407   541 10085 W InputReader: Device virtio_input_multi_touch_8 is associated with display ADISPLAY_ID_NONE.
08-29 13:40:40.407   541 10085 W InputReader: Device virtio_input_multi_touch_9 is associated with display ADISPLAY_ID_NONE.
08-29 13:40:40.407   541 10085 W InputReader: Device virtio_input_multi_touch_7 is associated with display ADISPLAY_ID_NONE.
08-29 13:40:40.407   541 10085 W InputReader: Device virtio_input_multi_touch_10 is associated with display ADISPLAY_ID_NONE.
08-29 13:40:40.407   541 10085 W InputReader: Device virtio_input_multi_touch_4 is associated with display ADISPLAY_ID_NONE.
08-29 13:40:40.407   541 10085 W InputReader: Device virtio_input_multi_touch_11 is associated with display ADISPLAY_ID_NONE.
08-29 13:40:40.407   541 10085 W InputReader: Device virtio_input_multi_touch_6 is associated with display ADISPLAY_ID_NONE.
08-29 13:40:40.407   541 10085 W InputReader: Device virtio_input_multi_touch_5 is associated with display ADISPLAY_ID_NONE.
08-29 13:40:40.408   541 10085 W InputReader: Device virtio_input_multi_touch_3 is associated with display ADISPLAY_ID_NONE.
08-29 13:40:40.408   541 10085 W InputReader: Device virtio_input_multi_touch_2 is associated with display ADISPLAY_ID_NONE.
08-29 13:40:40.408   541 10085 W InputReader: Device virtio_input_multi_touch_8 is associated with display ADISPLAY_ID_NONE.
08-29 13:40:40.415  1273  1273 D LifecycleMonitor: Lifecycle status change: androidx.test.core.app.InstrumentationActivityInvoker$EmptyActivity@796f563 in: PRE_ON_CREATE
08-29 13:40:40.415  1273  1273 D LifecycleMonitor: running callback: androidx.test.core.app.ActivityScenario$1@b7406e3
08-29 13:40:40.415  1273  1273 V ActivityScenario: Activity lifecycle changed event received but ignored because the intent does not match. startActivityIntent=Intent { act=android.intent.action.MAIN cat=[android.intent.category.LAUNCHER] cmp=com.simplemobiletools.notes.pro.debug/com.simplemobiletools.notes.pro.activities.MainActivity }, activity.getIntent()=Intent { act=android.intent.action.MAIN cat=[android.intent.category.LAUNCHER] flg=0x10000000 cmp=com.simplemobiletools.notes.pro.debug/androidx.test.core.app.InstrumentationActivityInvoker$EmptyActivity }, activity=androidx.test.core.app.InstrumentationActivityInvoker$EmptyActivity@796f563
08-29 13:40:40.415  1273  1273 D LifecycleMonitor: callback completes: androidx.test.core.app.ActivityScenario$1@b7406e3
08-29 13:40:40.419  1273  1273 D LifecycleMonitor: Lifecycle status change: androidx.test.core.app.InstrumentationActivityInvoker$EmptyActivity@796f563 in: CREATED
08-29 13:40:40.419  1273  1273 D LifecycleMonitor: running callback: androidx.test.core.app.ActivityScenario$1@b7406e3
08-29 13:40:40.419  1273  1273 V ActivityScenario: Activity lifecycle changed event received but ignored because the intent does not match. startActivityIntent=Intent { act=android.intent.action.MAIN cat=[android.intent.category.LAUNCHER] cmp=com.simplemobiletools.notes.pro.debug/com.simplemobiletools.notes.pro.activities.MainActivity }, activity.getIntent()=Intent { act=android.intent.action.MAIN cat=[android.intent.category.LAUNCHER] flg=0x10000000 cmp=com.simplemobiletools.notes.pro.debug/androidx.test.core.app.InstrumentationActivityInvoker$EmptyActivity }, activity=androidx.test.core.app.InstrumentationActivityInvoker$EmptyActivity@796f563
08-29 13:40:40.420  1273  1273 D LifecycleMonitor: callback completes: androidx.test.core.app.ActivityScenario$1@b7406e3
08-29 13:40:40.423  1273  1273 D LifecycleMonitor: Lifecycle status change: androidx.test.core.app.InstrumentationActivityInvoker$EmptyActivity@796f563 in: STARTED
08-29 13:40:40.423  1273  1273 D LifecycleMonitor: running callback: androidx.test.core.app.ActivityScenario$1@b7406e3
08-29 13:40:40.423  1273  1273 V ActivityScenario: Activity lifecycle changed event received but ignored because the intent does not match. startActivityIntent=Intent { act=android.intent.action.MAIN cat=[android.intent.category.LAUNCHER] cmp=com.simplemobiletools.notes.pro.debug/com.simplemobiletools.notes.pro.activities.MainActivity }, activity.getIntent()=Intent { act=android.intent.action.MAIN cat=[android.intent.category.LAUNCHER] flg=0x10000000 cmp=com.simplemobiletools.notes.pro.debug/androidx.test.core.app.InstrumentationActivityInvoker$EmptyActivity }, activity=androidx.test.core.app.InstrumentationActivityInvoker$EmptyActivity@796f563
08-29 13:40:40.423  1273  1273 D LifecycleMonitor: callback completes: androidx.test.core.app.ActivityScenario$1@b7406e3
08-29 13:40:40.425  1273  1273 D LifecycleMonitor: Lifecycle status change: androidx.test.core.app.InstrumentationActivityInvoker$EmptyActivity@796f563 in: RESUMED
08-29 13:40:40.425  1273  1273 D LifecycleMonitor: running callback: androidx.test.core.app.ActivityScenario$1@b7406e3
