08-29 13:40:40.425  1273  1273 V ActivityScenario: Activity lifecycle changed event received but ignored because the intent does not match. startActivityIntent=Intent { act=android.intent.action.MAIN cat=[android.intent.category.LAUNCHER] cmp=com.simplemobiletools.notes.pro.debug/com.simplemobiletools.notes.pro.activities.MainActivity }, activity.getIntent()=Intent { act=android.intent.action.MAIN cat=[android.intent.category.LAUNCHER] flg=0x10000000 cmp=com.simplemobiletools.notes.pro.debug/androidx.test.core.app.InstrumentationActivityInvoker$EmptyActivity }, activity=androidx.test.core.app.InstrumentationActivityInvoker$EmptyActivity@796f563
08-29 13:40:40.425  1273  1273 D LifecycleMonitor: callback completes: androidx.test.core.app.ActivityScenario$1@b7406e3
08-29 13:40:40.449   316   360 D goldfish-address-space: claimShared: Ask to claim region [0x31d0b3000 0x31e166000]
08-29 13:40:40.478   316   360 D goldfish-address-space: claimShared: Ask to claim region [0x31e166000 0x31f219000]
08-29 13:40:40.488   316   360 D goldfish-address-space: claimShared: Ask to claim region [0x320000000 0x3210b3000]
08-29 13:40:40.513   541   596 I ActivityTaskManager: Displayed com.simplemobiletools.notes.pro.debug/androidx.test.core.app.InstrumentationActivityInvoker$EmptyActivity: +115ms
08-29 13:40:40.517   541 10085 I ActivityTaskManager: START u0 {act=android.intent.action.MAIN cat=[android.intent.category.LAUNCHER] flg=0x10000000 cmp=com.simplemobiletools.notes.pro.debug/androidx.test.core.app.InstrumentationActivityInvoker$EmptyActivity} from uid 10178
08-29 13:40:40.517   541   588 D EventSequenceValidator: Transition from INTENT_FAILED to INTENT_STARTED
08-29 13:40:40.521  1273  1273 D LifecycleMonitor: Lifecycle status change: com.simplemobiletools.notes.pro.activities.MainActivity@2e5b736 in: STOPPED
08-29 13:40:40.521  1273  1273 D LifecycleMonitor: running callback: androidx.test.core.app.ActivityScenario$1@b7406e3
08-29 13:40:40.521  1273  1273 V ActivityScenario: Update currentActivityStage to STOPPED, currentActivity=com.simplemobiletools.notes.pro.activities.MainActivity@2e5b736
08-29 13:40:40.521  1273  1273 D LifecycleMonitor: callback completes: androidx.test.core.app.ActivityScenario$1@b7406e3
08-29 13:40:40.523  1273  1273 D AutofillManager: onActivityFinishing(): calling cancelLocked()
08-29 13:40:40.525   541   588 D EventSequenceValidator: Transition from INTENT_STARTED to INTENT_FAILED
08-29 13:40:40.527   404   404 I perfetto: ing_service_impl.cc:758 Configured tracing session 381, #sources:1, duration:5000 ms, #buffers:1, total buffer size:4096 KB, total sessions:4, uid:1071 session name: ""
08-29 13:40:40.528  1273  1273 D LifecycleMonitor: Lifecycle status change: com.simplemobiletools.notes.pro.activities.MainActivity@2e5b736 in: DESTROYED
08-29 13:40:40.528  1273  1273 D LifecycleMonitor: running callback: androidx.test.core.app.ActivityScenario$1@b7406e3
08-29 13:40:40.528  1273  1273 V ActivityScenario: Update currentActivityStage to DESTROYED, currentActivity=null
08-29 13:40:40.528  1273  1273 D LifecycleMonitor: callback completes: androidx.test.core.app.ActivityScenario$1@b7406e3
08-29 13:40:40.528   402   402 I perfetto: probes_producer.cc:230  Ftrace setup (target_buf=381)
08-29 13:40:40.541  1273  1273 D LifecycleMonitor: Lifecycle status change: androidx.test.core.app.InstrumentationActivityInvoker$EmptyActivity@796f563 in: PAUSED
08-29 13:40:40.541  1273  1273 D LifecycleMonitor: running callback: androidx.test.core.app.ActivityScenario$1@b7406e3
08-29 13:40:40.541  1273  1273 V ActivityScenario: Activity lifecycle changed event received but ignored because the intent does not match. startActivityIntent=Intent { act=android.intent.action.MAIN cat=[android.intent.category.LAUNCHER] cmp=com.simplemobiletools.notes.pro.debug/com.simplemobiletools.notes.pro.activities.MainActivity }, activity.getIntent()=Intent { act=android.intent.action.MAIN cat=[android.intent.category.LAUNCHER] flg=0x10000000 cmp=com.simplemobiletools.notes.pro.debug/androidx.test.core.app.InstrumentationActivityInvoker$EmptyActivity }, activity=androidx.test.core.app.InstrumentationActivityInvoker$EmptyActivity@796f563
08-29 13:40:40.541  1273  1273 D LifecycleMonitor: callback completes: androidx.test.core.app.ActivityScenario$1@b7406e3
08-29 13:40:40.541   541   746 W ActivityTaskManager: Tried to set launchTime (0) < mLastActivityLaunchTime (41367284)
08-29 13:40:40.542   541   746 W InputReader: Device virtio_input_multi_touch_9 is associated with display ADISPLAY_ID_NONE.
08-29 13:40:40.542   541   746 W InputReader: Device virtio_input_multi_touch_7 is associated with display ADISPLAY_ID_NONE.
08-29 13:40:40.542   541   746 W InputReader: Device virtio_input_multi_touch_10 is associated with display ADISPLAY_ID_NONE.
08-29 13:40:40.542   541   746 W InputReader: Device virtio_input_multi_touch_4 is associated with display ADISPLAY_ID_NONE.
08-29 13:40:40.542   541   746 W InputReader: Device virtio_input_multi_touch_11 is associated with display ADISPLAY_ID_NONE.
08-29 13:40:40.542   541   746 W InputReader: Device virtio_input_multi_touch_6 is associated with display ADISPLAY_ID_NONE.
08-29 13:40:40.542   541   746 W InputReader: Device virtio_input_multi_touch_5 is associated with display ADISPLAY_ID_NONE.
08-29 13:40:40.542   541   746 W InputReader: Device virtio_input_multi_touch_3 is associated with display ADISPLAY_ID_NONE.
08-29 13:40:40.542   541   746 W InputReader: Device virtio_input_multi_touch_2 is associated with display ADISPLAY_ID_NONE.
08-29 13:40:40.542   541   746 W InputReader: Device virtio_input_multi_touch_8 is associated with display ADISPLAY_ID_NONE.
08-29 13:40:40.542   541   746 W InputReader: Device virtio_input_multi_touch_9 is associated with display ADISPLAY_ID_NONE.
08-29 13:40:40.542   541   746 W InputReader: Device virtio_input_multi_touch_7 is associated with display ADISPLAY_ID_NONE.
08-29 13:40:40.542   541   746 W InputReader: Device virtio_input_multi_touch_10 is associated with display ADISPLAY_ID_NONE.
08-29 13:40:40.542   541   746 W InputReader: Device virtio_input_multi_touch_4 is associated with display ADISPLAY_ID_NONE.
08-29 13:40:40.542   541   746 W InputReader: Device virtio_input_multi_touch_11 is associated with display ADISPLAY_ID_NONE.
08-29 13:40:40.542   541   746 W InputReader: Device virtio_input_multi_touch_6 is associated with display ADISPLAY_ID_NONE.
08-29 13:40:40.542   541   746 W InputReader: Device virtio_input_multi_touch_5 is associated with display ADISPLAY_ID_NONE.
08-29 13:40:40.542   541   746 W InputReader: Device virtio_input_multi_touch_3 is associated with display ADISPLAY_ID_NONE.
08-29 13:40:40.542   541   746 W InputReader: Device virtio_input_multi_touch_2 is associated with display ADISPLAY_ID_NONE.
08-29 13:40:40.542   541   746 W InputReader: Device virtio_input_multi_touch_8 is associated with display ADISPLAY_ID_NONE.
08-29 13:40:40.546  1273  1273 D LifecycleMonitor: Lifecycle status change: androidx.test.core.app.InstrumentationActivityInvoker$BootstrapActivity@79bbf12 in: DESTROYED
08-29 13:40:40.546  1273  1273 D LifecycleMonitor: running callback: androidx.test.core.app.ActivityScenario$1@b7406e3
08-29 13:40:40.547  1273  1273 V ActivityScenario: Activity lifecycle changed event received but ignored because the intent does not match. startActivityIntent=Intent { act=android.intent.action.MAIN cat=[android.intent.category.LAUNCHER] cmp=com.simplemobiletools.notes.pro.debug/com.simplemobiletools.notes.pro.activities.MainActivity }, activity.getIntent()=Intent { act=android.intent.action.MAIN cat=[android.intent.category.LAUNCHER] flg=0x10008000 cmp=com.simplemobiletools.notes.pro.debug/androidx.test.core.app.InstrumentationActivityInvoker$BootstrapActivity (has extras) }, activity=androidx.test.core.app.InstrumentationActivityInvoker$BootstrapActivity@79bbf12
08-29 13:40:40.547  1273  1273 D LifecycleMonitor: callback completes: androidx.test.core.app.ActivityScenario$1@b7406e3
08-29 13:40:40.551  1273  1273 D LifecycleMonitor: Lifecycle status change: androidx.test.core.app.InstrumentationActivityInvoker$EmptyActivity@c7c4bbc in: PRE_ON_CREATE
08-29 13:40:40.551  1273  1273 D LifecycleMonitor: running callback: androidx.test.core.app.ActivityScenario$1@b7406e3
08-29 13:40:40.551  1273  1273 V ActivityScenario: Activity lifecycle changed event received but ignored because the intent does not match. startActivityIntent=Intent { act=android.intent.action.MAIN cat=[android.intent.category.LAUNCHER] cmp=com.simplemobiletools.notes.pro.debug/com.simplemobiletools.notes.pro.activities.MainActivity }, activity.getIntent()=Intent { act=android.intent.action.MAIN cat=[android.intent.category.LAUNCHER] flg=0x10000000 cmp=com.simplemobiletools.notes.pro.debug/androidx.test.core.app.InstrumentationActivityInvoker$EmptyActivity }, activity=androidx.test.core.app.InstrumentationActivityInvoker$EmptyActivity@c7c4bbc
08-29 13:40:40.552  1273  1273 D LifecycleMonitor: callback completes: androidx.test.core.app.ActivityScenario$1@b7406e3
08-29 13:40:40.557  1273  1273 D LifecycleMonitor: Lifecycle status change: androidx.test.core.app.InstrumentationActivityInvoker$EmptyActivity@c7c4bbc in: CREATED
08-29 13:40:40.557  1273  1273 D LifecycleMonitor: running callback: androidx.test.core.app.ActivityScenario$1@b7406e3
08-29 13:40:40.557  1273  1273 V ActivityScenario: Activity lifecycle changed event received but ignored because the intent does not match. startActivityIntent=Intent { act=android.intent.action.MAIN cat=[android.intent.category.LAUNCHER] cmp=com.simplemobiletools.notes.pro.debug/com.simplemobiletools.notes.pro.activities.MainActivity }, activity.getIntent()=Intent { act=android.intent.action.MAIN cat=[android.intent.category.LAUNCHER] flg=0x10000000 cmp=com.simplemobiletools.notes.pro.debug/androidx.test.core.app.InstrumentationActivityInvoker$EmptyActivity }, activity=androidx.test.core.app.InstrumentationActivityInvoker$EmptyActivity@c7c4bbc
08-29 13:40:40.557  1273  1273 D LifecycleMonitor: callback completes: androidx.test.core.app.ActivityScenario$1@b7406e3
08-29 13:40:40.558  1273  1273 D LifecycleMonitor: Lifecycle status change: androidx.test.core.app.InstrumentationActivityInvoker$EmptyActivity@c7c4bbc in: STARTED
08-29 13:40:40.558  1273  1273 D LifecycleMonitor: running callback: androidx.test.core.app.ActivityScenario$1@b7406e3
08-29 13:40:40.559  1273  1273 V ActivityScenario: Activity lifecycle changed event received but ignored because the intent does not match. startActivityIntent=Intent { act=android.intent.action.MAIN cat=[android.intent.category.LAUNCHER] cmp=com.simplemobiletools.notes.pro.debug/com.simplemobiletools.notes.pro.activities.MainActivity }, activity.getIntent()=Intent { act=android.intent.action.MAIN cat=[android.intent.category.LAUNCHER] flg=0x10000000 cmp=com.simplemobiletools.notes.pro.debug/androidx.test.core.app.InstrumentationActivityInvoker$EmptyActivity }, activity=androidx.test.core.app.InstrumentationActivityInvoker$EmptyActivity@c7c4bbc
08-29 13:40:40.559  1273  1273 D LifecycleMonitor: callback completes: androidx.test.core.app.ActivityScenario$1@b7406e3
08-29 13:40:40.559  1273  1273 D LifecycleMonitor: Lifecycle status change: androidx.test.core.app.InstrumentationActivityInvoker$EmptyActivity@c7c4bbc in: RESUMED
08-29 13:40:40.559  1273  1273 D LifecycleMonitor: running callback: androidx.test.core.app.ActivityScenario$1@b7406e3
08-29 13:40:40.559  1273  1273 V ActivityScenario: Activity lifecycle changed event received but ignored because the intent does not match. startActivityIntent=Intent { act=android.intent.action.MAIN cat=[android.intent.category.LAUNCHER] cmp=com.simplemobiletools.notes.pro.debug/com.simplemobiletools.notes.pro.activities.MainActivity }, activity.getIntent()=Intent { act=android.intent.action.MAIN cat=[android.intent.category.LAUNCHER] flg=0x10000000 cmp=com.simplemobiletools.notes.pro.debug/androidx.test.core.app.InstrumentationActivityInvoker$EmptyActivity }, activity=androidx.test.core.app.InstrumentationActivityInvoker$EmptyActivity@c7c4bbc
08-29 13:40:40.559  1273  1273 D LifecycleMonitor: callback completes: androidx.test.core.app.ActivityScenario$1@b7406e3
08-29 13:40:40.595   316   360 D goldfish-address-space: claimShared: Ask to claim region [0x3210b3000 0x322166000]
08-29 13:40:40.624   316   360 D goldfish-address-space: claimShared: Ask to claim region [0x324033000 0x3250e6000]
08-29 13:40:40.636   316   316 D goldfish-address-space: claimShared: Ask to claim region [0x3250e6000 0x326199000]
08-29 13:40:40.656   541   596 I ActivityTaskManager: Displayed com.simplemobiletools.notes.pro.debug/androidx.test.core.app.InstrumentationActivityInvoker$EmptyActivity: +138ms
08-29 13:40:40.662   316   316 D goldfish-address-space: claimShared: Ask to claim region [0x326199000 0x32724c000]
08-29 13:40:40.698  1273  1273 D LifecycleMonitor: Lifecycle status change: androidx.test.core.app.InstrumentationActivityInvoker$EmptyActivity@796f563 in: STOPPED
08-29 13:40:40.698  1273  1273 D LifecycleMonitor: running callback: androidx.test.core.app.ActivityScenario$1@b7406e3
08-29 13:40:40.698  1273  1273 V ActivityScenario: Activity lifecycle changed event received but ignored because the intent does not match. startActivityIntent=Intent { act=android.intent.action.MAIN cat=[android.intent.category.LAUNCHER] cmp=com.simplemobiletools.notes.pro.debug/com.simplemobiletools.notes.pro.activities.MainActivity }, activity.getIntent()=Intent { act=android.intent.action.MAIN cat=[android.intent.category.LAUNCHER] flg=0x10000000 cmp=com.simplemobiletools.notes.pro.debug/androidx.test.core.app.InstrumentationActivityInvoker$EmptyActivity }, activity=androidx.test.core.app.InstrumentationActivityInvoker$EmptyActivity@796f563
08-29 13:40:40.698  1273  1273 D LifecycleMonitor: callback completes: androidx.test.core.app.ActivityScenario$1@b7406e3
08-29 13:40:40.700  1273  1273 D LifecycleMonitor: Lifecycle status change: androidx.test.core.app.InstrumentationActivityInvoker$EmptyActivity@796f563 in: DESTROYED
08-29 13:40:40.700  1273  1273 D LifecycleMonitor: running callback: androidx.test.core.app.ActivityScenario$1@b7406e3
08-29 13:40:40.700  1273  1273 V ActivityScenario: Activity lifecycle changed event received but ignored because the intent does not match. startActivityIntent=Intent { act=android.intent.action.MAIN cat=[android.intent.category.LAUNCHER] cmp=com.simplemobiletools.notes.pro.debug/com.simplemobiletools.notes.pro.activities.MainActivity }, activity.getIntent()=Intent { act=android.intent.action.MAIN cat=[android.intent.category.LAUNCHER] flg=0x10000000 cmp=com.simplemobiletools.notes.pro.debug/androidx.test.core.app.InstrumentationActivityInvoker$EmptyActivity }, activity=androidx.test.core.app.InstrumentationActivityInvoker$EmptyActivity@796f563
08-29 13:40:40.700  1273  1273 D LifecycleMonitor: callback completes: androidx.test.core.app.ActivityScenario$1@b7406e3
08-29 13:40:40.709  1273  1273 D LifecycleMonitor: Lifecycle status change: androidx.test.core.app.InstrumentationActivityInvoker$EmptyActivity@c7c4bbc in: PAUSED
08-29 13:40:40.709  1273  1273 D LifecycleMonitor: running callback: androidx.test.core.app.ActivityScenario$1@b7406e3
08-29 13:40:40.709  1273  1273 V ActivityScenario: Activity lifecycle changed event received but ignored because the intent does not match. startActivityIntent=Intent { act=android.intent.action.MAIN cat=[android.intent.category.LAUNCHER] cmp=com.simplemobiletools.notes.pro.debug/com.simplemobiletools.notes.pro.activities.MainActivity }, activity.getIntent()=Intent { act=android.intent.action.MAIN cat=[android.intent.category.LAUNCHER] flg=0x10000000 cmp=com.simplemobiletools.notes.pro.debug/androidx.test.core.app.InstrumentationActivityInvoker$EmptyActivity }, activity=androidx.test.core.app.InstrumentationActivityInvoker$EmptyActivity@c7c4bbc
08-29 13:40:40.709  1273  1273 D LifecycleMonitor: callback completes: androidx.test.core.app.ActivityScenario$1@b7406e3
08-29 13:40:40.711   541 14832 W InputReader: Device virtio_input_multi_touch_9 is associated with display ADISPLAY_ID_NONE.
08-29 13:40:40.711   541 14832 W InputReader: Device virtio_input_multi_touch_7 is associated with display ADISPLAY_ID_NONE.
08-29 13:40:40.711   541 14832 W InputReader: Device virtio_input_multi_touch_10 is associated with display ADISPLAY_ID_NONE.
08-29 13:40:40.711   541 14832 W InputReader: Device virtio_input_multi_touch_4 is associated with display ADISPLAY_ID_NONE.
08-29 13:40:40.711   541 14832 W InputReader: Device virtio_input_multi_touch_11 is associated with display ADISPLAY_ID_NONE.
08-29 13:40:40.711   541 14832 W InputReader: Device virtio_input_multi_touch_6 is associated with display ADISPLAY_ID_NONE.
08-29 13:40:40.711   541 14832 W InputReader: Device virtio_input_multi_touch_5 is associated with display ADISPLAY_ID_NONE.
08-29 13:40:40.711   541 14832 W InputReader: Device virtio_input_multi_touch_3 is associated with display ADISPLAY_ID_NONE.
08-29 13:40:40.712   541 14832 W InputReader: Device virtio_input_multi_touch_2 is associated with display ADISPLAY_ID_NONE.
08-29 13:40:40.712   541 14832 W InputReader: Device virtio_input_multi_touch_8 is associated with display ADISPLAY_ID_NONE.
08-29 13:40:40.712   541 14832 W InputReader: Device virtio_input_multi_touch_9 is associated with display ADISPLAY_ID_NONE.
08-29 13:40:40.712   541 14832 W InputReader: Device virtio_input_multi_touch_7 is associated with display ADISPLAY_ID_NONE.
08-29 13:40:40.712   541 14832 W InputReader: Device virtio_input_multi_touch_10 is associated with display ADISPLAY_ID_NONE.
08-29 13:40:40.712   541 14832 W InputReader: Device virtio_input_multi_touch_4 is associated with display ADISPLAY_ID_NONE.
08-29 13:40:40.712   541 14832 W InputReader: Device virtio_input_multi_touch_11 is associated with display ADISPLAY_ID_NONE.
08-29 13:40:40.712   541 14832 W InputReader: Device virtio_input_multi_touch_6 is associated with display ADISPLAY_ID_NONE.
08-29 13:40:40.712   541 14832 W InputReader: Device virtio_input_multi_touch_5 is associated with display ADISPLAY_ID_NONE.
08-29 13:40:40.712   541 14832 W InputReader: Device virtio_input_multi_touch_3 is associated with display ADISPLAY_ID_NONE.
08-29 13:40:40.712   541 14832 W InputReader: Device virtio_input_multi_touch_2 is associated with display ADISPLAY_ID_NONE.
08-29 13:40:40.712   541 14832 W InputReader: Device virtio_input_multi_touch_8 is associated with display ADISPLAY_ID_NONE.
08-29 13:40:40.715  1273  1307 I TestRunner: finished: aboutTest(test.AboutTest)
08-29 13:40:40.722  1273  1273 I MonitoringInstr: Activities that are still in CREATED to STOPPED: 1
08-29 13:40:40.723  1273  1307 I MonitoringInstr: Unstopped activity count: 1
08-29 13:40:40.744   316   316 D goldfish-address-space: claimShared: Ask to claim region [0x31d0b3000 0x31e166000]
08-29 13:40:40.775   316   316 D goldfish-address-space: claimShared: Ask to claim region [0x31e166000 0x31f219000]
08-29 13:40:40.775  1273  1307 I MonitoringInstr: Unstopped activity count: 1
08-29 13:40:40.787   316   316 D goldfish-address-space: claimShared: Ask to claim region [0x320000000 0x3210b3000]
08-29 13:40:40.826  1273  1307 I MonitoringInstr: Unstopped activity count: 1
08-29 13:40:40.848   370   370 E Layer   : [Surface(name=Task=163)/@0x503e53f - animation-leash#0] No local sync point found
08-29 13:40:40.849   370   370 E Layer   : [Surface(name=Task=163)/@0x503e53f - animation-leash#0] No local sync point found
08-29 13:40:40.849   370   370 E Layer   : [Surface(name=Task=1)/@0x167ab7d - animation-leash#0] No local sync point found
08-29 13:40:40.849   370   370 E Layer   : [Surface(name=Task=1)/@0x167ab7d - animation-leash#0] No local sync point found
08-29 13:40:40.851  1273  1273 D LifecycleMonitor: Lifecycle status change: androidx.test.core.app.InstrumentationActivityInvoker$EmptyActivity@c7c4bbc in: STOPPED
08-29 13:40:40.851  1273  1273 D LifecycleMonitor: Lifecycle status change: androidx.test.core.app.InstrumentationActivityInvoker$EmptyActivity@c7c4bbc in: DESTROYED
08-29 13:40:40.944  1273  1307 I TestRunner: started: dummyFailTest(test.MainPageTest)
08-29 13:40:40.962  1273  1307 W Settings: Setting always_finish_activities has moved from android.provider.Settings.System to android.provider.Settings.Global, returning read-only value.
08-29 13:40:40.966   541 10085 I ActivityTaskManager: START u0 {act=android.intent.action.MAIN cat=[android.intent.category.LAUNCHER] flg=0x10008000 cmp=com.simplemobiletools.notes.pro.debug/androidx.test.core.app.InstrumentationActivityInvoker$BootstrapActivity (has extras)} from uid 10178
08-29 13:40:40.967   541   588 D EventSequenceValidator: Transition from INTENT_FAILED to INTENT_STARTED
08-29 13:40:40.969   404   404 I perfetto: ing_service_impl.cc:758 Configured tracing session 382, #sources:1, duration:5000 ms, #buffers:1, total buffer size:4096 KB, total sessions:5, uid:1071 session name: ""
08-29 13:40:40.970   402   402 I perfetto: probes_producer.cc:230  Ftrace setup (target_buf=382)
08-29 13:40:40.973   541   588 D EventSequenceValidator: Transition from INTENT_STARTED to ACTIVITY_LAUNCHED
08-29 13:40:40.975   541   746 W ActivityTaskManager: Tried to set launchTime (0) < mLastActivityLaunchTime (41367418)
08-29 13:40:40.975   541   746 W InputReader: Device virtio_input_multi_touch_9 is associated with display ADISPLAY_ID_NONE.
08-29 13:40:40.975   541   746 W InputReader: Device virtio_input_multi_touch_7 is associated with display ADISPLAY_ID_NONE.
08-29 13:40:40.975   541   746 W InputReader: Device virtio_input_multi_touch_10 is associated with display ADISPLAY_ID_NONE.
08-29 13:40:40.975   541   746 W InputReader: Device virtio_input_multi_touch_4 is associated with display ADISPLAY_ID_NONE.
08-29 13:40:40.975   541   746 W InputReader: Device virtio_input_multi_touch_11 is associated with display ADISPLAY_ID_NONE.
08-29 13:40:40.975   541   746 W InputReader: Device virtio_input_multi_touch_6 is associated with display ADISPLAY_ID_NONE.
08-29 13:40:40.975   541   746 W InputReader: Device virtio_input_multi_touch_5 is associated with display ADISPLAY_ID_NONE.
08-29 13:40:40.976   541   746 W InputReader: Device virtio_input_multi_touch_3 is associated with display ADISPLAY_ID_NONE.
08-29 13:40:40.976   541   746 W InputReader: Device virtio_input_multi_touch_2 is associated with display ADISPLAY_ID_NONE.
08-29 13:40:40.976   541   746 W InputReader: Device virtio_input_multi_touch_8 is associated with display ADISPLAY_ID_NONE.
08-29 13:40:40.976   541   746 W InputReader: Device virtio_input_multi_touch_9 is associated with display ADISPLAY_ID_NONE.
08-29 13:40:40.976   541   746 W InputReader: Device virtio_input_multi_touch_7 is associated with display ADISPLAY_ID_NONE.
08-29 13:40:40.976   541   746 W InputReader: Device virtio_input_multi_touch_10 is associated with display ADISPLAY_ID_NONE.
08-29 13:40:40.976   541   746 W InputReader: Device virtio_input_multi_touch_4 is associated with display ADISPLAY_ID_NONE.
08-29 13:40:40.976   541   746 W InputReader: Device virtio_input_multi_touch_11 is associated with display ADISPLAY_ID_NONE.
08-29 13:40:40.976   541   746 W InputReader: Device virtio_input_multi_touch_6 is associated with display ADISPLAY_ID_NONE.
08-29 13:40:40.976   541   746 W InputReader: Device virtio_input_multi_touch_5 is associated with display ADISPLAY_ID_NONE.
08-29 13:40:40.976   541   746 W InputReader: Device virtio_input_multi_touch_3 is associated with display ADISPLAY_ID_NONE.
08-29 13:40:40.976   541   746 W InputReader: Device virtio_input_multi_touch_2 is associated with display ADISPLAY_ID_NONE.
08-29 13:40:40.976   541   746 W InputReader: Device virtio_input_multi_touch_8 is associated with display ADISPLAY_ID_NONE.
08-29 13:40:40.981  1273  1273 D LifecycleMonitor: Lifecycle status change: androidx.test.core.app.InstrumentationActivityInvoker$BootstrapActivity@8f7916 in: PRE_ON_CREATE
08-29 13:40:40.981  1273  1273 D LifecycleMonitor: running callback: androidx.test.core.app.ActivityScenario$1@ff7297
08-29 13:40:40.981  1273  1273 V ActivityScenario: Activity lifecycle changed event received but ignored because the intent does not match. startActivityIntent=Intent { act=android.intent.action.MAIN cat=[android.intent.category.LAUNCHER] cmp=com.simplemobiletools.notes.pro.debug/com.simplemobiletools.notes.pro.activities.MainActivity }, activity.getIntent()=Intent { act=android.intent.action.MAIN cat=[android.intent.category.LAUNCHER] flg=0x10008000 cmp=com.simplemobiletools.notes.pro.debug/androidx.test.core.app.InstrumentationActivityInvoker$BootstrapActivity (has extras) }, activity=androidx.test.core.app.InstrumentationActivityInvoker$BootstrapActivity@8f7916
08-29 13:40:40.981  1273  1273 D LifecycleMonitor: callback completes: androidx.test.core.app.ActivityScenario$1@ff7297
08-29 13:40:40.984  1273  1273 D LifecycleMonitor: Lifecycle status change: androidx.test.core.app.InstrumentationActivityInvoker$BootstrapActivity@8f7916 in: CREATED
08-29 13:40:40.984  1273  1273 D LifecycleMonitor: running callback: androidx.test.core.app.ActivityScenario$1@ff7297
08-29 13:40:40.984  1273  1273 V ActivityScenario: Activity lifecycle changed event received but ignored because the intent does not match. startActivityIntent=Intent { act=android.intent.action.MAIN cat=[android.intent.category.LAUNCHER] cmp=com.simplemobiletools.notes.pro.debug/com.simplemobiletools.notes.pro.activities.MainActivity }, activity.getIntent()=Intent { act=android.intent.action.MAIN cat=[android.intent.category.LAUNCHER] flg=0x10008000 cmp=com.simplemobiletools.notes.pro.debug/androidx.test.core.app.InstrumentationActivityInvoker$BootstrapActivity (has extras) }, activity=androidx.test.core.app.InstrumentationActivityInvoker$BootstrapActivity@8f7916
08-29 13:40:40.984  1273  1273 D LifecycleMonitor: callback completes: androidx.test.core.app.ActivityScenario$1@ff7297
08-29 13:40:40.986  1273  1273 D LifecycleMonitor: Lifecycle status change: androidx.test.core.app.InstrumentationActivityInvoker$BootstrapActivity@8f7916 in: STARTED
08-29 13:40:40.986  1273  1273 D LifecycleMonitor: running callback: androidx.test.core.app.ActivityScenario$1@ff7297
08-29 13:40:40.986  1273  1273 V ActivityScenario: Activity lifecycle changed event received but ignored because the intent does not match. startActivityIntent=Intent { act=android.intent.action.MAIN cat=[android.intent.category.LAUNCHER] cmp=com.simplemobiletools.notes.pro.debug/com.simplemobiletools.notes.pro.activities.MainActivity }, activity.getIntent()=Intent { act=android.intent.action.MAIN cat=[android.intent.category.LAUNCHER] flg=0x10008000 cmp=com.simplemobiletools.notes.pro.debug/androidx.test.core.app.InstrumentationActivityInvoker$BootstrapActivity (has extras) }, activity=androidx.test.core.app.InstrumentationActivityInvoker$BootstrapActivity@8f7916
08-29 13:40:40.986  1273  1273 D LifecycleMonitor: callback completes: androidx.test.core.app.ActivityScenario$1@ff7297
08-29 13:40:40.987   541   746 I ActivityTaskManager: START u0 {act=android.intent.action.MAIN cat=[android.intent.category.LAUNCHER] cmp=com.simplemobiletools.notes.pro.debug/com.simplemobiletools.notes.pro.activities.MainActivity} from uid 10178
08-29 13:40:40.992  1273  1273 D LifecycleMonitor: Lifecycle status change: androidx.test.core.app.InstrumentationActivityInvoker$BootstrapActivity@8f7916 in: RESUMED
08-29 13:40:40.992  1273  1273 D LifecycleMonitor: running callback: androidx.test.core.app.ActivityScenario$1@ff7297
08-29 13:40:40.992  1273  1273 V ActivityScenario: Activity lifecycle changed event received but ignored because the intent does not match. startActivityIntent=Intent { act=android.intent.action.MAIN cat=[android.intent.category.LAUNCHER] cmp=com.simplemobiletools.notes.pro.debug/com.simplemobiletools.notes.pro.activities.MainActivity }, activity.getIntent()=Intent { act=android.intent.action.MAIN cat=[android.intent.category.LAUNCHER] flg=0x10008000 cmp=com.simplemobiletools.notes.pro.debug/androidx.test.core.app.InstrumentationActivityInvoker$BootstrapActivity (has extras) }, activity=androidx.test.core.app.InstrumentationActivityInvoker$BootstrapActivity@8f7916
08-29 13:40:40.992  1273  1273 D LifecycleMonitor: callback completes: androidx.test.core.app.ActivityScenario$1@ff7297
08-29 13:40:40.995  1273  1273 D LifecycleMonitor: Lifecycle status change: androidx.test.core.app.InstrumentationActivityInvoker$BootstrapActivity@8f7916 in: PAUSED
08-29 13:40:40.995  1273  1273 D LifecycleMonitor: running callback: androidx.test.core.app.ActivityScenario$1@ff7297
08-29 13:40:40.996  1273  1273 V ActivityScenario: Activity lifecycle changed event received but ignored because the intent does not match. startActivityIntent=Intent { act=android.intent.action.MAIN cat=[android.intent.category.LAUNCHER] cmp=com.simplemobiletools.notes.pro.debug/com.simplemobiletools.notes.pro.activities.MainActivity }, activity.getIntent()=Intent { act=android.intent.action.MAIN cat=[android.intent.category.LAUNCHER] flg=0x10008000 cmp=com.simplemobiletools.notes.pro.debug/androidx.test.core.app.InstrumentationActivityInvoker$BootstrapActivity (has extras) }, activity=androidx.test.core.app.InstrumentationActivityInvoker$BootstrapActivity@8f7916
08-29 13:40:40.996  1273  1273 D LifecycleMonitor: callback completes: androidx.test.core.app.ActivityScenario$1@ff7297
08-29 13:40:40.996   316   316 D goldfish-address-space: claimShared: Ask to claim region [0x3210b3000 0x322166000]
08-29 13:40:40.996   541   746 W ActivityTaskManager: Tried to set launchTime (0) < mLastActivityLaunchTime (41367851)
08-29 13:40:40.996   541   746 W InputReader: Device virtio_input_multi_touch_9 is associated with display ADISPLAY_ID_NONE.
08-29 13:40:40.996   541   746 W InputReader: Device virtio_input_multi_touch_7 is associated with display ADISPLAY_ID_NONE.
08-29 13:40:40.996   541   746 W InputReader: Device virtio_input_multi_touch_10 is associated with display ADISPLAY_ID_NONE.
08-29 13:40:40.996   541   746 W InputReader: Device virtio_input_multi_touch_4 is associated with display ADISPLAY_ID_NONE.
08-29 13:40:40.996   541   746 W InputReader: Device virtio_input_multi_touch_11 is associated with display ADISPLAY_ID_NONE.
08-29 13:40:40.996   541   746 W InputReader: Device virtio_input_multi_touch_6 is associated with display ADISPLAY_ID_NONE.
08-29 13:40:40.996   541   746 W InputReader: Device virtio_input_multi_touch_5 is associated with display ADISPLAY_ID_NONE.
08-29 13:40:40.996   541   746 W InputReader: Device virtio_input_multi_touch_3 is associated with display ADISPLAY_ID_NONE.
08-29 13:40:40.996   541   746 W InputReader: Device virtio_input_multi_touch_2 is associated with display ADISPLAY_ID_NONE.
08-29 13:40:40.996   541   746 W InputReader: Device virtio_input_multi_touch_8 is associated with display ADISPLAY_ID_NONE.
08-29 13:40:40.997   541   746 W InputReader: Device virtio_input_multi_touch_9 is associated with display ADISPLAY_ID_NONE.
08-29 13:40:40.997   541   746 W InputReader: Device virtio_input_multi_touch_7 is associated with display ADISPLAY_ID_NONE.
08-29 13:40:40.997   541   746 W InputReader: Device virtio_input_multi_touch_10 is associated with display ADISPLAY_ID_NONE.
08-29 13:40:40.997   541   746 W InputReader: Device virtio_input_multi_touch_4 is associated with display ADISPLAY_ID_NONE.
08-29 13:40:40.997   541   746 W InputReader: Device virtio_input_multi_touch_11 is associated with display ADISPLAY_ID_NONE.
08-29 13:40:40.997   541   746 W InputReader: Device virtio_input_multi_touch_6 is associated with display ADISPLAY_ID_NONE.
08-29 13:40:40.997   541   746 W InputReader: Device virtio_input_multi_touch_5 is associated with display ADISPLAY_ID_NONE.
08-29 13:40:40.997   541   746 W InputReader: Device virtio_input_multi_touch_3 is associated with display ADISPLAY_ID_NONE.
08-29 13:40:40.997   541   746 W InputReader: Device virtio_input_multi_touch_2 is associated with display ADISPLAY_ID_NONE.
08-29 13:40:40.997   541   746 W InputReader: Device virtio_input_multi_touch_8 is associated with display ADISPLAY_ID_NONE.
08-29 13:40:41.012  1273  1273 D LifecycleMonitor: Lifecycle status change: com.simplemobiletools.notes.pro.activities.MainActivity@ba5cf0 in: PRE_ON_CREATE
08-29 13:40:41.012  1273  1273 D LifecycleMonitor: running callback: androidx.test.core.app.ActivityScenario$1@ff7297
08-29 13:40:41.013  1273  1273 V ActivityScenario: Activity lifecycle changed event received but ignored because the reported transition was not ON_CREATE while the last known transition was PRE_ON_CREATE
08-29 13:40:41.013  1273  1273 D LifecycleMonitor: callback completes: androidx.test.core.app.ActivityScenario$1@ff7297
08-29 13:40:41.038  1273  1273 D LifecycleMonitor: Lifecycle status change: com.simplemobiletools.notes.pro.activities.MainActivity@ba5cf0 in: CREATED
08-29 13:40:41.038  1273  1273 D LifecycleMonitor: running callback: androidx.test.core.app.ActivityScenario$1@ff7297
08-29 13:40:41.038  1273  1273 V ActivityScenario: Update currentActivityStage to CREATED, currentActivity=com.simplemobiletools.notes.pro.activities.MainActivity@ba5cf0
08-29 13:40:41.038  1273  1273 D LifecycleMonitor: callback completes: androidx.test.core.app.ActivityScenario$1@ff7297
08-29 13:40:41.039  1273  1273 D LifecycleMonitor: Lifecycle status change: com.simplemobiletools.notes.pro.activities.MainActivity@ba5cf0 in: STARTED
08-29 13:40:41.039  1273  1273 D LifecycleMonitor: running callback: androidx.test.core.app.ActivityScenario$1@ff7297
08-29 13:40:41.039  1273  1273 V ActivityScenario: Update currentActivityStage to STARTED, currentActivity=com.simplemobiletools.notes.pro.activities.MainActivity@ba5cf0
08-29 13:40:41.039  1273  1273 D LifecycleMonitor: callback completes: androidx.test.core.app.ActivityScenario$1@ff7297
08-29 13:40:41.044  1273  1273 D LifecycleMonitor: Lifecycle status change: com.simplemobiletools.notes.pro.activities.MainActivity@ba5cf0 in: RESUMED
08-29 13:40:41.044  1273  1273 D LifecycleMonitor: running callback: androidx.test.core.app.ActivityScenario$1@ff7297
08-29 13:40:41.044  1273  1273 V ActivityScenario: Update currentActivityStage to RESUMED, currentActivity=com.simplemobiletools.notes.pro.activities.MainActivity@ba5cf0
08-29 13:40:41.044  1273  1273 D LifecycleMonitor: callback completes: androidx.test.core.app.ActivityScenario$1@ff7297
08-29 13:40:41.044  1273  1307 I Espresso Run: ------------------------------------------------------------------------------------------
08-29 13:40:41.044  1273  1307 I Espresso Run: Test: dummyFailTest
08-29 13:40:41.044  1273  1307 I Espresso Run: ------------------------------------------------------------------------------------------
08-29 13:40:41.044  1273  1307 I Espresso Run: Opening the menu
08-29 13:40:41.051  1273  1273 D IdlingResourceRegistry: All idling resources are idle.
08-29 13:40:41.075   316   316 D goldfish-address-space: claimShared: Ask to claim region [0x324033000 0x3250e6000]
08-29 13:40:41.109   316   316 D goldfish-address-space: claimShared: Ask to claim region [0x3250e6000 0x326199000]
08-29 13:40:41.136   316   316 D goldfish-address-space: claimShared: Ask to claim region [0x328000000 0x3290b3000]
08-29 13:40:41.152   541   596 D ArtManagerInternalImpl: /data/misc/iorapd/com.simplemobiletools.notes.pro.debug/84/com.simplemobiletools.notes.pro.activities.MainActivity/compiled_traces/compiled_trace.pb doesn't exist
08-29 13:40:41.155   541   596 I ActivityTaskManager: Displayed com.simplemobiletools.notes.pro.debug/com.simplemobiletools.notes.pro.activities.MainActivity: +185ms
08-29 13:40:41.188   541   588 D EventSequenceValidator: Transition from ACTIVITY_LAUNCHED to ACTIVITY_FINISHED
08-29 13:40:41.223   541   541 D AutofillInlineSuggestionsRequestSession: onCreateInlineSuggestionsRequestLocked called: 1073741825@1794244139
08-29 13:40:41.223   541   541 D AutofillInlineSuggestionsRequestSession: onInlineSuggestionsUnsupported() called.
08-29 13:40:41.235  1397  1397 I LatinIME: Starting input. Cursor position = 0,0
08-29 13:40:41.238  1273  1273 I AssistStructure: Flattened final assist data: 2784 bytes, containing 1 windows, 20 views
08-29 13:40:41.244  1273  1273 D IdlingResourceRegistry: All idling resources are idle.
08-29 13:40:41.246  1273  1273 I ViewInteraction: Checking 'MatchesViewAssertion{viewMatcher=is displayed on the screen to the user}' assertion on view with content description text: is "More options"
08-29 13:40:41.246 19013 19013 W kqw     : Pending fill request while another request in the same session was triggered. [CONTEXT service_id=177 ]
08-29 13:40:41.249   541   541 D AutofillInlineSuggestionsRequestSession: onInlineSuggestionsResponseLocked called for:1073741825@1794244139
08-29 13:40:41.250  1348  1348 V InlineSuggestionRenderService: handleDestroySuggestionViews called for 0:1794244139
08-29 13:40:41.250   541   586 D AutofillUI: destroySaveUiUiThread(): already destroyed
08-29 13:40:41.258  1273  1273 D IdlingResourceRegistry: All idling resources are idle.
08-29 13:40:41.260  1273  1273 D IdlingResourceRegistry: All idling resources are idle.
08-29 13:40:41.260   355   355 I android.hardware.vibrator-service.example: Vibrator reporting capabilities
08-29 13:40:41.261  1273  1273 I ViewInteraction: Performing 'single click' action on view with content description text: is "More options"
08-29 13:40:41.265  1273  1273 D LifecycleMonitor: Lifecycle status change: androidx.test.core.app.InstrumentationActivityInvoker$BootstrapActivity@8f7916 in: STOPPED
08-29 13:40:41.265  1273  1273 D LifecycleMonitor: running callback: androidx.test.core.app.ActivityScenario$1@ff7297
08-29 13:40:41.265  1273  1273 V ActivityScenario: Activity lifecycle changed event received but ignored because the intent does not match. startActivityIntent=Intent { act=android.intent.action.MAIN cat=[android.intent.category.LAUNCHER] cmp=com.simplemobiletools.notes.pro.debug/com.simplemobiletools.notes.pro.activities.MainActivity }, activity.getIntent()=Intent { act=android.intent.action.MAIN cat=[android.intent.category.LAUNCHER] flg=0x10008000 cmp=com.simplemobiletools.notes.pro.debug/androidx.test.core.app.InstrumentationActivityInvoker$BootstrapActivity (has extras) }, activity=androidx.test.core.app.InstrumentationActivityInvoker$BootstrapActivity@8f7916
08-29 13:40:41.265  1273  1273 D LifecycleMonitor: callback completes: androidx.test.core.app.ActivityScenario$1@ff7297
08-29 13:40:41.269  1273  1273 D IdlingResourceRegistry: All idling resources are idle.
08-29 13:40:41.269  1273  1273 D IdlingResourceRegistry: All idling resources are idle.
08-29 13:40:41.276   316   316 D goldfish-address-space: claimShared: Ask to claim region [0x31c000000 0x31cfc2000]
08-29 13:40:41.281  1273  1273 D IdlingResourceRegistry: All idling resources are idle.
08-29 13:40:41.282  1273  1273 D IdlingResourceRegistry: All idling resources are idle.
08-29 13:40:41.290   316   316 D goldfish-address-space: claimShared: Ask to claim region [0x31cfc2000 0x31df84000]
08-29 13:40:41.296  1273  1273 D IdlingResourceRegistry: All idling resources are idle.
08-29 13:40:41.296  1273  1273 D IdlingResourceRegistry: All idling resources are idle.
08-29 13:40:41.301   316   316 D goldfish-address-space: claimShared: Ask to claim region [0x31df84000 0x31ef46000]
08-29 13:40:41.302  1273  1273 D IdlingResourceRegistry: All idling resources are idle.
08-29 13:40:41.302  1273  1273 D IdlingResourceRegistry: All idling resources are idle.
08-29 13:40:41.341   541   914 I system_server: oneway function results will be dropped but finished with status OK and parcel size 4
08-29 13:40:41.384   316   316 D goldfish-address-space: claimShared: Ask to claim region [0x31f21c000 0x31f6f9000]
08-29 13:40:41.391   316   316 D goldfish-address-space: claimShared: Ask to claim region [0x31f6f9000 0x31fbd6000]
08-29 13:40:41.395   316   316 D goldfish-address-space: claimShared: Ask to claim region [0x32321e000 0x3236fb000]
08-29 13:40:41.473   541   914 I system_server: oneway function results will be dropped but finished with status OK and parcel size 4
08-29 13:40:41.478   316   316 D goldfish-address-space: claimShared: Ask to claim region [0x320000000 0x3210b3000]
08-29 13:40:41.520   316   316 D goldfish-address-space: claimShared: Ask to claim region [0x3210b3000 0x322166000]
08-29 13:40:41.564   316   316 D goldfish-address-space: claimShared: Ask to claim region [0x324033000 0x3250e6000]
08-29 13:40:41.591   316   316 D goldfish-address-space: claimShared: Ask to claim region [0x31f6f9000 0x31fbd6000]
08-29 13:40:41.616   316   316 D goldfish-address-space: claimShared: Ask to claim region [0x3236fb000 0x323bd8000]
08-29 13:40:41.622  1273  1273 D IdlingResourceRegistry: All idling resources are idle.
08-29 13:40:41.842  1273  1273 I chatty  : uid=10178(com.simplemobiletools.notes.pro.debug) identical 6 lines
08-29 13:40:41.842  1273  1273 D IdlingResourceRegistry: All idling resources are idle.
08-29 13:40:41.874  1273  1273 I ViewInteraction: Checking 'MatchesViewAssertion{viewMatcher=is displayed on the screen to the user}' assertion on view with id is <com.simplemobiletools.notes.pro.debug:id/settings_customize_colors_holder>
08-29 13:40:41.875  1273  1273 E ViewAssertions: 'is displayed on the screen to the user' check could not be performed because view 'with id is <com.simplemobiletools.notes.pro.debug:id/settings_customize_colors_holder>' was not found.
08-29 13:40:41.877  1273  1307 I Espresso Run: ------------------------------------------------------------------------------------------
08-29 13:40:41.877  1273  1307 I Espresso Run: FAILED dummyFailTest
08-29 13:40:41.877  1273  1307 I Espresso Run: ------------------------------------------------------------------------------------------
08-29 13:40:41.881   541   746 I ActivityTaskManager: START u0 {act=android.intent.action.MAIN cat=[android.intent.category.LAUNCHER] flg=0x10000000 cmp=com.simplemobiletools.notes.pro.debug/androidx.test.core.app.InstrumentationActivityInvoker$EmptyActivity} from uid 10178
08-29 13:40:41.881   541   588 D EventSequenceValidator: Transition from ACTIVITY_FINISHED to INTENT_STARTED
08-29 13:40:41.884   404   404 E perfetto: ing_service_impl.cc:605 Too many concurrent tracing sesions (5) for uid 1071 limit is 5
08-29 13:40:41.884   435  1147 E perfetto: r_api_deprecated.cc:216 Tracing session failed
08-29 13:40:41.885   435  1457 E iorapd  : Perfetto trace proto collection error: kTraceFailed
08-29 13:40:41.886   541   588 D EventSequenceValidator: Transition from INTENT_STARTED to INTENT_FAILED
08-29 13:40:41.886  1273  1273 D LifecycleMonitor: Lifecycle status change: com.simplemobiletools.notes.pro.activities.MainActivity@ba5cf0 in: PAUSED
08-29 13:40:41.886  1273  1273 D LifecycleMonitor: running callback: androidx.test.core.app.ActivityScenario$1@ff7297
08-29 13:40:41.886  1273  1273 V ActivityScenario: Update currentActivityStage to PAUSED, currentActivity=com.simplemobiletools.notes.pro.activities.MainActivity@ba5cf0
08-29 13:40:41.886  1273  1273 D LifecycleMonitor: callback completes: androidx.test.core.app.ActivityScenario$1@ff7297
08-29 13:40:41.887   541   746 W ActivityTaskManager: Tried to set launchTime (0) < mLastActivityLaunchTime (41367872)
08-29 13:40:41.887   541   746 W InputReader: Device virtio_input_multi_touch_9 is associated with display ADISPLAY_ID_NONE.
08-29 13:40:41.887   541   746 W InputReader: Device virtio_input_multi_touch_7 is associated with display ADISPLAY_ID_NONE.
08-29 13:40:41.887   541   746 W InputReader: Device virtio_input_multi_touch_10 is associated with display ADISPLAY_ID_NONE.
08-29 13:40:41.887   541   746 W InputReader: Device virtio_input_multi_touch_4 is associated with display ADISPLAY_ID_NONE.
08-29 13:40:41.887   541   746 W InputReader: Device virtio_input_multi_touch_11 is associated with display ADISPLAY_ID_NONE.
08-29 13:40:41.887   541   746 W InputReader: Device virtio_input_multi_touch_6 is associated with display ADISPLAY_ID_NONE.
08-29 13:40:41.887   541   746 W InputReader: Device virtio_input_multi_touch_5 is associated with display ADISPLAY_ID_NONE.
08-29 13:40:41.887   541   746 W InputReader: Device virtio_input_multi_touch_3 is associated with display ADISPLAY_ID_NONE.
08-29 13:40:41.887   541   746 W InputReader: Device virtio_input_multi_touch_2 is associated with display ADISPLAY_ID_NONE.
08-29 13:40:41.887   541   746 W InputReader: Device virtio_input_multi_touch_8 is associated with display ADISPLAY_ID_NONE.
08-29 13:40:41.888   541   746 W InputReader: Device virtio_input_multi_touch_9 is associated with display ADISPLAY_ID_NONE.
08-29 13:40:41.888   541   746 W InputReader: Device virtio_input_multi_touch_7 is associated with display ADISPLAY_ID_NONE.
08-29 13:40:41.888   541   746 W InputReader: Device virtio_input_multi_touch_10 is associated with display ADISPLAY_ID_NONE.
08-29 13:40:41.888   541   746 W InputReader: Device virtio_input_multi_touch_4 is associated with display ADISPLAY_ID_NONE.
08-29 13:40:41.888   541   746 W InputReader: Device virtio_input_multi_touch_11 is associated with display ADISPLAY_ID_NONE.
08-29 13:40:41.888   541   746 W InputReader: Device virtio_input_multi_touch_6 is associated with display ADISPLAY_ID_NONE.
08-29 13:40:41.888   541   746 W InputReader: Device virtio_input_multi_touch_5 is associated with display ADISPLAY_ID_NONE.
08-29 13:40:41.888   541   746 W InputReader: Device virtio_input_multi_touch_3 is associated with display ADISPLAY_ID_NONE.
08-29 13:40:41.888   541   746 W InputReader: Device virtio_input_multi_touch_2 is associated with display ADISPLAY_ID_NONE.
08-29 13:40:41.888   541   746 W InputReader: Device virtio_input_multi_touch_8 is associated with display ADISPLAY_ID_NONE.
08-29 13:40:41.898  1273  1273 D LifecycleMonitor: Lifecycle status change: androidx.test.core.app.InstrumentationActivityInvoker$EmptyActivity@9665d9f in: PRE_ON_CREATE
08-29 13:40:41.898  1273  1273 D LifecycleMonitor: running callback: androidx.test.core.app.ActivityScenario$1@ff7297
08-29 13:40:41.898  1273  1273 V ActivityScenario: Activity lifecycle changed event received but ignored because the intent does not match. startActivityIntent=Intent { act=android.intent.action.MAIN cat=[android.intent.category.LAUNCHER] cmp=com.simplemobiletools.notes.pro.debug/com.simplemobiletools.notes.pro.activities.MainActivity }, activity.getIntent()=Intent { act=android.intent.action.MAIN cat=[android.intent.category.LAUNCHER] flg=0x10000000 cmp=com.simplemobiletools.notes.pro.debug/androidx.test.core.app.InstrumentationActivityInvoker$EmptyActivity }, activity=androidx.test.core.app.InstrumentationActivityInvoker$EmptyActivity@9665d9f
08-29 13:40:41.898  1273  1273 D LifecycleMonitor: callback completes: androidx.test.core.app.ActivityScenario$1@ff7297
08-29 13:40:41.902  1273  1273 D LifecycleMonitor: Lifecycle status change: androidx.test.core.app.InstrumentationActivityInvoker$EmptyActivity@9665d9f in: CREATED
08-29 13:40:41.902  1273  1273 D LifecycleMonitor: running callback: androidx.test.core.app.ActivityScenario$1@ff7297
08-29 13:40:41.903  1273  1273 V ActivityScenario: Activity lifecycle changed event received but ignored because the intent does not match. startActivityIntent=Intent { act=android.intent.action.MAIN cat=[android.intent.category.LAUNCHER] cmp=com.simplemobiletools.notes.pro.debug/com.simplemobiletools.notes.pro.activities.MainActivity }, activity.getIntent()=Intent { act=android.intent.action.MAIN cat=[android.intent.category.LAUNCHER] flg=0x10000000 cmp=com.simplemobiletools.notes.pro.debug/androidx.test.core.app.InstrumentationActivityInvoker$EmptyActivity }, activity=androidx.test.core.app.InstrumentationActivityInvoker$EmptyActivity@9665d9f
08-29 13:40:41.903  1273  1273 D LifecycleMonitor: callback completes: androidx.test.core.app.ActivityScenario$1@ff7297
08-29 13:40:41.908  1273  1273 D LifecycleMonitor: Lifecycle status change: androidx.test.core.app.InstrumentationActivityInvoker$EmptyActivity@9665d9f in: STARTED
08-29 13:40:41.908  1273  1273 D LifecycleMonitor: running callback: androidx.test.core.app.ActivityScenario$1@ff7297
08-29 13:40:41.908  1273  1273 V ActivityScenario: Activity lifecycle changed event received but ignored because the intent does not match. startActivityIntent=Intent { act=android.intent.action.MAIN cat=[android.intent.category.LAUNCHER] cmp=com.simplemobiletools.notes.pro.debug/com.simplemobiletools.notes.pro.activities.MainActivity }, activity.getIntent()=Intent { act=android.intent.action.MAIN cat=[android.intent.category.LAUNCHER] flg=0x10000000 cmp=com.simplemobiletools.notes.pro.debug/androidx.test.core.app.InstrumentationActivityInvoker$EmptyActivity }, activity=androidx.test.core.app.InstrumentationActivityInvoker$EmptyActivity@9665d9f
08-29 13:40:41.908  1273  1273 D LifecycleMonitor: callback completes: androidx.test.core.app.ActivityScenario$1@ff7297
08-29 13:40:41.910  1273  1273 D LifecycleMonitor: Lifecycle status change: androidx.test.core.app.InstrumentationActivityInvoker$EmptyActivity@9665d9f in: RESUMED
08-29 13:40:41.910  1273  1273 D LifecycleMonitor: running callback: androidx.test.core.app.ActivityScenario$1@ff7297
