08-29 13:40:41.910  1273  1273 V ActivityScenario: Activity lifecycle changed event received but ignored because the intent does not match. startActivityIntent=Intent { act=android.intent.action.MAIN cat=[android.intent.category.LAUNCHER] cmp=com.simplemobiletools.notes.pro.debug/com.simplemobiletools.notes.pro.activities.MainActivity }, activity.getIntent()=Intent { act=android.intent.action.MAIN cat=[android.intent.category.LAUNCHER] flg=0x10000000 cmp=com.simplemobiletools.notes.pro.debug/androidx.test.core.app.InstrumentationActivityInvoker$EmptyActivity }, activity=androidx.test.core.app.InstrumentationActivityInvoker$EmptyActivity@9665d9f
08-29 13:40:41.910  1273  1273 D LifecycleMonitor: callback completes: androidx.test.core.app.ActivityScenario$1@ff7297
08-29 13:40:41.930   316   316 D goldfish-address-space: claimShared: Ask to claim region [0x3250e6000 0x326199000]
08-29 13:40:41.948   316   316 D goldfish-address-space: claimShared: Ask to claim region [0x3290b3000 0x32a166000]
08-29 13:40:41.963   316   316 D goldfish-address-space: claimShared: Ask to claim region [0x32a166000 0x32b219000]
08-29 13:40:41.978   541   596 I ActivityTaskManager: Displayed com.simplemobiletools.notes.pro.debug/androidx.test.core.app.InstrumentationActivityInvoker$EmptyActivity: +96ms
08-29 13:40:41.984   541 11636 I ActivityTaskManager: START u0 {act=android.intent.action.MAIN cat=[android.intent.category.LAUNCHER] flg=0x10000000 cmp=com.simplemobiletools.notes.pro.debug/androidx.test.core.app.InstrumentationActivityInvoker$EmptyActivity} from uid 10178
08-29 13:40:41.984   541   588 D EventSequenceValidator: Transition from INTENT_FAILED to INTENT_STARTED
08-29 13:40:41.986   404   404 E perfetto: ing_service_impl.cc:605 Too many concurrent tracing sesions (5) for uid 1071 limit is 5
08-29 13:40:41.987   435  1147 E perfetto: r_api_deprecated.cc:216 Tracing session failed
08-29 13:40:41.988   435  1463 E iorapd  : Perfetto trace proto collection error: kTraceFailed
08-29 13:40:41.994   541   588 D EventSequenceValidator: Transition from INTENT_STARTED to INTENT_FAILED
08-29 13:40:41.996  1273  1273 D LifecycleMonitor: Lifecycle status change: com.simplemobiletools.notes.pro.activities.MainActivity@ba5cf0 in: STOPPED
08-29 13:40:41.996  1273  1273 D LifecycleMonitor: running callback: androidx.test.core.app.ActivityScenario$1@ff7297
08-29 13:40:41.996  1273  1273 V ActivityScenario: Update currentActivityStage to STOPPED, currentActivity=com.simplemobiletools.notes.pro.activities.MainActivity@ba5cf0
08-29 13:40:41.996  1273  1273 D LifecycleMonitor: callback completes: androidx.test.core.app.ActivityScenario$1@ff7297
08-29 13:40:41.997  1273  1273 D AutofillManager: onActivityFinishing(): calling cancelLocked()
08-29 13:40:41.999  1273  1273 D LifecycleMonitor: Lifecycle status change: com.simplemobiletools.notes.pro.activities.MainActivity@ba5cf0 in: DESTROYED
08-29 13:40:41.999  1273  1273 D LifecycleMonitor: running callback: androidx.test.core.app.ActivityScenario$1@ff7297
08-29 13:40:41.999  1273  1273 V ActivityScenario: Update currentActivityStage to DESTROYED, currentActivity=null
08-29 13:40:41.999  1273  1273 D LifecycleMonitor: callback completes: androidx.test.core.app.ActivityScenario$1@ff7297
08-29 13:40:42.015  1273  1273 E WindowManager: android.view.WindowLeaked: Activity com.simplemobiletools.notes.pro.activities.MainActivity has leaked window android.widget.PopupWindow$PopupDecorView{3f72d7d V.E...... R.....ID 0,0-686,1176} that was originally added here
08-29 13:40:42.015  1273  1273 E WindowManager: 	at android.view.ViewRootImpl.<init>(ViewRootImpl.java:733)
08-29 13:40:42.015  1273  1273 E WindowManager: 	at android.view.ViewRootImpl.<init>(ViewRootImpl.java:717)
08-29 13:40:42.015  1273  1273 E WindowManager: 	at android.view.WindowManagerGlobal.addView(WindowManagerGlobal.java:399)
08-29 13:40:42.015  1273  1273 E WindowManager: 	at android.view.WindowManagerImpl.addView(WindowManagerImpl.java:109)
08-29 13:40:42.015  1273  1273 E WindowManager: 	at android.widget.PopupWindow.invokePopup(PopupWindow.java:1576)
08-29 13:40:42.015  1273  1273 E WindowManager: 	at android.widget.PopupWindow.showAsDropDown(PopupWindow.java:1423)
08-29 13:40:42.015  1273  1273 E WindowManager: 	at androidx.appcompat.widget.AppCompatPopupWindow.showAsDropDown(AppCompatPopupWindow.java:77)
08-29 13:40:42.015  1273  1273 E WindowManager: 	at androidx.core.widget.PopupWindowCompat.showAsDropDown(PopupWindowCompat.java:69)
08-29 13:40:42.015  1273  1273 E WindowManager: 	at androidx.appcompat.widget.ListPopupWindow.show(ListPopupWindow.java:754)
08-29 13:40:42.015  1273  1273 E WindowManager: 	at androidx.appcompat.view.menu.StandardMenuPopup.tryShow(StandardMenuPopup.java:181)
08-29 13:40:42.015  1273  1273 E WindowManager: 	at androidx.appcompat.view.menu.StandardMenuPopup.show(StandardMenuPopup.java:208)
08-29 13:40:42.015  1273  1273 E WindowManager: 	at androidx.appcompat.view.menu.MenuPopupHelper.showPopup(MenuPopupHelper.java:290)
08-29 13:40:42.015  1273  1273 E WindowManager: 	at androidx.appcompat.view.menu.MenuPopupHelper.tryShow(MenuPopupHelper.java:177)
08-29 13:40:42.015  1273  1273 E WindowManager: 	at androidx.appcompat.widget.ActionMenuPresenter$OpenOverflowRunnable.run(ActionMenuPresenter.java:792)
08-29 13:40:42.015  1273  1273 E WindowManager: 	at android.os.Handler.handleCallback(Handler.java:938)
08-29 13:40:42.015  1273  1273 E WindowManager: 	at android.os.Handler.dispatchMessage(Handler.java:99)
08-29 13:40:42.015  1273  1273 E WindowManager: 	at androidx.test.espresso.base.Interrogator.loopAndInterrogate(Interrogator.java:53)
08-29 13:40:42.015  1273  1273 E WindowManager: 	at androidx.test.espresso.base.UiControllerImpl.loopUntil(UiControllerImpl.java:155)
08-29 13:40:42.015  1273  1273 E WindowManager: 	at androidx.test.espresso.base.UiControllerImpl.loopUntil(UiControllerImpl.java:149)
08-29 13:40:42.015  1273  1273 E WindowManager: 	at androidx.test.espresso.base.UiControllerImpl.injectMotionEvent(UiControllerImpl.java:53)
08-29 13:40:42.015  1273  1273 E WindowManager: 	at androidx.test.espresso.action.MotionEvents.sendUp(MotionEvents.java:122)
08-29 13:40:42.015  1273  1273 E WindowManager: 	at androidx.test.espresso.action.MotionEvents.sendUp(MotionEvents.java:117)
08-29 13:40:42.015  1273  1273 E WindowManager: 	at androidx.test.espresso.action.Tap.sendSingleTap(Tap.java:27)
08-29 13:40:42.015  1273  1273 E WindowManager: 	at androidx.test.espresso.action.Tap.access$100(Tap.java:21)
08-29 13:40:42.015  1273  1273 E WindowManager: 	at androidx.test.espresso.action.Tap$1.sendTap(Tap.java:3)
08-29 13:40:42.015  1273  1273 E WindowManager: 	at androidx.test.espresso.action.GeneralClickAction.perform(GeneralClickAction.java:23)
08-29 13:40:42.015  1273  1273 E WindowManager: 	at androidx.test.espresso.ViewInteraction$SingleExecutionViewAction.perform(ViewInteraction.java:16)
08-29 13:40:42.015  1273  1273 E WindowManager: 	at androidx.test.espresso.ViewInteraction.doPerform(ViewInteraction.java:65)
08-29 13:40:42.015  1273  1273 E WindowManager: 	at androidx.test.espresso.ViewInteraction.access$100(ViewInteraction.java:15)
08-29 13:40:42.015  1273  1273 E WindowManager: 	at androidx.test.espresso.ViewInteraction$1.call(ViewInteraction.java:3)
08-29 13:40:42.015  1273  1273 E WindowManager: 	at androidx.test.espresso.ViewInteraction$1.call(ViewInteraction.java:2)
08-29 13:40:42.015  1273  1273 E WindowManager: 	at java.util.concurrent.FutureTask.run(FutureTask.java:266)
08-29 13:40:42.015  1273  1273 E WindowManager: 	at android.os.Handler.handleCallback(Handler.java:938)
08-29 13:40:42.015  1273  1273 E WindowManager: 	at android.os.Handler.dispatchMessage(Handler.java:99)
08-29 13:40:42.015  1273  1273 E WindowManager: 	at android.os.Looper.loop(Looper.java:223)
08-29 13:40:42.015  1273  1273 E WindowManager: 	at android.app.ActivityThread.main(ActivityThread.java:7656)
08-29 13:40:42.015  1273  1273 E WindowManager: 	at java.lang.reflect.Method.invoke(Native Method)
08-29 13:40:42.015  1273  1273 E WindowManager: 	at com.android.internal.os.RuntimeInit$MethodAndArgsCaller.run(RuntimeInit.java:592)
08-29 13:40:42.015  1273  1273 E WindowManager: 	at com.android.internal.os.ZygoteInit.main(ZygoteInit.java:947)
08-29 13:40:42.021   541 10085 W WindowManager: Failed looking up window session=Session{2ebfd0b 1273:u0a10178} callers=com.android.server.wm.WindowManagerService.windowForClientLocked:5425 com.android.server.wm.WindowManagerService.relayoutWindow:2122 com.android.server.wm.Session.relayout:213 
08-29 13:40:42.059   316   316 D goldfish-address-space: claimShared: Ask to claim region [0x320000000 0x3210b3000]
08-29 13:40:42.099   316   316 D goldfish-address-space: claimShared: Ask to claim region [0x3210b3000 0x322166000]
08-29 13:40:42.118  1273  1273 D LifecycleMonitor: Lifecycle status change: androidx.test.core.app.InstrumentationActivityInvoker$EmptyActivity@9665d9f in: PAUSED
08-29 13:40:42.118  1273  1273 D LifecycleMonitor: running callback: androidx.test.core.app.ActivityScenario$1@ff7297
08-29 13:40:42.118  1273  1273 V ActivityScenario: Activity lifecycle changed event received but ignored because the intent does not match. startActivityIntent=Intent { act=android.intent.action.MAIN cat=[android.intent.category.LAUNCHER] cmp=com.simplemobiletools.notes.pro.debug/com.simplemobiletools.notes.pro.activities.MainActivity }, activity.getIntent()=Intent { act=android.intent.action.MAIN cat=[android.intent.category.LAUNCHER] flg=0x10000000 cmp=com.simplemobiletools.notes.pro.debug/androidx.test.core.app.InstrumentationActivityInvoker$EmptyActivity }, activity=androidx.test.core.app.InstrumentationActivityInvoker$EmptyActivity@9665d9f
08-29 13:40:42.118  1273  1273 D LifecycleMonitor: callback completes: androidx.test.core.app.ActivityScenario$1@ff7297
08-29 13:40:42.119   541   914 W ActivityTaskManager: Tried to set launchTime (0) < mLastActivityLaunchTime (41368763)
08-29 13:40:42.119   541   914 W InputReader: Device virtio_input_multi_touch_9 is associated with display ADISPLAY_ID_NONE.
08-29 13:40:42.119   541   914 W InputReader: Device virtio_input_multi_touch_7 is associated with display ADISPLAY_ID_NONE.
08-29 13:40:42.119   541   914 W InputReader: Device virtio_input_multi_touch_10 is associated with display ADISPLAY_ID_NONE.
08-29 13:40:42.119   541   914 W InputReader: Device virtio_input_multi_touch_4 is associated with display ADISPLAY_ID_NONE.
08-29 13:40:42.119   541   914 W InputReader: Device virtio_input_multi_touch_11 is associated with display ADISPLAY_ID_NONE.
08-29 13:40:42.119   541   914 W InputReader: Device virtio_input_multi_touch_6 is associated with display ADISPLAY_ID_NONE.
08-29 13:40:42.119   541   914 W InputReader: Device virtio_input_multi_touch_5 is associated with display ADISPLAY_ID_NONE.
08-29 13:40:42.119   541   914 W InputReader: Device virtio_input_multi_touch_3 is associated with display ADISPLAY_ID_NONE.
08-29 13:40:42.119   541   914 W InputReader: Device virtio_input_multi_touch_2 is associated with display ADISPLAY_ID_NONE.
08-29 13:40:42.119   541   914 W InputReader: Device virtio_input_multi_touch_8 is associated with display ADISPLAY_ID_NONE.
08-29 13:40:42.120   541   914 W InputReader: Device virtio_input_multi_touch_9 is associated with display ADISPLAY_ID_NONE.
08-29 13:40:42.120   541   914 W InputReader: Device virtio_input_multi_touch_7 is associated with display ADISPLAY_ID_NONE.
08-29 13:40:42.120   541   914 W InputReader: Device virtio_input_multi_touch_10 is associated with display ADISPLAY_ID_NONE.
08-29 13:40:42.120   541   914 W InputReader: Device virtio_input_multi_touch_4 is associated with display ADISPLAY_ID_NONE.
08-29 13:40:42.120   541   914 W InputReader: Device virtio_input_multi_touch_11 is associated with display ADISPLAY_ID_NONE.
08-29 13:40:42.120   541   914 W InputReader: Device virtio_input_multi_touch_6 is associated with display ADISPLAY_ID_NONE.
08-29 13:40:42.120   541   914 W InputReader: Device virtio_input_multi_touch_5 is associated with display ADISPLAY_ID_NONE.
08-29 13:40:42.120   541   914 W InputReader: Device virtio_input_multi_touch_3 is associated with display ADISPLAY_ID_NONE.
08-29 13:40:42.120   541   914 W InputReader: Device virtio_input_multi_touch_2 is associated with display ADISPLAY_ID_NONE.
08-29 13:40:42.120   541   914 W InputReader: Device virtio_input_multi_touch_8 is associated with display ADISPLAY_ID_NONE.
08-29 13:40:42.130   541 10085 W WindowManager: Cannot find window which accessibility connection is added to
08-29 13:40:42.133   541 10085 W WindowManager: Failed looking up window session=Session{2ebfd0b 1273:u0a10178} callers=com.android.server.wm.WindowManagerService.windowForClientLocked:5425 com.android.server.wm.WindowManagerService.removeWindow:1892 com.android.server.wm.Session.remove:193 
08-29 13:40:42.135  1273  1273 D LifecycleMonitor: Lifecycle status change: androidx.test.core.app.InstrumentationActivityInvoker$BootstrapActivity@8f7916 in: DESTROYED
08-29 13:40:42.135  1273  1273 D LifecycleMonitor: running callback: androidx.test.core.app.ActivityScenario$1@ff7297
08-29 13:40:42.135  1273  1273 V ActivityScenario: Activity lifecycle changed event received but ignored because the intent does not match. startActivityIntent=Intent { act=android.intent.action.MAIN cat=[android.intent.category.LAUNCHER] cmp=com.simplemobiletools.notes.pro.debug/com.simplemobiletools.notes.pro.activities.MainActivity }, activity.getIntent()=Intent { act=android.intent.action.MAIN cat=[android.intent.category.LAUNCHER] flg=0x10008000 cmp=com.simplemobiletools.notes.pro.debug/androidx.test.core.app.InstrumentationActivityInvoker$BootstrapActivity (has extras) }, activity=androidx.test.core.app.InstrumentationActivityInvoker$BootstrapActivity@8f7916
08-29 13:40:42.135  1273  1273 D LifecycleMonitor: callback completes: androidx.test.core.app.ActivityScenario$1@ff7297
08-29 13:40:42.145  1273  1273 D LifecycleMonitor: Lifecycle status change: androidx.test.core.app.InstrumentationActivityInvoker$EmptyActivity@ebccca1 in: PRE_ON_CREATE
08-29 13:40:42.145  1273  1273 D LifecycleMonitor: running callback: androidx.test.core.app.ActivityScenario$1@ff7297
08-29 13:40:42.146  1273  1273 V ActivityScenario: Activity lifecycle changed event received but ignored because the intent does not match. startActivityIntent=Intent { act=android.intent.action.MAIN cat=[android.intent.category.LAUNCHER] cmp=com.simplemobiletools.notes.pro.debug/com.simplemobiletools.notes.pro.activities.MainActivity }, activity.getIntent()=Intent { act=android.intent.action.MAIN cat=[android.intent.category.LAUNCHER] flg=0x10000000 cmp=com.simplemobiletools.notes.pro.debug/androidx.test.core.app.InstrumentationActivityInvoker$EmptyActivity }, activity=androidx.test.core.app.InstrumentationActivityInvoker$EmptyActivity@ebccca1
08-29 13:40:42.146  1273  1273 D LifecycleMonitor: callback completes: androidx.test.core.app.ActivityScenario$1@ff7297
08-29 13:40:42.149  1273  1273 D LifecycleMonitor: Lifecycle status change: androidx.test.core.app.InstrumentationActivityInvoker$EmptyActivity@ebccca1 in: CREATED
08-29 13:40:42.149  1273  1273 D LifecycleMonitor: running callback: androidx.test.core.app.ActivityScenario$1@ff7297
08-29 13:40:42.149  1273  1273 V ActivityScenario: Activity lifecycle changed event received but ignored because the intent does not match. startActivityIntent=Intent { act=android.intent.action.MAIN cat=[android.intent.category.LAUNCHER] cmp=com.simplemobiletools.notes.pro.debug/com.simplemobiletools.notes.pro.activities.MainActivity }, activity.getIntent()=Intent { act=android.intent.action.MAIN cat=[android.intent.category.LAUNCHER] flg=0x10000000 cmp=com.simplemobiletools.notes.pro.debug/androidx.test.core.app.InstrumentationActivityInvoker$EmptyActivity }, activity=androidx.test.core.app.InstrumentationActivityInvoker$EmptyActivity@ebccca1
08-29 13:40:42.149  1273  1273 D LifecycleMonitor: callback completes: androidx.test.core.app.ActivityScenario$1@ff7297
08-29 13:40:42.151  1273  1273 D LifecycleMonitor: Lifecycle status change: androidx.test.core.app.InstrumentationActivityInvoker$EmptyActivity@ebccca1 in: STARTED
08-29 13:40:42.151  1273  1273 D LifecycleMonitor: running callback: androidx.test.core.app.ActivityScenario$1@ff7297
08-29 13:40:42.151  1273  1273 V ActivityScenario: Activity lifecycle changed event received but ignored because the intent does not match. startActivityIntent=Intent { act=android.intent.action.MAIN cat=[android.intent.category.LAUNCHER] cmp=com.simplemobiletools.notes.pro.debug/com.simplemobiletools.notes.pro.activities.MainActivity }, activity.getIntent()=Intent { act=android.intent.action.MAIN cat=[android.intent.category.LAUNCHER] flg=0x10000000 cmp=com.simplemobiletools.notes.pro.debug/androidx.test.core.app.InstrumentationActivityInvoker$EmptyActivity }, activity=androidx.test.core.app.InstrumentationActivityInvoker$EmptyActivity@ebccca1
08-29 13:40:42.151  1273  1273 D LifecycleMonitor: callback completes: androidx.test.core.app.ActivityScenario$1@ff7297
08-29 13:40:42.152  1273  1273 D LifecycleMonitor: Lifecycle status change: androidx.test.core.app.InstrumentationActivityInvoker$EmptyActivity@ebccca1 in: RESUMED
08-29 13:40:42.152  1273  1273 D LifecycleMonitor: running callback: androidx.test.core.app.ActivityScenario$1@ff7297
08-29 13:40:42.153  1273  1273 V ActivityScenario: Activity lifecycle changed event received but ignored because the intent does not match. startActivityIntent=Intent { act=android.intent.action.MAIN cat=[android.intent.category.LAUNCHER] cmp=com.simplemobiletools.notes.pro.debug/com.simplemobiletools.notes.pro.activities.MainActivity }, activity.getIntent()=Intent { act=android.intent.action.MAIN cat=[android.intent.category.LAUNCHER] flg=0x10000000 cmp=com.simplemobiletools.notes.pro.debug/androidx.test.core.app.InstrumentationActivityInvoker$EmptyActivity }, activity=androidx.test.core.app.InstrumentationActivityInvoker$EmptyActivity@ebccca1
08-29 13:40:42.153  1273  1273 D LifecycleMonitor: callback completes: androidx.test.core.app.ActivityScenario$1@ff7297
08-29 13:40:42.181   316   316 D goldfish-address-space: claimShared: Ask to claim region [0x31c000000 0x31d0b3000]
08-29 13:40:42.194   316   316 D goldfish-address-space: claimShared: Ask to claim region [0x31d0b3000 0x31e166000]
08-29 13:40:42.206   316   360 D goldfish-address-space: claimShared: Ask to claim region [0x31e166000 0x31f219000]
08-29 13:40:42.225   541   596 I ActivityTaskManager: Displayed com.simplemobiletools.notes.pro.debug/androidx.test.core.app.InstrumentationActivityInvoker$EmptyActivity: +240ms
08-29 13:40:42.232   316   360 D goldfish-address-space: claimShared: Ask to claim region [0x324033000 0x3250e6000]
08-29 13:40:42.264  1273  1273 D LifecycleMonitor: Lifecycle status change: androidx.test.core.app.InstrumentationActivityInvoker$EmptyActivity@9665d9f in: STOPPED
08-29 13:40:42.264  1273  1273 D LifecycleMonitor: running callback: androidx.test.core.app.ActivityScenario$1@ff7297
08-29 13:40:42.264  1273  1273 V ActivityScenario: Activity lifecycle changed event received but ignored because the intent does not match. startActivityIntent=Intent { act=android.intent.action.MAIN cat=[android.intent.category.LAUNCHER] cmp=com.simplemobiletools.notes.pro.debug/com.simplemobiletools.notes.pro.activities.MainActivity }, activity.getIntent()=Intent { act=android.intent.action.MAIN cat=[android.intent.category.LAUNCHER] flg=0x10000000 cmp=com.simplemobiletools.notes.pro.debug/androidx.test.core.app.InstrumentationActivityInvoker$EmptyActivity }, activity=androidx.test.core.app.InstrumentationActivityInvoker$EmptyActivity@9665d9f
08-29 13:40:42.264  1273  1273 D LifecycleMonitor: callback completes: androidx.test.core.app.ActivityScenario$1@ff7297
08-29 13:40:42.265  1273  1273 D LifecycleMonitor: Lifecycle status change: androidx.test.core.app.InstrumentationActivityInvoker$EmptyActivity@9665d9f in: DESTROYED
08-29 13:40:42.265  1273  1273 D LifecycleMonitor: running callback: androidx.test.core.app.ActivityScenario$1@ff7297
08-29 13:40:42.265  1273  1273 V ActivityScenario: Activity lifecycle changed event received but ignored because the intent does not match. startActivityIntent=Intent { act=android.intent.action.MAIN cat=[android.intent.category.LAUNCHER] cmp=com.simplemobiletools.notes.pro.debug/com.simplemobiletools.notes.pro.activities.MainActivity }, activity.getIntent()=Intent { act=android.intent.action.MAIN cat=[android.intent.category.LAUNCHER] flg=0x10000000 cmp=com.simplemobiletools.notes.pro.debug/androidx.test.core.app.InstrumentationActivityInvoker$EmptyActivity }, activity=androidx.test.core.app.InstrumentationActivityInvoker$EmptyActivity@9665d9f
08-29 13:40:42.265  1273  1273 D LifecycleMonitor: callback completes: androidx.test.core.app.ActivityScenario$1@ff7297
08-29 13:40:42.271  1273  1273 D LifecycleMonitor: Lifecycle status change: androidx.test.core.app.InstrumentationActivityInvoker$EmptyActivity@ebccca1 in: PAUSED
08-29 13:40:42.271  1273  1273 D LifecycleMonitor: running callback: androidx.test.core.app.ActivityScenario$1@ff7297
08-29 13:40:42.271  1273  1273 V ActivityScenario: Activity lifecycle changed event received but ignored because the intent does not match. startActivityIntent=Intent { act=android.intent.action.MAIN cat=[android.intent.category.LAUNCHER] cmp=com.simplemobiletools.notes.pro.debug/com.simplemobiletools.notes.pro.activities.MainActivity }, activity.getIntent()=Intent { act=android.intent.action.MAIN cat=[android.intent.category.LAUNCHER] flg=0x10000000 cmp=com.simplemobiletools.notes.pro.debug/androidx.test.core.app.InstrumentationActivityInvoker$EmptyActivity }, activity=androidx.test.core.app.InstrumentationActivityInvoker$EmptyActivity@ebccca1
08-29 13:40:42.271  1273  1273 D LifecycleMonitor: callback completes: androidx.test.core.app.ActivityScenario$1@ff7297
08-29 13:40:42.276   541 10085 W InputReader: Device virtio_input_multi_touch_9 is associated with display ADISPLAY_ID_NONE.
08-29 13:40:42.276   541 10085 W InputReader: Device virtio_input_multi_touch_7 is associated with display ADISPLAY_ID_NONE.
08-29 13:40:42.276   541 10085 W InputReader: Device virtio_input_multi_touch_10 is associated with display ADISPLAY_ID_NONE.
08-29 13:40:42.276   541 10085 W InputReader: Device virtio_input_multi_touch_4 is associated with display ADISPLAY_ID_NONE.
08-29 13:40:42.276   541 10085 W InputReader: Device virtio_input_multi_touch_11 is associated with display ADISPLAY_ID_NONE.
08-29 13:40:42.276   541 10085 W InputReader: Device virtio_input_multi_touch_6 is associated with display ADISPLAY_ID_NONE.
08-29 13:40:42.276   541 10085 W InputReader: Device virtio_input_multi_touch_5 is associated with display ADISPLAY_ID_NONE.
08-29 13:40:42.276   541 10085 W InputReader: Device virtio_input_multi_touch_3 is associated with display ADISPLAY_ID_NONE.
08-29 13:40:42.276   541 10085 W InputReader: Device virtio_input_multi_touch_2 is associated with display ADISPLAY_ID_NONE.
08-29 13:40:42.276   541 10085 W InputReader: Device virtio_input_multi_touch_8 is associated with display ADISPLAY_ID_NONE.
08-29 13:40:42.276   541 10085 W InputReader: Device virtio_input_multi_touch_9 is associated with display ADISPLAY_ID_NONE.
08-29 13:40:42.276   541 10085 W InputReader: Device virtio_input_multi_touch_7 is associated with display ADISPLAY_ID_NONE.
08-29 13:40:42.276   541 10085 W InputReader: Device virtio_input_multi_touch_10 is associated with display ADISPLAY_ID_NONE.
08-29 13:40:42.276   541 10085 W InputReader: Device virtio_input_multi_touch_4 is associated with display ADISPLAY_ID_NONE.
08-29 13:40:42.276   541 10085 W InputReader: Device virtio_input_multi_touch_11 is associated with display ADISPLAY_ID_NONE.
08-29 13:40:42.276   541 10085 W InputReader: Device virtio_input_multi_touch_6 is associated with display ADISPLAY_ID_NONE.
08-29 13:40:42.276   541 10085 W InputReader: Device virtio_input_multi_touch_5 is associated with display ADISPLAY_ID_NONE.
08-29 13:40:42.276   541 10085 W InputReader: Device virtio_input_multi_touch_3 is associated with display ADISPLAY_ID_NONE.
08-29 13:40:42.276   541 10085 W InputReader: Device virtio_input_multi_touch_2 is associated with display ADISPLAY_ID_NONE.
08-29 13:40:42.276   541 10085 W InputReader: Device virtio_input_multi_touch_8 is associated with display ADISPLAY_ID_NONE.
08-29 13:40:42.284   316   360 D goldfish-address-space: claimShared: Ask to claim region [0x320000000 0x3210b3000]
08-29 13:40:42.312   174   174 I hwservicemanager: getTransport: Cannot find entry android.hardware.graphics.mapper@4.0::IMapper/default in either framework or device manifest.
08-29 13:40:42.312  1242  1272 I Gralloc4: mapper 4.x is not supported
08-29 13:40:42.321   316   360 D goldfish-address-space: claimShared: Ask to claim region [0x3210b3000 0x322166000]
08-29 13:40:42.332  1242  1272 D HostConnection: createUnique: call
08-29 13:40:42.332  1242  1272 D HostConnection: HostConnection::get() New Host Connection established 0xf15419e0, tid 1272
08-29 13:40:42.333  1242  1272 D goldfish-address-space: allocate: Ask for block of size 0x100
08-29 13:40:42.333  1242  1272 D goldfish-address-space: allocate: ioctl allocate returned offset 0x31bffe000 size 0x2000
08-29 13:40:42.336  1242  1272 D HostConnection: HostComposition ext ANDROID_EMU_CHECKSUM_HELPER_v1 ANDROID_EMU_native_sync_v2 ANDROID_EMU_native_sync_v3 ANDROID_EMU_native_sync_v4 ANDROID_EMU_dma_v1 ANDROID_EMU_direct_mem ANDROID_EMU_host_composition_v1 ANDROID_EMU_host_composition_v2 ANDROID_EMU_vulkan ANDROID_EMU_deferred_vulkan_commands ANDROID_EMU_vulkan_null_optional_strings ANDROID_EMU_vulkan_create_resources_with_requirements ANDROID_EMU_YUV_Cache ANDROID_EMU_async_unmap_buffer ANDROID_EMU_vulkan_ignored_handles ANDROID_EMU_has_shared_slots_host_memory_allocator ANDROID_EMU_vulkan_free_memory_sync ANDROID_EMU_vulkan_shader_float16_int8 ANDROID_EMU_vulkan_async_queue_submit ANDROID_EMU_sync_buffer_data GL_OES_vertex_array_object GL_KHR_texture_compression_astc_ldr ANDROID_EMU_host_side_tracing ANDROID_EMU_async_frame_commands ANDROID_EMU_gles_max_version_2 
08-29 13:40:42.349   316   360 D goldfish-address-space: claimShared: Ask to claim region [0x3250e6000 0x326199000]
08-29 13:40:42.358  1242  1468 D libEGL  : loaded /vendor/lib/egl/libEGL_emulation.so
08-29 13:40:42.358  1242  1468 D libEGL  : loaded /vendor/lib/egl/libGLESv1_CM_emulation.so
08-29 13:40:42.359  1242  1468 D libEGL  : loaded /vendor/lib/egl/libGLESv2_emulation.so
08-29 13:40:42.362   316   316 D goldfish-address-space: claimShared: Ask to claim region [0x328000000 0x3290b3000]
08-29 13:40:42.375  1242  1468 D HostConnection: HostConnection::get() New Host Connection established 0xf1542cb0, tid 1468
08-29 13:40:42.379  1242  1468 D HostConnection: HostComposition ext ANDROID_EMU_CHECKSUM_HELPER_v1 ANDROID_EMU_native_sync_v2 ANDROID_EMU_native_sync_v3 ANDROID_EMU_native_sync_v4 ANDROID_EMU_dma_v1 ANDROID_EMU_direct_mem ANDROID_EMU_host_composition_v1 ANDROID_EMU_host_composition_v2 ANDROID_EMU_vulkan ANDROID_EMU_deferred_vulkan_commands ANDROID_EMU_vulkan_null_optional_strings ANDROID_EMU_vulkan_create_resources_with_requirements ANDROID_EMU_YUV_Cache ANDROID_EMU_async_unmap_buffer ANDROID_EMU_vulkan_ignored_handles ANDROID_EMU_has_shared_slots_host_memory_allocator ANDROID_EMU_vulkan_free_memory_sync ANDROID_EMU_vulkan_shader_float16_int8 ANDROID_EMU_vulkan_async_queue_submit ANDROID_EMU_sync_buffer_data GL_OES_vertex_array_object GL_KHR_texture_compression_astc_ldr ANDROID_EMU_host_side_tracing ANDROID_EMU_async_frame_commands ANDROID_EMU_gles_max_version_2 
08-29 13:40:42.380   174   174 I hwservicemanager: getTransport: Cannot find entry android.hardware.configstore@1.0::ISurfaceFlingerConfigs/default in either framework or device manifest.
08-29 13:40:42.381  1242  1468 W OpenGLRenderer: Failed to choose config with EGL_SWAP_BEHAVIOR_PRESERVED, retrying without...
08-29 13:40:42.409  1242  1468 D EGL_emulation: eglCreateContext: 0xf1542700: maj 2 min 0 rcv 2
08-29 13:40:42.412  1242  1468 D EGL_emulation: eglMakeCurrent: 0xf1542700: ver 2 0 (tinfo 0xf18968d0) (first time)
08-29 13:40:42.476   370   370 E Layer   : [Surface(name=Task=1)/@0x167ab7d - animation-leash#0] No local sync point found
08-29 13:40:42.476   370   370 E Layer   : [Surface(name=Task=1)/@0x167ab7d - animation-leash#0] No local sync point found
08-29 13:40:42.476   370   370 E Layer   : [Surface(name=Task=164)/@0xc2d546d - animation-leash#0] No local sync point found
08-29 13:40:42.476   370   370 E Layer   : [Surface(name=Task=164)/@0xc2d546d - animation-leash#0] No local sync point found
08-29 13:40:42.492  1273  1273 D LifecycleMonitor: Lifecycle status change: androidx.test.core.app.InstrumentationActivityInvoker$EmptyActivity@ebccca1 in: STOPPED
08-29 13:40:42.494  1273  1273 D LifecycleMonitor: Lifecycle status change: androidx.test.core.app.InstrumentationActivityInvoker$EmptyActivity@ebccca1 in: DESTROYED
08-29 13:40:42.494   541  3543 D HostConnection: HostConnection::get() New Host Connection established 0xeae9e2a0, tid 3543
08-29 13:40:42.497   541  3543 D HostConnection: HostComposition ext ANDROID_EMU_CHECKSUM_HELPER_v1 ANDROID_EMU_native_sync_v2 ANDROID_EMU_native_sync_v3 ANDROID_EMU_native_sync_v4 ANDROID_EMU_dma_v1 ANDROID_EMU_direct_mem ANDROID_EMU_host_composition_v1 ANDROID_EMU_host_composition_v2 ANDROID_EMU_vulkan ANDROID_EMU_deferred_vulkan_commands ANDROID_EMU_vulkan_null_optional_strings ANDROID_EMU_vulkan_create_resources_with_requirements ANDROID_EMU_YUV_Cache ANDROID_EMU_async_unmap_buffer ANDROID_EMU_vulkan_ignored_handles ANDROID_EMU_has_shared_slots_host_memory_allocator ANDROID_EMU_vulkan_free_memory_sync ANDROID_EMU_vulkan_shader_float16_int8 ANDROID_EMU_vulkan_async_queue_submit ANDROID_EMU_sync_buffer_data GL_OES_vertex_array_object GL_KHR_texture_compression_astc_ldr ANDROID_EMU_host_side_tracing ANDROID_EMU_async_frame_commands ANDROID_EMU_gles_max_version_2 
08-29 13:40:42.500   541  3543 W OpenGLRenderer: Failed to choose config with EGL_SWAP_BEHAVIOR_PRESERVED, retrying without...
08-29 13:40:42.532   541  3543 D EGL_emulation: eglCreateContext: 0xad343340: maj 2 min 0 rcv 2
08-29 13:40:42.536   541  3543 D EGL_emulation: eglMakeCurrent: 0xad343340: ver 2 0 (tinfo 0xb5657650) (first time)
08-29 13:40:42.728   402   402 I perfetto: probes_producer.cc:329  Producer stop (id=378)
08-29 13:40:42.729   404   404 I perfetto: ng_service_impl.cc:1948 Tracing session 378 ended, total sessions:4
--------- beginning of kernel
08-29 13:40:42.801     0     0 D logd    : logdr: UID=0 GID=0 PID=1469 n tail=0 logMask=99 pid=0 start=0ns timeout=0ns
